[0.006s] Invoking command in '/home/ph/treasure/dockerBENCH/helios16p_ws/build/rslidar_sdk': CMAKE_PREFIX_PATH=/home/ph/treasure/dockerBENCH/helios16p_ws/install/rslidar_msg:/home/ph/treasure/dockerBENCH/helios16p_ws/install/vicon_receiver:/home/ph/treasure/dockerBENCH/helios16p_ws/install/rslidar_sdk:/home/ph/treasure/dockerBENCH/helios16p_ws/install/kiss_icp:/home/ph/treasure/dockerBENCH/helios16p_ws/install/go1_description:/home/ph/treasure/dockerBENCH/helios16p_ws/install/helios16p_cane_robot:/opt/ros/humble LD_LIBRARY_PATH=/home/ph/treasure/dockerBENCH/helios16p_ws/install/rslidar_msg/lib:/home/ph/treasure/dockerBENCH/helios16p_ws/install/vicon_receiver/lib:/home/ph/treasure/dockerBENCH/helios16p_ws/install/kiss_icp/lib:/opt/ros/humble/opt/rviz_ogre_vendor/lib:/opt/ros/humble/lib/x86_64-linux-gnu:/opt/ros/humble/lib PS1=(pvenv) \[\e]0;\u@\h: \w\a\]${debian_chroot:+($debian_chroot)}\u@\h:\w\$ VIRTUAL_ENV_PROMPT=(pvenv) /home/ph/.local/bin/cmake --build /home/ph/treasure/dockerBENCH/helios16p_ws/build/rslidar_sdk -- -j8 -l8
[0.009s] [100%] Built target rslidar_sdk_node
[0.009s] Invoked command in '/home/ph/treasure/dockerBENCH/helios16p_ws/build/rslidar_sdk' returned '0': CMAKE_PREFIX_PATH=/home/ph/treasure/dockerBENCH/helios16p_ws/install/rslidar_msg:/home/ph/treasure/dockerBENCH/helios16p_ws/install/vicon_receiver:/home/ph/treasure/dockerBENCH/helios16p_ws/install/rslidar_sdk:/home/ph/treasure/dockerBENCH/helios16p_ws/install/kiss_icp:/home/ph/treasure/dockerBENCH/helios16p_ws/install/go1_description:/home/ph/treasure/dockerBENCH/helios16p_ws/install/helios16p_cane_robot:/opt/ros/humble LD_LIBRARY_PATH=/home/ph/treasure/dockerBENCH/helios16p_ws/install/rslidar_msg/lib:/home/ph/treasure/dockerBENCH/helios16p_ws/install/vicon_receiver/lib:/home/ph/treasure/dockerBENCH/helios16p_ws/install/kiss_icp/lib:/opt/ros/humble/opt/rviz_ogre_vendor/lib:/opt/ros/humble/lib/x86_64-linux-gnu:/opt/ros/humble/lib PS1=(pvenv) \[\e]0;\u@\h: \w\a\]${debian_chroot:+($debian_chroot)}\u@\h:\w\$ VIRTUAL_ENV_PROMPT=(pvenv) /home/ph/.local/bin/cmake --build /home/ph/treasure/dockerBENCH/helios16p_ws/build/rslidar_sdk -- -j8 -l8
[0.010s] Invoking command in '/home/ph/treasure/dockerBENCH/helios16p_ws/build/rslidar_sdk': CMAKE_PREFIX_PATH=/home/ph/treasure/dockerBENCH/helios16p_ws/install/rslidar_msg:/home/ph/treasure/dockerBENCH/helios16p_ws/install/vicon_receiver:/home/ph/treasure/dockerBENCH/helios16p_ws/install/rslidar_sdk:/home/ph/treasure/dockerBENCH/helios16p_ws/install/kiss_icp:/home/ph/treasure/dockerBENCH/helios16p_ws/install/go1_description:/home/ph/treasure/dockerBENCH/helios16p_ws/install/helios16p_cane_robot:/opt/ros/humble LD_LIBRARY_PATH=/home/ph/treasure/dockerBENCH/helios16p_ws/install/rslidar_msg/lib:/home/ph/treasure/dockerBENCH/helios16p_ws/install/vicon_receiver/lib:/home/ph/treasure/dockerBENCH/helios16p_ws/install/kiss_icp/lib:/opt/ros/humble/opt/rviz_ogre_vendor/lib:/opt/ros/humble/lib/x86_64-linux-gnu:/opt/ros/humble/lib PS1=(pvenv) \[\e]0;\u@\h: \w\a\]${debian_chroot:+($debian_chroot)}\u@\h:\w\$ VIRTUAL_ENV_PROMPT=(pvenv) /home/ph/.local/bin/cmake --install /home/ph/treasure/dockerBENCH/helios16p_ws/build/rslidar_sdk
[0.066s] -- Install configuration: "Release"
[0.066s] -- Up-to-date: /home/ph/treasure/dockerBENCH/helios16p_ws/install/rslidar_sdk/lib/rslidar_sdk/rslidar_sdk_node
[0.067s] -- Up-to-date: /home/ph/treasure/dockerBENCH/helios16p_ws/install/rslidar_sdk/share/rslidar_sdk/launch
[0.067s] -- Up-to-date: /home/ph/treasure/dockerBENCH/helios16p_ws/install/rslidar_sdk/share/rslidar_sdk/launch/start.py
[0.067s] -- Up-to-date: /home/ph/treasure/dockerBENCH/helios16p_ws/install/rslidar_sdk/share/rslidar_sdk/launch/humble_start.py
[0.068s] -- Up-to-date: /home/ph/treasure/dockerBENCH/helios16p_ws/install/rslidar_sdk/share/rslidar_sdk/launch/elequent_start.py
[0.068s] -- Up-to-date: /home/ph/treasure/dockerBENCH/helios16p_ws/install/rslidar_sdk/share/rslidar_sdk/launch/start.launch
[0.068s] -- Up-to-date: /home/ph/treasure/dockerBENCH/helios16p_ws/install/rslidar_sdk/share/rslidar_sdk/rviz
[0.068s] -- Up-to-date: /home/ph/treasure/dockerBENCH/helios16p_ws/install/rslidar_sdk/share/rslidar_sdk/rviz/rviz.rviz
[0.069s] -- Up-to-date: /home/ph/treasure/dockerBENCH/helios16p_ws/install/rslidar_sdk/share/rslidar_sdk/rviz/rviz2.rviz
[0.069s] -- Up-to-date: /home/ph/treasure/dockerBENCH/helios16p_ws/install/rslidar_sdk/share/ament_index/resource_index/package_run_dependencies/rslidar_sdk
[0.069s] -- Up-to-date: /home/ph/treasure/dockerBENCH/helios16p_ws/install/rslidar_sdk/share/ament_index/resource_index/parent_prefix_path/rslidar_sdk
[0.070s] -- Up-to-date: /home/ph/treasure/dockerBENCH/helios16p_ws/install/rslidar_sdk/share/rslidar_sdk/environment/ament_prefix_path.sh
[0.070s] -- Up-to-date: /home/ph/treasure/dockerBENCH/helios16p_ws/install/rslidar_sdk/share/rslidar_sdk/environment/ament_prefix_path.dsv
[0.071s] -- Up-to-date: /home/ph/treasure/dockerBENCH/helios16p_ws/install/rslidar_sdk/share/rslidar_sdk/environment/path.sh
[0.072s] -- Up-to-date: /home/ph/treasure/dockerBENCH/helios16p_ws/install/rslidar_sdk/share/rslidar_sdk/environment/path.dsv
[0.073s] -- Up-to-date: /home/ph/treasure/dockerBENCH/helios16p_ws/install/rslidar_sdk/share/rslidar_sdk/local_setup.bash
[0.073s] -- Up-to-date: /home/ph/treasure/dockerBENCH/helios16p_ws/install/rslidar_sdk/share/rslidar_sdk/local_setup.sh
[0.074s] -- Up-to-date: /home/ph/treasure/dockerBENCH/helios16p_ws/install/rslidar_sdk/share/rslidar_sdk/local_setup.zsh
[0.074s] -- Up-to-date: /home/ph/treasure/dockerBENCH/helios16p_ws/install/rslidar_sdk/share/rslidar_sdk/local_setup.dsv
[0.074s] -- Installing: /home/ph/treasure/dockerBENCH/helios16p_ws/install/rslidar_sdk/share/rslidar_sdk/package.dsv
[0.075s] -- Up-to-date: /home/ph/treasure/dockerBENCH/helios16p_ws/install/rslidar_sdk/share/ament_index/resource_index/packages/rslidar_sdk
[0.075s] -- Up-to-date: /home/ph/treasure/dockerBENCH/helios16p_ws/install/rslidar_sdk/share/rslidar_sdk/cmake/rslidar_sdkConfig.cmake
[0.075s] -- Up-to-date: /home/ph/treasure/dockerBENCH/helios16p_ws/install/rslidar_sdk/share/rslidar_sdk/cmake/rslidar_sdkConfig-version.cmake
[0.076s] -- Up-to-date: /home/ph/treasure/dockerBENCH/helios16p_ws/install/rslidar_sdk/share/rslidar_sdk/package.xml
[0.076s] Invoked command in '/home/ph/treasure/dockerBENCH/helios16p_ws/build/rslidar_sdk' returned '0': CMAKE_PREFIX_PATH=/home/ph/treasure/dockerBENCH/helios16p_ws/install/rslidar_msg:/home/ph/treasure/dockerBENCH/helios16p_ws/install/vicon_receiver:/home/ph/treasure/dockerBENCH/helios16p_ws/install/rslidar_sdk:/home/ph/treasure/dockerBENCH/helios16p_ws/install/kiss_icp:/home/ph/treasure/dockerBENCH/helios16p_ws/install/go1_description:/home/ph/treasure/dockerBENCH/helios16p_ws/install/helios16p_cane_robot:/opt/ros/humble LD_LIBRARY_PATH=/home/ph/treasure/dockerBENCH/helios16p_ws/install/rslidar_msg/lib:/home/ph/treasure/dockerBENCH/helios16p_ws/install/vicon_receiver/lib:/home/ph/treasure/dockerBENCH/helios16p_ws/install/kiss_icp/lib:/opt/ros/humble/opt/rviz_ogre_vendor/lib:/opt/ros/humble/lib/x86_64-linux-gnu:/opt/ros/humble/lib PS1=(pvenv) \[\e]0;\u@\h: \w\a\]${debian_chroot:+($debian_chroot)}\u@\h:\w\$ VIRTUAL_ENV_PROMPT=(pvenv) /home/ph/.local/bin/cmake --install /home/ph/treasure/dockerBENCH/helios16p_ws/build/rslidar_sdk
