[0.133s] DEBUG:colcon:Command line arguments: ['/usr/bin/colcon', 'build']
[0.133s] DEBUG:colcon:Parsed command line arguments: Namespace(log_base=None, log_level=None, verb_name='build', build_base='build', install_base='install', merge_install=False, symlink_install=False, test_result_base=None, continue_on_error=False, executor='parallel', parallel_workers=8, event_handlers=None, ignore_user_meta=False, metas=['./colcon.meta'], base_paths=['.'], packages_ignore=None, packages_ignore_regex=None, paths=None, packages_up_to=None, packages_up_to_regex=None, packages_above=None, packages_above_and_dependencies=None, packages_above_depth=None, packages_select_by_dep=None, packages_skip_by_dep=None, packages_skip_up_to=None, packages_select_build_failed=False, packages_skip_build_finished=False, packages_select_test_failures=False, packages_skip_test_passed=False, packages_select=None, packages_skip=None, packages_select_regex=None, packages_skip_regex=None, packages_start=None, packages_end=None, allow_overriding=[], cmake_args=None, cmake_target=None, cmake_target_skip_unavailable=False, cmake_clean_cache=False, cmake_clean_first=False, cmake_force_configure=False, ament_cmake_args=None, catkin_cmake_args=None, catkin_skip_building_tests=False, mixin_files=None, mixin=None, verb_parser=<colcon_mixin.mixin.mixin_argument.MixinArgumentDecorator object at 0x7411e1b61d80>, verb_extension=<colcon_core.verb.build.BuildVerb object at 0x7411e1ccb490>, main=<bound method BuildVerb.main of <colcon_core.verb.build.BuildVerb object at 0x7411e1ccb490>>, mixin_verb=('build',))
[0.326s] Level 1:colcon.colcon_core.package_discovery:discover_packages(colcon_meta) check parameters
[0.326s] Level 1:colcon.colcon_core.package_discovery:discover_packages(recursive) check parameters
[0.326s] Level 1:colcon.colcon_core.package_discovery:discover_packages(ignore) check parameters
[0.326s] Level 1:colcon.colcon_core.package_discovery:discover_packages(path) check parameters
[0.326s] Level 1:colcon.colcon_core.package_discovery:discover_packages(colcon_meta) discover
[0.326s] Level 1:colcon.colcon_core.package_discovery:discover_packages(recursive) discover
[0.326s] INFO:colcon.colcon_core.package_discovery:Crawling recursively for packages in '/home/ph/treasure/dockerBENCH/helios16p_ws'
[0.327s] Level 1:colcon.colcon_core.package_identification:_identify(.) by extensions ['ignore', 'ignore_ament_install']
[0.327s] Level 1:colcon.colcon_core.package_identification:_identify(.) by extension 'ignore'
[0.327s] Level 1:colcon.colcon_core.package_identification:_identify(.) by extension 'ignore_ament_install'
[0.327s] Level 1:colcon.colcon_core.package_identification:_identify(.) by extensions ['colcon_pkg']
[0.327s] Level 1:colcon.colcon_core.package_identification:_identify(.) by extension 'colcon_pkg'
[0.327s] Level 1:colcon.colcon_core.package_identification:_identify(.) by extensions ['colcon_meta']
[0.327s] Level 1:colcon.colcon_core.package_identification:_identify(.) by extension 'colcon_meta'
[0.327s] Level 1:colcon.colcon_core.package_identification:_identify(.) by extensions ['ros']
[0.327s] Level 1:colcon.colcon_core.package_identification:_identify(.) by extension 'ros'
[0.340s] Level 1:colcon.colcon_core.package_identification:_identify(.) by extensions ['cmake', 'python']
[0.340s] Level 1:colcon.colcon_core.package_identification:_identify(.) by extension 'cmake'
[0.340s] Level 1:colcon.colcon_core.package_identification:_identify(.) by extension 'python'
[0.340s] Level 1:colcon.colcon_core.package_identification:_identify(.) by extensions ['python_setup_py']
[0.340s] Level 1:colcon.colcon_core.package_identification:_identify(.) by extension 'python_setup_py'
[0.340s] Level 1:colcon.colcon_core.package_identification:_identify(build) by extensions ['ignore', 'ignore_ament_install']
[0.340s] Level 1:colcon.colcon_core.package_identification:_identify(build) by extension 'ignore'
[0.340s] Level 1:colcon.colcon_core.package_identification:_identify(build) ignored
[0.340s] Level 1:colcon.colcon_core.package_identification:_identify(install) by extensions ['ignore', 'ignore_ament_install']
[0.341s] Level 1:colcon.colcon_core.package_identification:_identify(install) by extension 'ignore'
[0.341s] Level 1:colcon.colcon_core.package_identification:_identify(install) ignored
[0.341s] Level 1:colcon.colcon_core.package_identification:_identify(log) by extensions ['ignore', 'ignore_ament_install']
[0.341s] Level 1:colcon.colcon_core.package_identification:_identify(log) by extension 'ignore'
[0.341s] Level 1:colcon.colcon_core.package_identification:_identify(log) ignored
[0.341s] Level 1:colcon.colcon_core.package_identification:_identify(src) by extensions ['ignore', 'ignore_ament_install']
[0.341s] Level 1:colcon.colcon_core.package_identification:_identify(src) by extension 'ignore'
[0.341s] Level 1:colcon.colcon_core.package_identification:_identify(src) by extension 'ignore_ament_install'
[0.341s] Level 1:colcon.colcon_core.package_identification:_identify(src) by extensions ['colcon_pkg']
[0.341s] Level 1:colcon.colcon_core.package_identification:_identify(src) by extension 'colcon_pkg'
[0.341s] Level 1:colcon.colcon_core.package_identification:_identify(src) by extensions ['colcon_meta']
[0.341s] Level 1:colcon.colcon_core.package_identification:_identify(src) by extension 'colcon_meta'
[0.341s] Level 1:colcon.colcon_core.package_identification:_identify(src) by extensions ['ros']
[0.341s] Level 1:colcon.colcon_core.package_identification:_identify(src) by extension 'ros'
[0.342s] Level 1:colcon.colcon_core.package_identification:_identify(src) by extensions ['cmake', 'python']
[0.342s] Level 1:colcon.colcon_core.package_identification:_identify(src) by extension 'cmake'
[0.342s] Level 1:colcon.colcon_core.package_identification:_identify(src) by extension 'python'
[0.342s] Level 1:colcon.colcon_core.package_identification:_identify(src) by extensions ['python_setup_py']
[0.342s] Level 1:colcon.colcon_core.package_identification:_identify(src) by extension 'python_setup_py'
[0.342s] Level 1:colcon.colcon_core.package_identification:_identify(src/go1_description) by extensions ['ignore', 'ignore_ament_install']
[0.342s] Level 1:colcon.colcon_core.package_identification:_identify(src/go1_description) by extension 'ignore'
[0.342s] Level 1:colcon.colcon_core.package_identification:_identify(src/go1_description) by extension 'ignore_ament_install'
[0.342s] Level 1:colcon.colcon_core.package_identification:_identify(src/go1_description) by extensions ['colcon_pkg']
[0.342s] Level 1:colcon.colcon_core.package_identification:_identify(src/go1_description) by extension 'colcon_pkg'
[0.342s] Level 1:colcon.colcon_core.package_identification:_identify(src/go1_description) by extensions ['colcon_meta']
[0.342s] Level 1:colcon.colcon_core.package_identification:_identify(src/go1_description) by extension 'colcon_meta'
[0.342s] Level 1:colcon.colcon_core.package_identification:_identify(src/go1_description) by extensions ['ros']
[0.342s] Level 1:colcon.colcon_core.package_identification:_identify(src/go1_description) by extension 'ros'
[0.345s] DEBUG:colcon.colcon_core.package_identification:Package 'src/go1_description' with type 'ros.ament_cmake' and name 'go1_description'
[0.346s] Level 1:colcon.colcon_core.package_identification:_identify(src/helios16p_cane_robot) by extensions ['ignore', 'ignore_ament_install']
[0.346s] Level 1:colcon.colcon_core.package_identification:_identify(src/helios16p_cane_robot) by extension 'ignore'
[0.346s] Level 1:colcon.colcon_core.package_identification:_identify(src/helios16p_cane_robot) by extension 'ignore_ament_install'
[0.346s] Level 1:colcon.colcon_core.package_identification:_identify(src/helios16p_cane_robot) by extensions ['colcon_pkg']
[0.346s] Level 1:colcon.colcon_core.package_identification:_identify(src/helios16p_cane_robot) by extension 'colcon_pkg'
[0.346s] Level 1:colcon.colcon_core.package_identification:_identify(src/helios16p_cane_robot) by extensions ['colcon_meta']
[0.346s] Level 1:colcon.colcon_core.package_identification:_identify(src/helios16p_cane_robot) by extension 'colcon_meta'
[0.346s] Level 1:colcon.colcon_core.package_identification:_identify(src/helios16p_cane_robot) by extensions ['ros']
[0.346s] Level 1:colcon.colcon_core.package_identification:_identify(src/helios16p_cane_robot) by extension 'ros'
[0.347s] DEBUG:colcon.colcon_core.package_identification:Package 'src/helios16p_cane_robot' with type 'ros.ament_python' and name 'helios16p_cane_robot'
[0.347s] Level 1:colcon.colcon_core.package_identification:_identify(src/kiss-icp) by extensions ['ignore', 'ignore_ament_install']
[0.347s] Level 1:colcon.colcon_core.package_identification:_identify(src/kiss-icp) by extension 'ignore'
[0.347s] Level 1:colcon.colcon_core.package_identification:_identify(src/kiss-icp) by extension 'ignore_ament_install'
[0.347s] Level 1:colcon.colcon_core.package_identification:_identify(src/kiss-icp) by extensions ['colcon_pkg']
[0.347s] Level 1:colcon.colcon_core.package_identification:_identify(src/kiss-icp) by extension 'colcon_pkg'
[0.347s] Level 1:colcon.colcon_core.package_identification:_identify(src/kiss-icp) by extensions ['colcon_meta']
[0.347s] Level 1:colcon.colcon_core.package_identification:_identify(src/kiss-icp) by extension 'colcon_meta'
[0.347s] Level 1:colcon.colcon_core.package_identification:_identify(src/kiss-icp) by extensions ['ros']
[0.347s] Level 1:colcon.colcon_core.package_identification:_identify(src/kiss-icp) by extension 'ros'
[0.348s] Level 1:colcon.colcon_core.package_identification:_identify(src/kiss-icp) by extensions ['cmake', 'python']
[0.348s] Level 1:colcon.colcon_core.package_identification:_identify(src/kiss-icp) by extension 'cmake'
[0.348s] Level 1:colcon.colcon_core.package_identification:_identify(src/kiss-icp) by extension 'python'
[0.348s] Level 1:colcon.colcon_core.package_identification:_identify(src/kiss-icp) by extensions ['python_setup_py']
[0.348s] Level 1:colcon.colcon_core.package_identification:_identify(src/kiss-icp) by extension 'python_setup_py'
[0.348s] Level 1:colcon.colcon_core.package_identification:_identify(src/kiss-icp/config) by extensions ['ignore', 'ignore_ament_install']
[0.348s] Level 1:colcon.colcon_core.package_identification:_identify(src/kiss-icp/config) by extension 'ignore'
[0.348s] Level 1:colcon.colcon_core.package_identification:_identify(src/kiss-icp/config) by extension 'ignore_ament_install'
[0.348s] Level 1:colcon.colcon_core.package_identification:_identify(src/kiss-icp/config) by extensions ['colcon_pkg']
[0.348s] Level 1:colcon.colcon_core.package_identification:_identify(src/kiss-icp/config) by extension 'colcon_pkg'
[0.348s] Level 1:colcon.colcon_core.package_identification:_identify(src/kiss-icp/config) by extensions ['colcon_meta']
[0.348s] Level 1:colcon.colcon_core.package_identification:_identify(src/kiss-icp/config) by extension 'colcon_meta'
[0.348s] Level 1:colcon.colcon_core.package_identification:_identify(src/kiss-icp/config) by extensions ['ros']
[0.348s] Level 1:colcon.colcon_core.package_identification:_identify(src/kiss-icp/config) by extension 'ros'
[0.348s] Level 1:colcon.colcon_core.package_identification:_identify(src/kiss-icp/config) by extensions ['cmake', 'python']
[0.348s] Level 1:colcon.colcon_core.package_identification:_identify(src/kiss-icp/config) by extension 'cmake'
[0.348s] Level 1:colcon.colcon_core.package_identification:_identify(src/kiss-icp/config) by extension 'python'
[0.348s] Level 1:colcon.colcon_core.package_identification:_identify(src/kiss-icp/config) by extensions ['python_setup_py']
[0.349s] Level 1:colcon.colcon_core.package_identification:_identify(src/kiss-icp/config) by extension 'python_setup_py'
[0.349s] Level 1:colcon.colcon_core.package_identification:_identify(src/kiss-icp/cpp) by extensions ['ignore', 'ignore_ament_install']
[0.349s] Level 1:colcon.colcon_core.package_identification:_identify(src/kiss-icp/cpp) by extension 'ignore'
[0.349s] Level 1:colcon.colcon_core.package_identification:_identify(src/kiss-icp/cpp) ignored
[0.349s] Level 1:colcon.colcon_core.package_identification:_identify(src/kiss-icp/eval) by extensions ['ignore', 'ignore_ament_install']
[0.349s] Level 1:colcon.colcon_core.package_identification:_identify(src/kiss-icp/eval) by extension 'ignore'
[0.349s] Level 1:colcon.colcon_core.package_identification:_identify(src/kiss-icp/eval) by extension 'ignore_ament_install'
[0.349s] Level 1:colcon.colcon_core.package_identification:_identify(src/kiss-icp/eval) by extensions ['colcon_pkg']
[0.349s] Level 1:colcon.colcon_core.package_identification:_identify(src/kiss-icp/eval) by extension 'colcon_pkg'
[0.349s] Level 1:colcon.colcon_core.package_identification:_identify(src/kiss-icp/eval) by extensions ['colcon_meta']
[0.349s] Level 1:colcon.colcon_core.package_identification:_identify(src/kiss-icp/eval) by extension 'colcon_meta'
[0.349s] Level 1:colcon.colcon_core.package_identification:_identify(src/kiss-icp/eval) by extensions ['ros']
[0.349s] Level 1:colcon.colcon_core.package_identification:_identify(src/kiss-icp/eval) by extension 'ros'
[0.349s] Level 1:colcon.colcon_core.package_identification:_identify(src/kiss-icp/eval) by extensions ['cmake', 'python']
[0.349s] Level 1:colcon.colcon_core.package_identification:_identify(src/kiss-icp/eval) by extension 'cmake'
[0.349s] Level 1:colcon.colcon_core.package_identification:_identify(src/kiss-icp/eval) by extension 'python'
[0.350s] Level 1:colcon.colcon_core.package_identification:_identify(src/kiss-icp/eval) by extensions ['python_setup_py']
[0.350s] Level 1:colcon.colcon_core.package_identification:_identify(src/kiss-icp/eval) by extension 'python_setup_py'
[0.350s] Level 1:colcon.colcon_core.package_identification:_identify(src/kiss-icp/python) by extensions ['ignore', 'ignore_ament_install']
[0.350s] Level 1:colcon.colcon_core.package_identification:_identify(src/kiss-icp/python) by extension 'ignore'
[0.350s] Level 1:colcon.colcon_core.package_identification:_identify(src/kiss-icp/python) ignored
[0.350s] Level 1:colcon.colcon_core.package_identification:_identify(src/kiss-icp/ros) by extensions ['ignore', 'ignore_ament_install']
[0.350s] Level 1:colcon.colcon_core.package_identification:_identify(src/kiss-icp/ros) by extension 'ignore'
[0.350s] Level 1:colcon.colcon_core.package_identification:_identify(src/kiss-icp/ros) by extension 'ignore_ament_install'
[0.350s] Level 1:colcon.colcon_core.package_identification:_identify(src/kiss-icp/ros) by extensions ['colcon_pkg']
[0.350s] Level 1:colcon.colcon_core.package_identification:_identify(src/kiss-icp/ros) by extension 'colcon_pkg'
[0.350s] Level 1:colcon.colcon_core.package_identification:_identify(src/kiss-icp/ros) by extensions ['colcon_meta']
[0.350s] Level 1:colcon.colcon_core.package_identification:_identify(src/kiss-icp/ros) by extension 'colcon_meta'
[0.350s] Level 1:colcon.colcon_core.package_identification:_identify(src/kiss-icp/ros) by extensions ['ros']
[0.350s] Level 1:colcon.colcon_core.package_identification:_identify(src/kiss-icp/ros) by extension 'ros'
[0.352s] DEBUG:colcon.colcon_core.package_identification:Package 'src/kiss-icp/ros' with type 'ros.ament_cmake' and name 'kiss_icp'
[0.352s] Level 1:colcon.colcon_core.package_identification:_identify(src/rslidar_msg) by extensions ['ignore', 'ignore_ament_install']
[0.353s] Level 1:colcon.colcon_core.package_identification:_identify(src/rslidar_msg) by extension 'ignore'
[0.353s] Level 1:colcon.colcon_core.package_identification:_identify(src/rslidar_msg) by extension 'ignore_ament_install'
[0.353s] Level 1:colcon.colcon_core.package_identification:_identify(src/rslidar_msg) by extensions ['colcon_pkg']
[0.353s] Level 1:colcon.colcon_core.package_identification:_identify(src/rslidar_msg) by extension 'colcon_pkg'
[0.353s] Level 1:colcon.colcon_core.package_identification:_identify(src/rslidar_msg) by extensions ['colcon_meta']
[0.353s] Level 1:colcon.colcon_core.package_identification:_identify(src/rslidar_msg) by extension 'colcon_meta'
[0.353s] Level 1:colcon.colcon_core.package_identification:_identify(src/rslidar_msg) by extensions ['ros']
[0.353s] Level 1:colcon.colcon_core.package_identification:_identify(src/rslidar_msg) by extension 'ros'
[0.354s] DEBUG:colcon.colcon_core.package_identification:Package 'src/rslidar_msg' with type 'ros.ament_cmake' and name 'rslidar_msg'
[0.354s] Level 1:colcon.colcon_core.package_identification:_identify(src/rslidar_sdk) by extensions ['ignore', 'ignore_ament_install']
[0.354s] Level 1:colcon.colcon_core.package_identification:_identify(src/rslidar_sdk) by extension 'ignore'
[0.354s] Level 1:colcon.colcon_core.package_identification:_identify(src/rslidar_sdk) by extension 'ignore_ament_install'
[0.354s] Level 1:colcon.colcon_core.package_identification:_identify(src/rslidar_sdk) by extensions ['colcon_pkg']
[0.354s] Level 1:colcon.colcon_core.package_identification:_identify(src/rslidar_sdk) by extension 'colcon_pkg'
[0.354s] Level 1:colcon.colcon_core.package_identification:_identify(src/rslidar_sdk) by extensions ['colcon_meta']
[0.354s] Level 1:colcon.colcon_core.package_identification:_identify(src/rslidar_sdk) by extension 'colcon_meta'
[0.354s] Level 1:colcon.colcon_core.package_identification:_identify(src/rslidar_sdk) by extensions ['ros']
[0.354s] Level 1:colcon.colcon_core.package_identification:_identify(src/rslidar_sdk) by extension 'ros'
[0.380s] DEBUG:colcon.colcon_core.package_identification:Package 'src/rslidar_sdk' with type 'ros.ament_cmake' and name 'rslidar_sdk'
[0.380s] Level 1:colcon.colcon_core.package_identification:_identify(src/vicon_receiver) by extensions ['ignore', 'ignore_ament_install']
[0.380s] Level 1:colcon.colcon_core.package_identification:_identify(src/vicon_receiver) by extension 'ignore'
[0.380s] Level 1:colcon.colcon_core.package_identification:_identify(src/vicon_receiver) by extension 'ignore_ament_install'
[0.380s] Level 1:colcon.colcon_core.package_identification:_identify(src/vicon_receiver) by extensions ['colcon_pkg']
[0.380s] Level 1:colcon.colcon_core.package_identification:_identify(src/vicon_receiver) by extension 'colcon_pkg'
[0.381s] Level 1:colcon.colcon_core.package_identification:_identify(src/vicon_receiver) by extensions ['colcon_meta']
[0.381s] Level 1:colcon.colcon_core.package_identification:_identify(src/vicon_receiver) by extension 'colcon_meta'
[0.381s] Level 1:colcon.colcon_core.package_identification:_identify(src/vicon_receiver) by extensions ['ros']
[0.381s] Level 1:colcon.colcon_core.package_identification:_identify(src/vicon_receiver) by extension 'ros'
[0.382s] DEBUG:colcon.colcon_core.package_identification:Package 'src/vicon_receiver' with type 'ros.ament_cmake' and name 'vicon_receiver'
[0.382s] Level 1:colcon.colcon_core.package_discovery:discover_packages(recursive) using defaults
[0.382s] Level 1:colcon.colcon_core.package_discovery:discover_packages(ignore) discover
[0.382s] Level 1:colcon.colcon_core.package_discovery:discover_packages(ignore) using defaults
[0.382s] Level 1:colcon.colcon_core.package_discovery:discover_packages(path) discover
[0.382s] Level 1:colcon.colcon_core.package_discovery:discover_packages(path) using defaults
[0.406s] Level 1:colcon.colcon_core.package_discovery:discover_packages(prefix_path) check parameters
[0.406s] Level 1:colcon.colcon_core.package_discovery:discover_packages(prefix_path) discover
[0.409s] DEBUG:colcon.colcon_installed_package_information.package_discovery:Found 6 installed packages in /home/ph/treasure/dockerBENCH/helios16p_ws/install
[0.410s] DEBUG:colcon.colcon_installed_package_information.package_discovery:Found 272 installed packages in /opt/ros/humble
[0.412s] Level 1:colcon.colcon_core.package_discovery:discover_packages(prefix_path) using defaults
[0.456s] Level 5:colcon.colcon_core.verb:set package 'go1_description' build argument 'cmake_args' from command line to 'None'
[0.456s] Level 5:colcon.colcon_core.verb:set package 'go1_description' build argument 'cmake_target' from command line to 'None'
[0.456s] Level 5:colcon.colcon_core.verb:set package 'go1_description' build argument 'cmake_target_skip_unavailable' from command line to 'False'
[0.456s] Level 5:colcon.colcon_core.verb:set package 'go1_description' build argument 'cmake_clean_cache' from command line to 'False'
[0.456s] Level 5:colcon.colcon_core.verb:set package 'go1_description' build argument 'cmake_clean_first' from command line to 'False'
[0.456s] Level 5:colcon.colcon_core.verb:set package 'go1_description' build argument 'cmake_force_configure' from command line to 'False'
[0.456s] Level 5:colcon.colcon_core.verb:set package 'go1_description' build argument 'ament_cmake_args' from command line to 'None'
[0.457s] Level 5:colcon.colcon_core.verb:set package 'go1_description' build argument 'catkin_cmake_args' from command line to 'None'
[0.457s] Level 5:colcon.colcon_core.verb:set package 'go1_description' build argument 'catkin_skip_building_tests' from command line to 'False'
[0.457s] DEBUG:colcon.colcon_core.verb:Building package 'go1_description' with the following arguments: {'ament_cmake_args': None, 'build_base': '/home/ph/treasure/dockerBENCH/helios16p_ws/build/go1_description', 'catkin_cmake_args': None, 'catkin_skip_building_tests': False, 'cmake_args': None, 'cmake_clean_cache': False, 'cmake_clean_first': False, 'cmake_force_configure': False, 'cmake_target': None, 'cmake_target_skip_unavailable': False, 'install_base': '/home/ph/treasure/dockerBENCH/helios16p_ws/install/go1_description', 'merge_install': False, 'path': '/home/ph/treasure/dockerBENCH/helios16p_ws/src/go1_description', 'symlink_install': False, 'test_result_base': None}
[0.457s] Level 5:colcon.colcon_core.verb:set package 'helios16p_cane_robot' build argument 'cmake_args' from command line to 'None'
[0.457s] Level 5:colcon.colcon_core.verb:set package 'helios16p_cane_robot' build argument 'cmake_target' from command line to 'None'
[0.457s] Level 5:colcon.colcon_core.verb:set package 'helios16p_cane_robot' build argument 'cmake_target_skip_unavailable' from command line to 'False'
[0.457s] Level 5:colcon.colcon_core.verb:set package 'helios16p_cane_robot' build argument 'cmake_clean_cache' from command line to 'False'
[0.457s] Level 5:colcon.colcon_core.verb:set package 'helios16p_cane_robot' build argument 'cmake_clean_first' from command line to 'False'
[0.457s] Level 5:colcon.colcon_core.verb:set package 'helios16p_cane_robot' build argument 'cmake_force_configure' from command line to 'False'
[0.457s] Level 5:colcon.colcon_core.verb:set package 'helios16p_cane_robot' build argument 'ament_cmake_args' from command line to 'None'
[0.457s] Level 5:colcon.colcon_core.verb:set package 'helios16p_cane_robot' build argument 'catkin_cmake_args' from command line to 'None'
[0.457s] Level 5:colcon.colcon_core.verb:set package 'helios16p_cane_robot' build argument 'catkin_skip_building_tests' from command line to 'False'
[0.457s] DEBUG:colcon.colcon_core.verb:Building package 'helios16p_cane_robot' with the following arguments: {'ament_cmake_args': None, 'build_base': '/home/ph/treasure/dockerBENCH/helios16p_ws/build/helios16p_cane_robot', 'catkin_cmake_args': None, 'catkin_skip_building_tests': False, 'cmake_args': None, 'cmake_clean_cache': False, 'cmake_clean_first': False, 'cmake_force_configure': False, 'cmake_target': None, 'cmake_target_skip_unavailable': False, 'install_base': '/home/ph/treasure/dockerBENCH/helios16p_ws/install/helios16p_cane_robot', 'merge_install': False, 'path': '/home/ph/treasure/dockerBENCH/helios16p_ws/src/helios16p_cane_robot', 'symlink_install': False, 'test_result_base': None}
[0.458s] Level 5:colcon.colcon_core.verb:set package 'kiss_icp' build argument 'cmake_args' from command line to 'None'
[0.458s] Level 5:colcon.colcon_core.verb:set package 'kiss_icp' build argument 'cmake_target' from command line to 'None'
[0.458s] Level 5:colcon.colcon_core.verb:set package 'kiss_icp' build argument 'cmake_target_skip_unavailable' from command line to 'False'
[0.458s] Level 5:colcon.colcon_core.verb:set package 'kiss_icp' build argument 'cmake_clean_cache' from command line to 'False'
[0.458s] Level 5:colcon.colcon_core.verb:set package 'kiss_icp' build argument 'cmake_clean_first' from command line to 'False'
[0.458s] Level 5:colcon.colcon_core.verb:set package 'kiss_icp' build argument 'cmake_force_configure' from command line to 'False'
[0.458s] Level 5:colcon.colcon_core.verb:set package 'kiss_icp' build argument 'ament_cmake_args' from command line to 'None'
[0.458s] Level 5:colcon.colcon_core.verb:set package 'kiss_icp' build argument 'catkin_cmake_args' from command line to 'None'
[0.458s] Level 5:colcon.colcon_core.verb:set package 'kiss_icp' build argument 'catkin_skip_building_tests' from command line to 'False'
[0.458s] DEBUG:colcon.colcon_core.verb:Building package 'kiss_icp' with the following arguments: {'ament_cmake_args': None, 'build_base': '/home/ph/treasure/dockerBENCH/helios16p_ws/build/kiss_icp', 'catkin_cmake_args': None, 'catkin_skip_building_tests': False, 'cmake_args': None, 'cmake_clean_cache': False, 'cmake_clean_first': False, 'cmake_force_configure': False, 'cmake_target': None, 'cmake_target_skip_unavailable': False, 'install_base': '/home/ph/treasure/dockerBENCH/helios16p_ws/install/kiss_icp', 'merge_install': False, 'path': '/home/ph/treasure/dockerBENCH/helios16p_ws/src/kiss-icp/ros', 'symlink_install': False, 'test_result_base': None}
[0.458s] Level 5:colcon.colcon_core.verb:set package 'rslidar_msg' build argument 'cmake_args' from command line to 'None'
[0.458s] Level 5:colcon.colcon_core.verb:set package 'rslidar_msg' build argument 'cmake_target' from command line to 'None'
[0.458s] Level 5:colcon.colcon_core.verb:set package 'rslidar_msg' build argument 'cmake_target_skip_unavailable' from command line to 'False'
[0.458s] Level 5:colcon.colcon_core.verb:set package 'rslidar_msg' build argument 'cmake_clean_cache' from command line to 'False'
[0.459s] Level 5:colcon.colcon_core.verb:set package 'rslidar_msg' build argument 'cmake_clean_first' from command line to 'False'
[0.459s] Level 5:colcon.colcon_core.verb:set package 'rslidar_msg' build argument 'cmake_force_configure' from command line to 'False'
[0.459s] Level 5:colcon.colcon_core.verb:set package 'rslidar_msg' build argument 'ament_cmake_args' from command line to 'None'
[0.459s] Level 5:colcon.colcon_core.verb:set package 'rslidar_msg' build argument 'catkin_cmake_args' from command line to 'None'
[0.459s] Level 5:colcon.colcon_core.verb:set package 'rslidar_msg' build argument 'catkin_skip_building_tests' from command line to 'False'
[0.459s] DEBUG:colcon.colcon_core.verb:Building package 'rslidar_msg' with the following arguments: {'ament_cmake_args': None, 'build_base': '/home/ph/treasure/dockerBENCH/helios16p_ws/build/rslidar_msg', 'catkin_cmake_args': None, 'catkin_skip_building_tests': False, 'cmake_args': None, 'cmake_clean_cache': False, 'cmake_clean_first': False, 'cmake_force_configure': False, 'cmake_target': None, 'cmake_target_skip_unavailable': False, 'install_base': '/home/ph/treasure/dockerBENCH/helios16p_ws/install/rslidar_msg', 'merge_install': False, 'path': '/home/ph/treasure/dockerBENCH/helios16p_ws/src/rslidar_msg', 'symlink_install': False, 'test_result_base': None}
[0.459s] Level 5:colcon.colcon_core.verb:set package 'vicon_receiver' build argument 'cmake_args' from command line to 'None'
[0.459s] Level 5:colcon.colcon_core.verb:set package 'vicon_receiver' build argument 'cmake_target' from command line to 'None'
[0.459s] Level 5:colcon.colcon_core.verb:set package 'vicon_receiver' build argument 'cmake_target_skip_unavailable' from command line to 'False'
[0.459s] Level 5:colcon.colcon_core.verb:set package 'vicon_receiver' build argument 'cmake_clean_cache' from command line to 'False'
[0.459s] Level 5:colcon.colcon_core.verb:set package 'vicon_receiver' build argument 'cmake_clean_first' from command line to 'False'
[0.459s] Level 5:colcon.colcon_core.verb:set package 'vicon_receiver' build argument 'cmake_force_configure' from command line to 'False'
[0.459s] Level 5:colcon.colcon_core.verb:set package 'vicon_receiver' build argument 'ament_cmake_args' from command line to 'None'
[0.459s] Level 5:colcon.colcon_core.verb:set package 'vicon_receiver' build argument 'catkin_cmake_args' from command line to 'None'
[0.459s] Level 5:colcon.colcon_core.verb:set package 'vicon_receiver' build argument 'catkin_skip_building_tests' from command line to 'False'
[0.459s] DEBUG:colcon.colcon_core.verb:Building package 'vicon_receiver' with the following arguments: {'ament_cmake_args': None, 'build_base': '/home/ph/treasure/dockerBENCH/helios16p_ws/build/vicon_receiver', 'catkin_cmake_args': None, 'catkin_skip_building_tests': False, 'cmake_args': None, 'cmake_clean_cache': False, 'cmake_clean_first': False, 'cmake_force_configure': False, 'cmake_target': None, 'cmake_target_skip_unavailable': False, 'install_base': '/home/ph/treasure/dockerBENCH/helios16p_ws/install/vicon_receiver', 'merge_install': False, 'path': '/home/ph/treasure/dockerBENCH/helios16p_ws/src/vicon_receiver', 'symlink_install': False, 'test_result_base': None}
[0.460s] Level 5:colcon.colcon_core.verb:set package 'rslidar_sdk' build argument 'cmake_args' from command line to 'None'
[0.460s] Level 5:colcon.colcon_core.verb:set package 'rslidar_sdk' build argument 'cmake_target' from command line to 'None'
[0.460s] Level 5:colcon.colcon_core.verb:set package 'rslidar_sdk' build argument 'cmake_target_skip_unavailable' from command line to 'False'
[0.460s] Level 5:colcon.colcon_core.verb:set package 'rslidar_sdk' build argument 'cmake_clean_cache' from command line to 'False'
[0.460s] Level 5:colcon.colcon_core.verb:set package 'rslidar_sdk' build argument 'cmake_clean_first' from command line to 'False'
[0.460s] Level 5:colcon.colcon_core.verb:set package 'rslidar_sdk' build argument 'cmake_force_configure' from command line to 'False'
[0.460s] Level 5:colcon.colcon_core.verb:set package 'rslidar_sdk' build argument 'ament_cmake_args' from command line to 'None'
[0.460s] Level 5:colcon.colcon_core.verb:set package 'rslidar_sdk' build argument 'catkin_cmake_args' from command line to 'None'
[0.460s] Level 5:colcon.colcon_core.verb:set package 'rslidar_sdk' build argument 'catkin_skip_building_tests' from command line to 'False'
[0.460s] DEBUG:colcon.colcon_core.verb:Building package 'rslidar_sdk' with the following arguments: {'ament_cmake_args': None, 'build_base': '/home/ph/treasure/dockerBENCH/helios16p_ws/build/rslidar_sdk', 'catkin_cmake_args': None, 'catkin_skip_building_tests': False, 'cmake_args': None, 'cmake_clean_cache': False, 'cmake_clean_first': False, 'cmake_force_configure': False, 'cmake_target': None, 'cmake_target_skip_unavailable': False, 'install_base': '/home/ph/treasure/dockerBENCH/helios16p_ws/install/rslidar_sdk', 'merge_install': False, 'path': '/home/ph/treasure/dockerBENCH/helios16p_ws/src/rslidar_sdk', 'symlink_install': False, 'test_result_base': None}
[0.460s] INFO:colcon.colcon_core.executor:Executing jobs using 'parallel' executor
[0.462s] DEBUG:colcon.colcon_parallel_executor.executor.parallel:run_until_complete
[0.463s] INFO:colcon.colcon_ros.task.ament_cmake.build:Building ROS package in '/home/ph/treasure/dockerBENCH/helios16p_ws/src/rslidar_msg' with build type 'ament_cmake'
[0.463s] INFO:colcon.colcon_cmake.task.cmake.build:Building CMake package in '/home/ph/treasure/dockerBENCH/helios16p_ws/src/rslidar_msg'
[0.466s] INFO:colcon.colcon_core.plugin_system:Skipping extension 'colcon_core.shell.bat': Not used on non-Windows systems
[0.466s] INFO:colcon.colcon_core.shell:Skip shell extension 'powershell' for command environment: Not usable outside of PowerShell
[0.466s] DEBUG:colcon.colcon_core.shell:Skip shell extension 'dsv' for command environment
[0.471s] INFO:colcon.colcon_ros.task.ament_cmake.build:Building ROS package in '/home/ph/treasure/dockerBENCH/helios16p_ws/src/go1_description' with build type 'ament_cmake'
[0.471s] INFO:colcon.colcon_cmake.task.cmake.build:Building CMake package in '/home/ph/treasure/dockerBENCH/helios16p_ws/src/go1_description'
[0.472s] INFO:colcon.colcon_core.shell:Skip shell extension 'powershell' for command environment: Not usable outside of PowerShell
[0.472s] DEBUG:colcon.colcon_core.shell:Skip shell extension 'dsv' for command environment
[0.476s] INFO:colcon.colcon_ros.task.ament_python.build:Building ROS package in '/home/ph/treasure/dockerBENCH/helios16p_ws/src/helios16p_cane_robot' with build type 'ament_python'
[0.477s] Level 1:colcon.colcon_core.shell:create_environment_hook('helios16p_cane_robot', 'ament_prefix_path')
[0.477s] INFO:colcon.colcon_core.shell:Creating environment hook '/home/ph/treasure/dockerBENCH/helios16p_ws/install/helios16p_cane_robot/share/helios16p_cane_robot/hook/ament_prefix_path.ps1'
[0.478s] INFO:colcon.colcon_core.shell:Creating environment descriptor '/home/ph/treasure/dockerBENCH/helios16p_ws/install/helios16p_cane_robot/share/helios16p_cane_robot/hook/ament_prefix_path.dsv'
[0.479s] INFO:colcon.colcon_core.shell:Creating environment hook '/home/ph/treasure/dockerBENCH/helios16p_ws/install/helios16p_cane_robot/share/helios16p_cane_robot/hook/ament_prefix_path.sh'
[0.480s] INFO:colcon.colcon_core.shell:Skip shell extension 'powershell' for command environment: Not usable outside of PowerShell
[0.480s] DEBUG:colcon.colcon_core.shell:Skip shell extension 'dsv' for command environment
[0.485s] INFO:colcon.colcon_ros.task.ament_cmake.build:Building ROS package in '/home/ph/treasure/dockerBENCH/helios16p_ws/src/kiss-icp/ros' with build type 'ament_cmake'
[0.485s] INFO:colcon.colcon_cmake.task.cmake.build:Building CMake package in '/home/ph/treasure/dockerBENCH/helios16p_ws/src/kiss-icp/ros'
[0.485s] INFO:colcon.colcon_core.shell:Skip shell extension 'powershell' for command environment: Not usable outside of PowerShell
[0.485s] DEBUG:colcon.colcon_core.shell:Skip shell extension 'dsv' for command environment
[0.490s] INFO:colcon.colcon_ros.task.ament_cmake.build:Building ROS package in '/home/ph/treasure/dockerBENCH/helios16p_ws/src/vicon_receiver' with build type 'ament_cmake'
[0.490s] INFO:colcon.colcon_cmake.task.cmake.build:Building CMake package in '/home/ph/treasure/dockerBENCH/helios16p_ws/src/vicon_receiver'
[0.491s] INFO:colcon.colcon_core.shell:Skip shell extension 'powershell' for command environment: Not usable outside of PowerShell
[0.491s] DEBUG:colcon.colcon_core.shell:Skip shell extension 'dsv' for command environment
[0.503s] DEBUG:colcon.colcon_core.event_handler.log_command:Invoking command in '/home/ph/treasure/dockerBENCH/helios16p_ws/build/rslidar_msg': CMAKE_PREFIX_PATH=${CMAKE_PREFIX_PATH}:/home/ph/treasure/dockerBENCH/helios16p_ws/install/helios16p_cane_robot:/opt/ros/humble PS1=(pvenv) \[\e]0;\u@\h: \w\a\]${debian_chroot:+($debian_chroot)}\u@\h:\w\$ VIRTUAL_ENV_PROMPT=(pvenv) /home/ph/.local/bin/cmake --build /home/ph/treasure/dockerBENCH/helios16p_ws/build/rslidar_msg -- -j8 -l8
[0.507s] DEBUG:colcon.colcon_core.event_handler.log_command:Invoking command in '/home/ph/treasure/dockerBENCH/helios16p_ws/build/go1_description': CMAKE_PREFIX_PATH=${CMAKE_PREFIX_PATH}:/home/ph/treasure/dockerBENCH/helios16p_ws/install/helios16p_cane_robot:/opt/ros/humble PS1=(pvenv) \[\e]0;\u@\h: \w\a\]${debian_chroot:+($debian_chroot)}\u@\h:\w\$ VIRTUAL_ENV_PROMPT=(pvenv) /home/ph/.local/bin/cmake --build /home/ph/treasure/dockerBENCH/helios16p_ws/build/go1_description -- -j8 -l8
[0.910s] INFO:colcon.colcon_core.task.python.build:Building Python package in '/home/ph/treasure/dockerBENCH/helios16p_ws/src/helios16p_cane_robot'
[0.910s] INFO:colcon.colcon_core.shell:Skip shell extension 'powershell' for command environment: Not usable outside of PowerShell
[0.911s] DEBUG:colcon.colcon_core.shell:Skip shell extension 'dsv' for command environment
[0.923s] DEBUG:colcon.colcon_core.event_handler.log_command:Invoking command in '/home/ph/treasure/dockerBENCH/helios16p_ws/build/kiss_icp': CMAKE_PREFIX_PATH=${CMAKE_PREFIX_PATH}:/home/ph/treasure/dockerBENCH/helios16p_ws/install/helios16p_cane_robot:/opt/ros/humble PS1=(pvenv) \[\e]0;\u@\h: \w\a\]${debian_chroot:+($debian_chroot)}\u@\h:\w\$ VIRTUAL_ENV_PROMPT=(pvenv) /home/ph/.local/bin/cmake --build /home/ph/treasure/dockerBENCH/helios16p_ws/build/kiss_icp -- -j8 -l8
[0.934s] DEBUG:colcon.colcon_core.event_handler.log_command:Invoking command in '/home/ph/treasure/dockerBENCH/helios16p_ws/build/vicon_receiver': CMAKE_PREFIX_PATH=${CMAKE_PREFIX_PATH}:/home/ph/treasure/dockerBENCH/helios16p_ws/install/helios16p_cane_robot:/opt/ros/humble PS1=(pvenv) \[\e]0;\u@\h: \w\a\]${debian_chroot:+($debian_chroot)}\u@\h:\w\$ VIRTUAL_ENV_PROMPT=(pvenv) /home/ph/.local/bin/cmake --build /home/ph/treasure/dockerBENCH/helios16p_ws/build/vicon_receiver -- -j8 -l8
[0.935s] DEBUG:colcon.colcon_core.event_handler.log_command:Invoked command in '/home/ph/treasure/dockerBENCH/helios16p_ws/build/go1_description' returned '0': CMAKE_PREFIX_PATH=${CMAKE_PREFIX_PATH}:/home/ph/treasure/dockerBENCH/helios16p_ws/install/helios16p_cane_robot:/opt/ros/humble PS1=(pvenv) \[\e]0;\u@\h: \w\a\]${debian_chroot:+($debian_chroot)}\u@\h:\w\$ VIRTUAL_ENV_PROMPT=(pvenv) /home/ph/.local/bin/cmake --build /home/ph/treasure/dockerBENCH/helios16p_ws/build/go1_description -- -j8 -l8
[1.055s] DEBUG:colcon.colcon_core.event_handler.log_command:Invoking command in '/home/ph/treasure/dockerBENCH/helios16p_ws/build/go1_description': CMAKE_PREFIX_PATH=${CMAKE_PREFIX_PATH}:/home/ph/treasure/dockerBENCH/helios16p_ws/install/helios16p_cane_robot:/opt/ros/humble PS1=(pvenv) \[\e]0;\u@\h: \w\a\]${debian_chroot:+($debian_chroot)}\u@\h:\w\$ VIRTUAL_ENV_PROMPT=(pvenv) /home/ph/.local/bin/cmake --install /home/ph/treasure/dockerBENCH/helios16p_ws/build/go1_description
[1.169s] DEBUG:colcon.colcon_core.event_handler.log_command:Invoked command in '/home/ph/treasure/dockerBENCH/helios16p_ws/build/rslidar_msg' returned '0': CMAKE_PREFIX_PATH=${CMAKE_PREFIX_PATH}:/home/ph/treasure/dockerBENCH/helios16p_ws/install/helios16p_cane_robot:/opt/ros/humble PS1=(pvenv) \[\e]0;\u@\h: \w\a\]${debian_chroot:+($debian_chroot)}\u@\h:\w\$ VIRTUAL_ENV_PROMPT=(pvenv) /home/ph/.local/bin/cmake --build /home/ph/treasure/dockerBENCH/helios16p_ws/build/rslidar_msg -- -j8 -l8
[1.173s] DEBUG:colcon.colcon_core.event_handler.log_command:Invoking command in '/home/ph/treasure/dockerBENCH/helios16p_ws/build/rslidar_msg': CMAKE_PREFIX_PATH=${CMAKE_PREFIX_PATH}:/home/ph/treasure/dockerBENCH/helios16p_ws/install/helios16p_cane_robot:/opt/ros/humble PS1=(pvenv) \[\e]0;\u@\h: \w\a\]${debian_chroot:+($debian_chroot)}\u@\h:\w\$ VIRTUAL_ENV_PROMPT=(pvenv) /home/ph/.local/bin/cmake --install /home/ph/treasure/dockerBENCH/helios16p_ws/build/rslidar_msg
[1.188s] DEBUG:colcon.colcon_core.event_handler.log_command:Invoked command in '/home/ph/treasure/dockerBENCH/helios16p_ws/build/kiss_icp' returned '0': CMAKE_PREFIX_PATH=${CMAKE_PREFIX_PATH}:/home/ph/treasure/dockerBENCH/helios16p_ws/install/helios16p_cane_robot:/opt/ros/humble PS1=(pvenv) \[\e]0;\u@\h: \w\a\]${debian_chroot:+($debian_chroot)}\u@\h:\w\$ VIRTUAL_ENV_PROMPT=(pvenv) /home/ph/.local/bin/cmake --build /home/ph/treasure/dockerBENCH/helios16p_ws/build/kiss_icp -- -j8 -l8
[1.192s] DEBUG:colcon.colcon_core.event_handler.log_command:Invoking command in '/home/ph/treasure/dockerBENCH/helios16p_ws/build/kiss_icp': CMAKE_PREFIX_PATH=${CMAKE_PREFIX_PATH}:/home/ph/treasure/dockerBENCH/helios16p_ws/install/helios16p_cane_robot:/opt/ros/humble PS1=(pvenv) \[\e]0;\u@\h: \w\a\]${debian_chroot:+($debian_chroot)}\u@\h:\w\$ VIRTUAL_ENV_PROMPT=(pvenv) /home/ph/.local/bin/cmake --install /home/ph/treasure/dockerBENCH/helios16p_ws/build/kiss_icp
[1.199s] DEBUG:colcon.colcon_core.event_handler.log_command:Invoked command in '/home/ph/treasure/dockerBENCH/helios16p_ws/build/vicon_receiver' returned '0': CMAKE_PREFIX_PATH=${CMAKE_PREFIX_PATH}:/home/ph/treasure/dockerBENCH/helios16p_ws/install/helios16p_cane_robot:/opt/ros/humble PS1=(pvenv) \[\e]0;\u@\h: \w\a\]${debian_chroot:+($debian_chroot)}\u@\h:\w\$ VIRTUAL_ENV_PROMPT=(pvenv) /home/ph/.local/bin/cmake --build /home/ph/treasure/dockerBENCH/helios16p_ws/build/vicon_receiver -- -j8 -l8
[1.204s] DEBUG:colcon.colcon_core.event_handler.log_command:Invoking command in '/home/ph/treasure/dockerBENCH/helios16p_ws/build/vicon_receiver': CMAKE_PREFIX_PATH=${CMAKE_PREFIX_PATH}:/home/ph/treasure/dockerBENCH/helios16p_ws/install/helios16p_cane_robot:/opt/ros/humble PS1=(pvenv) \[\e]0;\u@\h: \w\a\]${debian_chroot:+($debian_chroot)}\u@\h:\w\$ VIRTUAL_ENV_PROMPT=(pvenv) /home/ph/.local/bin/cmake --install /home/ph/treasure/dockerBENCH/helios16p_ws/build/vicon_receiver
[1.213s] Level 1:colcon.colcon_core.environment:create_environment_scripts_only(go1_description)
[1.214s] DEBUG:colcon.colcon_core.event_handler.log_command:Invoked command in '/home/ph/treasure/dockerBENCH/helios16p_ws/build/go1_description' returned '0': CMAKE_PREFIX_PATH=${CMAKE_PREFIX_PATH}:/home/ph/treasure/dockerBENCH/helios16p_ws/install/helios16p_cane_robot:/opt/ros/humble PS1=(pvenv) \[\e]0;\u@\h: \w\a\]${debian_chroot:+($debian_chroot)}\u@\h:\w\$ VIRTUAL_ENV_PROMPT=(pvenv) /home/ph/.local/bin/cmake --install /home/ph/treasure/dockerBENCH/helios16p_ws/build/go1_description
[1.218s] Level 1:colcon.colcon_core.environment:checking '/home/ph/treasure/dockerBENCH/helios16p_ws/install/go1_description' for CMake module files
[1.219s] Level 1:colcon.colcon_core.environment:checking '/home/ph/treasure/dockerBENCH/helios16p_ws/install/go1_description' for CMake config files
[1.219s] Level 1:colcon.colcon_core.shell:create_environment_hook('go1_description', 'cmake_prefix_path')
[1.219s] INFO:colcon.colcon_core.shell:Creating environment hook '/home/ph/treasure/dockerBENCH/helios16p_ws/install/go1_description/share/go1_description/hook/cmake_prefix_path.ps1'
[1.220s] INFO:colcon.colcon_core.shell:Creating environment descriptor '/home/ph/treasure/dockerBENCH/helios16p_ws/install/go1_description/share/go1_description/hook/cmake_prefix_path.dsv'
[1.221s] INFO:colcon.colcon_core.shell:Creating environment hook '/home/ph/treasure/dockerBENCH/helios16p_ws/install/go1_description/share/go1_description/hook/cmake_prefix_path.sh'
[1.222s] Level 1:colcon.colcon_core.environment:checking '/home/ph/treasure/dockerBENCH/helios16p_ws/install/go1_description/bin'
[1.222s] Level 1:colcon.colcon_core.environment:checking '/home/ph/treasure/dockerBENCH/helios16p_ws/install/go1_description/lib/pkgconfig/go1_description.pc'
[1.222s] Level 1:colcon.colcon_core.environment:checking '/home/ph/treasure/dockerBENCH/helios16p_ws/install/go1_description/lib/python3.10/site-packages'
[1.223s] Level 1:colcon.colcon_core.environment:checking '/home/ph/treasure/dockerBENCH/helios16p_ws/install/go1_description/bin'
[1.223s] INFO:colcon.colcon_core.shell:Creating package script '/home/ph/treasure/dockerBENCH/helios16p_ws/install/go1_description/share/go1_description/package.ps1'
[1.225s] INFO:colcon.colcon_core.shell:Creating package descriptor '/home/ph/treasure/dockerBENCH/helios16p_ws/install/go1_description/share/go1_description/package.dsv'
[1.226s] INFO:colcon.colcon_core.shell:Creating package script '/home/ph/treasure/dockerBENCH/helios16p_ws/install/go1_description/share/go1_description/package.sh'
[1.227s] INFO:colcon.colcon_core.shell:Creating package script '/home/ph/treasure/dockerBENCH/helios16p_ws/install/go1_description/share/go1_description/package.bash'
[1.228s] INFO:colcon.colcon_core.shell:Creating package script '/home/ph/treasure/dockerBENCH/helios16p_ws/install/go1_description/share/go1_description/package.zsh'
[1.229s] Level 1:colcon.colcon_core.environment:create_file_with_runtime_dependencies(/home/ph/treasure/dockerBENCH/helios16p_ws/install/go1_description/share/colcon-core/packages/go1_description)
[1.230s] Level 1:colcon.colcon_core.environment:create_environment_scripts_only(go1_description)
[1.230s] Level 1:colcon.colcon_core.environment:checking '/home/ph/treasure/dockerBENCH/helios16p_ws/install/go1_description' for CMake module files
[1.231s] Level 1:colcon.colcon_core.environment:checking '/home/ph/treasure/dockerBENCH/helios16p_ws/install/go1_description' for CMake config files
[1.232s] Level 1:colcon.colcon_core.shell:create_environment_hook('go1_description', 'cmake_prefix_path')
[1.232s] INFO:colcon.colcon_core.shell:Creating environment hook '/home/ph/treasure/dockerBENCH/helios16p_ws/install/go1_description/share/go1_description/hook/cmake_prefix_path.ps1'
[1.233s] INFO:colcon.colcon_core.shell:Creating environment descriptor '/home/ph/treasure/dockerBENCH/helios16p_ws/install/go1_description/share/go1_description/hook/cmake_prefix_path.dsv'
[1.234s] INFO:colcon.colcon_core.shell:Creating environment hook '/home/ph/treasure/dockerBENCH/helios16p_ws/install/go1_description/share/go1_description/hook/cmake_prefix_path.sh'
[1.235s] Level 1:colcon.colcon_core.environment:checking '/home/ph/treasure/dockerBENCH/helios16p_ws/install/go1_description/bin'
[1.235s] Level 1:colcon.colcon_core.environment:checking '/home/ph/treasure/dockerBENCH/helios16p_ws/install/go1_description/lib/pkgconfig/go1_description.pc'
[1.236s] Level 1:colcon.colcon_core.environment:checking '/home/ph/treasure/dockerBENCH/helios16p_ws/install/go1_description/lib/python3.10/site-packages'
[1.236s] Level 1:colcon.colcon_core.environment:checking '/home/ph/treasure/dockerBENCH/helios16p_ws/install/go1_description/bin'
[1.236s] INFO:colcon.colcon_core.shell:Creating package script '/home/ph/treasure/dockerBENCH/helios16p_ws/install/go1_description/share/go1_description/package.ps1'
[1.237s] INFO:colcon.colcon_core.shell:Creating package descriptor '/home/ph/treasure/dockerBENCH/helios16p_ws/install/go1_description/share/go1_description/package.dsv'
[1.238s] INFO:colcon.colcon_core.shell:Creating package script '/home/ph/treasure/dockerBENCH/helios16p_ws/install/go1_description/share/go1_description/package.sh'
[1.239s] INFO:colcon.colcon_core.shell:Creating package script '/home/ph/treasure/dockerBENCH/helios16p_ws/install/go1_description/share/go1_description/package.bash'
[1.240s] INFO:colcon.colcon_core.shell:Creating package script '/home/ph/treasure/dockerBENCH/helios16p_ws/install/go1_description/share/go1_description/package.zsh'
[1.241s] Level 1:colcon.colcon_core.environment:create_file_with_runtime_dependencies(/home/ph/treasure/dockerBENCH/helios16p_ws/install/go1_description/share/colcon-core/packages/go1_description)
[1.327s] Level 1:colcon.colcon_core.environment:create_environment_scripts_only(kiss_icp)
[1.327s] Level 1:colcon.colcon_core.environment:checking '/home/ph/treasure/dockerBENCH/helios16p_ws/install/kiss_icp' for CMake module files
[1.328s] DEBUG:colcon.colcon_core.event_handler.log_command:Invoked command in '/home/ph/treasure/dockerBENCH/helios16p_ws/build/kiss_icp' returned '0': CMAKE_PREFIX_PATH=${CMAKE_PREFIX_PATH}:/home/ph/treasure/dockerBENCH/helios16p_ws/install/helios16p_cane_robot:/opt/ros/humble PS1=(pvenv) \[\e]0;\u@\h: \w\a\]${debian_chroot:+($debian_chroot)}\u@\h:\w\$ VIRTUAL_ENV_PROMPT=(pvenv) /home/ph/.local/bin/cmake --install /home/ph/treasure/dockerBENCH/helios16p_ws/build/kiss_icp
[1.329s] Level 1:colcon.colcon_core.environment:checking '/home/ph/treasure/dockerBENCH/helios16p_ws/install/kiss_icp' for CMake config files
[1.329s] Level 1:colcon.colcon_core.shell:create_environment_hook('kiss_icp', 'cmake_prefix_path')
[1.330s] INFO:colcon.colcon_core.shell:Creating environment hook '/home/ph/treasure/dockerBENCH/helios16p_ws/install/kiss_icp/share/kiss_icp/hook/cmake_prefix_path.ps1'
[1.330s] INFO:colcon.colcon_core.shell:Creating environment descriptor '/home/ph/treasure/dockerBENCH/helios16p_ws/install/kiss_icp/share/kiss_icp/hook/cmake_prefix_path.dsv'
[1.331s] INFO:colcon.colcon_core.shell:Creating environment hook '/home/ph/treasure/dockerBENCH/helios16p_ws/install/kiss_icp/share/kiss_icp/hook/cmake_prefix_path.sh'
[1.332s] Level 1:colcon.colcon_core.environment:checking '/home/ph/treasure/dockerBENCH/helios16p_ws/install/kiss_icp/lib'
[1.332s] Level 1:colcon.colcon_core.shell:create_environment_hook('kiss_icp', 'ld_library_path_lib')
[1.332s] INFO:colcon.colcon_core.shell:Creating environment hook '/home/ph/treasure/dockerBENCH/helios16p_ws/install/kiss_icp/share/kiss_icp/hook/ld_library_path_lib.ps1'
[1.333s] INFO:colcon.colcon_core.shell:Creating environment descriptor '/home/ph/treasure/dockerBENCH/helios16p_ws/install/kiss_icp/share/kiss_icp/hook/ld_library_path_lib.dsv'
[1.334s] INFO:colcon.colcon_core.shell:Creating environment hook '/home/ph/treasure/dockerBENCH/helios16p_ws/install/kiss_icp/share/kiss_icp/hook/ld_library_path_lib.sh'
[1.334s] Level 1:colcon.colcon_core.environment:checking '/home/ph/treasure/dockerBENCH/helios16p_ws/install/kiss_icp/bin'
[1.335s] Level 1:colcon.colcon_core.environment:checking '/home/ph/treasure/dockerBENCH/helios16p_ws/install/kiss_icp/lib/pkgconfig/kiss_icp.pc'
[1.335s] Level 1:colcon.colcon_core.environment:checking '/home/ph/treasure/dockerBENCH/helios16p_ws/install/kiss_icp/lib/python3.10/site-packages'
[1.335s] Level 1:colcon.colcon_core.environment:checking '/home/ph/treasure/dockerBENCH/helios16p_ws/install/kiss_icp/bin'
[1.336s] INFO:colcon.colcon_core.shell:Creating package script '/home/ph/treasure/dockerBENCH/helios16p_ws/install/kiss_icp/share/kiss_icp/package.ps1'
[1.337s] INFO:colcon.colcon_core.shell:Creating package descriptor '/home/ph/treasure/dockerBENCH/helios16p_ws/install/kiss_icp/share/kiss_icp/package.dsv'
[1.337s] INFO:colcon.colcon_core.shell:Creating package script '/home/ph/treasure/dockerBENCH/helios16p_ws/install/kiss_icp/share/kiss_icp/package.sh'
[1.338s] INFO:colcon.colcon_core.shell:Creating package script '/home/ph/treasure/dockerBENCH/helios16p_ws/install/kiss_icp/share/kiss_icp/package.bash'
[1.339s] INFO:colcon.colcon_core.shell:Creating package script '/home/ph/treasure/dockerBENCH/helios16p_ws/install/kiss_icp/share/kiss_icp/package.zsh'
[1.339s] Level 1:colcon.colcon_core.environment:create_file_with_runtime_dependencies(/home/ph/treasure/dockerBENCH/helios16p_ws/install/kiss_icp/share/colcon-core/packages/kiss_icp)
[1.341s] Level 1:colcon.colcon_core.environment:create_environment_scripts_only(kiss_icp)
[1.342s] Level 1:colcon.colcon_core.environment:checking '/home/ph/treasure/dockerBENCH/helios16p_ws/install/kiss_icp' for CMake module files
[1.342s] Level 1:colcon.colcon_core.environment:checking '/home/ph/treasure/dockerBENCH/helios16p_ws/install/kiss_icp' for CMake config files
[1.343s] Level 1:colcon.colcon_core.shell:create_environment_hook('kiss_icp', 'cmake_prefix_path')
[1.343s] INFO:colcon.colcon_core.shell:Creating environment hook '/home/ph/treasure/dockerBENCH/helios16p_ws/install/kiss_icp/share/kiss_icp/hook/cmake_prefix_path.ps1'
[1.344s] INFO:colcon.colcon_core.shell:Creating environment descriptor '/home/ph/treasure/dockerBENCH/helios16p_ws/install/kiss_icp/share/kiss_icp/hook/cmake_prefix_path.dsv'
[1.345s] INFO:colcon.colcon_core.shell:Creating environment hook '/home/ph/treasure/dockerBENCH/helios16p_ws/install/kiss_icp/share/kiss_icp/hook/cmake_prefix_path.sh'
[1.346s] Level 1:colcon.colcon_core.environment:checking '/home/ph/treasure/dockerBENCH/helios16p_ws/install/kiss_icp/lib'
[1.346s] Level 1:colcon.colcon_core.shell:create_environment_hook('kiss_icp', 'ld_library_path_lib')
[1.347s] INFO:colcon.colcon_core.shell:Creating environment hook '/home/ph/treasure/dockerBENCH/helios16p_ws/install/kiss_icp/share/kiss_icp/hook/ld_library_path_lib.ps1'
[1.348s] INFO:colcon.colcon_core.shell:Creating environment descriptor '/home/ph/treasure/dockerBENCH/helios16p_ws/install/kiss_icp/share/kiss_icp/hook/ld_library_path_lib.dsv'
[1.349s] INFO:colcon.colcon_core.shell:Creating environment hook '/home/ph/treasure/dockerBENCH/helios16p_ws/install/kiss_icp/share/kiss_icp/hook/ld_library_path_lib.sh'
[1.350s] Level 1:colcon.colcon_core.environment:checking '/home/ph/treasure/dockerBENCH/helios16p_ws/install/kiss_icp/bin'
[1.350s] Level 1:colcon.colcon_core.environment:checking '/home/ph/treasure/dockerBENCH/helios16p_ws/install/kiss_icp/lib/pkgconfig/kiss_icp.pc'
[1.351s] Level 1:colcon.colcon_core.environment:checking '/home/ph/treasure/dockerBENCH/helios16p_ws/install/kiss_icp/lib/python3.10/site-packages'
[1.352s] Level 1:colcon.colcon_core.environment:checking '/home/ph/treasure/dockerBENCH/helios16p_ws/install/kiss_icp/bin'
[1.353s] INFO:colcon.colcon_core.shell:Creating package script '/home/ph/treasure/dockerBENCH/helios16p_ws/install/kiss_icp/share/kiss_icp/package.ps1'
[1.354s] INFO:colcon.colcon_core.shell:Creating package descriptor '/home/ph/treasure/dockerBENCH/helios16p_ws/install/kiss_icp/share/kiss_icp/package.dsv'
[1.356s] INFO:colcon.colcon_core.shell:Creating package script '/home/ph/treasure/dockerBENCH/helios16p_ws/install/kiss_icp/share/kiss_icp/package.sh'
[1.357s] INFO:colcon.colcon_core.shell:Creating package script '/home/ph/treasure/dockerBENCH/helios16p_ws/install/kiss_icp/share/kiss_icp/package.bash'
[1.360s] INFO:colcon.colcon_core.shell:Creating package script '/home/ph/treasure/dockerBENCH/helios16p_ws/install/kiss_icp/share/kiss_icp/package.zsh'
[1.363s] Level 1:colcon.colcon_core.environment:create_file_with_runtime_dependencies(/home/ph/treasure/dockerBENCH/helios16p_ws/install/kiss_icp/share/colcon-core/packages/kiss_icp)
[1.398s] Level 1:colcon.colcon_core.environment:create_environment_scripts_only(rslidar_msg)
[1.398s] Level 1:colcon.colcon_core.environment:checking '/home/ph/treasure/dockerBENCH/helios16p_ws/install/rslidar_msg' for CMake module files
[1.404s] Level 1:colcon.colcon_core.environment:checking '/home/ph/treasure/dockerBENCH/helios16p_ws/install/rslidar_msg' for CMake config files
[1.408s] Level 1:colcon.colcon_core.shell:create_environment_hook('rslidar_msg', 'cmake_prefix_path')
[1.409s] INFO:colcon.colcon_core.shell:Creating environment hook '/home/ph/treasure/dockerBENCH/helios16p_ws/install/rslidar_msg/share/rslidar_msg/hook/cmake_prefix_path.ps1'
[1.411s] INFO:colcon.colcon_core.shell:Creating environment descriptor '/home/ph/treasure/dockerBENCH/helios16p_ws/install/rslidar_msg/share/rslidar_msg/hook/cmake_prefix_path.dsv'
[1.413s] INFO:colcon.colcon_core.shell:Creating environment hook '/home/ph/treasure/dockerBENCH/helios16p_ws/install/rslidar_msg/share/rslidar_msg/hook/cmake_prefix_path.sh'
[1.417s] Level 1:colcon.colcon_core.environment:checking '/home/ph/treasure/dockerBENCH/helios16p_ws/install/rslidar_msg/lib'
[1.418s] Level 1:colcon.colcon_core.shell:create_environment_hook('rslidar_msg', 'ld_library_path_lib')
[1.418s] INFO:colcon.colcon_core.shell:Creating environment hook '/home/ph/treasure/dockerBENCH/helios16p_ws/install/rslidar_msg/share/rslidar_msg/hook/ld_library_path_lib.ps1'
[1.421s] INFO:colcon.colcon_core.shell:Creating environment descriptor '/home/ph/treasure/dockerBENCH/helios16p_ws/install/rslidar_msg/share/rslidar_msg/hook/ld_library_path_lib.dsv'
[1.423s] INFO:colcon.colcon_core.shell:Creating environment hook '/home/ph/treasure/dockerBENCH/helios16p_ws/install/rslidar_msg/share/rslidar_msg/hook/ld_library_path_lib.sh'
[1.427s] Level 1:colcon.colcon_core.environment:checking '/home/ph/treasure/dockerBENCH/helios16p_ws/install/rslidar_msg/bin'
[1.427s] Level 1:colcon.colcon_core.environment:checking '/home/ph/treasure/dockerBENCH/helios16p_ws/install/rslidar_msg/lib/pkgconfig/rslidar_msg.pc'
[1.428s] Level 1:colcon.colcon_core.environment:checking '/home/ph/treasure/dockerBENCH/helios16p_ws/install/rslidar_msg/lib/python3.10/site-packages'
[1.429s] Level 1:colcon.colcon_core.environment:checking '/home/ph/treasure/dockerBENCH/helios16p_ws/install/rslidar_msg/bin'
[1.430s] INFO:colcon.colcon_core.shell:Creating package script '/home/ph/treasure/dockerBENCH/helios16p_ws/install/rslidar_msg/share/rslidar_msg/package.ps1'
[1.432s] INFO:colcon.colcon_core.shell:Creating package descriptor '/home/ph/treasure/dockerBENCH/helios16p_ws/install/rslidar_msg/share/rslidar_msg/package.dsv'
[1.435s] INFO:colcon.colcon_core.shell:Creating package script '/home/ph/treasure/dockerBENCH/helios16p_ws/install/rslidar_msg/share/rslidar_msg/package.sh'
[1.438s] INFO:colcon.colcon_core.shell:Creating package script '/home/ph/treasure/dockerBENCH/helios16p_ws/install/rslidar_msg/share/rslidar_msg/package.bash'
[1.440s] INFO:colcon.colcon_core.shell:Creating package script '/home/ph/treasure/dockerBENCH/helios16p_ws/install/rslidar_msg/share/rslidar_msg/package.zsh'
[1.442s] Level 1:colcon.colcon_core.environment:create_file_with_runtime_dependencies(/home/ph/treasure/dockerBENCH/helios16p_ws/install/rslidar_msg/share/colcon-core/packages/rslidar_msg)
[1.448s] Level 1:colcon.colcon_core.environment:create_environment_scripts_only(rslidar_msg)
[1.449s] Level 1:colcon.colcon_core.environment:checking '/home/ph/treasure/dockerBENCH/helios16p_ws/install/rslidar_msg' for CMake module files
[1.452s] Level 1:colcon.colcon_core.environment:checking '/home/ph/treasure/dockerBENCH/helios16p_ws/install/rslidar_msg' for CMake config files
[1.456s] Level 1:colcon.colcon_core.shell:create_environment_hook('rslidar_msg', 'cmake_prefix_path')
[1.457s] INFO:colcon.colcon_core.shell:Creating environment hook '/home/ph/treasure/dockerBENCH/helios16p_ws/install/rslidar_msg/share/rslidar_msg/hook/cmake_prefix_path.ps1'
[1.460s] INFO:colcon.colcon_core.shell:Creating environment descriptor '/home/ph/treasure/dockerBENCH/helios16p_ws/install/rslidar_msg/share/rslidar_msg/hook/cmake_prefix_path.dsv'
[1.462s] INFO:colcon.colcon_core.shell:Creating environment hook '/home/ph/treasure/dockerBENCH/helios16p_ws/install/rslidar_msg/share/rslidar_msg/hook/cmake_prefix_path.sh'
[1.465s] Level 1:colcon.colcon_core.environment:checking '/home/ph/treasure/dockerBENCH/helios16p_ws/install/rslidar_msg/lib'
[1.465s] Level 1:colcon.colcon_core.shell:create_environment_hook('rslidar_msg', 'ld_library_path_lib')
[1.466s] INFO:colcon.colcon_core.shell:Creating environment hook '/home/ph/treasure/dockerBENCH/helios16p_ws/install/rslidar_msg/share/rslidar_msg/hook/ld_library_path_lib.ps1'
[1.469s] INFO:colcon.colcon_core.shell:Creating environment descriptor '/home/ph/treasure/dockerBENCH/helios16p_ws/install/rslidar_msg/share/rslidar_msg/hook/ld_library_path_lib.dsv'
[1.472s] INFO:colcon.colcon_core.shell:Creating environment hook '/home/ph/treasure/dockerBENCH/helios16p_ws/install/rslidar_msg/share/rslidar_msg/hook/ld_library_path_lib.sh'
[1.474s] Level 1:colcon.colcon_core.environment:checking '/home/ph/treasure/dockerBENCH/helios16p_ws/install/rslidar_msg/bin'
[1.475s] Level 1:colcon.colcon_core.environment:checking '/home/ph/treasure/dockerBENCH/helios16p_ws/install/rslidar_msg/lib/pkgconfig/rslidar_msg.pc'
[1.475s] Level 1:colcon.colcon_core.environment:checking '/home/ph/treasure/dockerBENCH/helios16p_ws/install/rslidar_msg/lib/python3.10/site-packages'
[1.476s] Level 1:colcon.colcon_core.environment:checking '/home/ph/treasure/dockerBENCH/helios16p_ws/install/rslidar_msg/bin'
[1.477s] INFO:colcon.colcon_core.shell:Creating package script '/home/ph/treasure/dockerBENCH/helios16p_ws/install/rslidar_msg/share/rslidar_msg/package.ps1'
[1.479s] INFO:colcon.colcon_core.shell:Creating package descriptor '/home/ph/treasure/dockerBENCH/helios16p_ws/install/rslidar_msg/share/rslidar_msg/package.dsv'
[1.481s] INFO:colcon.colcon_core.shell:Creating package script '/home/ph/treasure/dockerBENCH/helios16p_ws/install/rslidar_msg/share/rslidar_msg/package.sh'
[1.485s] INFO:colcon.colcon_core.shell:Creating package script '/home/ph/treasure/dockerBENCH/helios16p_ws/install/rslidar_msg/share/rslidar_msg/package.bash'
[1.487s] INFO:colcon.colcon_core.shell:Creating package script '/home/ph/treasure/dockerBENCH/helios16p_ws/install/rslidar_msg/share/rslidar_msg/package.zsh'
[1.490s] Level 1:colcon.colcon_core.environment:create_file_with_runtime_dependencies(/home/ph/treasure/dockerBENCH/helios16p_ws/install/rslidar_msg/share/colcon-core/packages/rslidar_msg)
[1.492s] INFO:colcon.colcon_ros.task.ament_cmake.build:Building ROS package in '/home/ph/treasure/dockerBENCH/helios16p_ws/src/rslidar_sdk' with build type 'ament_cmake'
[1.492s] INFO:colcon.colcon_cmake.task.cmake.build:Building CMake package in '/home/ph/treasure/dockerBENCH/helios16p_ws/src/rslidar_sdk'
[1.493s] INFO:colcon.colcon_core.shell:Skip shell extension 'powershell' for command environment: Not usable outside of PowerShell
[1.493s] DEBUG:colcon.colcon_core.shell:Skip shell extension 'dsv' for command environment
[1.550s] Level 1:colcon.colcon_core.environment:create_environment_scripts_only(vicon_receiver)
[1.551s] Level 1:colcon.colcon_core.environment:checking '/home/ph/treasure/dockerBENCH/helios16p_ws/install/vicon_receiver' for CMake module files
[1.553s] Level 1:colcon.colcon_core.environment:checking '/home/ph/treasure/dockerBENCH/helios16p_ws/install/vicon_receiver' for CMake config files
[1.558s] Level 1:colcon.colcon_core.shell:create_environment_hook('vicon_receiver', 'cmake_prefix_path')
[1.559s] INFO:colcon.colcon_core.shell:Creating environment hook '/home/ph/treasure/dockerBENCH/helios16p_ws/install/vicon_receiver/share/vicon_receiver/hook/cmake_prefix_path.ps1'
[1.561s] INFO:colcon.colcon_core.shell:Creating environment descriptor '/home/ph/treasure/dockerBENCH/helios16p_ws/install/vicon_receiver/share/vicon_receiver/hook/cmake_prefix_path.dsv'
[1.564s] INFO:colcon.colcon_core.shell:Creating environment hook '/home/ph/treasure/dockerBENCH/helios16p_ws/install/vicon_receiver/share/vicon_receiver/hook/cmake_prefix_path.sh'
[1.567s] Level 1:colcon.colcon_core.environment:checking '/home/ph/treasure/dockerBENCH/helios16p_ws/install/vicon_receiver/lib'
[1.568s] Level 1:colcon.colcon_core.shell:create_environment_hook('vicon_receiver', 'ld_library_path_lib')
[1.569s] INFO:colcon.colcon_core.shell:Creating environment hook '/home/ph/treasure/dockerBENCH/helios16p_ws/install/vicon_receiver/share/vicon_receiver/hook/ld_library_path_lib.ps1'
[1.571s] INFO:colcon.colcon_core.shell:Creating environment descriptor '/home/ph/treasure/dockerBENCH/helios16p_ws/install/vicon_receiver/share/vicon_receiver/hook/ld_library_path_lib.dsv'
[1.574s] INFO:colcon.colcon_core.shell:Creating environment hook '/home/ph/treasure/dockerBENCH/helios16p_ws/install/vicon_receiver/share/vicon_receiver/hook/ld_library_path_lib.sh'
[1.576s] Level 1:colcon.colcon_core.environment:checking '/home/ph/treasure/dockerBENCH/helios16p_ws/install/vicon_receiver/bin'
[1.576s] Level 1:colcon.colcon_core.environment:checking '/home/ph/treasure/dockerBENCH/helios16p_ws/install/vicon_receiver/lib/pkgconfig/vicon_receiver.pc'
[1.577s] Level 1:colcon.colcon_core.environment:checking '/home/ph/treasure/dockerBENCH/helios16p_ws/install/vicon_receiver/lib/python3.10/site-packages'
[1.577s] Level 1:colcon.colcon_core.environment:checking '/home/ph/treasure/dockerBENCH/helios16p_ws/install/vicon_receiver/bin'
[1.578s] INFO:colcon.colcon_core.shell:Creating package script '/home/ph/treasure/dockerBENCH/helios16p_ws/install/vicon_receiver/share/vicon_receiver/package.ps1'
[1.580s] DEBUG:colcon.colcon_core.event_handler.log_command:Invoked command in '/home/ph/treasure/dockerBENCH/helios16p_ws/build/rslidar_msg' returned '0': CMAKE_PREFIX_PATH=${CMAKE_PREFIX_PATH}:/home/ph/treasure/dockerBENCH/helios16p_ws/install/helios16p_cane_robot:/opt/ros/humble PS1=(pvenv) \[\e]0;\u@\h: \w\a\]${debian_chroot:+($debian_chroot)}\u@\h:\w\$ VIRTUAL_ENV_PROMPT=(pvenv) /home/ph/.local/bin/cmake --install /home/ph/treasure/dockerBENCH/helios16p_ws/build/rslidar_msg
[1.581s] INFO:colcon.colcon_core.shell:Creating package descriptor '/home/ph/treasure/dockerBENCH/helios16p_ws/install/vicon_receiver/share/vicon_receiver/package.dsv'
[1.584s] INFO:colcon.colcon_core.shell:Creating package script '/home/ph/treasure/dockerBENCH/helios16p_ws/install/vicon_receiver/share/vicon_receiver/package.sh'
[1.586s] INFO:colcon.colcon_core.shell:Creating package script '/home/ph/treasure/dockerBENCH/helios16p_ws/install/vicon_receiver/share/vicon_receiver/package.bash'
[1.588s] INFO:colcon.colcon_core.shell:Creating package script '/home/ph/treasure/dockerBENCH/helios16p_ws/install/vicon_receiver/share/vicon_receiver/package.zsh'
[1.590s] Level 1:colcon.colcon_core.environment:create_file_with_runtime_dependencies(/home/ph/treasure/dockerBENCH/helios16p_ws/install/vicon_receiver/share/colcon-core/packages/vicon_receiver)
[1.597s] Level 1:colcon.colcon_core.environment:create_environment_scripts_only(vicon_receiver)
[1.598s] Level 1:colcon.colcon_core.environment:checking '/home/ph/treasure/dockerBENCH/helios16p_ws/install/vicon_receiver' for CMake module files
[1.605s] Level 1:colcon.colcon_core.environment:checking '/home/ph/treasure/dockerBENCH/helios16p_ws/install/vicon_receiver' for CMake config files
[1.607s] Level 1:colcon.colcon_core.shell:create_environment_hook('vicon_receiver', 'cmake_prefix_path')
[1.608s] INFO:colcon.colcon_core.shell:Creating environment hook '/home/ph/treasure/dockerBENCH/helios16p_ws/install/vicon_receiver/share/vicon_receiver/hook/cmake_prefix_path.ps1'
[1.609s] INFO:colcon.colcon_core.shell:Creating environment descriptor '/home/ph/treasure/dockerBENCH/helios16p_ws/install/vicon_receiver/share/vicon_receiver/hook/cmake_prefix_path.dsv'
[1.611s] INFO:colcon.colcon_core.shell:Creating environment hook '/home/ph/treasure/dockerBENCH/helios16p_ws/install/vicon_receiver/share/vicon_receiver/hook/cmake_prefix_path.sh'
[1.615s] Level 1:colcon.colcon_core.environment:checking '/home/ph/treasure/dockerBENCH/helios16p_ws/install/vicon_receiver/lib'
[1.616s] Level 1:colcon.colcon_core.shell:create_environment_hook('vicon_receiver', 'ld_library_path_lib')
[1.617s] INFO:colcon.colcon_core.shell:Creating environment hook '/home/ph/treasure/dockerBENCH/helios16p_ws/install/vicon_receiver/share/vicon_receiver/hook/ld_library_path_lib.ps1'
[1.619s] INFO:colcon.colcon_core.shell:Creating environment descriptor '/home/ph/treasure/dockerBENCH/helios16p_ws/install/vicon_receiver/share/vicon_receiver/hook/ld_library_path_lib.dsv'
[1.623s] INFO:colcon.colcon_core.shell:Creating environment hook '/home/ph/treasure/dockerBENCH/helios16p_ws/install/vicon_receiver/share/vicon_receiver/hook/ld_library_path_lib.sh'
[1.626s] Level 1:colcon.colcon_core.environment:checking '/home/ph/treasure/dockerBENCH/helios16p_ws/install/vicon_receiver/bin'
[1.627s] Level 1:colcon.colcon_core.environment:checking '/home/ph/treasure/dockerBENCH/helios16p_ws/install/vicon_receiver/lib/pkgconfig/vicon_receiver.pc'
[1.628s] Level 1:colcon.colcon_core.environment:checking '/home/ph/treasure/dockerBENCH/helios16p_ws/install/vicon_receiver/lib/python3.10/site-packages'
[1.629s] Level 1:colcon.colcon_core.environment:checking '/home/ph/treasure/dockerBENCH/helios16p_ws/install/vicon_receiver/bin'
[1.631s] INFO:colcon.colcon_core.shell:Creating package script '/home/ph/treasure/dockerBENCH/helios16p_ws/install/vicon_receiver/share/vicon_receiver/package.ps1'
[1.634s] INFO:colcon.colcon_core.shell:Creating package descriptor '/home/ph/treasure/dockerBENCH/helios16p_ws/install/vicon_receiver/share/vicon_receiver/package.dsv'
[1.637s] INFO:colcon.colcon_core.shell:Creating package script '/home/ph/treasure/dockerBENCH/helios16p_ws/install/vicon_receiver/share/vicon_receiver/package.sh'
[1.639s] INFO:colcon.colcon_core.shell:Creating package script '/home/ph/treasure/dockerBENCH/helios16p_ws/install/vicon_receiver/share/vicon_receiver/package.bash'
[1.643s] INFO:colcon.colcon_core.shell:Creating package script '/home/ph/treasure/dockerBENCH/helios16p_ws/install/vicon_receiver/share/vicon_receiver/package.zsh'
[1.647s] Level 1:colcon.colcon_core.environment:create_file_with_runtime_dependencies(/home/ph/treasure/dockerBENCH/helios16p_ws/install/vicon_receiver/share/colcon-core/packages/vicon_receiver)
[1.887s] Level 1:colcon.colcon_core.environment:create_environment_scripts_only(rslidar_sdk)
[1.888s] Level 1:colcon.colcon_core.environment:checking '/home/ph/treasure/dockerBENCH/helios16p_ws/install/rslidar_sdk' for CMake module files
[1.897s] Level 1:colcon.colcon_core.environment:checking '/home/ph/treasure/dockerBENCH/helios16p_ws/install/rslidar_sdk' for CMake config files
[1.902s] Level 1:colcon.colcon_core.shell:create_environment_hook('rslidar_sdk', 'cmake_prefix_path')
[1.903s] INFO:colcon.colcon_core.shell:Creating environment hook '/home/ph/treasure/dockerBENCH/helios16p_ws/install/rslidar_sdk/share/rslidar_sdk/hook/cmake_prefix_path.ps1'
[1.904s] INFO:colcon.colcon_core.shell:Creating environment descriptor '/home/ph/treasure/dockerBENCH/helios16p_ws/install/rslidar_sdk/share/rslidar_sdk/hook/cmake_prefix_path.dsv'
[1.907s] INFO:colcon.colcon_core.shell:Creating environment hook '/home/ph/treasure/dockerBENCH/helios16p_ws/install/rslidar_sdk/share/rslidar_sdk/hook/cmake_prefix_path.sh'
[1.909s] Level 1:colcon.colcon_core.environment:checking '/home/ph/treasure/dockerBENCH/helios16p_ws/install/rslidar_sdk/lib'
[1.910s] Level 1:colcon.colcon_core.environment:checking '/home/ph/treasure/dockerBENCH/helios16p_ws/install/rslidar_sdk/bin'
[1.910s] Level 1:colcon.colcon_core.environment:checking '/home/ph/treasure/dockerBENCH/helios16p_ws/install/rslidar_sdk/lib/pkgconfig/rslidar_sdk.pc'
[1.911s] Level 1:colcon.colcon_core.environment:checking '/home/ph/treasure/dockerBENCH/helios16p_ws/install/rslidar_sdk/lib/python3.10/site-packages'
[1.911s] Level 1:colcon.colcon_core.environment:checking '/home/ph/treasure/dockerBENCH/helios16p_ws/install/rslidar_sdk/bin'
[1.912s] INFO:colcon.colcon_core.shell:Creating package script '/home/ph/treasure/dockerBENCH/helios16p_ws/install/rslidar_sdk/share/rslidar_sdk/package.ps1'
[1.916s] INFO:colcon.colcon_core.shell:Creating package descriptor '/home/ph/treasure/dockerBENCH/helios16p_ws/install/rslidar_sdk/share/rslidar_sdk/package.dsv'
[1.919s] INFO:colcon.colcon_core.shell:Creating package script '/home/ph/treasure/dockerBENCH/helios16p_ws/install/rslidar_sdk/share/rslidar_sdk/package.sh'
[1.922s] INFO:colcon.colcon_core.shell:Creating package script '/home/ph/treasure/dockerBENCH/helios16p_ws/install/rslidar_sdk/share/rslidar_sdk/package.bash'
[1.924s] INFO:colcon.colcon_core.shell:Creating package script '/home/ph/treasure/dockerBENCH/helios16p_ws/install/rslidar_sdk/share/rslidar_sdk/package.zsh'
[1.928s] Level 1:colcon.colcon_core.environment:create_file_with_runtime_dependencies(/home/ph/treasure/dockerBENCH/helios16p_ws/install/rslidar_sdk/share/colcon-core/packages/rslidar_sdk)
[1.936s] Level 1:colcon.colcon_core.environment:create_environment_scripts_only(rslidar_sdk)
[1.936s] Level 1:colcon.colcon_core.environment:checking '/home/ph/treasure/dockerBENCH/helios16p_ws/install/rslidar_sdk' for CMake module files
[1.942s] Level 1:colcon.colcon_core.environment:checking '/home/ph/treasure/dockerBENCH/helios16p_ws/install/rslidar_sdk' for CMake config files
[1.947s] Level 1:colcon.colcon_core.shell:create_environment_hook('rslidar_sdk', 'cmake_prefix_path')
[1.947s] INFO:colcon.colcon_core.shell:Creating environment hook '/home/ph/treasure/dockerBENCH/helios16p_ws/install/rslidar_sdk/share/rslidar_sdk/hook/cmake_prefix_path.ps1'
[1.949s] INFO:colcon.colcon_core.shell:Creating environment descriptor '/home/ph/treasure/dockerBENCH/helios16p_ws/install/rslidar_sdk/share/rslidar_sdk/hook/cmake_prefix_path.dsv'
[1.952s] INFO:colcon.colcon_core.shell:Creating environment hook '/home/ph/treasure/dockerBENCH/helios16p_ws/install/rslidar_sdk/share/rslidar_sdk/hook/cmake_prefix_path.sh'
[1.955s] Level 1:colcon.colcon_core.environment:checking '/home/ph/treasure/dockerBENCH/helios16p_ws/install/rslidar_sdk/lib'
[1.956s] Level 1:colcon.colcon_core.environment:checking '/home/ph/treasure/dockerBENCH/helios16p_ws/install/rslidar_sdk/bin'
[1.956s] Level 1:colcon.colcon_core.environment:checking '/home/ph/treasure/dockerBENCH/helios16p_ws/install/rslidar_sdk/lib/pkgconfig/rslidar_sdk.pc'
[1.957s] Level 1:colcon.colcon_core.environment:checking '/home/ph/treasure/dockerBENCH/helios16p_ws/install/rslidar_sdk/lib/python3.10/site-packages'
[1.957s] Level 1:colcon.colcon_core.environment:checking '/home/ph/treasure/dockerBENCH/helios16p_ws/install/rslidar_sdk/bin'
[1.958s] INFO:colcon.colcon_core.shell:Creating package script '/home/ph/treasure/dockerBENCH/helios16p_ws/install/rslidar_sdk/share/rslidar_sdk/package.ps1'
[1.960s] INFO:colcon.colcon_core.shell:Creating package descriptor '/home/ph/treasure/dockerBENCH/helios16p_ws/install/rslidar_sdk/share/rslidar_sdk/package.dsv'
[1.962s] INFO:colcon.colcon_core.shell:Creating package script '/home/ph/treasure/dockerBENCH/helios16p_ws/install/rslidar_sdk/share/rslidar_sdk/package.sh'
[1.964s] INFO:colcon.colcon_core.shell:Creating package script '/home/ph/treasure/dockerBENCH/helios16p_ws/install/rslidar_sdk/share/rslidar_sdk/package.bash'
[1.966s] INFO:colcon.colcon_core.shell:Creating package script '/home/ph/treasure/dockerBENCH/helios16p_ws/install/rslidar_sdk/share/rslidar_sdk/package.zsh'
[1.970s] Level 1:colcon.colcon_core.environment:create_file_with_runtime_dependencies(/home/ph/treasure/dockerBENCH/helios16p_ws/install/rslidar_sdk/share/colcon-core/packages/rslidar_sdk)
[1.994s] DEBUG:colcon.colcon_core.event_handler.log_command:Invoking command in '/home/ph/treasure/dockerBENCH/helios16p_ws/build/rslidar_sdk': CMAKE_PREFIX_PATH=/home/ph/treasure/dockerBENCH/helios16p_ws/install/rslidar_msg:/home/ph/treasure/dockerBENCH/helios16p_ws/install/vicon_receiver:/home/ph/treasure/dockerBENCH/helios16p_ws/install/rslidar_sdk:/home/ph/treasure/dockerBENCH/helios16p_ws/install/kiss_icp:/home/ph/treasure/dockerBENCH/helios16p_ws/install/go1_description:/home/ph/treasure/dockerBENCH/helios16p_ws/install/helios16p_cane_robot:/opt/ros/humble LD_LIBRARY_PATH=/home/ph/treasure/dockerBENCH/helios16p_ws/install/rslidar_msg/lib:/home/ph/treasure/dockerBENCH/helios16p_ws/install/vicon_receiver/lib:/home/ph/treasure/dockerBENCH/helios16p_ws/install/kiss_icp/lib:/opt/ros/humble/opt/rviz_ogre_vendor/lib:/opt/ros/humble/lib/x86_64-linux-gnu:/opt/ros/humble/lib PS1=(pvenv) \[\e]0;\u@\h: \w\a\]${debian_chroot:+($debian_chroot)}\u@\h:\w\$ VIRTUAL_ENV_PROMPT=(pvenv) /home/ph/.local/bin/cmake --build /home/ph/treasure/dockerBENCH/helios16p_ws/build/rslidar_sdk -- -j8 -l8
[1.999s] DEBUG:colcon.colcon_core.event_handler.log_command:Invoked command in '/home/ph/treasure/dockerBENCH/helios16p_ws/build/vicon_receiver' returned '0': CMAKE_PREFIX_PATH=${CMAKE_PREFIX_PATH}:/home/ph/treasure/dockerBENCH/helios16p_ws/install/helios16p_cane_robot:/opt/ros/humble PS1=(pvenv) \[\e]0;\u@\h: \w\a\]${debian_chroot:+($debian_chroot)}\u@\h:\w\$ VIRTUAL_ENV_PROMPT=(pvenv) /home/ph/.local/bin/cmake --install /home/ph/treasure/dockerBENCH/helios16p_ws/build/vicon_receiver
[2.001s] DEBUG:colcon.colcon_core.event_handler.log_command:Invoking command in '/home/ph/treasure/dockerBENCH/helios16p_ws/src/helios16p_cane_robot': PS1=(pvenv) \[\e]0;\u@\h: \w\a\]${debian_chroot:+($debian_chroot)}\u@\h:\w\$ PYTHONPATH=/home/ph/treasure/dockerBENCH/helios16p_ws/build/helios16p_cane_robot/prefix_override:/usr/lib/python3/dist-packages/colcon_core/task/python/colcon_distutils_commands:/home/ph/treasure/dockerBENCH/helios16p_ws/install/helios16p_cane_robot/lib/python3.10/site-packages:${PYTHONPATH} VIRTUAL_ENV_PROMPT=(pvenv) /usr/bin/python3 -W ignore:setup.py install is deprecated -W ignore:easy_install command is deprecated setup.py egg_info --egg-base ../../build/helios16p_cane_robot build --build-base /home/ph/treasure/dockerBENCH/helios16p_ws/build/helios16p_cane_robot/build install --record /home/ph/treasure/dockerBENCH/helios16p_ws/build/helios16p_cane_robot/install.log --single-version-externally-managed install_data
[2.002s] DEBUG:colcon.colcon_core.event_handler.log_command:Invoked command in '/home/ph/treasure/dockerBENCH/helios16p_ws/build/rslidar_sdk' returned '0': CMAKE_PREFIX_PATH=/home/ph/treasure/dockerBENCH/helios16p_ws/install/rslidar_msg:/home/ph/treasure/dockerBENCH/helios16p_ws/install/vicon_receiver:/home/ph/treasure/dockerBENCH/helios16p_ws/install/rslidar_sdk:/home/ph/treasure/dockerBENCH/helios16p_ws/install/kiss_icp:/home/ph/treasure/dockerBENCH/helios16p_ws/install/go1_description:/home/ph/treasure/dockerBENCH/helios16p_ws/install/helios16p_cane_robot:/opt/ros/humble LD_LIBRARY_PATH=/home/ph/treasure/dockerBENCH/helios16p_ws/install/rslidar_msg/lib:/home/ph/treasure/dockerBENCH/helios16p_ws/install/vicon_receiver/lib:/home/ph/treasure/dockerBENCH/helios16p_ws/install/kiss_icp/lib:/opt/ros/humble/opt/rviz_ogre_vendor/lib:/opt/ros/humble/lib/x86_64-linux-gnu:/opt/ros/humble/lib PS1=(pvenv) \[\e]0;\u@\h: \w\a\]${debian_chroot:+($debian_chroot)}\u@\h:\w\$ VIRTUAL_ENV_PROMPT=(pvenv) /home/ph/.local/bin/cmake --build /home/ph/treasure/dockerBENCH/helios16p_ws/build/rslidar_sdk -- -j8 -l8
[2.002s] DEBUG:colcon.colcon_core.event_handler.log_command:Invoking command in '/home/ph/treasure/dockerBENCH/helios16p_ws/build/rslidar_sdk': CMAKE_PREFIX_PATH=/home/ph/treasure/dockerBENCH/helios16p_ws/install/rslidar_msg:/home/ph/treasure/dockerBENCH/helios16p_ws/install/vicon_receiver:/home/ph/treasure/dockerBENCH/helios16p_ws/install/rslidar_sdk:/home/ph/treasure/dockerBENCH/helios16p_ws/install/kiss_icp:/home/ph/treasure/dockerBENCH/helios16p_ws/install/go1_description:/home/ph/treasure/dockerBENCH/helios16p_ws/install/helios16p_cane_robot:/opt/ros/humble LD_LIBRARY_PATH=/home/ph/treasure/dockerBENCH/helios16p_ws/install/rslidar_msg/lib:/home/ph/treasure/dockerBENCH/helios16p_ws/install/vicon_receiver/lib:/home/ph/treasure/dockerBENCH/helios16p_ws/install/kiss_icp/lib:/opt/ros/humble/opt/rviz_ogre_vendor/lib:/opt/ros/humble/lib/x86_64-linux-gnu:/opt/ros/humble/lib PS1=(pvenv) \[\e]0;\u@\h: \w\a\]${debian_chroot:+($debian_chroot)}\u@\h:\w\$ VIRTUAL_ENV_PROMPT=(pvenv) /home/ph/.local/bin/cmake --install /home/ph/treasure/dockerBENCH/helios16p_ws/build/rslidar_sdk
[2.005s] DEBUG:colcon.colcon_core.event_handler.log_command:Invoked command in '/home/ph/treasure/dockerBENCH/helios16p_ws/build/rslidar_sdk' returned '0': CMAKE_PREFIX_PATH=/home/ph/treasure/dockerBENCH/helios16p_ws/install/rslidar_msg:/home/ph/treasure/dockerBENCH/helios16p_ws/install/vicon_receiver:/home/ph/treasure/dockerBENCH/helios16p_ws/install/rslidar_sdk:/home/ph/treasure/dockerBENCH/helios16p_ws/install/kiss_icp:/home/ph/treasure/dockerBENCH/helios16p_ws/install/go1_description:/home/ph/treasure/dockerBENCH/helios16p_ws/install/helios16p_cane_robot:/opt/ros/humble LD_LIBRARY_PATH=/home/ph/treasure/dockerBENCH/helios16p_ws/install/rslidar_msg/lib:/home/ph/treasure/dockerBENCH/helios16p_ws/install/vicon_receiver/lib:/home/ph/treasure/dockerBENCH/helios16p_ws/install/kiss_icp/lib:/opt/ros/humble/opt/rviz_ogre_vendor/lib:/opt/ros/humble/lib/x86_64-linux-gnu:/opt/ros/humble/lib PS1=(pvenv) \[\e]0;\u@\h: \w\a\]${debian_chroot:+($debian_chroot)}\u@\h:\w\$ VIRTUAL_ENV_PROMPT=(pvenv) /home/ph/.local/bin/cmake --install /home/ph/treasure/dockerBENCH/helios16p_ws/build/rslidar_sdk
[2.144s] Level 1:colcon.colcon_core.environment:checking '/home/ph/treasure/dockerBENCH/helios16p_ws/install/helios16p_cane_robot' for CMake module files
[2.145s] DEBUG:colcon.colcon_core.event_handler.log_command:Invoked command in '/home/ph/treasure/dockerBENCH/helios16p_ws/src/helios16p_cane_robot' returned '0': PS1=(pvenv) \[\e]0;\u@\h: \w\a\]${debian_chroot:+($debian_chroot)}\u@\h:\w\$ PYTHONPATH=/home/ph/treasure/dockerBENCH/helios16p_ws/build/helios16p_cane_robot/prefix_override:/usr/lib/python3/dist-packages/colcon_core/task/python/colcon_distutils_commands:/home/ph/treasure/dockerBENCH/helios16p_ws/install/helios16p_cane_robot/lib/python3.10/site-packages:${PYTHONPATH} VIRTUAL_ENV_PROMPT=(pvenv) /usr/bin/python3 -W ignore:setup.py install is deprecated -W ignore:easy_install command is deprecated setup.py egg_info --egg-base ../../build/helios16p_cane_robot build --build-base /home/ph/treasure/dockerBENCH/helios16p_ws/build/helios16p_cane_robot/build install --record /home/ph/treasure/dockerBENCH/helios16p_ws/build/helios16p_cane_robot/install.log --single-version-externally-managed install_data
[2.145s] Level 1:colcon.colcon_core.environment:checking '/home/ph/treasure/dockerBENCH/helios16p_ws/install/helios16p_cane_robot' for CMake config files
[2.146s] Level 1:colcon.colcon_core.environment:checking '/home/ph/treasure/dockerBENCH/helios16p_ws/install/helios16p_cane_robot/lib'
[2.146s] Level 1:colcon.colcon_core.environment:checking '/home/ph/treasure/dockerBENCH/helios16p_ws/install/helios16p_cane_robot/bin'
[2.146s] Level 1:colcon.colcon_core.environment:checking '/home/ph/treasure/dockerBENCH/helios16p_ws/install/helios16p_cane_robot/lib/pkgconfig/helios16p_cane_robot.pc'
[2.146s] Level 1:colcon.colcon_core.environment:checking '/home/ph/treasure/dockerBENCH/helios16p_ws/install/helios16p_cane_robot/lib/python3.10/site-packages'
[2.146s] Level 1:colcon.colcon_core.shell:create_environment_hook('helios16p_cane_robot', 'pythonpath')
[2.147s] INFO:colcon.colcon_core.shell:Creating environment hook '/home/ph/treasure/dockerBENCH/helios16p_ws/install/helios16p_cane_robot/share/helios16p_cane_robot/hook/pythonpath.ps1'
[2.147s] INFO:colcon.colcon_core.shell:Creating environment descriptor '/home/ph/treasure/dockerBENCH/helios16p_ws/install/helios16p_cane_robot/share/helios16p_cane_robot/hook/pythonpath.dsv'
[2.148s] INFO:colcon.colcon_core.shell:Creating environment hook '/home/ph/treasure/dockerBENCH/helios16p_ws/install/helios16p_cane_robot/share/helios16p_cane_robot/hook/pythonpath.sh'
[2.148s] Level 1:colcon.colcon_core.environment:checking '/home/ph/treasure/dockerBENCH/helios16p_ws/install/helios16p_cane_robot/bin'
[2.149s] Level 1:colcon.colcon_core.environment:create_environment_scripts_only(helios16p_cane_robot)
[2.149s] INFO:colcon.colcon_core.shell:Creating package script '/home/ph/treasure/dockerBENCH/helios16p_ws/install/helios16p_cane_robot/share/helios16p_cane_robot/package.ps1'
[2.150s] INFO:colcon.colcon_core.shell:Creating package descriptor '/home/ph/treasure/dockerBENCH/helios16p_ws/install/helios16p_cane_robot/share/helios16p_cane_robot/package.dsv'
[2.150s] INFO:colcon.colcon_core.shell:Creating package script '/home/ph/treasure/dockerBENCH/helios16p_ws/install/helios16p_cane_robot/share/helios16p_cane_robot/package.sh'
[2.151s] INFO:colcon.colcon_core.shell:Creating package script '/home/ph/treasure/dockerBENCH/helios16p_ws/install/helios16p_cane_robot/share/helios16p_cane_robot/package.bash'
[2.151s] INFO:colcon.colcon_core.shell:Creating package script '/home/ph/treasure/dockerBENCH/helios16p_ws/install/helios16p_cane_robot/share/helios16p_cane_robot/package.zsh'
[2.151s] Level 1:colcon.colcon_core.environment:create_file_with_runtime_dependencies(/home/ph/treasure/dockerBENCH/helios16p_ws/install/helios16p_cane_robot/share/colcon-core/packages/helios16p_cane_robot)
[2.152s] DEBUG:colcon.colcon_parallel_executor.executor.parallel:closing loop
[2.152s] DEBUG:colcon.colcon_parallel_executor.executor.parallel:loop closed
[2.152s] DEBUG:colcon.colcon_parallel_executor.executor.parallel:run_until_complete finished with '0'
[2.152s] DEBUG:colcon.colcon_core.event_reactor:joining thread
[2.168s] INFO:colcon.colcon_core.plugin_system:Skipping extension 'colcon_notification.desktop_notification.terminal_notifier': Not used on non-Darwin systems
[2.168s] INFO:colcon.colcon_core.plugin_system:Skipping extension 'colcon_notification.desktop_notification.win32': Not used on non-Windows systems
[2.168s] INFO:colcon.colcon_notification.desktop_notification:Sending desktop notification using 'notify2'
[2.172s] DEBUG:colcon.colcon_core.event_reactor:joined thread
[2.173s] INFO:colcon.colcon_core.shell:Creating prefix script '/home/ph/treasure/dockerBENCH/helios16p_ws/install/local_setup.ps1'
[2.176s] INFO:colcon.colcon_core.shell:Creating prefix util module '/home/ph/treasure/dockerBENCH/helios16p_ws/install/_local_setup_util_ps1.py'
[2.180s] INFO:colcon.colcon_core.shell:Creating prefix chain script '/home/ph/treasure/dockerBENCH/helios16p_ws/install/setup.ps1'
[2.183s] INFO:colcon.colcon_core.shell:Creating prefix script '/home/ph/treasure/dockerBENCH/helios16p_ws/install/local_setup.sh'
[2.185s] INFO:colcon.colcon_core.shell:Creating prefix util module '/home/ph/treasure/dockerBENCH/helios16p_ws/install/_local_setup_util_sh.py'
[2.187s] INFO:colcon.colcon_core.shell:Creating prefix chain script '/home/ph/treasure/dockerBENCH/helios16p_ws/install/setup.sh'
[2.190s] INFO:colcon.colcon_core.shell:Creating prefix script '/home/ph/treasure/dockerBENCH/helios16p_ws/install/local_setup.bash'
[2.192s] INFO:colcon.colcon_core.shell:Creating prefix chain script '/home/ph/treasure/dockerBENCH/helios16p_ws/install/setup.bash'
[2.195s] INFO:colcon.colcon_core.shell:Creating prefix script '/home/ph/treasure/dockerBENCH/helios16p_ws/install/local_setup.zsh'
[2.196s] INFO:colcon.colcon_core.shell:Creating prefix chain script '/home/ph/treasure/dockerBENCH/helios16p_ws/install/setup.zsh'
