[0.424s] Invoking command in '/home/ph/treasure/dockerBENCH/helios16p_ws/build/kiss_icp': CMAKE_PREFIX_PATH=/opt/ros/humble PS1=(pvenv) \[\e]0;\u@\h: \w\a\]${debian_chroot:+($debian_chroot)}\u@\h:\w\$ VIRTUAL_ENV_PROMPT=(pvenv) /home/ph/.local/bin/cmake /home/ph/treasure/dockerBENCH/helios16p_ws/src/kiss-icp/ros -DCMAKE_INSTALL_PREFIX=/home/ph/treasure/dockerBENCH/helios16p_ws/install/kiss_icp
[0.716s] -- The CXX compiler identification is GNU 11.4.0
[0.736s] -- Detecting CXX compiler ABI info
[0.883s] -- Detecting CXX compiler ABI info - done
[0.919s] -- Check for working CXX compiler: /usr/bin/c++ - skipped
[0.919s] -- Detecting CXX compile features
[0.921s] -- Detecting CXX compile features - done
[0.941s] [0mCMake Deprecation Warning at /home/ph/treasure/dockerBENCH/helios16p_ws/src/kiss-icp/cpp/kiss_icp/3rdparty/find_dependencies.cmake:25 (cmake_policy):
[0.941s]   The OLD behavior for policy CMP0135 will be removed from a future version
[0.941s]   of CMake.
[0.941s] 
[0.941s]   The cmake-policies(7) manual explains that the OLD behaviors of all
[0.942s]   policies are deprecated and that a policy should be set to OLD only under
[0.942s]   specific short-term circumstances.  Projects should be ported to the NEW
[0.942s]   behavior and not rely on setting a policy to OLD.
[0.942s] Call Stack (most recent call first):
[0.942s]   /home/ph/treasure/dockerBENCH/helios16p_ws/src/kiss-icp/cpp/kiss_icp/CMakeLists.txt:48 (include)
[0.942s] 
[0.942s] [0m
[2.107s] -- The C compiler identification is GNU 11.4.0
[2.123s] -- Detecting C compiler ABI info
[2.229s] -- Detecting C compiler ABI info - done
[2.255s] -- Check for working C compiler: /usr/bin/cc - skipped
[2.256s] -- Detecting C compile features
[2.257s] -- Detecting C compile features - done
[3.100s] [0mCMake Deprecation Warning at /home/ph/treasure/dockerBENCH/helios16p_ws/build/kiss_icp/_deps/tessil-src/CMakeLists.txt:1 (cmake_minimum_required):
[3.100s]   Compatibility with CMake < 3.10 will be removed from a future version of
[3.100s]   CMake.
[3.100s] 
[3.100s]   Update the VERSION argument <min> value.  Or, use the <min>...<max> syntax
[3.100s]   to tell CMake that the project requires at least <min> but has been updated
[3.101s]   to work with policies introduced by <max> or earlier.
[3.101s] 
[3.101s] [0m
[3.115s] -- Found ament_cmake: 1.3.12 (/opt/ros/humble/share/ament_cmake/cmake)
[3.387s] -- Found Python3: /usr/bin/python3 (found version "3.10.12") found components: Interpreter
[3.610s] -- Found geometry_msgs: 4.9.0 (/opt/ros/humble/share/geometry_msgs/cmake)
[3.770s] -- Found rosidl_generator_c: 3.1.8 (/opt/ros/humble/share/rosidl_generator_c/cmake)
[3.779s] -- Found rosidl_adapter: 3.1.8 (/opt/ros/humble/share/rosidl_adapter/cmake)
[3.801s] -- Found rosidl_generator_cpp: 3.1.8 (/opt/ros/humble/share/rosidl_generator_cpp/cmake)
[3.829s] -- Using all available rosidl_typesupport_c: rosidl_typesupport_fastrtps_c;rosidl_typesupport_introspection_c
[3.869s] -- Using all available rosidl_typesupport_cpp: rosidl_typesupport_fastrtps_cpp;rosidl_typesupport_introspection_cpp
[3.983s] -- Found nav_msgs: 4.9.0 (/opt/ros/humble/share/nav_msgs/cmake)
[4.039s] -- Found rclcpp: 16.0.17 (/opt/ros/humble/share/rclcpp/cmake)
[4.126s] -- Found rmw_implementation_cmake: 6.1.2 (/opt/ros/humble/share/rmw_implementation_cmake/cmake)
[4.132s] -- Found rmw_fastrtps_cpp: 6.2.9 (/opt/ros/humble/share/rmw_fastrtps_cpp/cmake)
[4.353s] -- Found OpenSSL: /usr/lib/x86_64-linux-gnu/libcrypto.so (found version "3.0.2")
[4.408s] -- Found FastRTPS: /opt/ros/humble/include
[4.480s] -- Using RMW implementation 'rmw_fastrtps_cpp' as default
[4.495s] -- Performing Test CMAKE_HAVE_LIBC_PTHREAD
[4.644s] -- Performing Test CMAKE_HAVE_LIBC_PTHREAD - Success
[4.647s] -- Found Threads: TRUE
[4.757s] -- Found rclcpp_components: 16.0.17 (/opt/ros/humble/share/rclcpp_components/cmake)
[4.840s] -- Found sensor_msgs: 4.9.0 (/opt/ros/humble/share/sensor_msgs/cmake)
[4.898s] -- Found tf2_ros: 0.25.18 (/opt/ros/humble/share/tf2_ros/cmake)
[5.129s] -- Found std_srvs: 4.9.0 (/opt/ros/humble/share/std_srvs/cmake)
[5.356s] -- Configuring done (4.8s)
[5.451s] -- Generating done (0.1s)
[5.591s] -- Build files have been written to: /home/ph/treasure/dockerBENCH/helios16p_ws/build/kiss_icp
[5.628s] Invoked command in '/home/ph/treasure/dockerBENCH/helios16p_ws/build/kiss_icp' returned '0': CMAKE_PREFIX_PATH=/opt/ros/humble PS1=(pvenv) \[\e]0;\u@\h: \w\a\]${debian_chroot:+($debian_chroot)}\u@\h:\w\$ VIRTUAL_ENV_PROMPT=(pvenv) /home/ph/.local/bin/cmake /home/ph/treasure/dockerBENCH/helios16p_ws/src/kiss-icp/ros -DCMAKE_INSTALL_PREFIX=/home/ph/treasure/dockerBENCH/helios16p_ws/install/kiss_icp
[5.633s] Invoking command in '/home/ph/treasure/dockerBENCH/helios16p_ws/build/kiss_icp': CMAKE_PREFIX_PATH=/opt/ros/humble PS1=(pvenv) \[\e]0;\u@\h: \w\a\]${debian_chroot:+($debian_chroot)}\u@\h:\w\$ VIRTUAL_ENV_PROMPT=(pvenv) /home/ph/.local/bin/cmake --build /home/ph/treasure/dockerBENCH/helios16p_ws/build/kiss_icp -- -j8 -l8
[5.853s] [ 14%] [32mBuilding CXX object kiss_icp/core/CMakeFiles/kiss_icp_core.dir/VoxelHashMap.cpp.o[0m
[5.853s] [ 14%] [32mBuilding CXX object CMakeFiles/kiss_icp_node.dir/rclcpp_components/node_main_kiss_icp_node.cpp.o[0m
[5.853s] [ 21%] [32mBuilding CXX object kiss_icp/core/CMakeFiles/kiss_icp_core.dir/Registration.cpp.o[0m
[5.853s] [ 28%] [32mBuilding CXX object kiss_icp/metrics/CMakeFiles/kiss_icp_metrics.dir/Metrics.cpp.o[0m
[5.853s] [ 35%] [32mBuilding CXX object kiss_icp/core/CMakeFiles/kiss_icp_core.dir/VoxelUtils.cpp.o[0m
[5.854s] [ 42%] [32mBuilding CXX object kiss_icp/core/CMakeFiles/kiss_icp_core.dir/Preprocessing.cpp.o[0m
[5.858s] [ 50%] [32mBuilding CXX object kiss_icp/core/CMakeFiles/kiss_icp_core.dir/Threshold.cpp.o[0m
[17.292s] [ 57%] [1m[32mLinking CXX executable kiss_icp_node[0m
[17.766s] [ 57%] Built target kiss_icp_node
[23.993s] [ 64%] [1m[32mLinking CXX static library libkiss_icp_core.a[0m
[24.168s] [ 64%] Built target kiss_icp_core
[24.196s] [ 71%] [32mBuilding CXX object kiss_icp/pipeline/CMakeFiles/kiss_icp_pipeline.dir/KissICP.cpp.o[0m
[27.830s] [ 78%] [1m[32mLinking CXX static library libkiss_icp_pipeline.a[0m
[27.860s] [ 78%] Built target kiss_icp_pipeline
[27.879s] [ 85%] [32mBuilding CXX object CMakeFiles/odometry_component.dir/src/OdometryServer.cpp.o[0m
[33.762s] [ 92%] [1m[32mLinking CXX static library libkiss_icp_metrics.a[0m
[33.795s] [ 92%] Built target kiss_icp_metrics
[56.977s] [100%] [1m[32mLinking CXX shared library libodometry_component.so[0m
[57.351s] [100%] Built target odometry_component
[57.363s] Invoked command in '/home/ph/treasure/dockerBENCH/helios16p_ws/build/kiss_icp' returned '0': CMAKE_PREFIX_PATH=/opt/ros/humble PS1=(pvenv) \[\e]0;\u@\h: \w\a\]${debian_chroot:+($debian_chroot)}\u@\h:\w\$ VIRTUAL_ENV_PROMPT=(pvenv) /home/ph/.local/bin/cmake --build /home/ph/treasure/dockerBENCH/helios16p_ws/build/kiss_icp -- -j8 -l8
[57.369s] Invoking command in '/home/ph/treasure/dockerBENCH/helios16p_ws/build/kiss_icp': CMAKE_PREFIX_PATH=/opt/ros/humble PS1=(pvenv) \[\e]0;\u@\h: \w\a\]${debian_chroot:+($debian_chroot)}\u@\h:\w\$ VIRTUAL_ENV_PROMPT=(pvenv) /home/ph/.local/bin/cmake --install /home/ph/treasure/dockerBENCH/helios16p_ws/build/kiss_icp
[57.499s] -- Install configuration: "Release"
[57.500s] -- Installing: /home/ph/treasure/dockerBENCH/helios16p_ws/install/kiss_icp/lib/kiss_icp/kiss_icp_node
[57.501s] -- Set non-toolchain portion of runtime path of "/home/ph/treasure/dockerBENCH/helios16p_ws/install/kiss_icp/lib/kiss_icp/kiss_icp_node" to ""
[57.501s] -- Installing: /home/ph/treasure/dockerBENCH/helios16p_ws/install/kiss_icp/lib/libodometry_component.so
[57.504s] -- Set non-toolchain portion of runtime path of "/home/ph/treasure/dockerBENCH/helios16p_ws/install/kiss_icp/lib/libodometry_component.so" to ""
[57.504s] -- Installing: /home/ph/treasure/dockerBENCH/helios16p_ws/install/kiss_icp/share/kiss_icp//launch
[57.505s] -- Installing: /home/ph/treasure/dockerBENCH/helios16p_ws/install/kiss_icp/share/kiss_icp//launch/odometry.launch.py
[57.505s] -- Installing: /home/ph/treasure/dockerBENCH/helios16p_ws/install/kiss_icp/share/kiss_icp//rviz
[57.505s] -- Installing: /home/ph/treasure/dockerBENCH/helios16p_ws/install/kiss_icp/share/kiss_icp//rviz/kiss_icp.rviz
[57.506s] -- Installing: /home/ph/treasure/dockerBENCH/helios16p_ws/install/kiss_icp/share/kiss_icp//config
[57.506s] -- Installing: /home/ph/treasure/dockerBENCH/helios16p_ws/install/kiss_icp/share/kiss_icp//config/config.yaml
[57.507s] -- Installing: /home/ph/treasure/dockerBENCH/helios16p_ws/install/kiss_icp/share/ament_index/resource_index/package_run_dependencies/kiss_icp
[57.508s] -- Installing: /home/ph/treasure/dockerBENCH/helios16p_ws/install/kiss_icp/share/ament_index/resource_index/parent_prefix_path/kiss_icp
[57.508s] -- Installing: /home/ph/treasure/dockerBENCH/helios16p_ws/install/kiss_icp/share/kiss_icp/environment/ament_prefix_path.sh
[57.508s] -- Installing: /home/ph/treasure/dockerBENCH/helios16p_ws/install/kiss_icp/share/kiss_icp/environment/ament_prefix_path.dsv
[57.508s] -- Installing: /home/ph/treasure/dockerBENCH/helios16p_ws/install/kiss_icp/share/kiss_icp/environment/path.sh
[57.509s] -- Installing: /home/ph/treasure/dockerBENCH/helios16p_ws/install/kiss_icp/share/kiss_icp/environment/path.dsv
[57.509s] -- Installing: /home/ph/treasure/dockerBENCH/helios16p_ws/install/kiss_icp/share/kiss_icp/local_setup.bash
[57.509s] -- Installing: /home/ph/treasure/dockerBENCH/helios16p_ws/install/kiss_icp/share/kiss_icp/local_setup.sh
[57.509s] -- Installing: /home/ph/treasure/dockerBENCH/helios16p_ws/install/kiss_icp/share/kiss_icp/local_setup.zsh
[57.509s] -- Installing: /home/ph/treasure/dockerBENCH/helios16p_ws/install/kiss_icp/share/kiss_icp/local_setup.dsv
[57.509s] -- Installing: /home/ph/treasure/dockerBENCH/helios16p_ws/install/kiss_icp/share/kiss_icp/package.dsv
[57.510s] -- Installing: /home/ph/treasure/dockerBENCH/helios16p_ws/install/kiss_icp/share/ament_index/resource_index/packages/kiss_icp
[57.510s] -- Installing: /home/ph/treasure/dockerBENCH/helios16p_ws/install/kiss_icp/share/ament_index/resource_index/rclcpp_components/kiss_icp
[57.510s] -- Installing: /home/ph/treasure/dockerBENCH/helios16p_ws/install/kiss_icp/share/kiss_icp/cmake/kiss_icpConfig.cmake
[57.511s] -- Installing: /home/ph/treasure/dockerBENCH/helios16p_ws/install/kiss_icp/share/kiss_icp/cmake/kiss_icpConfig-version.cmake
[57.511s] -- Installing: /home/ph/treasure/dockerBENCH/helios16p_ws/install/kiss_icp/share/kiss_icp/package.xml
[57.515s] Invoked command in '/home/ph/treasure/dockerBENCH/helios16p_ws/build/kiss_icp' returned '0': CMAKE_PREFIX_PATH=/opt/ros/humble PS1=(pvenv) \[\e]0;\u@\h: \w\a\]${debian_chroot:+($debian_chroot)}\u@\h:\w\$ VIRTUAL_ENV_PROMPT=(pvenv) /home/ph/.local/bin/cmake --install /home/ph/treasure/dockerBENCH/helios16p_ws/build/kiss_icp
