[1.074s] Invoking command in '/home/admin/bench/lab/STAGING_helios16p_kiss_legged_bench_cyclone_container_files/helios16p_ws/build/pointcloud_to_laserscan': CMAKE_PREFIX_PATH=${CMAKE_PREFIX_PATH}:/home/admin/bench/lab/helios16p_ws/install/helios16p_cane_robot:/opt/ros/humble /usr/local/bin/cmake /home/admin/bench/lab/STAGING_helios16p_kiss_legged_bench_cyclone_container_files/helios16p_ws/src/pointcloud_to_laserscan -DCMAKE_INSTALL_PREFIX=/home/admin/bench/lab/STAGING_helios16p_kiss_legged_bench_cyclone_container_files/helios16p_ws/install/pointcloud_to_laserscan
[1.510s] [0mCMake Deprecation Warning at CMakeLists.txt:1 (cmake_minimum_required):
[1.511s]   Compatibility with CMake < 3.10 will be removed from a future version of
[1.511s]   CMake.
[1.512s] 
[1.512s]   Update the VERSION argument <min> value.  Or, use the <min>...<max> syntax
[1.512s]   to tell CMake that the project requires at least <min> but has been updated
[1.512s]   to work with policies introduced by <max> or earlier.
[1.513s] 
[1.513s] [0m
[1.739s] -- The C compiler identification is GNU 11.4.0
[2.063s] -- The CXX compiler identification is GNU 11.4.0
[2.094s] -- Detecting C compiler ABI info
[2.491s] -- Detecting C compiler ABI info - done
[2.550s] -- Check for working C compiler: /usr/bin/cc - skipped
[2.551s] -- Detecting C compile features
[2.553s] -- Detecting C compile features - done
[2.769s] -- Detecting CXX compiler ABI info
[3.122s] -- Detecting CXX compiler ABI info - done
[3.201s] -- Check for working CXX compiler: /usr/bin/c++ - skipped
[3.203s] -- Detecting CXX compile features
[3.204s] -- Detecting CXX compile features - done
[3.585s] -- Found ament_cmake: 1.3.13 (/opt/ros/humble/share/ament_cmake/cmake)
[4.240s] -- Found Python3: /usr/bin/python3 (found version "3.10.12") found components: Interpreter
[4.999s] -- Found laser_geometry: 2.4.1 (/opt/ros/humble/share/laser_geometry/cmake)
[5.496s] -- Found rosidl_generator_c: 3.1.7 (/opt/ros/humble/share/rosidl_generator_c/cmake)
[5.548s] -- Found rosidl_adapter: 3.1.7 (/opt/ros/humble/share/rosidl_adapter/cmake)
[5.630s] -- Found rosidl_generator_cpp: 3.1.7 (/opt/ros/humble/share/rosidl_generator_cpp/cmake)
[5.737s] -- Using all available rosidl_typesupport_c: rosidl_typesupport_fastrtps_c;rosidl_typesupport_introspection_c
[5.882s] -- Using all available rosidl_typesupport_cpp: rosidl_typesupport_fastrtps_cpp;rosidl_typesupport_introspection_cpp
[6.285s] -- Found rmw_implementation_cmake: 6.1.2 (/opt/ros/humble/share/rmw_implementation_cmake/cmake)
[6.313s] -- Found rmw_cyclonedds_cpp: 1.3.4 (/opt/ros/humble/share/rmw_cyclonedds_cpp/cmake)
[6.510s] -- Using RMW implementation 'rmw_cyclonedds_cpp' as default
[6.596s] -- Performing Test CMAKE_HAVE_LIBC_PTHREAD
[7.104s] -- Performing Test CMAKE_HAVE_LIBC_PTHREAD - Success
[7.107s] -- Found Threads: TRUE
[7.907s] -- Found message_filters: 4.3.11 (/opt/ros/humble/share/message_filters/cmake)
[7.947s] -- Found rclcpp_components: 16.0.15 (/opt/ros/humble/share/rclcpp_components/cmake)
[8.123s] -- Found tf2_ros: 0.25.16 (/opt/ros/humble/share/tf2_ros/cmake)
[8.576s] -- Found tf2_sensor_msgs: 0.25.16 (/opt/ros/humble/share/tf2_sensor_msgs/cmake)
[8.636s] -- Found ament_lint_auto: 0.12.14 (/opt/ros/humble/share/ament_lint_auto/cmake)
[9.621s] -- Added test 'cppcheck' to perform static code analysis on C / C++ code
[9.622s] -- Configured cppcheck include dirs: $<BUILD_INTERFACE:/home/admin/bench/lab/STAGING_helios16p_kiss_legged_bench_cyclone_container_files/helios16p_ws/src/pointcloud_to_laserscan/include>
[9.622s] -- Configured cppcheck exclude dirs and/or files: 
[9.633s] -- Added test 'cpplint' to check C / C++ code against the Google style
[9.633s] -- Configured cpplint exclude dirs and/or files: 
[9.639s] -- Added test 'flake8' to check Python code syntax and style conventions
[9.643s] -- Added test 'lint_cmake' to check CMake code style
[9.647s] -- Added test 'pep257' to check Python code against some of the docstring style conventions in PEP 257
[9.655s] -- Added test 'uncrustify' to check C / C++ code style
[9.655s] -- Configured uncrustify additional arguments: 
[9.659s] -- Added test 'xmllint' to check XML markup files
[9.669s] -- Configuring done (8.2s)
[9.742s] -- Generating done (0.1s)
[10.012s] -- Build files have been written to: /home/admin/bench/lab/STAGING_helios16p_kiss_legged_bench_cyclone_container_files/helios16p_ws/build/pointcloud_to_laserscan
[10.042s] Invoked command in '/home/admin/bench/lab/STAGING_helios16p_kiss_legged_bench_cyclone_container_files/helios16p_ws/build/pointcloud_to_laserscan' returned '0': CMAKE_PREFIX_PATH=${CMAKE_PREFIX_PATH}:/home/admin/bench/lab/helios16p_ws/install/helios16p_cane_robot:/opt/ros/humble /usr/local/bin/cmake /home/admin/bench/lab/STAGING_helios16p_kiss_legged_bench_cyclone_container_files/helios16p_ws/src/pointcloud_to_laserscan -DCMAKE_INSTALL_PREFIX=/home/admin/bench/lab/STAGING_helios16p_kiss_legged_bench_cyclone_container_files/helios16p_ws/install/pointcloud_to_laserscan
[10.047s] Invoking command in '/home/admin/bench/lab/STAGING_helios16p_kiss_legged_bench_cyclone_container_files/helios16p_ws/build/pointcloud_to_laserscan': CMAKE_PREFIX_PATH=${CMAKE_PREFIX_PATH}:/home/admin/bench/lab/helios16p_ws/install/helios16p_cane_robot:/opt/ros/humble /usr/local/bin/cmake --build /home/admin/bench/lab/STAGING_helios16p_kiss_legged_bench_cyclone_container_files/helios16p_ws/build/pointcloud_to_laserscan -- -j8 -l8
[10.421s] [ 50%] [32mBuilding CXX object CMakeFiles/pointcloud_to_laserscan_node.dir/rclcpp_components/node_main_pointcloud_to_laserscan_node.cpp.o[0m
[10.422s] [ 50%] [32mBuilding CXX object CMakeFiles/pointcloud_to_laserscan.dir/src/pointcloud_to_laserscan_node.cpp.o[0m
[141.823s] [ 75%] [1m[32mLinking CXX executable pointcloud_to_laserscan_node[0m
[144.859s] [ 75%] Built target pointcloud_to_laserscan_node
[194.229s] [100%] [1m[32mLinking CXX shared library libpointcloud_to_laserscan.so[0m
[198.241s] [100%] Built target pointcloud_to_laserscan
[198.398s] Invoked command in '/home/admin/bench/lab/STAGING_helios16p_kiss_legged_bench_cyclone_container_files/helios16p_ws/build/pointcloud_to_laserscan' returned '0': CMAKE_PREFIX_PATH=${CMAKE_PREFIX_PATH}:/home/admin/bench/lab/helios16p_ws/install/helios16p_cane_robot:/opt/ros/humble /usr/local/bin/cmake --build /home/admin/bench/lab/STAGING_helios16p_kiss_legged_bench_cyclone_container_files/helios16p_ws/build/pointcloud_to_laserscan -- -j8 -l8
[198.440s] Invoking command in '/home/admin/bench/lab/STAGING_helios16p_kiss_legged_bench_cyclone_container_files/helios16p_ws/build/pointcloud_to_laserscan': CMAKE_PREFIX_PATH=${CMAKE_PREFIX_PATH}:/home/admin/bench/lab/helios16p_ws/install/helios16p_cane_robot:/opt/ros/humble /usr/local/bin/cmake --install /home/admin/bench/lab/STAGING_helios16p_kiss_legged_bench_cyclone_container_files/helios16p_ws/build/pointcloud_to_laserscan
[199.164s] -- Install configuration: ""
[199.166s] -- Installing: /home/admin/bench/lab/STAGING_helios16p_kiss_legged_bench_cyclone_container_files/helios16p_ws/install/pointcloud_to_laserscan/lib/pointcloud_to_laserscan/pointcloud_to_laserscan_node
[199.171s] -- Set non-toolchain portion of runtime path of "/home/admin/bench/lab/STAGING_helios16p_kiss_legged_bench_cyclone_container_files/helios16p_ws/install/pointcloud_to_laserscan/lib/pointcloud_to_laserscan/pointcloud_to_laserscan_node" to ""
[199.175s] -- Installing: /home/admin/bench/lab/STAGING_helios16p_kiss_legged_bench_cyclone_container_files/helios16p_ws/install/pointcloud_to_laserscan/lib/libpointcloud_to_laserscan.so
[199.204s] -- Set non-toolchain portion of runtime path of "/home/admin/bench/lab/STAGING_helios16p_kiss_legged_bench_cyclone_container_files/helios16p_ws/install/pointcloud_to_laserscan/lib/libpointcloud_to_laserscan.so" to ""
[199.208s] -- Installing: /home/admin/bench/lab/STAGING_helios16p_kiss_legged_bench_cyclone_container_files/helios16p_ws/install/pointcloud_to_laserscan/include/pointcloud_to_laserscan/include
[199.210s] -- Installing: /home/admin/bench/lab/STAGING_helios16p_kiss_legged_bench_cyclone_container_files/helios16p_ws/install/pointcloud_to_laserscan/include/pointcloud_to_laserscan/include/pointcloud_to_laserscan
[199.212s] -- Installing: /home/admin/bench/lab/STAGING_helios16p_kiss_legged_bench_cyclone_container_files/helios16p_ws/install/pointcloud_to_laserscan/include/pointcloud_to_laserscan/include/pointcloud_to_laserscan/pointcloud_to_laserscan_node.hpp
[199.214s] -- Installing: /home/admin/bench/lab/STAGING_helios16p_kiss_legged_bench_cyclone_container_files/helios16p_ws/install/pointcloud_to_laserscan/include/pointcloud_to_laserscan/include/pointcloud_to_laserscan/visibility_control.h
[199.215s] -- Installing: /home/admin/bench/lab/STAGING_helios16p_kiss_legged_bench_cyclone_container_files/helios16p_ws/install/pointcloud_to_laserscan/share/pointcloud_to_laserscan/launch
[199.217s] -- Installing: /home/admin/bench/lab/STAGING_helios16p_kiss_legged_bench_cyclone_container_files/helios16p_ws/install/pointcloud_to_laserscan/share/pointcloud_to_laserscan/launch/helios16p_pointcloud_to_laserscan_launch.py
[199.219s] -- Installing: /home/admin/bench/lab/STAGING_helios16p_kiss_legged_bench_cyclone_container_files/helios16p_ws/install/pointcloud_to_laserscan/share/pointcloud_to_laserscan/launch/sample_pointcloud_to_laserscan_launch.py
[199.224s] -- Installing: /home/admin/bench/lab/STAGING_helios16p_kiss_legged_bench_cyclone_container_files/helios16p_ws/install/pointcloud_to_laserscan/share/ament_index/resource_index/package_run_dependencies/pointcloud_to_laserscan
[199.227s] -- Installing: /home/admin/bench/lab/STAGING_helios16p_kiss_legged_bench_cyclone_container_files/helios16p_ws/install/pointcloud_to_laserscan/share/ament_index/resource_index/parent_prefix_path/pointcloud_to_laserscan
[199.235s] -- Installing: /home/admin/bench/lab/STAGING_helios16p_kiss_legged_bench_cyclone_container_files/helios16p_ws/install/pointcloud_to_laserscan/share/pointcloud_to_laserscan/environment/ament_prefix_path.sh
[199.235s] -- Installing: /home/admin/bench/lab/STAGING_helios16p_kiss_legged_bench_cyclone_container_files/helios16p_ws/install/pointcloud_to_laserscan/share/pointcloud_to_laserscan/environment/ament_prefix_path.dsv
[199.235s] -- Installing: /home/admin/bench/lab/STAGING_helios16p_kiss_legged_bench_cyclone_container_files/helios16p_ws/install/pointcloud_to_laserscan/share/pointcloud_to_laserscan/environment/path.sh
[199.236s] -- Installing: /home/admin/bench/lab/STAGING_helios16p_kiss_legged_bench_cyclone_container_files/helios16p_ws/install/pointcloud_to_laserscan/share/pointcloud_to_laserscan/environment/path.dsv
[199.240s] -- Installing: /home/admin/bench/lab/STAGING_helios16p_kiss_legged_bench_cyclone_container_files/helios16p_ws/install/pointcloud_to_laserscan/share/pointcloud_to_laserscan/local_setup.bash
[199.241s] -- Installing: /home/admin/bench/lab/STAGING_helios16p_kiss_legged_bench_cyclone_container_files/helios16p_ws/install/pointcloud_to_laserscan/share/pointcloud_to_laserscan/local_setup.sh
[199.245s] -- Installing: /home/admin/bench/lab/STAGING_helios16p_kiss_legged_bench_cyclone_container_files/helios16p_ws/install/pointcloud_to_laserscan/share/pointcloud_to_laserscan/local_setup.zsh
[199.254s] -- Installing: /home/admin/bench/lab/STAGING_helios16p_kiss_legged_bench_cyclone_container_files/helios16p_ws/install/pointcloud_to_laserscan/share/pointcloud_to_laserscan/local_setup.dsv
[199.254s] -- Installing: /home/admin/bench/lab/STAGING_helios16p_kiss_legged_bench_cyclone_container_files/helios16p_ws/install/pointcloud_to_laserscan/share/pointcloud_to_laserscan/package.dsv
[199.255s] -- Installing: /home/admin/bench/lab/STAGING_helios16p_kiss_legged_bench_cyclone_container_files/helios16p_ws/install/pointcloud_to_laserscan/share/ament_index/resource_index/packages/pointcloud_to_laserscan
[199.255s] -- Installing: /home/admin/bench/lab/STAGING_helios16p_kiss_legged_bench_cyclone_container_files/helios16p_ws/install/pointcloud_to_laserscan/share/ament_index/resource_index/rclcpp_components/pointcloud_to_laserscan
[199.256s] -- Installing: /home/admin/bench/lab/STAGING_helios16p_kiss_legged_bench_cyclone_container_files/helios16p_ws/install/pointcloud_to_laserscan/share/pointcloud_to_laserscan/cmake/ament_cmake_export_dependencies-extras.cmake
[199.261s] -- Installing: /home/admin/bench/lab/STAGING_helios16p_kiss_legged_bench_cyclone_container_files/helios16p_ws/install/pointcloud_to_laserscan/share/pointcloud_to_laserscan/cmake/pointcloud_to_laserscanConfig.cmake
[199.262s] -- Installing: /home/admin/bench/lab/STAGING_helios16p_kiss_legged_bench_cyclone_container_files/helios16p_ws/install/pointcloud_to_laserscan/share/pointcloud_to_laserscan/cmake/pointcloud_to_laserscanConfig-version.cmake
[199.263s] -- Installing: /home/admin/bench/lab/STAGING_helios16p_kiss_legged_bench_cyclone_container_files/helios16p_ws/install/pointcloud_to_laserscan/share/pointcloud_to_laserscan/package.xml
[199.283s] Invoked command in '/home/admin/bench/lab/STAGING_helios16p_kiss_legged_bench_cyclone_container_files/helios16p_ws/build/pointcloud_to_laserscan' returned '0': CMAKE_PREFIX_PATH=${CMAKE_PREFIX_PATH}:/home/admin/bench/lab/helios16p_ws/install/helios16p_cane_robot:/opt/ros/humble /usr/local/bin/cmake --install /home/admin/bench/lab/STAGING_helios16p_kiss_legged_bench_cyclone_container_files/helios16p_ws/build/pointcloud_to_laserscan
