[5.575s] Invoking command in '/home/admin/bench/lab/STAGING_helios16p_kiss_legged_bench_cyclone_container_files/helios16p_ws/src/helios16p_cane_robot': PYTHONPATH=/home/admin/bench/lab/STAGING_helios16p_kiss_legged_bench_cyclone_container_files/helios16p_ws/build/helios16p_cane_robot/prefix_override:/usr/lib/python3/dist-packages/colcon_core/task/python/colcon_distutils_commands:/home/admin/bench/lab/STAGING_helios16p_kiss_legged_bench_cyclone_container_files/helios16p_ws/install/helios16p_cane_robot/lib/python3.10/site-packages:${PYTHONPATH} /usr/bin/python3 -W ignore:setup.py install is deprecated -W ignore:easy_install command is deprecated setup.py egg_info --egg-base ../../build/helios16p_cane_robot build --build-base /home/admin/bench/lab/STAGING_helios16p_kiss_legged_bench_cyclone_container_files/helios16p_ws/build/helios16p_cane_robot/build install --record /home/admin/bench/lab/STAGING_helios16p_kiss_legged_bench_cyclone_container_files/helios16p_ws/build/helios16p_cane_robot/install.log --single-version-externally-managed install_data
[6.452s] running egg_info
[6.454s] creating ../../build/helios16p_cane_robot/helios16p_cane_robot.egg-info
[6.455s] writing ../../build/helios16p_cane_robot/helios16p_cane_robot.egg-info/PKG-INFO
[6.456s] writing dependency_links to ../../build/helios16p_cane_robot/helios16p_cane_robot.egg-info/dependency_links.txt
[6.456s] writing entry points to ../../build/helios16p_cane_robot/helios16p_cane_robot.egg-info/entry_points.txt
[6.457s] writing requirements to ../../build/helios16p_cane_robot/helios16p_cane_robot.egg-info/requires.txt
[6.457s] writing top-level names to ../../build/helios16p_cane_robot/helios16p_cane_robot.egg-info/top_level.txt
[6.457s] writing manifest file '../../build/helios16p_cane_robot/helios16p_cane_robot.egg-info/SOURCES.txt'
[6.464s] reading manifest file '../../build/helios16p_cane_robot/helios16p_cane_robot.egg-info/SOURCES.txt'
[6.470s] writing manifest file '../../build/helios16p_cane_robot/helios16p_cane_robot.egg-info/SOURCES.txt'
[6.472s] running build
[6.473s] running build_py
[6.473s] creating /home/admin/bench/lab/STAGING_helios16p_kiss_legged_bench_cyclone_container_files/helios16p_ws/build/helios16p_cane_robot/build
[6.473s] creating /home/admin/bench/lab/STAGING_helios16p_kiss_legged_bench_cyclone_container_files/helios16p_ws/build/helios16p_cane_robot/build/lib
[6.473s] creating /home/admin/bench/lab/STAGING_helios16p_kiss_legged_bench_cyclone_container_files/helios16p_ws/build/helios16p_cane_robot/build/lib/helios16p_cane_robot
[6.474s] copying helios16p_cane_robot/__init__.py -> /home/admin/bench/lab/STAGING_helios16p_kiss_legged_bench_cyclone_container_files/helios16p_ws/build/helios16p_cane_robot/build/lib/helios16p_cane_robot
[6.474s] running install
[6.474s] running install_lib
[6.478s] creating /home/admin/bench/lab/STAGING_helios16p_kiss_legged_bench_cyclone_container_files/helios16p_ws/install/helios16p_cane_robot/lib/python3.10/site-packages/helios16p_cane_robot
[6.479s] copying /home/admin/bench/lab/STAGING_helios16p_kiss_legged_bench_cyclone_container_files/helios16p_ws/build/helios16p_cane_robot/build/lib/helios16p_cane_robot/__init__.py -> /home/admin/bench/lab/STAGING_helios16p_kiss_legged_bench_cyclone_container_files/helios16p_ws/install/helios16p_cane_robot/lib/python3.10/site-packages/helios16p_cane_robot
[6.479s] byte-compiling /home/admin/bench/lab/STAGING_helios16p_kiss_legged_bench_cyclone_container_files/helios16p_ws/install/helios16p_cane_robot/lib/python3.10/site-packages/helios16p_cane_robot/__init__.py to __init__.cpython-310.pyc
[6.479s] running install_data
[6.482s] creating /home/admin/bench/lab/STAGING_helios16p_kiss_legged_bench_cyclone_container_files/helios16p_ws/install/helios16p_cane_robot/share/ament_index
[6.483s] creating /home/admin/bench/lab/STAGING_helios16p_kiss_legged_bench_cyclone_container_files/helios16p_ws/install/helios16p_cane_robot/share/ament_index/resource_index
[6.483s] creating /home/admin/bench/lab/STAGING_helios16p_kiss_legged_bench_cyclone_container_files/helios16p_ws/install/helios16p_cane_robot/share/ament_index/resource_index/packages
[6.483s] copying resource/helios16p_cane_robot -> /home/admin/bench/lab/STAGING_helios16p_kiss_legged_bench_cyclone_container_files/helios16p_ws/install/helios16p_cane_robot/share/ament_index/resource_index/packages
[6.483s] copying package.xml -> /home/admin/bench/lab/STAGING_helios16p_kiss_legged_bench_cyclone_container_files/helios16p_ws/install/helios16p_cane_robot/share/helios16p_cane_robot
[6.484s] creating /home/admin/bench/lab/STAGING_helios16p_kiss_legged_bench_cyclone_container_files/helios16p_ws/install/helios16p_cane_robot/share/helios16p_cane_robot/launch
[6.484s] copying launch/helios16p_cane_robot_vicon_track.launch.py -> /home/admin/bench/lab/STAGING_helios16p_kiss_legged_bench_cyclone_container_files/helios16p_ws/install/helios16p_cane_robot/share/helios16p_cane_robot/launch
[6.485s] copying launch/helios16p_cane_robot_demo.launch.py -> /home/admin/bench/lab/STAGING_helios16p_kiss_legged_bench_cyclone_container_files/helios16p_ws/install/helios16p_cane_robot/share/helios16p_cane_robot/launch
[6.485s] copying launch/helios16p_cane_robot.launch.py -> /home/admin/bench/lab/STAGING_helios16p_kiss_legged_bench_cyclone_container_files/helios16p_ws/install/helios16p_cane_robot/share/helios16p_cane_robot/launch
[6.606s] copying launch/helios16p_cane_robot_no_leg_sdk.launch.py -> /home/admin/bench/lab/STAGING_helios16p_kiss_legged_bench_cyclone_container_files/helios16p_ws/install/helios16p_cane_robot/share/helios16p_cane_robot/launch
[6.606s] creating /home/admin/bench/lab/STAGING_helios16p_kiss_legged_bench_cyclone_container_files/helios16p_ws/install/helios16p_cane_robot/share/helios16p_cane_robot/configs
[6.606s] copying configs/launchrviz.rviz -> /home/admin/bench/lab/STAGING_helios16p_kiss_legged_bench_cyclone_container_files/helios16p_ws/install/helios16p_cane_robot/share/helios16p_cane_robot/configs
[6.610s] copying configs/rviz_vicon.rviz -> /home/admin/bench/lab/STAGING_helios16p_kiss_legged_bench_cyclone_container_files/helios16p_ws/install/helios16p_cane_robot/share/helios16p_cane_robot/configs
[6.611s] copying configs/mrange25.yaml -> /home/admin/bench/lab/STAGING_helios16p_kiss_legged_bench_cyclone_container_files/helios16p_ws/install/helios16p_cane_robot/share/helios16p_cane_robot/configs
[6.614s] copying configs/lidar_config_mr15.yaml -> /home/admin/bench/lab/STAGING_helios16p_kiss_legged_bench_cyclone_container_files/helios16p_ws/install/helios16p_cane_robot/share/helios16p_cane_robot/configs
[6.617s] copying configs/lidar_config_mr30.yaml -> /home/admin/bench/lab/STAGING_helios16p_kiss_legged_bench_cyclone_container_files/helios16p_ws/install/helios16p_cane_robot/share/helios16p_cane_robot/configs
[6.618s] copying configs/lidar_config_mr20.yaml -> /home/admin/bench/lab/STAGING_helios16p_kiss_legged_bench_cyclone_container_files/helios16p_ws/install/helios16p_cane_robot/share/helios16p_cane_robot/configs
[6.619s] copying configs/lidar_config_mr25.yaml -> /home/admin/bench/lab/STAGING_helios16p_kiss_legged_bench_cyclone_container_files/helios16p_ws/install/helios16p_cane_robot/share/helios16p_cane_robot/configs
[6.620s] copying configs/mrange8.yaml -> /home/admin/bench/lab/STAGING_helios16p_kiss_legged_bench_cyclone_container_files/helios16p_ws/install/helios16p_cane_robot/share/helios16p_cane_robot/configs
[6.621s] copying configs/lidar_config_mr6.yaml -> /home/admin/bench/lab/STAGING_helios16p_kiss_legged_bench_cyclone_container_files/helios16p_ws/install/helios16p_cane_robot/share/helios16p_cane_robot/configs
[6.624s] copying configs/mrange4.yaml -> /home/admin/bench/lab/STAGING_helios16p_kiss_legged_bench_cyclone_container_files/helios16p_ws/install/helios16p_cane_robot/share/helios16p_cane_robot/configs
[6.625s] copying configs/lidar_config_mr8.yaml -> /home/admin/bench/lab/STAGING_helios16p_kiss_legged_bench_cyclone_container_files/helios16p_ws/install/helios16p_cane_robot/share/helios16p_cane_robot/configs
[6.754s] copying configs/mrange6.yaml -> /home/admin/bench/lab/STAGING_helios16p_kiss_legged_bench_cyclone_container_files/helios16p_ws/install/helios16p_cane_robot/share/helios16p_cane_robot/configs
[6.871s] copying configs/mrange100.yaml -> /home/admin/bench/lab/STAGING_helios16p_kiss_legged_bench_cyclone_container_files/helios16p_ws/install/helios16p_cane_robot/share/helios16p_cane_robot/configs
[6.996s] copying configs/lidar_config_mr10.yaml -> /home/admin/bench/lab/STAGING_helios16p_kiss_legged_bench_cyclone_container_files/helios16p_ws/install/helios16p_cane_robot/share/helios16p_cane_robot/configs
[6.996s] copying configs/mrange9.yaml -> /home/admin/bench/lab/STAGING_helios16p_kiss_legged_bench_cyclone_container_files/helios16p_ws/install/helios16p_cane_robot/share/helios16p_cane_robot/configs
[6.996s] copying configs/mrange10.yaml -> /home/admin/bench/lab/STAGING_helios16p_kiss_legged_bench_cyclone_container_files/helios16p_ws/install/helios16p_cane_robot/share/helios16p_cane_robot/configs
[6.998s] copying configs/mrange20.yaml -> /home/admin/bench/lab/STAGING_helios16p_kiss_legged_bench_cyclone_container_files/helios16p_ws/install/helios16p_cane_robot/share/helios16p_cane_robot/configs
[6.999s] copying configs/lidar_config_mr100.yaml -> /home/admin/bench/lab/STAGING_helios16p_kiss_legged_bench_cyclone_container_files/helios16p_ws/install/helios16p_cane_robot/share/helios16p_cane_robot/configs
[7.000s] copying configs/mrange30.yaml -> /home/admin/bench/lab/STAGING_helios16p_kiss_legged_bench_cyclone_container_files/helios16p_ws/install/helios16p_cane_robot/share/helios16p_cane_robot/configs
[7.002s] copying configs/mrange5.yaml -> /home/admin/bench/lab/STAGING_helios16p_kiss_legged_bench_cyclone_container_files/helios16p_ws/install/helios16p_cane_robot/share/helios16p_cane_robot/configs
[7.004s] copying configs/lidar_config_mr9.yaml -> /home/admin/bench/lab/STAGING_helios16p_kiss_legged_bench_cyclone_container_files/helios16p_ws/install/helios16p_cane_robot/share/helios16p_cane_robot/configs
[7.005s] copying configs/lidar_config_mr5.yaml -> /home/admin/bench/lab/STAGING_helios16p_kiss_legged_bench_cyclone_container_files/helios16p_ws/install/helios16p_cane_robot/share/helios16p_cane_robot/configs
[7.006s] copying configs/lidar_config_mr4.yaml -> /home/admin/bench/lab/STAGING_helios16p_kiss_legged_bench_cyclone_container_files/helios16p_ws/install/helios16p_cane_robot/share/helios16p_cane_robot/configs
[7.008s] copying configs/mrange15.yaml -> /home/admin/bench/lab/STAGING_helios16p_kiss_legged_bench_cyclone_container_files/helios16p_ws/install/helios16p_cane_robot/share/helios16p_cane_robot/configs
[7.010s] copying configs/mrange7.yaml -> /home/admin/bench/lab/STAGING_helios16p_kiss_legged_bench_cyclone_container_files/helios16p_ws/install/helios16p_cane_robot/share/helios16p_cane_robot/configs
[7.011s] copying configs/lidar_config_mr7.yaml -> /home/admin/bench/lab/STAGING_helios16p_kiss_legged_bench_cyclone_container_files/helios16p_ws/install/helios16p_cane_robot/share/helios16p_cane_robot/configs
[7.013s] creating /home/admin/bench/lab/STAGING_helios16p_kiss_legged_bench_cyclone_container_files/helios16p_ws/install/helios16p_cane_robot/share/helios16p_cane_robot/urdf
[7.015s] copying urdf/helios16p.urdf.xacro -> /home/admin/bench/lab/STAGING_helios16p_kiss_legged_bench_cyclone_container_files/helios16p_ws/install/helios16p_cane_robot/share/helios16p_cane_robot/urdf
[7.017s] copying urdf/helios16p_LiDAR.urdf.xacro -> /home/admin/bench/lab/STAGING_helios16p_kiss_legged_bench_cyclone_container_files/helios16p_ws/install/helios16p_cane_robot/share/helios16p_cane_robot/urdf
[7.018s] running install_egg_info
[7.028s] Copying ../../build/helios16p_cane_robot/helios16p_cane_robot.egg-info to /home/admin/bench/lab/STAGING_helios16p_kiss_legged_bench_cyclone_container_files/helios16p_ws/install/helios16p_cane_robot/lib/python3.10/site-packages/helios16p_cane_robot-0.0.0-py3.10.egg-info
[7.031s] running install_scripts
[7.121s] writing list of installed files to '/home/admin/bench/lab/STAGING_helios16p_kiss_legged_bench_cyclone_container_files/helios16p_ws/build/helios16p_cane_robot/install.log'
[7.205s] Invoked command in '/home/admin/bench/lab/STAGING_helios16p_kiss_legged_bench_cyclone_container_files/helios16p_ws/src/helios16p_cane_robot' returned '0': PYTHONPATH=/home/admin/bench/lab/STAGING_helios16p_kiss_legged_bench_cyclone_container_files/helios16p_ws/build/helios16p_cane_robot/prefix_override:/usr/lib/python3/dist-packages/colcon_core/task/python/colcon_distutils_commands:/home/admin/bench/lab/STAGING_helios16p_kiss_legged_bench_cyclone_container_files/helios16p_ws/install/helios16p_cane_robot/lib/python3.10/site-packages:${PYTHONPATH} /usr/bin/python3 -W ignore:setup.py install is deprecated -W ignore:easy_install command is deprecated setup.py egg_info --egg-base ../../build/helios16p_cane_robot build --build-base /home/admin/bench/lab/STAGING_helios16p_kiss_legged_bench_cyclone_container_files/helios16p_ws/build/helios16p_cane_robot/build install --record /home/admin/bench/lab/STAGING_helios16p_kiss_legged_bench_cyclone_container_files/helios16p_ws/build/helios16p_cane_robot/install.log --single-version-externally-managed install_data
