[0.057s] Invoking command in '/home/ph/ws/helios16p_ws/build/rslidar_msg': CMAKE_PREFIX_PATH=/opt/ros/humble /usr/bin/cmake --build /home/ph/ws/helios16p_ws/build/rslidar_msg -- -j8 -l8
[0.847s] [  6%] Built target rslidar_msg__cpp
[0.849s] [ 12%] Built target rslidar_msg__rosidl_generator_c
[0.850s] [ 12%] Built target ament_cmake_python_copy_rslidar_msg
[0.850s] [ 22%] Built target rslidar_msg__rosidl_typesupport_cpp
[0.851s] [ 41%] Built target rslidar_msg__rosidl_typesupport_fastrtps_cpp
[0.851s] [ 41%] Built target rslidar_msg__rosidl_typesupport_introspection_c
[0.851s] [ 58%] Built target rslidar_msg__rosidl_typesupport_c
[0.852s] [ 61%] Built target rslidar_msg__rosidl_typesupport_fastrtps_c
[0.852s] [ 70%] Built target rslidar_msg__rosidl_typesupport_introspection_cpp
[0.852s] [ 70%] Built target rslidar_msg
[0.852s] [ 74%] Built target rslidar_msg__py
[0.854s] [ 80%] Built target rslidar_msg__rosidl_generator_py
[0.854s] [ 93%] Built target rslidar_msg__rosidl_typesupport_c__pyext
[0.855s] [ 93%] Built target rslidar_msg__rosidl_typesupport_fastrtps_c__pyext
[0.855s] [100%] Built target rslidar_msg__rosidl_typesupport_introspection_c__pyext
[0.984s] running egg_info
[1.082s] writing rslidar_msg.egg-info/PKG-INFO
[1.087s] writing dependency_links to rslidar_msg.egg-info/dependency_links.txt
[1.087s] writing top-level names to rslidar_msg.egg-info/top_level.txt
[1.356s] reading manifest file 'rslidar_msg.egg-info/SOURCES.txt'
[1.359s] writing manifest file 'rslidar_msg.egg-info/SOURCES.txt'
[1.442s] [100%] Built target ament_cmake_python_build_rslidar_msg_egg
[1.464s] Invoked command in '/home/ph/ws/helios16p_ws/build/rslidar_msg' returned '0': CMAKE_PREFIX_PATH=/opt/ros/humble /usr/bin/cmake --build /home/ph/ws/helios16p_ws/build/rslidar_msg -- -j8 -l8
[1.470s] Invoking command in '/home/ph/ws/helios16p_ws/build/rslidar_msg': CMAKE_PREFIX_PATH=/opt/ros/humble /usr/bin/cmake --install /home/ph/ws/helios16p_ws/build/rslidar_msg
[1.482s] -- Install configuration: ""
[1.482s] -- Up-to-date: /home/ph/ws/helios16p_ws/install/rslidar_msg/share/ament_index/resource_index/rosidl_interfaces/rslidar_msg
[1.483s] -- Up-to-date: /home/ph/ws/helios16p_ws/install/rslidar_msg/include/rslidar_msg/rslidar_msg
[1.483s] -- Up-to-date: /home/ph/ws/helios16p_ws/install/rslidar_msg/include/rslidar_msg/rslidar_msg/msg
[1.483s] -- Up-to-date: /home/ph/ws/helios16p_ws/install/rslidar_msg/include/rslidar_msg/rslidar_msg/msg/rosidl_generator_c__visibility_control.h
[1.483s] -- Up-to-date: /home/ph/ws/helios16p_ws/install/rslidar_msg/include/rslidar_msg/rslidar_msg/msg/detail
[1.484s] -- Up-to-date: /home/ph/ws/helios16p_ws/install/rslidar_msg/include/rslidar_msg/rslidar_msg/msg/detail/rslidar_packet__functions.c
[1.484s] -- Up-to-date: /home/ph/ws/helios16p_ws/install/rslidar_msg/include/rslidar_msg/rslidar_msg/msg/detail/rslidar_packet__struct.h
[1.484s] -- Up-to-date: /home/ph/ws/helios16p_ws/install/rslidar_msg/include/rslidar_msg/rslidar_msg/msg/detail/rslidar_packet__functions.h
[1.484s] -- Up-to-date: /home/ph/ws/helios16p_ws/install/rslidar_msg/include/rslidar_msg/rslidar_msg/msg/detail/rslidar_packet__type_support.h
[1.485s] -- Up-to-date: /home/ph/ws/helios16p_ws/install/rslidar_msg/include/rslidar_msg/rslidar_msg/msg/rslidar_packet.h
[1.485s] -- Up-to-date: /home/ph/ws/helios16p_ws/install/rslidar_msg/share/rslidar_msg/environment/library_path.sh
[1.486s] -- Up-to-date: /home/ph/ws/helios16p_ws/install/rslidar_msg/share/rslidar_msg/environment/library_path.dsv
[1.486s] -- Up-to-date: /home/ph/ws/helios16p_ws/install/rslidar_msg/lib/librslidar_msg__rosidl_generator_c.so
[1.487s] -- Up-to-date: /home/ph/ws/helios16p_ws/install/rslidar_msg/include/rslidar_msg/rslidar_msg
[1.487s] -- Up-to-date: /home/ph/ws/helios16p_ws/install/rslidar_msg/include/rslidar_msg/rslidar_msg/msg
[1.487s] -- Up-to-date: /home/ph/ws/helios16p_ws/install/rslidar_msg/include/rslidar_msg/rslidar_msg/msg/detail
[1.488s] -- Up-to-date: /home/ph/ws/helios16p_ws/install/rslidar_msg/include/rslidar_msg/rslidar_msg/msg/detail/rslidar_packet__rosidl_typesupport_fastrtps_c.h
[1.489s] -- Up-to-date: /home/ph/ws/helios16p_ws/install/rslidar_msg/include/rslidar_msg/rslidar_msg/msg/rosidl_typesupport_fastrtps_c__visibility_control.h
[1.489s] -- Up-to-date: /home/ph/ws/helios16p_ws/install/rslidar_msg/lib/librslidar_msg__rosidl_typesupport_fastrtps_c.so
[1.490s] -- Up-to-date: /home/ph/ws/helios16p_ws/install/rslidar_msg/include/rslidar_msg/rslidar_msg
[1.490s] -- Up-to-date: /home/ph/ws/helios16p_ws/install/rslidar_msg/include/rslidar_msg/rslidar_msg/msg
[1.490s] -- Up-to-date: /home/ph/ws/helios16p_ws/install/rslidar_msg/include/rslidar_msg/rslidar_msg/msg/rosidl_generator_cpp__visibility_control.hpp
[1.491s] -- Up-to-date: /home/ph/ws/helios16p_ws/install/rslidar_msg/include/rslidar_msg/rslidar_msg/msg/detail
[1.491s] -- Up-to-date: /home/ph/ws/helios16p_ws/install/rslidar_msg/include/rslidar_msg/rslidar_msg/msg/detail/rslidar_packet__builder.hpp
[1.491s] -- Up-to-date: /home/ph/ws/helios16p_ws/install/rslidar_msg/include/rslidar_msg/rslidar_msg/msg/detail/rslidar_packet__traits.hpp
[1.492s] -- Up-to-date: /home/ph/ws/helios16p_ws/install/rslidar_msg/include/rslidar_msg/rslidar_msg/msg/detail/rslidar_packet__struct.hpp
[1.492s] -- Up-to-date: /home/ph/ws/helios16p_ws/install/rslidar_msg/include/rslidar_msg/rslidar_msg/msg/detail/rslidar_packet__type_support.hpp
[1.493s] -- Up-to-date: /home/ph/ws/helios16p_ws/install/rslidar_msg/include/rslidar_msg/rslidar_msg/msg/rslidar_packet.hpp
[1.493s] -- Up-to-date: /home/ph/ws/helios16p_ws/install/rslidar_msg/include/rslidar_msg/rslidar_msg
[1.493s] -- Up-to-date: /home/ph/ws/helios16p_ws/install/rslidar_msg/include/rslidar_msg/rslidar_msg/msg
[1.494s] -- Up-to-date: /home/ph/ws/helios16p_ws/install/rslidar_msg/include/rslidar_msg/rslidar_msg/msg/rosidl_typesupport_fastrtps_cpp__visibility_control.h
[1.494s] -- Up-to-date: /home/ph/ws/helios16p_ws/install/rslidar_msg/include/rslidar_msg/rslidar_msg/msg/detail
[1.494s] -- Up-to-date: /home/ph/ws/helios16p_ws/install/rslidar_msg/include/rslidar_msg/rslidar_msg/msg/detail/rslidar_packet__rosidl_typesupport_fastrtps_cpp.hpp
[1.495s] -- Up-to-date: /home/ph/ws/helios16p_ws/install/rslidar_msg/include/rslidar_msg/rslidar_msg/msg/detail/dds_fastrtps
[1.495s] -- Up-to-date: /home/ph/ws/helios16p_ws/install/rslidar_msg/lib/librslidar_msg__rosidl_typesupport_fastrtps_cpp.so
[1.496s] -- Up-to-date: /home/ph/ws/helios16p_ws/install/rslidar_msg/include/rslidar_msg/rslidar_msg
[1.496s] -- Up-to-date: /home/ph/ws/helios16p_ws/install/rslidar_msg/include/rslidar_msg/rslidar_msg/msg
[1.496s] -- Up-to-date: /home/ph/ws/helios16p_ws/install/rslidar_msg/include/rslidar_msg/rslidar_msg/msg/rosidl_typesupport_introspection_c__visibility_control.h
[1.497s] -- Up-to-date: /home/ph/ws/helios16p_ws/install/rslidar_msg/include/rslidar_msg/rslidar_msg/msg/detail
[1.497s] -- Up-to-date: /home/ph/ws/helios16p_ws/install/rslidar_msg/include/rslidar_msg/rslidar_msg/msg/detail/rslidar_packet__type_support.c
[1.497s] -- Up-to-date: /home/ph/ws/helios16p_ws/install/rslidar_msg/include/rslidar_msg/rslidar_msg/msg/detail/rslidar_packet__rosidl_typesupport_introspection_c.h
[1.498s] -- Up-to-date: /home/ph/ws/helios16p_ws/install/rslidar_msg/lib/librslidar_msg__rosidl_typesupport_introspection_c.so
[1.498s] -- Up-to-date: /home/ph/ws/helios16p_ws/install/rslidar_msg/lib/librslidar_msg__rosidl_typesupport_c.so
[1.499s] -- Up-to-date: /home/ph/ws/helios16p_ws/install/rslidar_msg/include/rslidar_msg/rslidar_msg
[1.499s] -- Up-to-date: /home/ph/ws/helios16p_ws/install/rslidar_msg/include/rslidar_msg/rslidar_msg/msg
[1.499s] -- Up-to-date: /home/ph/ws/helios16p_ws/install/rslidar_msg/include/rslidar_msg/rslidar_msg/msg/detail
[1.500s] -- Up-to-date: /home/ph/ws/helios16p_ws/install/rslidar_msg/include/rslidar_msg/rslidar_msg/msg/detail/rslidar_packet__type_support.cpp
[1.500s] -- Up-to-date: /home/ph/ws/helios16p_ws/install/rslidar_msg/include/rslidar_msg/rslidar_msg/msg/detail/rslidar_packet__rosidl_typesupport_introspection_cpp.hpp
[1.501s] -- Up-to-date: /home/ph/ws/helios16p_ws/install/rslidar_msg/lib/librslidar_msg__rosidl_typesupport_introspection_cpp.so
[1.501s] -- Up-to-date: /home/ph/ws/helios16p_ws/install/rslidar_msg/lib/librslidar_msg__rosidl_typesupport_cpp.so
[1.501s] -- Up-to-date: /home/ph/ws/helios16p_ws/install/rslidar_msg/share/rslidar_msg/environment/pythonpath.sh
[1.502s] -- Up-to-date: /home/ph/ws/helios16p_ws/install/rslidar_msg/share/rslidar_msg/environment/pythonpath.dsv
[1.502s] -- Up-to-date: /home/ph/ws/helios16p_ws/install/rslidar_msg/local/lib/python3.10/dist-packages/rslidar_msg-0.0.0-py3.10.egg-info
[1.503s] -- Installing: /home/ph/ws/helios16p_ws/install/rslidar_msg/local/lib/python3.10/dist-packages/rslidar_msg-0.0.0-py3.10.egg-info/top_level.txt
[1.503s] -- Installing: /home/ph/ws/helios16p_ws/install/rslidar_msg/local/lib/python3.10/dist-packages/rslidar_msg-0.0.0-py3.10.egg-info/PKG-INFO
[1.503s] -- Installing: /home/ph/ws/helios16p_ws/install/rslidar_msg/local/lib/python3.10/dist-packages/rslidar_msg-0.0.0-py3.10.egg-info/SOURCES.txt
[1.504s] -- Installing: /home/ph/ws/helios16p_ws/install/rslidar_msg/local/lib/python3.10/dist-packages/rslidar_msg-0.0.0-py3.10.egg-info/dependency_links.txt
[1.504s] -- Up-to-date: /home/ph/ws/helios16p_ws/install/rslidar_msg/local/lib/python3.10/dist-packages/rslidar_msg
[1.504s] -- Up-to-date: /home/ph/ws/helios16p_ws/install/rslidar_msg/local/lib/python3.10/dist-packages/rslidar_msg/rslidar_msg_s__rosidl_typesupport_c.cpython-310-x86_64-linux-gnu.so
[1.505s] -- Up-to-date: /home/ph/ws/helios16p_ws/install/rslidar_msg/local/lib/python3.10/dist-packages/rslidar_msg/librslidar_msg__rosidl_generator_py.so
[1.505s] -- Up-to-date: /home/ph/ws/helios16p_ws/install/rslidar_msg/local/lib/python3.10/dist-packages/rslidar_msg/_rslidar_msg_s.ep.rosidl_typesupport_c.c
[1.506s] -- Up-to-date: /home/ph/ws/helios16p_ws/install/rslidar_msg/local/lib/python3.10/dist-packages/rslidar_msg/rslidar_msg_s__rosidl_typesupport_introspection_c.cpython-310-x86_64-linux-gnu.so
[1.506s] -- Up-to-date: /home/ph/ws/helios16p_ws/install/rslidar_msg/local/lib/python3.10/dist-packages/rslidar_msg/_rslidar_msg_s.ep.rosidl_typesupport_introspection_c.c
[1.506s] -- Up-to-date: /home/ph/ws/helios16p_ws/install/rslidar_msg/local/lib/python3.10/dist-packages/rslidar_msg/rslidar_msg_s__rosidl_typesupport_fastrtps_c.cpython-310-x86_64-linux-gnu.so
[1.507s] -- Up-to-date: /home/ph/ws/helios16p_ws/install/rslidar_msg/local/lib/python3.10/dist-packages/rslidar_msg/__init__.py
[1.507s] -- Up-to-date: /home/ph/ws/helios16p_ws/install/rslidar_msg/local/lib/python3.10/dist-packages/rslidar_msg/_rslidar_msg_s.ep.rosidl_typesupport_fastrtps_c.c
[1.507s] -- Up-to-date: /home/ph/ws/helios16p_ws/install/rslidar_msg/local/lib/python3.10/dist-packages/rslidar_msg/msg
[1.508s] -- Up-to-date: /home/ph/ws/helios16p_ws/install/rslidar_msg/local/lib/python3.10/dist-packages/rslidar_msg/msg/_rslidar_packet_s.c
[1.508s] -- Up-to-date: /home/ph/ws/helios16p_ws/install/rslidar_msg/local/lib/python3.10/dist-packages/rslidar_msg/msg/__init__.py
[1.508s] -- Up-to-date: /home/ph/ws/helios16p_ws/install/rslidar_msg/local/lib/python3.10/dist-packages/rslidar_msg/msg/_rslidar_packet.py
[1.594s] Listing '/home/ph/ws/helios16p_ws/install/rslidar_msg/local/lib/python3.10/dist-packages/rslidar_msg'...
[1.595s] Listing '/home/ph/ws/helios16p_ws/install/rslidar_msg/local/lib/python3.10/dist-packages/rslidar_msg/msg'...
[1.611s] -- Up-to-date: /home/ph/ws/helios16p_ws/install/rslidar_msg/local/lib/python3.10/dist-packages/rslidar_msg/rslidar_msg_s__rosidl_typesupport_fastrtps_c.cpython-310-x86_64-linux-gnu.so
[1.612s] -- Up-to-date: /home/ph/ws/helios16p_ws/install/rslidar_msg/local/lib/python3.10/dist-packages/rslidar_msg/rslidar_msg_s__rosidl_typesupport_introspection_c.cpython-310-x86_64-linux-gnu.so
[1.613s] -- Up-to-date: /home/ph/ws/helios16p_ws/install/rslidar_msg/local/lib/python3.10/dist-packages/rslidar_msg/rslidar_msg_s__rosidl_typesupport_c.cpython-310-x86_64-linux-gnu.so
[1.614s] -- Up-to-date: /home/ph/ws/helios16p_ws/install/rslidar_msg/lib/librslidar_msg__rosidl_generator_py.so
[1.615s] -- Up-to-date: /home/ph/ws/helios16p_ws/install/rslidar_msg/share/rslidar_msg/msg/RslidarPacket.idl
[1.616s] -- Up-to-date: /home/ph/ws/helios16p_ws/install/rslidar_msg/share/rslidar_msg/msg/RslidarPacket.msg
[1.616s] -- Up-to-date: /home/ph/ws/helios16p_ws/install/rslidar_msg/share/ament_index/resource_index/package_run_dependencies/rslidar_msg
[1.616s] -- Up-to-date: /home/ph/ws/helios16p_ws/install/rslidar_msg/share/ament_index/resource_index/parent_prefix_path/rslidar_msg
[1.617s] -- Up-to-date: /home/ph/ws/helios16p_ws/install/rslidar_msg/share/rslidar_msg/environment/ament_prefix_path.sh
[1.617s] -- Up-to-date: /home/ph/ws/helios16p_ws/install/rslidar_msg/share/rslidar_msg/environment/ament_prefix_path.dsv
[1.617s] -- Up-to-date: /home/ph/ws/helios16p_ws/install/rslidar_msg/share/rslidar_msg/environment/path.sh
[1.618s] -- Up-to-date: /home/ph/ws/helios16p_ws/install/rslidar_msg/share/rslidar_msg/environment/path.dsv
[1.618s] -- Up-to-date: /home/ph/ws/helios16p_ws/install/rslidar_msg/share/rslidar_msg/local_setup.bash
[1.619s] -- Up-to-date: /home/ph/ws/helios16p_ws/install/rslidar_msg/share/rslidar_msg/local_setup.sh
[1.619s] -- Up-to-date: /home/ph/ws/helios16p_ws/install/rslidar_msg/share/rslidar_msg/local_setup.zsh
[1.619s] -- Up-to-date: /home/ph/ws/helios16p_ws/install/rslidar_msg/share/rslidar_msg/local_setup.dsv
[1.620s] -- Installing: /home/ph/ws/helios16p_ws/install/rslidar_msg/share/rslidar_msg/package.dsv
[1.620s] -- Up-to-date: /home/ph/ws/helios16p_ws/install/rslidar_msg/share/ament_index/resource_index/packages/rslidar_msg
[1.621s] -- Up-to-date: /home/ph/ws/helios16p_ws/install/rslidar_msg/share/rslidar_msg/cmake/export_rslidar_msg__rosidl_generator_cExport.cmake
[1.621s] -- Up-to-date: /home/ph/ws/helios16p_ws/install/rslidar_msg/share/rslidar_msg/cmake/export_rslidar_msg__rosidl_generator_cExport-noconfig.cmake
[1.621s] -- Up-to-date: /home/ph/ws/helios16p_ws/install/rslidar_msg/share/rslidar_msg/cmake/export_rslidar_msg__rosidl_typesupport_fastrtps_cExport.cmake
[1.622s] -- Up-to-date: /home/ph/ws/helios16p_ws/install/rslidar_msg/share/rslidar_msg/cmake/export_rslidar_msg__rosidl_typesupport_fastrtps_cExport-noconfig.cmake
[1.622s] -- Up-to-date: /home/ph/ws/helios16p_ws/install/rslidar_msg/share/rslidar_msg/cmake/export_rslidar_msg__rosidl_generator_cppExport.cmake
[1.623s] -- Up-to-date: /home/ph/ws/helios16p_ws/install/rslidar_msg/share/rslidar_msg/cmake/export_rslidar_msg__rosidl_typesupport_fastrtps_cppExport.cmake
[1.623s] -- Up-to-date: /home/ph/ws/helios16p_ws/install/rslidar_msg/share/rslidar_msg/cmake/export_rslidar_msg__rosidl_typesupport_fastrtps_cppExport-noconfig.cmake
[1.624s] -- Up-to-date: /home/ph/ws/helios16p_ws/install/rslidar_msg/share/rslidar_msg/cmake/rslidar_msg__rosidl_typesupport_introspection_cExport.cmake
[1.624s] -- Up-to-date: /home/ph/ws/helios16p_ws/install/rslidar_msg/share/rslidar_msg/cmake/rslidar_msg__rosidl_typesupport_introspection_cExport-noconfig.cmake
[1.624s] -- Up-to-date: /home/ph/ws/helios16p_ws/install/rslidar_msg/share/rslidar_msg/cmake/rslidar_msg__rosidl_typesupport_cExport.cmake
[1.625s] -- Up-to-date: /home/ph/ws/helios16p_ws/install/rslidar_msg/share/rslidar_msg/cmake/rslidar_msg__rosidl_typesupport_cExport-noconfig.cmake
[1.625s] -- Up-to-date: /home/ph/ws/helios16p_ws/install/rslidar_msg/share/rslidar_msg/cmake/rslidar_msg__rosidl_typesupport_introspection_cppExport.cmake
[1.625s] -- Up-to-date: /home/ph/ws/helios16p_ws/install/rslidar_msg/share/rslidar_msg/cmake/rslidar_msg__rosidl_typesupport_introspection_cppExport-noconfig.cmake
[1.626s] -- Up-to-date: /home/ph/ws/helios16p_ws/install/rslidar_msg/share/rslidar_msg/cmake/rslidar_msg__rosidl_typesupport_cppExport.cmake
[1.626s] -- Up-to-date: /home/ph/ws/helios16p_ws/install/rslidar_msg/share/rslidar_msg/cmake/rslidar_msg__rosidl_typesupport_cppExport-noconfig.cmake
[1.626s] -- Up-to-date: /home/ph/ws/helios16p_ws/install/rslidar_msg/share/rslidar_msg/cmake/export_rslidar_msg__rosidl_generator_pyExport.cmake
[1.627s] -- Up-to-date: /home/ph/ws/helios16p_ws/install/rslidar_msg/share/rslidar_msg/cmake/export_rslidar_msg__rosidl_generator_pyExport-noconfig.cmake
[1.627s] -- Up-to-date: /home/ph/ws/helios16p_ws/install/rslidar_msg/share/rslidar_msg/cmake/rosidl_cmake-extras.cmake
[1.627s] -- Up-to-date: /home/ph/ws/helios16p_ws/install/rslidar_msg/share/rslidar_msg/cmake/ament_cmake_export_dependencies-extras.cmake
[1.628s] -- Up-to-date: /home/ph/ws/helios16p_ws/install/rslidar_msg/share/rslidar_msg/cmake/ament_cmake_export_include_directories-extras.cmake
[1.628s] -- Up-to-date: /home/ph/ws/helios16p_ws/install/rslidar_msg/share/rslidar_msg/cmake/ament_cmake_export_libraries-extras.cmake
[1.629s] -- Up-to-date: /home/ph/ws/helios16p_ws/install/rslidar_msg/share/rslidar_msg/cmake/ament_cmake_export_targets-extras.cmake
[1.631s] -- Up-to-date: /home/ph/ws/helios16p_ws/install/rslidar_msg/share/rslidar_msg/cmake/rosidl_cmake_export_typesupport_targets-extras.cmake
[1.633s] -- Up-to-date: /home/ph/ws/helios16p_ws/install/rslidar_msg/share/rslidar_msg/cmake/rosidl_cmake_export_typesupport_libraries-extras.cmake
[1.634s] -- Up-to-date: /home/ph/ws/helios16p_ws/install/rslidar_msg/share/rslidar_msg/cmake/rslidar_msgConfig.cmake
[1.635s] -- Up-to-date: /home/ph/ws/helios16p_ws/install/rslidar_msg/share/rslidar_msg/cmake/rslidar_msgConfig-version.cmake
[1.636s] -- Up-to-date: /home/ph/ws/helios16p_ws/install/rslidar_msg/share/rslidar_msg/package.xml
[1.636s] Invoked command in '/home/ph/ws/helios16p_ws/build/rslidar_msg' returned '0': CMAKE_PREFIX_PATH=/opt/ros/humble /usr/bin/cmake --install /home/ph/ws/helios16p_ws/build/rslidar_msg
