[1.088s] Invoking command in '/home/admin/bench/lab/STAGING_helios16p_kiss_legged_bench_cyclone_container_files/helios16p_ws/build/kiss_icp': CMAKE_PREFIX_PATH=${CMAKE_PREFIX_PATH}:/home/admin/bench/lab/helios16p_ws/install/helios16p_cane_robot:/opt/ros/humble /usr/local/bin/cmake /home/admin/bench/lab/STAGING_helios16p_kiss_legged_bench_cyclone_container_files/helios16p_ws/src/kiss-icp/ros -DCMAKE_INSTALL_PREFIX=/home/admin/bench/lab/STAGING_helios16p_kiss_legged_bench_cyclone_container_files/helios16p_ws/install/kiss_icp
[1.834s] -- The CXX compiler identification is GNU 11.4.0
[1.879s] -- Detecting CXX compiler ABI info
[2.449s] -- Detecting CXX compiler ABI info - done
[2.520s] -- Check for working CXX compiler: /usr/bin/c++ - skipped
[2.522s] -- Detecting CXX compile features
[2.524s] -- Detecting CXX compile features - done
[3.258s] [0mCMake Deprecation Warning at /home/admin/bench/lab/STAGING_helios16p_kiss_legged_bench_cyclone_container_files/helios16p_ws/src/kiss-icp/cpp/kiss_icp/3rdparty/find_dependencies.cmake:25 (cmake_policy):
[3.259s]   The OLD behavior for policy CMP0135 will be removed from a future version
[3.259s]   of CMake.
[3.259s] 
[3.259s]   The cmake-policies(7) manual explains that the OLD behaviors of all
[3.260s]   policies are deprecated and that a policy should be set to OLD only under
[3.260s]   specific short-term circumstances.  Projects should be ported to the NEW
[3.260s]   behavior and not rely on setting a policy to OLD.
[3.260s] Call Stack (most recent call first):
[3.261s]   /home/admin/bench/lab/STAGING_helios16p_kiss_legged_bench_cyclone_container_files/helios16p_ws/src/kiss-icp/cpp/kiss_icp/CMakeLists.txt:48 (include)
[3.261s] 
[3.261s] [0m
[5.330s] [0mCMake Deprecation Warning at /usr/share/cmake/tsl-robin-map/tsl-robin-mapTargets.cmake:7 (cmake_policy):
[5.331s]   Compatibility with CMake < 3.10 will be removed from a future version of
[5.332s]   CMake.
[5.332s] 
[5.332s]   Update the VERSION argument <min> value.  Or, use the <min>...<max> syntax
[5.333s]   to tell CMake that the project requires at least <min> but has been updated
[5.333s]   to work with policies introduced by <max> or earlier.
[5.333s] Call Stack (most recent call first):
[5.333s]   /usr/share/cmake/tsl-robin-map/tsl-robin-mapConfig.cmake:31 (include)
[5.334s]   /home/admin/bench/lab/STAGING_helios16p_kiss_legged_bench_cyclone_container_files/helios16p_ws/src/kiss-icp/cpp/kiss_icp/3rdparty/find_dependencies.cmake:32 (find_package)
[5.334s]   /home/admin/bench/lab/STAGING_helios16p_kiss_legged_bench_cyclone_container_files/helios16p_ws/src/kiss-icp/cpp/kiss_icp/3rdparty/find_dependencies.cmake:43 (find_external_dependency)
[5.334s]   /home/admin/bench/lab/STAGING_helios16p_kiss_legged_bench_cyclone_container_files/helios16p_ws/src/kiss-icp/cpp/kiss_icp/CMakeLists.txt:48 (include)
[5.335s] 
[5.335s] [0m
[5.392s] -- Found ament_cmake: 1.3.13 (/opt/ros/humble/share/ament_cmake/cmake)
[5.887s] -- Found Python3: /usr/bin/python3 (found version "3.10.12") found components: Interpreter
[6.466s] -- Found geometry_msgs: 4.9.0 (/opt/ros/humble/share/geometry_msgs/cmake)
[6.791s] -- Found rosidl_generator_c: 3.1.7 (/opt/ros/humble/share/rosidl_generator_c/cmake)
[6.843s] -- Found rosidl_adapter: 3.1.7 (/opt/ros/humble/share/rosidl_adapter/cmake)
[6.919s] -- Found rosidl_generator_cpp: 3.1.7 (/opt/ros/humble/share/rosidl_generator_cpp/cmake)
[7.024s] -- Using all available rosidl_typesupport_c: rosidl_typesupport_fastrtps_c;rosidl_typesupport_introspection_c
[7.154s] -- Using all available rosidl_typesupport_cpp: rosidl_typesupport_fastrtps_cpp;rosidl_typesupport_introspection_cpp
[7.462s] -- Found nav_msgs: 4.9.0 (/opt/ros/humble/share/nav_msgs/cmake)
[7.623s] -- Found rclcpp: 16.0.15 (/opt/ros/humble/share/rclcpp/cmake)
[7.993s] -- Found rmw_implementation_cmake: 6.1.2 (/opt/ros/humble/share/rmw_implementation_cmake/cmake)
[8.018s] -- Found rmw_cyclonedds_cpp: 1.3.4 (/opt/ros/humble/share/rmw_cyclonedds_cpp/cmake)
[8.215s] -- Using RMW implementation 'rmw_cyclonedds_cpp' as default
[8.304s] -- Found Threads: TRUE
[8.590s] -- Found rclcpp_components: 16.0.15 (/opt/ros/humble/share/rclcpp_components/cmake)
[8.827s] -- Found sensor_msgs: 4.9.0 (/opt/ros/humble/share/sensor_msgs/cmake)
[9.150s] -- Found tf2_ros: 0.25.16 (/opt/ros/humble/share/tf2_ros/cmake)
[10.238s] -- Found std_srvs: 4.9.0 (/opt/ros/humble/share/std_srvs/cmake)
[16.095s] -- Configuring done (14.7s)
[16.545s] -- Generating done (0.4s)
[17.067s] -- Build files have been written to: /home/admin/bench/lab/STAGING_helios16p_kiss_legged_bench_cyclone_container_files/helios16p_ws/build/kiss_icp
[17.133s] Invoked command in '/home/admin/bench/lab/STAGING_helios16p_kiss_legged_bench_cyclone_container_files/helios16p_ws/build/kiss_icp' returned '0': CMAKE_PREFIX_PATH=${CMAKE_PREFIX_PATH}:/home/admin/bench/lab/helios16p_ws/install/helios16p_cane_robot:/opt/ros/humble /usr/local/bin/cmake /home/admin/bench/lab/STAGING_helios16p_kiss_legged_bench_cyclone_container_files/helios16p_ws/src/kiss-icp/ros -DCMAKE_INSTALL_PREFIX=/home/admin/bench/lab/STAGING_helios16p_kiss_legged_bench_cyclone_container_files/helios16p_ws/install/kiss_icp
[17.145s] Invoking command in '/home/admin/bench/lab/STAGING_helios16p_kiss_legged_bench_cyclone_container_files/helios16p_ws/build/kiss_icp': CMAKE_PREFIX_PATH=${CMAKE_PREFIX_PATH}:/home/admin/bench/lab/helios16p_ws/install/helios16p_cane_robot:/opt/ros/humble /usr/local/bin/cmake --build /home/admin/bench/lab/STAGING_helios16p_kiss_legged_bench_cyclone_container_files/helios16p_ws/build/kiss_icp -- -j8 -l8
[17.753s] [  7%] [32mBuilding CXX object CMakeFiles/kiss_icp_node.dir/rclcpp_components/node_main_kiss_icp_node.cpp.o[0m
[17.766s] [ 14%] [32mBuilding CXX object kiss_icp/core/CMakeFiles/kiss_icp_core.dir/VoxelHashMap.cpp.o[0m
[17.783s] [ 21%] [32mBuilding CXX object kiss_icp/core/CMakeFiles/kiss_icp_core.dir/Registration.cpp.o[0m
[150.529s] [ 28%] [1m[32mLinking CXX executable kiss_icp_node[0m
[151.435s] [ 28%] Built target kiss_icp_node
[179.528s] [ 35%] [32mBuilding CXX object kiss_icp/core/CMakeFiles/kiss_icp_core.dir/Threshold.cpp.o[0m
[194.290s] [ 42%] [32mBuilding CXX object kiss_icp/core/CMakeFiles/kiss_icp_core.dir/Preprocessing.cpp.o[0m
[211.441s] [ 50%] [32mBuilding CXX object kiss_icp/core/CMakeFiles/kiss_icp_core.dir/VoxelUtils.cpp.o[0m
[215.606s] [ 57%] [1m[32mLinking CXX static library libkiss_icp_core.a[0m
[215.831s] [ 57%] Built target kiss_icp_core
[215.943s] [ 64%] [32mBuilding CXX object kiss_icp/metrics/CMakeFiles/kiss_icp_metrics.dir/Metrics.cpp.o[0m
[250.077s] [ 71%] [1m[32mLinking CXX static library libkiss_icp_metrics.a[0m
[250.208s] [ 71%] Built target kiss_icp_metrics
[250.403s] [ 78%] [32mBuilding CXX object kiss_icp/pipeline/CMakeFiles/kiss_icp_pipeline.dir/KissICP.cpp.o[0m
[257.405s] [ 85%] [1m[32mLinking CXX static library libkiss_icp_pipeline.a[0m
[258.201s] [ 85%] Built target kiss_icp_pipeline
[259.470s] [ 92%] [32mBuilding CXX object CMakeFiles/odometry_component.dir/src/OdometryServer.cpp.o[0m
[348.651s] [100%] [1m[32mLinking CXX shared library libodometry_component.so[0m
[349.267s] [100%] Built target odometry_component
[349.369s] Invoked command in '/home/admin/bench/lab/STAGING_helios16p_kiss_legged_bench_cyclone_container_files/helios16p_ws/build/kiss_icp' returned '0': CMAKE_PREFIX_PATH=${CMAKE_PREFIX_PATH}:/home/admin/bench/lab/helios16p_ws/install/helios16p_cane_robot:/opt/ros/humble /usr/local/bin/cmake --build /home/admin/bench/lab/STAGING_helios16p_kiss_legged_bench_cyclone_container_files/helios16p_ws/build/kiss_icp -- -j8 -l8
[349.381s] Invoking command in '/home/admin/bench/lab/STAGING_helios16p_kiss_legged_bench_cyclone_container_files/helios16p_ws/build/kiss_icp': CMAKE_PREFIX_PATH=${CMAKE_PREFIX_PATH}:/home/admin/bench/lab/helios16p_ws/install/helios16p_cane_robot:/opt/ros/humble /usr/local/bin/cmake --install /home/admin/bench/lab/STAGING_helios16p_kiss_legged_bench_cyclone_container_files/helios16p_ws/build/kiss_icp
[349.645s] -- Install configuration: "Release"
[349.649s] -- Installing: /home/admin/bench/lab/STAGING_helios16p_kiss_legged_bench_cyclone_container_files/helios16p_ws/install/kiss_icp/lib/kiss_icp/kiss_icp_node
[349.652s] -- Set non-toolchain portion of runtime path of "/home/admin/bench/lab/STAGING_helios16p_kiss_legged_bench_cyclone_container_files/helios16p_ws/install/kiss_icp/lib/kiss_icp/kiss_icp_node" to ""
[349.652s] -- Installing: /home/admin/bench/lab/STAGING_helios16p_kiss_legged_bench_cyclone_container_files/helios16p_ws/install/kiss_icp/lib/libodometry_component.so
[349.660s] -- Set non-toolchain portion of runtime path of "/home/admin/bench/lab/STAGING_helios16p_kiss_legged_bench_cyclone_container_files/helios16p_ws/install/kiss_icp/lib/libodometry_component.so" to ""
[349.660s] -- Installing: /home/admin/bench/lab/STAGING_helios16p_kiss_legged_bench_cyclone_container_files/helios16p_ws/install/kiss_icp/share/kiss_icp//launch
[349.661s] -- Installing: /home/admin/bench/lab/STAGING_helios16p_kiss_legged_bench_cyclone_container_files/helios16p_ws/install/kiss_icp/share/kiss_icp//launch/odometry.launch.py
[349.662s] -- Installing: /home/admin/bench/lab/STAGING_helios16p_kiss_legged_bench_cyclone_container_files/helios16p_ws/install/kiss_icp/share/kiss_icp//rviz
[349.662s] -- Installing: /home/admin/bench/lab/STAGING_helios16p_kiss_legged_bench_cyclone_container_files/helios16p_ws/install/kiss_icp/share/kiss_icp//rviz/kiss_icp.rviz
[349.663s] -- Installing: /home/admin/bench/lab/STAGING_helios16p_kiss_legged_bench_cyclone_container_files/helios16p_ws/install/kiss_icp/share/kiss_icp//config
[349.664s] -- Installing: /home/admin/bench/lab/STAGING_helios16p_kiss_legged_bench_cyclone_container_files/helios16p_ws/install/kiss_icp/share/kiss_icp//config/config.yaml
[349.667s] -- Installing: /home/admin/bench/lab/STAGING_helios16p_kiss_legged_bench_cyclone_container_files/helios16p_ws/install/kiss_icp/share/ament_index/resource_index/package_run_dependencies/kiss_icp
[349.669s] -- Installing: /home/admin/bench/lab/STAGING_helios16p_kiss_legged_bench_cyclone_container_files/helios16p_ws/install/kiss_icp/share/ament_index/resource_index/parent_prefix_path/kiss_icp
[349.670s] -- Installing: /home/admin/bench/lab/STAGING_helios16p_kiss_legged_bench_cyclone_container_files/helios16p_ws/install/kiss_icp/share/kiss_icp/environment/ament_prefix_path.sh
[349.671s] -- Installing: /home/admin/bench/lab/STAGING_helios16p_kiss_legged_bench_cyclone_container_files/helios16p_ws/install/kiss_icp/share/kiss_icp/environment/ament_prefix_path.dsv
[349.672s] -- Installing: /home/admin/bench/lab/STAGING_helios16p_kiss_legged_bench_cyclone_container_files/helios16p_ws/install/kiss_icp/share/kiss_icp/environment/path.sh
[349.672s] -- Installing: /home/admin/bench/lab/STAGING_helios16p_kiss_legged_bench_cyclone_container_files/helios16p_ws/install/kiss_icp/share/kiss_icp/environment/path.dsv
[349.674s] -- Installing: /home/admin/bench/lab/STAGING_helios16p_kiss_legged_bench_cyclone_container_files/helios16p_ws/install/kiss_icp/share/kiss_icp/local_setup.bash
[349.676s] -- Installing: /home/admin/bench/lab/STAGING_helios16p_kiss_legged_bench_cyclone_container_files/helios16p_ws/install/kiss_icp/share/kiss_icp/local_setup.sh
[349.677s] -- Installing: /home/admin/bench/lab/STAGING_helios16p_kiss_legged_bench_cyclone_container_files/helios16p_ws/install/kiss_icp/share/kiss_icp/local_setup.zsh
[349.678s] -- Installing: /home/admin/bench/lab/STAGING_helios16p_kiss_legged_bench_cyclone_container_files/helios16p_ws/install/kiss_icp/share/kiss_icp/local_setup.dsv
[349.679s] -- Installing: /home/admin/bench/lab/STAGING_helios16p_kiss_legged_bench_cyclone_container_files/helios16p_ws/install/kiss_icp/share/kiss_icp/package.dsv
[349.680s] -- Installing: /home/admin/bench/lab/STAGING_helios16p_kiss_legged_bench_cyclone_container_files/helios16p_ws/install/kiss_icp/share/ament_index/resource_index/packages/kiss_icp
[349.682s] -- Installing: /home/admin/bench/lab/STAGING_helios16p_kiss_legged_bench_cyclone_container_files/helios16p_ws/install/kiss_icp/share/ament_index/resource_index/rclcpp_components/kiss_icp
[349.684s] -- Installing: /home/admin/bench/lab/STAGING_helios16p_kiss_legged_bench_cyclone_container_files/helios16p_ws/install/kiss_icp/share/kiss_icp/cmake/kiss_icpConfig.cmake
[349.685s] -- Installing: /home/admin/bench/lab/STAGING_helios16p_kiss_legged_bench_cyclone_container_files/helios16p_ws/install/kiss_icp/share/kiss_icp/cmake/kiss_icpConfig-version.cmake
[349.685s] -- Installing: /home/admin/bench/lab/STAGING_helios16p_kiss_legged_bench_cyclone_container_files/helios16p_ws/install/kiss_icp/share/kiss_icp/package.xml
[349.693s] Invoked command in '/home/admin/bench/lab/STAGING_helios16p_kiss_legged_bench_cyclone_container_files/helios16p_ws/build/kiss_icp' returned '0': CMAKE_PREFIX_PATH=${CMAKE_PREFIX_PATH}:/home/admin/bench/lab/helios16p_ws/install/helios16p_cane_robot:/opt/ros/humble /usr/local/bin/cmake --install /home/admin/bench/lab/STAGING_helios16p_kiss_legged_bench_cyclone_container_files/helios16p_ws/build/kiss_icp
