[0.331s] DEBUG:colcon:Command line arguments: ['/usr/bin/colcon', 'build', '--packages-select', 'kiss_icp']
[0.332s] DEBUG:colcon:Parsed command line arguments: Namespace(log_base=None, log_level=None, verb_name='build', build_base='build', install_base='install', merge_install=False, symlink_install=False, test_result_base=None, continue_on_error=False, executor='parallel', parallel_workers=8, event_handlers=None, ignore_user_meta=False, metas=['./colcon.meta'], base_paths=['.'], packages_ignore=None, packages_ignore_regex=None, paths=None, packages_up_to=None, packages_up_to_regex=None, packages_above=None, packages_above_and_dependencies=None, packages_above_depth=None, packages_select_by_dep=None, packages_skip_by_dep=None, packages_skip_up_to=None, packages_select_build_failed=False, packages_skip_build_finished=False, packages_select_test_failures=False, packages_skip_test_passed=False, packages_select=['kiss_icp'], packages_skip=None, packages_select_regex=None, packages_skip_regex=None, packages_start=None, packages_end=None, allow_overriding=[], cmake_args=None, cmake_target=None, cmake_target_skip_unavailable=False, cmake_clean_cache=False, cmake_clean_first=False, cmake_force_configure=False, ament_cmake_args=None, catkin_cmake_args=None, catkin_skip_building_tests=False, mixin_files=None, mixin=None, verb_parser=<colcon_mixin.mixin.mixin_argument.MixinArgumentDecorator object at 0x7f9432a65780>, verb_extension=<colcon_core.verb.build.BuildVerb object at 0x7f9432a64df0>, main=<bound method BuildVerb.main of <colcon_core.verb.build.BuildVerb object at 0x7f9432a64df0>>, mixin_verb=('build',))
[0.806s] Level 1:colcon.colcon_core.package_discovery:discover_packages(colcon_meta) check parameters
[0.806s] Level 1:colcon.colcon_core.package_discovery:discover_packages(recursive) check parameters
[0.807s] Level 1:colcon.colcon_core.package_discovery:discover_packages(ignore) check parameters
[0.807s] Level 1:colcon.colcon_core.package_discovery:discover_packages(path) check parameters
[0.807s] Level 1:colcon.colcon_core.package_discovery:discover_packages(colcon_meta) discover
[0.807s] Level 1:colcon.colcon_core.package_discovery:discover_packages(recursive) discover
[0.807s] INFO:colcon.colcon_core.package_discovery:Crawling recursively for packages in '/home/ph/ws/helios16p_ws'
[0.807s] Level 1:colcon.colcon_core.package_identification:_identify(.) by extensions ['ignore', 'ignore_ament_install']
[0.808s] Level 1:colcon.colcon_core.package_identification:_identify(.) by extension 'ignore'
[0.808s] Level 1:colcon.colcon_core.package_identification:_identify(.) by extension 'ignore_ament_install'
[0.808s] Level 1:colcon.colcon_core.package_identification:_identify(.) by extensions ['colcon_pkg']
[0.808s] Level 1:colcon.colcon_core.package_identification:_identify(.) by extension 'colcon_pkg'
[0.808s] Level 1:colcon.colcon_core.package_identification:_identify(.) by extensions ['colcon_meta']
[0.808s] Level 1:colcon.colcon_core.package_identification:_identify(.) by extension 'colcon_meta'
[0.808s] Level 1:colcon.colcon_core.package_identification:_identify(.) by extensions ['ros']
[0.808s] Level 1:colcon.colcon_core.package_identification:_identify(.) by extension 'ros'
[0.838s] Level 1:colcon.colcon_core.package_identification:_identify(.) by extensions ['cmake', 'python']
[0.838s] Level 1:colcon.colcon_core.package_identification:_identify(.) by extension 'cmake'
[0.839s] Level 1:colcon.colcon_core.package_identification:_identify(.) by extension 'python'
[0.839s] Level 1:colcon.colcon_core.package_identification:_identify(.) by extensions ['python_setup_py']
[0.839s] Level 1:colcon.colcon_core.package_identification:_identify(.) by extension 'python_setup_py'
[0.839s] Level 1:colcon.colcon_core.package_identification:_identify(build) by extensions ['ignore', 'ignore_ament_install']
[0.839s] Level 1:colcon.colcon_core.package_identification:_identify(build) by extension 'ignore'
[0.840s] Level 1:colcon.colcon_core.package_identification:_identify(build) ignored
[0.840s] Level 1:colcon.colcon_core.package_identification:_identify(install) by extensions ['ignore', 'ignore_ament_install']
[0.840s] Level 1:colcon.colcon_core.package_identification:_identify(install) by extension 'ignore'
[0.840s] Level 1:colcon.colcon_core.package_identification:_identify(install) ignored
[0.841s] Level 1:colcon.colcon_core.package_identification:_identify(log) by extensions ['ignore', 'ignore_ament_install']
[0.841s] Level 1:colcon.colcon_core.package_identification:_identify(log) by extension 'ignore'
[0.841s] Level 1:colcon.colcon_core.package_identification:_identify(log) ignored
[0.841s] Level 1:colcon.colcon_core.package_identification:_identify(maps) by extensions ['ignore', 'ignore_ament_install']
[0.841s] Level 1:colcon.colcon_core.package_identification:_identify(maps) by extension 'ignore'
[0.842s] Level 1:colcon.colcon_core.package_identification:_identify(maps) by extension 'ignore_ament_install'
[0.842s] Level 1:colcon.colcon_core.package_identification:_identify(maps) by extensions ['colcon_pkg']
[0.842s] Level 1:colcon.colcon_core.package_identification:_identify(maps) by extension 'colcon_pkg'
[0.842s] Level 1:colcon.colcon_core.package_identification:_identify(maps) by extensions ['colcon_meta']
[0.842s] Level 1:colcon.colcon_core.package_identification:_identify(maps) by extension 'colcon_meta'
[0.842s] Level 1:colcon.colcon_core.package_identification:_identify(maps) by extensions ['ros']
[0.842s] Level 1:colcon.colcon_core.package_identification:_identify(maps) by extension 'ros'
[0.843s] Level 1:colcon.colcon_core.package_identification:_identify(maps) by extensions ['cmake', 'python']
[0.843s] Level 1:colcon.colcon_core.package_identification:_identify(maps) by extension 'cmake'
[0.843s] Level 1:colcon.colcon_core.package_identification:_identify(maps) by extension 'python'
[0.843s] Level 1:colcon.colcon_core.package_identification:_identify(maps) by extensions ['python_setup_py']
[0.843s] Level 1:colcon.colcon_core.package_identification:_identify(maps) by extension 'python_setup_py'
[0.843s] Level 1:colcon.colcon_core.package_identification:_identify(src) by extensions ['ignore', 'ignore_ament_install']
[0.843s] Level 1:colcon.colcon_core.package_identification:_identify(src) by extension 'ignore'
[0.844s] Level 1:colcon.colcon_core.package_identification:_identify(src) by extension 'ignore_ament_install'
[0.844s] Level 1:colcon.colcon_core.package_identification:_identify(src) by extensions ['colcon_pkg']
[0.844s] Level 1:colcon.colcon_core.package_identification:_identify(src) by extension 'colcon_pkg'
[0.844s] Level 1:colcon.colcon_core.package_identification:_identify(src) by extensions ['colcon_meta']
[0.844s] Level 1:colcon.colcon_core.package_identification:_identify(src) by extension 'colcon_meta'
[0.844s] Level 1:colcon.colcon_core.package_identification:_identify(src) by extensions ['ros']
[0.844s] Level 1:colcon.colcon_core.package_identification:_identify(src) by extension 'ros'
[0.845s] Level 1:colcon.colcon_core.package_identification:_identify(src) by extensions ['cmake', 'python']
[0.845s] Level 1:colcon.colcon_core.package_identification:_identify(src) by extension 'cmake'
[0.845s] Level 1:colcon.colcon_core.package_identification:_identify(src) by extension 'python'
[0.845s] Level 1:colcon.colcon_core.package_identification:_identify(src) by extensions ['python_setup_py']
[0.845s] Level 1:colcon.colcon_core.package_identification:_identify(src) by extension 'python_setup_py'
[0.845s] Level 1:colcon.colcon_core.package_identification:_identify(src/go1_description) by extensions ['ignore', 'ignore_ament_install']
[0.846s] Level 1:colcon.colcon_core.package_identification:_identify(src/go1_description) by extension 'ignore'
[0.846s] Level 1:colcon.colcon_core.package_identification:_identify(src/go1_description) by extension 'ignore_ament_install'
[0.846s] Level 1:colcon.colcon_core.package_identification:_identify(src/go1_description) by extensions ['colcon_pkg']
[0.846s] Level 1:colcon.colcon_core.package_identification:_identify(src/go1_description) by extension 'colcon_pkg'
[0.846s] Level 1:colcon.colcon_core.package_identification:_identify(src/go1_description) by extensions ['colcon_meta']
[0.846s] Level 1:colcon.colcon_core.package_identification:_identify(src/go1_description) by extension 'colcon_meta'
[0.846s] Level 1:colcon.colcon_core.package_identification:_identify(src/go1_description) by extensions ['ros']
[0.846s] Level 1:colcon.colcon_core.package_identification:_identify(src/go1_description) by extension 'ros'
[0.853s] DEBUG:colcon.colcon_core.package_identification:Package 'src/go1_description' with type 'ros.ament_cmake' and name 'go1_description'
[0.853s] Level 1:colcon.colcon_core.package_identification:_identify(src/helios16p_cane_robot) by extensions ['ignore', 'ignore_ament_install']
[0.853s] Level 1:colcon.colcon_core.package_identification:_identify(src/helios16p_cane_robot) by extension 'ignore'
[0.854s] Level 1:colcon.colcon_core.package_identification:_identify(src/helios16p_cane_robot) by extension 'ignore_ament_install'
[0.854s] Level 1:colcon.colcon_core.package_identification:_identify(src/helios16p_cane_robot) by extensions ['colcon_pkg']
[0.854s] Level 1:colcon.colcon_core.package_identification:_identify(src/helios16p_cane_robot) by extension 'colcon_pkg'
[0.854s] Level 1:colcon.colcon_core.package_identification:_identify(src/helios16p_cane_robot) by extensions ['colcon_meta']
[0.854s] Level 1:colcon.colcon_core.package_identification:_identify(src/helios16p_cane_robot) by extension 'colcon_meta'
[0.854s] Level 1:colcon.colcon_core.package_identification:_identify(src/helios16p_cane_robot) by extensions ['ros']
[0.854s] Level 1:colcon.colcon_core.package_identification:_identify(src/helios16p_cane_robot) by extension 'ros'
[0.856s] DEBUG:colcon.colcon_core.package_identification:Package 'src/helios16p_cane_robot' with type 'ros.ament_python' and name 'helios16p_cane_robot'
[0.857s] Level 1:colcon.colcon_core.package_identification:_identify(src/kiss-icp) by extensions ['ignore', 'ignore_ament_install']
[0.857s] Level 1:colcon.colcon_core.package_identification:_identify(src/kiss-icp) by extension 'ignore'
[0.857s] Level 1:colcon.colcon_core.package_identification:_identify(src/kiss-icp) by extension 'ignore_ament_install'
[0.857s] Level 1:colcon.colcon_core.package_identification:_identify(src/kiss-icp) by extensions ['colcon_pkg']
[0.857s] Level 1:colcon.colcon_core.package_identification:_identify(src/kiss-icp) by extension 'colcon_pkg'
[0.857s] Level 1:colcon.colcon_core.package_identification:_identify(src/kiss-icp) by extensions ['colcon_meta']
[0.858s] Level 1:colcon.colcon_core.package_identification:_identify(src/kiss-icp) by extension 'colcon_meta'
[0.858s] Level 1:colcon.colcon_core.package_identification:_identify(src/kiss-icp) by extensions ['ros']
[0.858s] Level 1:colcon.colcon_core.package_identification:_identify(src/kiss-icp) by extension 'ros'
[0.858s] Level 1:colcon.colcon_core.package_identification:_identify(src/kiss-icp) by extensions ['cmake', 'python']
[0.858s] Level 1:colcon.colcon_core.package_identification:_identify(src/kiss-icp) by extension 'cmake'
[0.858s] Level 1:colcon.colcon_core.package_identification:_identify(src/kiss-icp) by extension 'python'
[0.858s] Level 1:colcon.colcon_core.package_identification:_identify(src/kiss-icp) by extensions ['python_setup_py']
[0.859s] Level 1:colcon.colcon_core.package_identification:_identify(src/kiss-icp) by extension 'python_setup_py'
[0.859s] Level 1:colcon.colcon_core.package_identification:_identify(src/kiss-icp/config) by extensions ['ignore', 'ignore_ament_install']
[0.859s] Level 1:colcon.colcon_core.package_identification:_identify(src/kiss-icp/config) by extension 'ignore'
[0.859s] Level 1:colcon.colcon_core.package_identification:_identify(src/kiss-icp/config) by extension 'ignore_ament_install'
[0.859s] Level 1:colcon.colcon_core.package_identification:_identify(src/kiss-icp/config) by extensions ['colcon_pkg']
[0.859s] Level 1:colcon.colcon_core.package_identification:_identify(src/kiss-icp/config) by extension 'colcon_pkg'
[0.860s] Level 1:colcon.colcon_core.package_identification:_identify(src/kiss-icp/config) by extensions ['colcon_meta']
[0.860s] Level 1:colcon.colcon_core.package_identification:_identify(src/kiss-icp/config) by extension 'colcon_meta'
[0.860s] Level 1:colcon.colcon_core.package_identification:_identify(src/kiss-icp/config) by extensions ['ros']
[0.860s] Level 1:colcon.colcon_core.package_identification:_identify(src/kiss-icp/config) by extension 'ros'
[0.860s] Level 1:colcon.colcon_core.package_identification:_identify(src/kiss-icp/config) by extensions ['cmake', 'python']
[0.860s] Level 1:colcon.colcon_core.package_identification:_identify(src/kiss-icp/config) by extension 'cmake'
[0.860s] Level 1:colcon.colcon_core.package_identification:_identify(src/kiss-icp/config) by extension 'python'
[0.860s] Level 1:colcon.colcon_core.package_identification:_identify(src/kiss-icp/config) by extensions ['python_setup_py']
[0.861s] Level 1:colcon.colcon_core.package_identification:_identify(src/kiss-icp/config) by extension 'python_setup_py'
[0.861s] Level 1:colcon.colcon_core.package_identification:_identify(src/kiss-icp/cpp) by extensions ['ignore', 'ignore_ament_install']
[0.861s] Level 1:colcon.colcon_core.package_identification:_identify(src/kiss-icp/cpp) by extension 'ignore'
[0.861s] Level 1:colcon.colcon_core.package_identification:_identify(src/kiss-icp/cpp) ignored
[0.861s] Level 1:colcon.colcon_core.package_identification:_identify(src/kiss-icp/eval) by extensions ['ignore', 'ignore_ament_install']
[0.862s] Level 1:colcon.colcon_core.package_identification:_identify(src/kiss-icp/eval) by extension 'ignore'
[0.862s] Level 1:colcon.colcon_core.package_identification:_identify(src/kiss-icp/eval) by extension 'ignore_ament_install'
[0.862s] Level 1:colcon.colcon_core.package_identification:_identify(src/kiss-icp/eval) by extensions ['colcon_pkg']
[0.862s] Level 1:colcon.colcon_core.package_identification:_identify(src/kiss-icp/eval) by extension 'colcon_pkg'
[0.862s] Level 1:colcon.colcon_core.package_identification:_identify(src/kiss-icp/eval) by extensions ['colcon_meta']
[0.862s] Level 1:colcon.colcon_core.package_identification:_identify(src/kiss-icp/eval) by extension 'colcon_meta'
[0.862s] Level 1:colcon.colcon_core.package_identification:_identify(src/kiss-icp/eval) by extensions ['ros']
[0.863s] Level 1:colcon.colcon_core.package_identification:_identify(src/kiss-icp/eval) by extension 'ros'
[0.863s] Level 1:colcon.colcon_core.package_identification:_identify(src/kiss-icp/eval) by extensions ['cmake', 'python']
[0.863s] Level 1:colcon.colcon_core.package_identification:_identify(src/kiss-icp/eval) by extension 'cmake'
[0.863s] Level 1:colcon.colcon_core.package_identification:_identify(src/kiss-icp/eval) by extension 'python'
[0.863s] Level 1:colcon.colcon_core.package_identification:_identify(src/kiss-icp/eval) by extensions ['python_setup_py']
[0.863s] Level 1:colcon.colcon_core.package_identification:_identify(src/kiss-icp/eval) by extension 'python_setup_py'
[0.864s] Level 1:colcon.colcon_core.package_identification:_identify(src/kiss-icp/python) by extensions ['ignore', 'ignore_ament_install']
[0.864s] Level 1:colcon.colcon_core.package_identification:_identify(src/kiss-icp/python) by extension 'ignore'
[0.864s] Level 1:colcon.colcon_core.package_identification:_identify(src/kiss-icp/python) ignored
[0.864s] Level 1:colcon.colcon_core.package_identification:_identify(src/kiss-icp/ros) by extensions ['ignore', 'ignore_ament_install']
[0.865s] Level 1:colcon.colcon_core.package_identification:_identify(src/kiss-icp/ros) by extension 'ignore'
[0.865s] Level 1:colcon.colcon_core.package_identification:_identify(src/kiss-icp/ros) by extension 'ignore_ament_install'
[0.865s] Level 1:colcon.colcon_core.package_identification:_identify(src/kiss-icp/ros) by extensions ['colcon_pkg']
[0.865s] Level 1:colcon.colcon_core.package_identification:_identify(src/kiss-icp/ros) by extension 'colcon_pkg'
[0.865s] Level 1:colcon.colcon_core.package_identification:_identify(src/kiss-icp/ros) by extensions ['colcon_meta']
[0.865s] Level 1:colcon.colcon_core.package_identification:_identify(src/kiss-icp/ros) by extension 'colcon_meta'
[0.865s] Level 1:colcon.colcon_core.package_identification:_identify(src/kiss-icp/ros) by extensions ['ros']
[0.865s] Level 1:colcon.colcon_core.package_identification:_identify(src/kiss-icp/ros) by extension 'ros'
[0.870s] DEBUG:colcon.colcon_core.package_identification:Package 'src/kiss-icp/ros' with type 'ros.ament_cmake' and name 'kiss_icp'
[0.870s] Level 1:colcon.colcon_core.package_identification:_identify(src/rslidar_msg) by extensions ['ignore', 'ignore_ament_install']
[0.871s] Level 1:colcon.colcon_core.package_identification:_identify(src/rslidar_msg) by extension 'ignore'
[0.871s] Level 1:colcon.colcon_core.package_identification:_identify(src/rslidar_msg) by extension 'ignore_ament_install'
[0.871s] Level 1:colcon.colcon_core.package_identification:_identify(src/rslidar_msg) by extensions ['colcon_pkg']
[0.871s] Level 1:colcon.colcon_core.package_identification:_identify(src/rslidar_msg) by extension 'colcon_pkg'
[0.871s] Level 1:colcon.colcon_core.package_identification:_identify(src/rslidar_msg) by extensions ['colcon_meta']
[0.871s] Level 1:colcon.colcon_core.package_identification:_identify(src/rslidar_msg) by extension 'colcon_meta'
[0.871s] Level 1:colcon.colcon_core.package_identification:_identify(src/rslidar_msg) by extensions ['ros']
[0.872s] Level 1:colcon.colcon_core.package_identification:_identify(src/rslidar_msg) by extension 'ros'
[0.874s] DEBUG:colcon.colcon_core.package_identification:Package 'src/rslidar_msg' with type 'ros.ament_cmake' and name 'rslidar_msg'
[0.874s] Level 1:colcon.colcon_core.package_identification:_identify(src/rslidar_sdk) by extensions ['ignore', 'ignore_ament_install']
[0.874s] Level 1:colcon.colcon_core.package_identification:_identify(src/rslidar_sdk) by extension 'ignore'
[0.874s] Level 1:colcon.colcon_core.package_identification:_identify(src/rslidar_sdk) by extension 'ignore_ament_install'
[0.874s] Level 1:colcon.colcon_core.package_identification:_identify(src/rslidar_sdk) by extensions ['colcon_pkg']
[0.875s] Level 1:colcon.colcon_core.package_identification:_identify(src/rslidar_sdk) by extension 'colcon_pkg'
[0.875s] Level 1:colcon.colcon_core.package_identification:_identify(src/rslidar_sdk) by extensions ['colcon_meta']
[0.875s] Level 1:colcon.colcon_core.package_identification:_identify(src/rslidar_sdk) by extension 'colcon_meta'
[0.875s] Level 1:colcon.colcon_core.package_identification:_identify(src/rslidar_sdk) by extensions ['ros']
[0.875s] Level 1:colcon.colcon_core.package_identification:_identify(src/rslidar_sdk) by extension 'ros'
[0.919s] DEBUG:colcon.colcon_core.package_identification:Package 'src/rslidar_sdk' with type 'ros.ament_cmake' and name 'rslidar_sdk'
[0.920s] Level 1:colcon.colcon_core.package_identification:_identify(src/vicon_receiver) by extensions ['ignore', 'ignore_ament_install']
[0.920s] Level 1:colcon.colcon_core.package_identification:_identify(src/vicon_receiver) by extension 'ignore'
[0.920s] Level 1:colcon.colcon_core.package_identification:_identify(src/vicon_receiver) by extension 'ignore_ament_install'
[0.921s] Level 1:colcon.colcon_core.package_identification:_identify(src/vicon_receiver) by extensions ['colcon_pkg']
[0.921s] Level 1:colcon.colcon_core.package_identification:_identify(src/vicon_receiver) by extension 'colcon_pkg'
[0.921s] Level 1:colcon.colcon_core.package_identification:_identify(src/vicon_receiver) by extensions ['colcon_meta']
[0.921s] Level 1:colcon.colcon_core.package_identification:_identify(src/vicon_receiver) by extension 'colcon_meta'
[0.921s] Level 1:colcon.colcon_core.package_identification:_identify(src/vicon_receiver) by extensions ['ros']
[0.921s] Level 1:colcon.colcon_core.package_identification:_identify(src/vicon_receiver) by extension 'ros'
[0.924s] DEBUG:colcon.colcon_core.package_identification:Package 'src/vicon_receiver' with type 'ros.ament_cmake' and name 'vicon_receiver'
[0.924s] Level 1:colcon.colcon_core.package_discovery:discover_packages(recursive) using defaults
[0.924s] Level 1:colcon.colcon_core.package_discovery:discover_packages(ignore) discover
[0.924s] Level 1:colcon.colcon_core.package_discovery:discover_packages(ignore) using defaults
[0.925s] Level 1:colcon.colcon_core.package_discovery:discover_packages(path) discover
[0.925s] Level 1:colcon.colcon_core.package_discovery:discover_packages(path) using defaults
[0.979s] INFO:colcon.colcon_core.package_selection:Skipping not selected package 'go1_description' in 'src/go1_description'
[0.979s] INFO:colcon.colcon_core.package_selection:Skipping not selected package 'helios16p_cane_robot' in 'src/helios16p_cane_robot'
[0.979s] INFO:colcon.colcon_core.package_selection:Skipping not selected package 'rslidar_msg' in 'src/rslidar_msg'
[0.979s] INFO:colcon.colcon_core.package_selection:Skipping not selected package 'vicon_receiver' in 'src/vicon_receiver'
[0.979s] INFO:colcon.colcon_core.package_selection:Skipping not selected package 'rslidar_sdk' in 'src/rslidar_sdk'
[0.980s] Level 1:colcon.colcon_core.package_discovery:discover_packages(prefix_path) check parameters
[0.981s] Level 1:colcon.colcon_core.package_discovery:discover_packages(prefix_path) discover
[0.987s] DEBUG:colcon.colcon_installed_package_information.package_discovery:Found 278 installed packages in /opt/ros/humble
[0.992s] Level 1:colcon.colcon_core.package_discovery:discover_packages(prefix_path) using defaults
[1.100s] Level 5:colcon.colcon_core.verb:set package 'kiss_icp' build argument 'cmake_args' from command line to 'None'
[1.101s] Level 5:colcon.colcon_core.verb:set package 'kiss_icp' build argument 'cmake_target' from command line to 'None'
[1.101s] Level 5:colcon.colcon_core.verb:set package 'kiss_icp' build argument 'cmake_target_skip_unavailable' from command line to 'False'
[1.101s] Level 5:colcon.colcon_core.verb:set package 'kiss_icp' build argument 'cmake_clean_cache' from command line to 'False'
[1.101s] Level 5:colcon.colcon_core.verb:set package 'kiss_icp' build argument 'cmake_clean_first' from command line to 'False'
[1.101s] Level 5:colcon.colcon_core.verb:set package 'kiss_icp' build argument 'cmake_force_configure' from command line to 'False'
[1.101s] Level 5:colcon.colcon_core.verb:set package 'kiss_icp' build argument 'ament_cmake_args' from command line to 'None'
[1.101s] Level 5:colcon.colcon_core.verb:set package 'kiss_icp' build argument 'catkin_cmake_args' from command line to 'None'
[1.101s] Level 5:colcon.colcon_core.verb:set package 'kiss_icp' build argument 'catkin_skip_building_tests' from command line to 'False'
[1.101s] DEBUG:colcon.colcon_core.verb:Building package 'kiss_icp' with the following arguments: {'ament_cmake_args': None, 'build_base': '/home/ph/ws/helios16p_ws/build/kiss_icp', 'catkin_cmake_args': None, 'catkin_skip_building_tests': False, 'cmake_args': None, 'cmake_clean_cache': False, 'cmake_clean_first': False, 'cmake_force_configure': False, 'cmake_target': None, 'cmake_target_skip_unavailable': False, 'install_base': '/home/ph/ws/helios16p_ws/install/kiss_icp', 'merge_install': False, 'path': '/home/ph/ws/helios16p_ws/src/kiss-icp/ros', 'symlink_install': False, 'test_result_base': None}
[1.102s] INFO:colcon.colcon_core.executor:Executing jobs using 'parallel' executor
[1.104s] DEBUG:colcon.colcon_parallel_executor.executor.parallel:run_until_complete
[1.105s] INFO:colcon.colcon_ros.task.ament_cmake.build:Building ROS package in '/home/ph/ws/helios16p_ws/src/kiss-icp/ros' with build type 'ament_cmake'
[1.105s] INFO:colcon.colcon_cmake.task.cmake.build:Building CMake package in '/home/ph/ws/helios16p_ws/src/kiss-icp/ros'
[1.111s] INFO:colcon.colcon_core.plugin_system:Skipping extension 'colcon_core.shell.bat': Not used on non-Windows systems
[1.112s] INFO:colcon.colcon_core.shell:Skip shell extension 'powershell' for command environment: Not usable outside of PowerShell
[1.112s] DEBUG:colcon.colcon_core.shell:Skip shell extension 'dsv' for command environment
[1.135s] DEBUG:colcon.colcon_core.event_handler.log_command:Invoking command in '/home/ph/ws/helios16p_ws/build/kiss_icp': CMAKE_PREFIX_PATH=/opt/ros/humble /home/ph/.local/bin/cmake /home/ph/ws/helios16p_ws/src/kiss-icp/ros -DCMAKE_INSTALL_PREFIX=/home/ph/ws/helios16p_ws/install/kiss_icp
[10.045s] DEBUG:colcon.colcon_core.event_handler.log_command:Invoked command in '/home/ph/ws/helios16p_ws/build/kiss_icp' returned '0': CMAKE_PREFIX_PATH=/opt/ros/humble /home/ph/.local/bin/cmake /home/ph/ws/helios16p_ws/src/kiss-icp/ros -DCMAKE_INSTALL_PREFIX=/home/ph/ws/helios16p_ws/install/kiss_icp
[10.051s] DEBUG:colcon.colcon_core.event_handler.log_command:Invoking command in '/home/ph/ws/helios16p_ws/build/kiss_icp': CMAKE_PREFIX_PATH=/opt/ros/humble /home/ph/.local/bin/cmake --build /home/ph/ws/helios16p_ws/build/kiss_icp -- -j8 -l8
[87.842s] DEBUG:colcon.colcon_core.event_handler.log_command:Invoked command in '/home/ph/ws/helios16p_ws/build/kiss_icp' returned '0': CMAKE_PREFIX_PATH=/opt/ros/humble /home/ph/.local/bin/cmake --build /home/ph/ws/helios16p_ws/build/kiss_icp -- -j8 -l8
[88.083s] DEBUG:colcon.colcon_core.event_handler.log_command:Invoking command in '/home/ph/ws/helios16p_ws/build/kiss_icp': CMAKE_PREFIX_PATH=/opt/ros/humble /home/ph/.local/bin/cmake --install /home/ph/ws/helios16p_ws/build/kiss_icp
[88.342s] Level 1:colcon.colcon_core.environment:create_environment_scripts_only(kiss_icp)
[88.343s] DEBUG:colcon.colcon_core.event_handler.log_command:Invoked command in '/home/ph/ws/helios16p_ws/build/kiss_icp' returned '0': CMAKE_PREFIX_PATH=/opt/ros/humble /home/ph/.local/bin/cmake --install /home/ph/ws/helios16p_ws/build/kiss_icp
[88.349s] Level 1:colcon.colcon_core.environment:checking '/home/ph/ws/helios16p_ws/install/kiss_icp' for CMake module files
[88.351s] Level 1:colcon.colcon_core.environment:checking '/home/ph/ws/helios16p_ws/install/kiss_icp' for CMake config files
[88.352s] Level 1:colcon.colcon_core.shell:create_environment_hook('kiss_icp', 'cmake_prefix_path')
[88.352s] INFO:colcon.colcon_core.shell:Creating environment hook '/home/ph/ws/helios16p_ws/install/kiss_icp/share/kiss_icp/hook/cmake_prefix_path.ps1'
[88.354s] INFO:colcon.colcon_core.shell:Creating environment descriptor '/home/ph/ws/helios16p_ws/install/kiss_icp/share/kiss_icp/hook/cmake_prefix_path.dsv'
[88.355s] INFO:colcon.colcon_core.shell:Creating environment hook '/home/ph/ws/helios16p_ws/install/kiss_icp/share/kiss_icp/hook/cmake_prefix_path.sh'
[88.357s] Level 1:colcon.colcon_core.environment:checking '/home/ph/ws/helios16p_ws/install/kiss_icp/lib'
[88.358s] Level 1:colcon.colcon_core.shell:create_environment_hook('kiss_icp', 'ld_library_path_lib')
[88.359s] INFO:colcon.colcon_core.shell:Creating environment hook '/home/ph/ws/helios16p_ws/install/kiss_icp/share/kiss_icp/hook/ld_library_path_lib.ps1'
[88.360s] INFO:colcon.colcon_core.shell:Creating environment descriptor '/home/ph/ws/helios16p_ws/install/kiss_icp/share/kiss_icp/hook/ld_library_path_lib.dsv'
[88.360s] INFO:colcon.colcon_core.shell:Creating environment hook '/home/ph/ws/helios16p_ws/install/kiss_icp/share/kiss_icp/hook/ld_library_path_lib.sh'
[88.361s] Level 1:colcon.colcon_core.environment:checking '/home/ph/ws/helios16p_ws/install/kiss_icp/bin'
[88.362s] Level 1:colcon.colcon_core.environment:checking '/home/ph/ws/helios16p_ws/install/kiss_icp/lib/pkgconfig/kiss_icp.pc'
[88.362s] Level 1:colcon.colcon_core.environment:checking '/home/ph/ws/helios16p_ws/install/kiss_icp/lib/python3.10/site-packages'
[88.363s] Level 1:colcon.colcon_core.environment:checking '/home/ph/ws/helios16p_ws/install/kiss_icp/bin'
[88.364s] INFO:colcon.colcon_core.shell:Creating package script '/home/ph/ws/helios16p_ws/install/kiss_icp/share/kiss_icp/package.ps1'
[88.366s] INFO:colcon.colcon_core.shell:Creating package descriptor '/home/ph/ws/helios16p_ws/install/kiss_icp/share/kiss_icp/package.dsv'
[88.368s] INFO:colcon.colcon_core.shell:Creating package script '/home/ph/ws/helios16p_ws/install/kiss_icp/share/kiss_icp/package.sh'
[88.370s] INFO:colcon.colcon_core.shell:Creating package script '/home/ph/ws/helios16p_ws/install/kiss_icp/share/kiss_icp/package.bash'
[88.372s] INFO:colcon.colcon_core.shell:Creating package script '/home/ph/ws/helios16p_ws/install/kiss_icp/share/kiss_icp/package.zsh'
[88.374s] Level 1:colcon.colcon_core.environment:create_file_with_runtime_dependencies(/home/ph/ws/helios16p_ws/install/kiss_icp/share/colcon-core/packages/kiss_icp)
[88.377s] Level 1:colcon.colcon_core.environment:create_environment_scripts_only(kiss_icp)
[88.378s] Level 1:colcon.colcon_core.environment:checking '/home/ph/ws/helios16p_ws/install/kiss_icp' for CMake module files
[88.379s] Level 1:colcon.colcon_core.environment:checking '/home/ph/ws/helios16p_ws/install/kiss_icp' for CMake config files
[88.380s] Level 1:colcon.colcon_core.shell:create_environment_hook('kiss_icp', 'cmake_prefix_path')
[88.380s] INFO:colcon.colcon_core.shell:Creating environment hook '/home/ph/ws/helios16p_ws/install/kiss_icp/share/kiss_icp/hook/cmake_prefix_path.ps1'
[88.381s] INFO:colcon.colcon_core.shell:Creating environment descriptor '/home/ph/ws/helios16p_ws/install/kiss_icp/share/kiss_icp/hook/cmake_prefix_path.dsv'
[88.382s] INFO:colcon.colcon_core.shell:Creating environment hook '/home/ph/ws/helios16p_ws/install/kiss_icp/share/kiss_icp/hook/cmake_prefix_path.sh'
[88.384s] Level 1:colcon.colcon_core.environment:checking '/home/ph/ws/helios16p_ws/install/kiss_icp/lib'
[88.384s] Level 1:colcon.colcon_core.shell:create_environment_hook('kiss_icp', 'ld_library_path_lib')
[88.384s] INFO:colcon.colcon_core.shell:Creating environment hook '/home/ph/ws/helios16p_ws/install/kiss_icp/share/kiss_icp/hook/ld_library_path_lib.ps1'
[88.385s] INFO:colcon.colcon_core.shell:Creating environment descriptor '/home/ph/ws/helios16p_ws/install/kiss_icp/share/kiss_icp/hook/ld_library_path_lib.dsv'
[88.386s] INFO:colcon.colcon_core.shell:Creating environment hook '/home/ph/ws/helios16p_ws/install/kiss_icp/share/kiss_icp/hook/ld_library_path_lib.sh'
[88.387s] Level 1:colcon.colcon_core.environment:checking '/home/ph/ws/helios16p_ws/install/kiss_icp/bin'
[88.387s] Level 1:colcon.colcon_core.environment:checking '/home/ph/ws/helios16p_ws/install/kiss_icp/lib/pkgconfig/kiss_icp.pc'
[88.388s] Level 1:colcon.colcon_core.environment:checking '/home/ph/ws/helios16p_ws/install/kiss_icp/lib/python3.10/site-packages'
[88.389s] Level 1:colcon.colcon_core.environment:checking '/home/ph/ws/helios16p_ws/install/kiss_icp/bin'
[88.390s] INFO:colcon.colcon_core.shell:Creating package script '/home/ph/ws/helios16p_ws/install/kiss_icp/share/kiss_icp/package.ps1'
[88.391s] INFO:colcon.colcon_core.shell:Creating package descriptor '/home/ph/ws/helios16p_ws/install/kiss_icp/share/kiss_icp/package.dsv'
[88.393s] INFO:colcon.colcon_core.shell:Creating package script '/home/ph/ws/helios16p_ws/install/kiss_icp/share/kiss_icp/package.sh'
[88.394s] INFO:colcon.colcon_core.shell:Creating package script '/home/ph/ws/helios16p_ws/install/kiss_icp/share/kiss_icp/package.bash'
[88.395s] INFO:colcon.colcon_core.shell:Creating package script '/home/ph/ws/helios16p_ws/install/kiss_icp/share/kiss_icp/package.zsh'
[88.396s] Level 1:colcon.colcon_core.environment:create_file_with_runtime_dependencies(/home/ph/ws/helios16p_ws/install/kiss_icp/share/colcon-core/packages/kiss_icp)
[88.396s] DEBUG:colcon.colcon_parallel_executor.executor.parallel:closing loop
[88.397s] DEBUG:colcon.colcon_parallel_executor.executor.parallel:loop closed
[88.397s] DEBUG:colcon.colcon_parallel_executor.executor.parallel:run_until_complete finished with '0'
[88.397s] DEBUG:colcon.colcon_core.event_reactor:joining thread
[88.413s] INFO:colcon.colcon_core.plugin_system:Skipping extension 'colcon_notification.desktop_notification.terminal_notifier': Not used on non-Darwin systems
[88.413s] INFO:colcon.colcon_core.plugin_system:Skipping extension 'colcon_notification.desktop_notification.win32': Not used on non-Windows systems
[88.413s] INFO:colcon.colcon_notification.desktop_notification:Sending desktop notification using 'notify2'
[88.418s] DEBUG:colcon.colcon_core.event_reactor:joined thread
[88.419s] INFO:colcon.colcon_core.shell:Creating prefix script '/home/ph/ws/helios16p_ws/install/local_setup.ps1'
[88.422s] INFO:colcon.colcon_core.shell:Creating prefix util module '/home/ph/ws/helios16p_ws/install/_local_setup_util_ps1.py'
[88.427s] INFO:colcon.colcon_core.shell:Creating prefix chain script '/home/ph/ws/helios16p_ws/install/setup.ps1'
[88.431s] INFO:colcon.colcon_core.shell:Creating prefix script '/home/ph/ws/helios16p_ws/install/local_setup.sh'
[88.432s] INFO:colcon.colcon_core.shell:Creating prefix util module '/home/ph/ws/helios16p_ws/install/_local_setup_util_sh.py'
[88.434s] INFO:colcon.colcon_core.shell:Creating prefix chain script '/home/ph/ws/helios16p_ws/install/setup.sh'
[88.437s] INFO:colcon.colcon_core.shell:Creating prefix script '/home/ph/ws/helios16p_ws/install/local_setup.bash'
[88.438s] INFO:colcon.colcon_core.shell:Creating prefix chain script '/home/ph/ws/helios16p_ws/install/setup.bash'
[88.440s] INFO:colcon.colcon_core.shell:Creating prefix script '/home/ph/ws/helios16p_ws/install/local_setup.zsh'
[88.442s] INFO:colcon.colcon_core.shell:Creating prefix chain script '/home/ph/ws/helios16p_ws/install/setup.zsh'
