[0.803s] Invoking command in '/home/ph/ws/helios16p_ws/build/kiss_icp': CMAKE_PREFIX_PATH=/opt/ros/humble /usr/bin/cmake --build /home/ph/ws/helios16p_ws/build/kiss_icp -- -j8 -l8
[0.903s] [ 14%] Built target kiss_icp_metrics
[0.909s] [ 57%] Built target kiss_icp_core
[0.914s] [ 71%] Built target kiss_icp_node
[0.956s] [ 85%] Built target kiss_icp_pipeline
[1.018s] [100%] Built target odometry_component
[1.040s] Invoked command in '/home/ph/ws/helios16p_ws/build/kiss_icp' returned '0': CMAKE_PREFIX_PATH=/opt/ros/humble /usr/bin/cmake --build /home/ph/ws/helios16p_ws/build/kiss_icp -- -j8 -l8
[1.058s] Invoking command in '/home/ph/ws/helios16p_ws/build/kiss_icp': CMAKE_PREFIX_PATH=/opt/ros/humble /usr/bin/cmake --install /home/ph/ws/helios16p_ws/build/kiss_icp
[1.068s] -- Install configuration: "Release"
[1.071s] -- Up-to-date: /home/ph/ws/helios16p_ws/install/kiss_icp/lib/kiss_icp/kiss_icp_node
[1.073s] -- Up-to-date: /home/ph/ws/helios16p_ws/install/kiss_icp/lib/libodometry_component.so
[1.074s] -- Up-to-date: /home/ph/ws/helios16p_ws/install/kiss_icp/share/kiss_icp//launch
[1.075s] -- Up-to-date: /home/ph/ws/helios16p_ws/install/kiss_icp/share/kiss_icp//launch/odometry.launch.py
[1.076s] -- Up-to-date: /home/ph/ws/helios16p_ws/install/kiss_icp/share/kiss_icp//rviz
[1.076s] -- Up-to-date: /home/ph/ws/helios16p_ws/install/kiss_icp/share/kiss_icp//rviz/kiss_icp.rviz
[1.077s] -- Up-to-date: /home/ph/ws/helios16p_ws/install/kiss_icp/share/kiss_icp//config
[1.077s] -- Up-to-date: /home/ph/ws/helios16p_ws/install/kiss_icp/share/kiss_icp//config/config.yaml
[1.077s] -- Up-to-date: /home/ph/ws/helios16p_ws/install/kiss_icp/share/ament_index/resource_index/package_run_dependencies/kiss_icp
[1.078s] -- Up-to-date: /home/ph/ws/helios16p_ws/install/kiss_icp/share/ament_index/resource_index/parent_prefix_path/kiss_icp
[1.078s] -- Up-to-date: /home/ph/ws/helios16p_ws/install/kiss_icp/share/kiss_icp/environment/ament_prefix_path.sh
[1.078s] -- Up-to-date: /home/ph/ws/helios16p_ws/install/kiss_icp/share/kiss_icp/environment/ament_prefix_path.dsv
[1.079s] -- Up-to-date: /home/ph/ws/helios16p_ws/install/kiss_icp/share/kiss_icp/environment/path.sh
[1.079s] -- Up-to-date: /home/ph/ws/helios16p_ws/install/kiss_icp/share/kiss_icp/environment/path.dsv
[1.080s] -- Up-to-date: /home/ph/ws/helios16p_ws/install/kiss_icp/share/kiss_icp/local_setup.bash
[1.080s] -- Up-to-date: /home/ph/ws/helios16p_ws/install/kiss_icp/share/kiss_icp/local_setup.sh
[1.085s] -- Up-to-date: /home/ph/ws/helios16p_ws/install/kiss_icp/share/kiss_icp/local_setup.zsh
[1.086s] -- Up-to-date: /home/ph/ws/helios16p_ws/install/kiss_icp/share/kiss_icp/local_setup.dsv
[1.086s] -- Installing: /home/ph/ws/helios16p_ws/install/kiss_icp/share/kiss_icp/package.dsv
[1.086s] -- Up-to-date: /home/ph/ws/helios16p_ws/install/kiss_icp/share/ament_index/resource_index/packages/kiss_icp
[1.087s] -- Up-to-date: /home/ph/ws/helios16p_ws/install/kiss_icp/share/ament_index/resource_index/rclcpp_components/kiss_icp
[1.087s] -- Up-to-date: /home/ph/ws/helios16p_ws/install/kiss_icp/share/kiss_icp/cmake/kiss_icpConfig.cmake
[1.087s] -- Up-to-date: /home/ph/ws/helios16p_ws/install/kiss_icp/share/kiss_icp/cmake/kiss_icpConfig-version.cmake
[1.087s] -- Up-to-date: /home/ph/ws/helios16p_ws/install/kiss_icp/share/kiss_icp/package.xml
[1.088s] Invoked command in '/home/ph/ws/helios16p_ws/build/kiss_icp' returned '0': CMAKE_PREFIX_PATH=/opt/ros/humble /usr/bin/cmake --install /home/ph/ws/helios16p_ws/build/kiss_icp
