[0.025s] Invoking command in '/home/ph/ws/helios16p_ws/build/kiss_icp': CMAKE_PREFIX_PATH=/opt/ros/humble /home/ph/.local/bin/cmake /home/ph/ws/helios16p_ws/src/kiss-icp/ros -DCMAKE_INSTALL_PREFIX=/home/ph/ws/helios16p_ws/install/kiss_icp
[0.522s] -- The CXX compiler identification is GNU 11.4.0
[0.559s] -- Detecting CXX compiler ABI info
[0.794s] -- Detecting CXX compiler ABI info - done
[0.862s] -- Check for working CXX compiler: /usr/bin/c++ - skipped
[0.863s] -- Detecting CXX compile features
[0.866s] -- Detecting CXX compile features - done
[0.899s] [0mCMake Deprecation Warning at /home/ph/ws/helios16p_ws/src/kiss-icp/cpp/kiss_icp/3rdparty/find_dependencies.cmake:25 (cmake_policy):
[0.899s]   The OLD behavior for policy CMP0135 will be removed from a future version
[0.899s]   of CMake.
[0.900s] 
[0.900s]   The cmake-policies(7) manual explains that the OLD behaviors of all
[0.900s]   policies are deprecated and that a policy should be set to OLD only under
[0.900s]   specific short-term circumstances.  Projects should be ported to the NEW
[0.901s]   behavior and not rely on setting a policy to OLD.
[0.901s] Call Stack (most recent call first):
[0.901s]   /home/ph/ws/helios16p_ws/src/kiss-icp/cpp/kiss_icp/CMakeLists.txt:48 (include)
[0.901s] 
[0.901s] [0m
[3.291s] -- The C compiler identification is GNU 11.4.0
[3.322s] -- Detecting C compiler ABI info
[3.524s] -- Detecting C compiler ABI info - done
[3.591s] -- Check for working C compiler: /usr/bin/cc - skipped
[3.593s] -- Detecting C compile features
[3.594s] -- Detecting C compile features - done
[6.784s] [0mCMake Deprecation Warning at /home/ph/ws/helios16p_ws/build/kiss_icp/_deps/tessil-src/CMakeLists.txt:1 (cmake_minimum_required):
[6.784s]   Compatibility with CMake < 3.10 will be removed from a future version of
[6.784s]   CMake.
[6.784s] 
[6.784s]   Update the VERSION argument <min> value.  Or, use the <min>...<max> syntax
[6.785s]   to tell CMake that the project requires at least <min> but has been updated
[6.785s]   to work with policies introduced by <max> or earlier.
[6.785s] 
[6.785s] [0m
[6.963s] -- Found ament_cmake: 1.3.12 (/opt/ros/humble/share/ament_cmake/cmake)
[7.346s] -- Found Python3: /usr/bin/python3 (found version "3.10.12") found components: Interpreter
[7.664s] -- Found geometry_msgs: 4.9.0 (/opt/ros/humble/share/geometry_msgs/cmake)
[7.809s] -- Found rosidl_generator_c: 3.1.7 (/opt/ros/humble/share/rosidl_generator_c/cmake)
[7.862s] -- Found rosidl_adapter: 3.1.7 (/opt/ros/humble/share/rosidl_adapter/cmake)
[7.897s] -- Found rosidl_generator_cpp: 3.1.7 (/opt/ros/humble/share/rosidl_generator_cpp/cmake)
[7.947s] -- Using all available rosidl_typesupport_c: rosidl_typesupport_fastrtps_c;rosidl_typesupport_introspection_c
[8.059s] -- Using all available rosidl_typesupport_cpp: rosidl_typesupport_fastrtps_cpp;rosidl_typesupport_introspection_cpp
[8.379s] -- Found nav_msgs: 4.9.0 (/opt/ros/humble/share/nav_msgs/cmake)
[9.932s] -- Found rclcpp: 16.0.16 (/opt/ros/humble/share/rclcpp/cmake)
[10.087s] -- Found rmw_implementation_cmake: 6.1.2 (/opt/ros/humble/share/rmw_implementation_cmake/cmake)
[10.097s] -- Found rmw_fastrtps_cpp: 6.2.9 (/opt/ros/humble/share/rmw_fastrtps_cpp/cmake)
[10.450s] -- Found OpenSSL: /usr/lib/x86_64-linux-gnu/libcrypto.so (found version "3.0.2")
[10.578s] -- Found FastRTPS: /opt/ros/humble/include
[10.755s] -- Using RMW implementation 'rmw_fastrtps_cpp' as default
[10.792s] -- Performing Test CMAKE_HAVE_LIBC_PTHREAD
[11.073s] -- Performing Test CMAKE_HAVE_LIBC_PTHREAD - Success
[11.077s] -- Found Threads: TRUE
[11.296s] -- Found rclcpp_components: 16.0.16 (/opt/ros/humble/share/rclcpp_components/cmake)
[11.485s] -- Found sensor_msgs: 4.9.0 (/opt/ros/humble/share/sensor_msgs/cmake)
[11.631s] -- Found tf2_ros: 0.25.17 (/opt/ros/humble/share/tf2_ros/cmake)
[12.356s] -- Found std_srvs: 4.9.0 (/opt/ros/humble/share/std_srvs/cmake)
[12.699s] -- Configuring done (12.4s)
[12.857s] -- Generating done (0.2s)
[13.052s] -- Build files have been written to: /home/ph/ws/helios16p_ws/build/kiss_icp
[13.103s] Invoked command in '/home/ph/ws/helios16p_ws/build/kiss_icp' returned '0': CMAKE_PREFIX_PATH=/opt/ros/humble /home/ph/.local/bin/cmake /home/ph/ws/helios16p_ws/src/kiss-icp/ros -DCMAKE_INSTALL_PREFIX=/home/ph/ws/helios16p_ws/install/kiss_icp
[13.112s] Invoking command in '/home/ph/ws/helios16p_ws/build/kiss_icp': CMAKE_PREFIX_PATH=/opt/ros/humble /home/ph/.local/bin/cmake --build /home/ph/ws/helios16p_ws/build/kiss_icp -- -j8 -l8
[13.529s] [  7%] [32mBuilding CXX object kiss_icp/core/CMakeFiles/kiss_icp_core.dir/Registration.cpp.o[0m
[13.530s] [ 14%] [32mBuilding CXX object kiss_icp/core/CMakeFiles/kiss_icp_core.dir/VoxelUtils.cpp.o[0m
[13.534s] [ 21%] [32mBuilding CXX object CMakeFiles/kiss_icp_node.dir/rclcpp_components/node_main_kiss_icp_node.cpp.o[0m
[13.535s] [ 28%] [32mBuilding CXX object kiss_icp/core/CMakeFiles/kiss_icp_core.dir/VoxelHashMap.cpp.o[0m
[13.536s] [ 35%] [32mBuilding CXX object kiss_icp/metrics/CMakeFiles/kiss_icp_metrics.dir/Metrics.cpp.o[0m
[13.546s] [ 42%] [32mBuilding CXX object kiss_icp/core/CMakeFiles/kiss_icp_core.dir/Threshold.cpp.o[0m
[13.546s] [ 50%] [32mBuilding CXX object kiss_icp/core/CMakeFiles/kiss_icp_core.dir/Preprocessing.cpp.o[0m
[31.172s] [ 57%] [1m[32mLinking CXX executable kiss_icp_node[0m
[31.692s] [ 57%] Built target kiss_icp_node
[41.010s] [ 64%] [1m[32mLinking CXX static library libkiss_icp_core.a[0m
[41.085s] [ 64%] Built target kiss_icp_core
[41.122s] [ 71%] [32mBuilding CXX object kiss_icp/pipeline/CMakeFiles/kiss_icp_pipeline.dir/KissICP.cpp.o[0m
[47.824s] [ 78%] [1m[32mLinking CXX static library libkiss_icp_pipeline.a[0m
[47.889s] [ 78%] Built target kiss_icp_pipeline
[47.930s] [ 85%] [32mBuilding CXX object CMakeFiles/odometry_component.dir/src/OdometryServer.cpp.o[0m
[60.881s] [ 92%] [1m[32mLinking CXX static library libkiss_icp_metrics.a[0m
[60.964s] [ 92%] Built target kiss_icp_metrics
[120.332s] [100%] [1m[32mLinking CXX shared library libodometry_component.so[0m
[121.490s] [100%] Built target odometry_component
[121.534s] Invoked command in '/home/ph/ws/helios16p_ws/build/kiss_icp' returned '0': CMAKE_PREFIX_PATH=/opt/ros/humble /home/ph/.local/bin/cmake --build /home/ph/ws/helios16p_ws/build/kiss_icp -- -j8 -l8
[121.913s] Invoking command in '/home/ph/ws/helios16p_ws/build/kiss_icp': CMAKE_PREFIX_PATH=/opt/ros/humble /home/ph/.local/bin/cmake --install /home/ph/ws/helios16p_ws/build/kiss_icp
[122.438s] -- Install configuration: "Release"
[122.929s] -- Installing: /home/ph/ws/helios16p_ws/install/kiss_icp/lib/kiss_icp/kiss_icp_node
[123.187s] -- Set non-toolchain portion of runtime path of "/home/ph/ws/helios16p_ws/install/kiss_icp/lib/kiss_icp/kiss_icp_node" to ""
[123.240s] -- Installing: /home/ph/ws/helios16p_ws/install/kiss_icp/lib/libodometry_component.so
[123.247s] -- Set non-toolchain portion of runtime path of "/home/ph/ws/helios16p_ws/install/kiss_icp/lib/libodometry_component.so" to ""
[123.247s] -- Installing: /home/ph/ws/helios16p_ws/install/kiss_icp/share/kiss_icp//launch
[123.287s] -- Installing: /home/ph/ws/helios16p_ws/install/kiss_icp/share/kiss_icp//launch/odometry.launch.py
[123.326s] -- Installing: /home/ph/ws/helios16p_ws/install/kiss_icp/share/kiss_icp//rviz
[123.363s] -- Installing: /home/ph/ws/helios16p_ws/install/kiss_icp/share/kiss_icp//rviz/kiss_icp.rviz
[123.440s] -- Installing: /home/ph/ws/helios16p_ws/install/kiss_icp/share/kiss_icp//config
[123.481s] -- Installing: /home/ph/ws/helios16p_ws/install/kiss_icp/share/kiss_icp//config/config.yaml
[123.520s] -- Installing: /home/ph/ws/helios16p_ws/install/kiss_icp/share/ament_index/resource_index/package_run_dependencies/kiss_icp
[123.589s] -- Installing: /home/ph/ws/helios16p_ws/install/kiss_icp/share/ament_index/resource_index/parent_prefix_path/kiss_icp
[123.625s] -- Installing: /home/ph/ws/helios16p_ws/install/kiss_icp/share/kiss_icp/environment/ament_prefix_path.sh
[123.662s] -- Installing: /home/ph/ws/helios16p_ws/install/kiss_icp/share/kiss_icp/environment/ament_prefix_path.dsv
[123.699s] -- Installing: /home/ph/ws/helios16p_ws/install/kiss_icp/share/kiss_icp/environment/path.sh
[123.738s] -- Installing: /home/ph/ws/helios16p_ws/install/kiss_icp/share/kiss_icp/environment/path.dsv
[123.774s] -- Installing: /home/ph/ws/helios16p_ws/install/kiss_icp/share/kiss_icp/local_setup.bash
[123.810s] -- Installing: /home/ph/ws/helios16p_ws/install/kiss_icp/share/kiss_icp/local_setup.sh
[123.845s] -- Installing: /home/ph/ws/helios16p_ws/install/kiss_icp/share/kiss_icp/local_setup.zsh
[123.882s] -- Installing: /home/ph/ws/helios16p_ws/install/kiss_icp/share/kiss_icp/local_setup.dsv
[123.952s] -- Installing: /home/ph/ws/helios16p_ws/install/kiss_icp/share/kiss_icp/package.dsv
[123.992s] -- Installing: /home/ph/ws/helios16p_ws/install/kiss_icp/share/ament_index/resource_index/packages/kiss_icp
[123.993s] -- Installing: /home/ph/ws/helios16p_ws/install/kiss_icp/share/ament_index/resource_index/rclcpp_components/kiss_icp
[124.032s] -- Installing: /home/ph/ws/helios16p_ws/install/kiss_icp/share/kiss_icp/cmake/kiss_icpConfig.cmake
[124.074s] -- Installing: /home/ph/ws/helios16p_ws/install/kiss_icp/share/kiss_icp/cmake/kiss_icpConfig-version.cmake
[124.113s] -- Installing: /home/ph/ws/helios16p_ws/install/kiss_icp/share/kiss_icp/package.xml
[124.156s] Invoked command in '/home/ph/ws/helios16p_ws/build/kiss_icp' returned '0': CMAKE_PREFIX_PATH=/opt/ros/humble /home/ph/.local/bin/cmake --install /home/ph/ws/helios16p_ws/build/kiss_icp
