[0.056s] Invoking command in '/home/ph/ws/helios16p_ws/build/rslidar_msg': CMAKE_PREFIX_PATH=/opt/ros/humble /usr/bin/cmake --build /home/ph/ws/helios16p_ws/build/rslidar_msg -- -j8 -l8
[0.548s] [  3%] Built target rslidar_msg__cpp
[0.548s] [ 12%] Built target rslidar_msg__rosidl_generator_c
[0.548s] [ 12%] Built target ament_cmake_python_copy_rslidar_msg
[0.549s] [ 22%] Built target rslidar_msg__rosidl_typesupport_fastrtps_cpp
[0.549s] [ 32%] Built target rslidar_msg__rosidl_typesupport_cpp
[0.549s] [ 51%] Built target rslidar_msg__rosidl_typesupport_introspection_c
[0.549s] [ 51%] Built target rslidar_msg__rosidl_typesupport_introspection_cpp
[0.550s] [ 61%] Built target rslidar_msg__rosidl_typesupport_c
[0.550s] [ 70%] Built target rslidar_msg__rosidl_typesupport_fastrtps_c
[0.550s] [ 70%] Built target rslidar_msg
[0.550s] [ 74%] Built target rslidar_msg__py
[0.551s] [ 80%] Built target rslidar_msg__rosidl_generator_py
[0.551s] [ 93%] Built target rslidar_msg__rosidl_typesupport_introspection_c__pyext
[0.551s] [ 93%] Built target rslidar_msg__rosidl_typesupport_fastrtps_c__pyext
[0.551s] [100%] Built target rslidar_msg__rosidl_typesupport_c__pyext
[0.901s] running egg_info
[0.967s] writing rslidar_msg.egg-info/PKG-INFO
[0.968s] writing dependency_links to rslidar_msg.egg-info/dependency_links.txt
[0.969s] writing top-level names to rslidar_msg.egg-info/top_level.txt
[1.162s] reading manifest file 'rslidar_msg.egg-info/SOURCES.txt'
[1.165s] writing manifest file 'rslidar_msg.egg-info/SOURCES.txt'
[1.229s] [100%] Built target ament_cmake_python_build_rslidar_msg_egg
