[0.880s] Invoking command in '/home/ph/ws/helios16p_ws/build/kiss_icp': CMAKE_PREFIX_PATH=/opt/ros/humble /usr/bin/cmake --build /home/ph/ws/helios16p_ws/build/kiss_icp -- -j8 -l8
[0.973s] [ 14%] Built target kiss_icp_metrics
[0.987s] [ 28%] Built target kiss_icp_node
[0.992s] [ 71%] Built target kiss_icp_core
[1.038s] [ 85%] Built target kiss_icp_pipeline
[1.102s] [100%] Built target odometry_component
[1.123s] Invoked command in '/home/ph/ws/helios16p_ws/build/kiss_icp' returned '0': CMAKE_PREFIX_PATH=/opt/ros/humble /usr/bin/cmake --build /home/ph/ws/helios16p_ws/build/kiss_icp -- -j8 -l8
[1.143s] Invoking command in '/home/ph/ws/helios16p_ws/build/kiss_icp': CMAKE_PREFIX_PATH=/opt/ros/humble /usr/bin/cmake --install /home/ph/ws/helios16p_ws/build/kiss_icp
[1.156s] -- Install configuration: "Release"
[1.159s] -- Up-to-date: /home/ph/ws/helios16p_ws/install/kiss_icp/lib/kiss_icp/kiss_icp_node
[1.161s] -- Up-to-date: /home/ph/ws/helios16p_ws/install/kiss_icp/lib/libodometry_component.so
[1.163s] -- Up-to-date: /home/ph/ws/helios16p_ws/install/kiss_icp/share/kiss_icp//launch
[1.165s] -- Up-to-date: /home/ph/ws/helios16p_ws/install/kiss_icp/share/kiss_icp//launch/odometry.launch.py
[1.166s] -- Up-to-date: /home/ph/ws/helios16p_ws/install/kiss_icp/share/kiss_icp//rviz
[1.166s] -- Up-to-date: /home/ph/ws/helios16p_ws/install/kiss_icp/share/kiss_icp//rviz/kiss_icp.rviz
[1.166s] -- Up-to-date: /home/ph/ws/helios16p_ws/install/kiss_icp/share/kiss_icp//config
[1.167s] -- Up-to-date: /home/ph/ws/helios16p_ws/install/kiss_icp/share/kiss_icp//config/config.yaml
[1.167s] -- Up-to-date: /home/ph/ws/helios16p_ws/install/kiss_icp/share/ament_index/resource_index/package_run_dependencies/kiss_icp
[1.174s] -- Up-to-date: /home/ph/ws/helios16p_ws/install/kiss_icp/share/ament_index/resource_index/parent_prefix_path/kiss_icp
[1.176s] -- Up-to-date: /home/ph/ws/helios16p_ws/install/kiss_icp/share/kiss_icp/environment/ament_prefix_path.sh
[1.178s] -- Up-to-date: /home/ph/ws/helios16p_ws/install/kiss_icp/share/kiss_icp/environment/ament_prefix_path.dsv
[1.178s] -- Up-to-date: /home/ph/ws/helios16p_ws/install/kiss_icp/share/kiss_icp/environment/path.sh
[1.178s] -- Up-to-date: /home/ph/ws/helios16p_ws/install/kiss_icp/share/kiss_icp/environment/path.dsv
[1.179s] -- Up-to-date: /home/ph/ws/helios16p_ws/install/kiss_icp/share/kiss_icp/local_setup.bash
[1.179s] -- Up-to-date: /home/ph/ws/helios16p_ws/install/kiss_icp/share/kiss_icp/local_setup.sh
[1.180s] -- Up-to-date: /home/ph/ws/helios16p_ws/install/kiss_icp/share/kiss_icp/local_setup.zsh
[1.180s] -- Up-to-date: /home/ph/ws/helios16p_ws/install/kiss_icp/share/kiss_icp/local_setup.dsv
[1.181s] -- Installing: /home/ph/ws/helios16p_ws/install/kiss_icp/share/kiss_icp/package.dsv
[1.184s] -- Up-to-date: /home/ph/ws/helios16p_ws/install/kiss_icp/share/ament_index/resource_index/packages/kiss_icp
[1.185s] -- Up-to-date: /home/ph/ws/helios16p_ws/install/kiss_icp/share/ament_index/resource_index/rclcpp_components/kiss_icp
[1.187s] -- Up-to-date: /home/ph/ws/helios16p_ws/install/kiss_icp/share/kiss_icp/cmake/kiss_icpConfig.cmake
[1.187s] -- Up-to-date: /home/ph/ws/helios16p_ws/install/kiss_icp/share/kiss_icp/cmake/kiss_icpConfig-version.cmake
[1.188s] -- Up-to-date: /home/ph/ws/helios16p_ws/install/kiss_icp/share/kiss_icp/package.xml
[1.188s] Invoked command in '/home/ph/ws/helios16p_ws/build/kiss_icp' returned '0': CMAKE_PREFIX_PATH=/opt/ros/humble /usr/bin/cmake --install /home/ph/ws/helios16p_ws/build/kiss_icp
