[0.755s] Invoking command in '/home/ph/ws/helios16p_ws/build/kiss_icp': CMAKE_PREFIX_PATH=/opt/ros/humble /usr/bin/cmake /home/ph/ws/helios16p_ws/src/kiss-icp/ros -DCMAKE_INSTALL_PREFIX=/home/ph/ws/helios16p_ws/install/kiss_icp
[0.963s] -- The CXX compiler identification is GNU 11.4.0
[0.992s] -- Detecting CXX compiler ABI info
[1.217s] -- Detecting CXX compiler ABI info - done
[1.281s] -- Check for working CXX compiler: /usr/bin/c++ - skipped
[1.282s] -- Detecting CXX compile features
[1.284s] -- Detecting CXX compile features - done
[1.317s] [0mCMake Deprecation Warning at /home/ph/ws/helios16p_ws/src/kiss-icp/cpp/kiss_icp/3rdparty/find_dependencies.cmake:25 (cmake_policy):
[1.318s]   The OLD behavior for policy CMP0135 will be removed from a future version
[1.318s]   of CMake.
[1.318s] 
[1.318s]   The cmake-policies(7) manual explains that the OLD behaviors of all
[1.319s]   policies are deprecated and that a policy should be set to OLD only under
[1.319s]   specific short-term circumstances.  Projects should be ported to the NEW
[1.319s]   behavior and not rely on setting a policy to OLD.
[1.319s] Call Stack (most recent call first):
[1.320s]   /home/ph/ws/helios16p_ws/src/kiss-icp/cpp/kiss_icp/CMakeLists.txt:48 (include)
[1.320s] 
[1.320s] [0m
[1.809s] [0mCMake Deprecation Warning at /usr/share/cmake/tsl-robin-map/tsl-robin-mapTargets.cmake:7 (cmake_policy):
[1.809s]   Compatibility with CMake < 3.10 will be removed from a future version of
[1.810s]   CMake.
[1.810s] 
[1.810s]   Update the VERSION argument <min> value.  Or, use the <min>...<max> syntax
[1.810s]   to tell CMake that the project requires at least <min> but has been updated
[1.811s]   to work with policies introduced by <max> or earlier.
[1.811s] Call Stack (most recent call first):
[1.811s]   /usr/share/cmake/tsl-robin-map/tsl-robin-mapConfig.cmake:31 (include)
[1.812s]   /home/ph/ws/helios16p_ws/src/kiss-icp/cpp/kiss_icp/3rdparty/find_dependencies.cmake:32 (find_package)
[1.812s]   /home/ph/ws/helios16p_ws/src/kiss-icp/cpp/kiss_icp/3rdparty/find_dependencies.cmake:43 (find_external_dependency)
[1.812s]   /home/ph/ws/helios16p_ws/src/kiss-icp/cpp/kiss_icp/CMakeLists.txt:48 (include)
[1.812s] 
[1.813s] [0m
[1.829s] -- Found ament_cmake: 1.3.12 (/opt/ros/humble/share/ament_cmake/cmake)
[2.249s] -- Found Python3: /usr/bin/python3 (found version "3.10.12") found components: Interpreter
[2.584s] -- Found geometry_msgs: 4.9.0 (/opt/ros/humble/share/geometry_msgs/cmake)
[2.759s] -- Found rosidl_generator_c: 3.1.7 (/opt/ros/humble/share/rosidl_generator_c/cmake)
[2.782s] -- Found rosidl_adapter: 3.1.7 (/opt/ros/humble/share/rosidl_adapter/cmake)
[2.823s] -- Found rosidl_generator_cpp: 3.1.7 (/opt/ros/humble/share/rosidl_generator_cpp/cmake)
[2.880s] -- Using all available rosidl_typesupport_c: rosidl_typesupport_fastrtps_c;rosidl_typesupport_introspection_c
[2.953s] -- Using all available rosidl_typesupport_cpp: rosidl_typesupport_fastrtps_cpp;rosidl_typesupport_introspection_cpp
[3.154s] -- Found nav_msgs: 4.9.0 (/opt/ros/humble/share/nav_msgs/cmake)
[3.241s] -- Found rclcpp: 16.0.16 (/opt/ros/humble/share/rclcpp/cmake)
[3.415s] -- Found rmw_implementation_cmake: 6.1.2 (/opt/ros/humble/share/rmw_implementation_cmake/cmake)
[3.427s] -- Found rmw_fastrtps_cpp: 6.2.9 (/opt/ros/humble/share/rmw_fastrtps_cpp/cmake)
[3.756s] -- Found OpenSSL: /usr/lib/x86_64-linux-gnu/libcrypto.so (found version "3.0.2")
[3.880s] -- Found FastRTPS: /opt/ros/humble/include
[4.039s] -- Using RMW implementation 'rmw_fastrtps_cpp' as default
[4.080s] -- Found Threads: TRUE
[4.254s] -- Found rclcpp_components: 16.0.16 (/opt/ros/humble/share/rclcpp_components/cmake)
[4.403s] -- Found sensor_msgs: 4.9.0 (/opt/ros/humble/share/sensor_msgs/cmake)
[4.496s] -- Found tf2_ros: 0.25.17 (/opt/ros/humble/share/tf2_ros/cmake)
[4.882s] -- Found std_srvs: 4.9.0 (/opt/ros/humble/share/std_srvs/cmake)
[5.210s] -- Configuring done (4.5s)
[5.305s] -- Generating done (0.1s)
[5.441s] -- Build files have been written to: /home/ph/ws/helios16p_ws/build/kiss_icp
[5.468s] Invoked command in '/home/ph/ws/helios16p_ws/build/kiss_icp' returned '0': CMAKE_PREFIX_PATH=/opt/ros/humble /usr/bin/cmake /home/ph/ws/helios16p_ws/src/kiss-icp/ros -DCMAKE_INSTALL_PREFIX=/home/ph/ws/helios16p_ws/install/kiss_icp
[5.472s] Invoking command in '/home/ph/ws/helios16p_ws/build/kiss_icp': CMAKE_PREFIX_PATH=/opt/ros/humble /usr/bin/cmake --build /home/ph/ws/helios16p_ws/build/kiss_icp -- -j8 -l8
[5.555s] [ 14%] [32mBuilding CXX object kiss_icp/core/CMakeFiles/kiss_icp_core.dir/Registration.cpp.o[0m
[5.556s] [ 14%] [32mBuilding CXX object CMakeFiles/kiss_icp_node.dir/rclcpp_components/node_main_kiss_icp_node.cpp.o[0m
[5.556s] [ 35%] [32mBuilding CXX object kiss_icp/core/CMakeFiles/kiss_icp_core.dir/VoxelHashMap.cpp.o[0m
[5.556s] [ 35%] [32mBuilding CXX object kiss_icp/core/CMakeFiles/kiss_icp_core.dir/VoxelUtils.cpp.o[0m
[5.557s] [ 42%] [32mBuilding CXX object kiss_icp/core/CMakeFiles/kiss_icp_core.dir/Preprocessing.cpp.o[0m
[5.558s] [ 50%] [32mBuilding CXX object kiss_icp/core/CMakeFiles/kiss_icp_core.dir/Threshold.cpp.o[0m
[5.558s] [ 35%] [32mBuilding CXX object kiss_icp/metrics/CMakeFiles/kiss_icp_metrics.dir/Metrics.cpp.o[0m
[22.762s] [ 57%] [1m[32mLinking CXX executable kiss_icp_node[0m
[23.160s] [ 57%] Built target kiss_icp_node
[32.880s] [ 64%] [1m[32mLinking CXX static library libkiss_icp_core.a[0m
[33.463s] [ 64%] Built target kiss_icp_core
[33.505s] [ 71%] [32mBuilding CXX object kiss_icp/pipeline/CMakeFiles/kiss_icp_pipeline.dir/KissICP.cpp.o[0m
[40.681s] [ 78%] [1m[32mLinking CXX static library libkiss_icp_pipeline.a[0m
[40.831s] [ 78%] Built target kiss_icp_pipeline
[40.867s] [ 85%] [32mBuilding CXX object CMakeFiles/odometry_component.dir/src/OdometryServer.cpp.o[0m
[46.280s] [ 92%] [1m[32mLinking CXX static library libkiss_icp_metrics.a[0m
[46.443s] [ 92%] Built target kiss_icp_metrics
[95.280s] [100%] [1m[32mLinking CXX shared library libodometry_component.so[0m
[95.935s] [100%] Built target odometry_component
[95.954s] Invoked command in '/home/ph/ws/helios16p_ws/build/kiss_icp' returned '0': CMAKE_PREFIX_PATH=/opt/ros/humble /usr/bin/cmake --build /home/ph/ws/helios16p_ws/build/kiss_icp -- -j8 -l8
[95.962s] Invoking command in '/home/ph/ws/helios16p_ws/build/kiss_icp': CMAKE_PREFIX_PATH=/opt/ros/humble /usr/bin/cmake --install /home/ph/ws/helios16p_ws/build/kiss_icp
[95.972s] -- Install configuration: "Release"
[95.975s] -- Installing: /home/ph/ws/helios16p_ws/install/kiss_icp/lib/kiss_icp/kiss_icp_node
[95.976s] -- Set non-toolchain portion of runtime path of "/home/ph/ws/helios16p_ws/install/kiss_icp/lib/kiss_icp/kiss_icp_node" to ""
[95.977s] -- Installing: /home/ph/ws/helios16p_ws/install/kiss_icp/lib/libodometry_component.so
[95.983s] -- Set non-toolchain portion of runtime path of "/home/ph/ws/helios16p_ws/install/kiss_icp/lib/libodometry_component.so" to ""
[95.984s] -- Installing: /home/ph/ws/helios16p_ws/install/kiss_icp/share/kiss_icp//launch
[95.984s] -- Installing: /home/ph/ws/helios16p_ws/install/kiss_icp/share/kiss_icp//launch/odometry.launch.py
[95.985s] -- Installing: /home/ph/ws/helios16p_ws/install/kiss_icp/share/kiss_icp//rviz
[95.986s] -- Installing: /home/ph/ws/helios16p_ws/install/kiss_icp/share/kiss_icp//rviz/kiss_icp.rviz
[95.987s] -- Installing: /home/ph/ws/helios16p_ws/install/kiss_icp/share/kiss_icp//config
[95.987s] -- Installing: /home/ph/ws/helios16p_ws/install/kiss_icp/share/kiss_icp//config/config.yaml
[95.988s] -- Installing: /home/ph/ws/helios16p_ws/install/kiss_icp/share/ament_index/resource_index/package_run_dependencies/kiss_icp
[95.990s] -- Installing: /home/ph/ws/helios16p_ws/install/kiss_icp/share/ament_index/resource_index/parent_prefix_path/kiss_icp
[95.990s] -- Installing: /home/ph/ws/helios16p_ws/install/kiss_icp/share/kiss_icp/environment/ament_prefix_path.sh
[95.991s] -- Installing: /home/ph/ws/helios16p_ws/install/kiss_icp/share/kiss_icp/environment/ament_prefix_path.dsv
[95.991s] -- Installing: /home/ph/ws/helios16p_ws/install/kiss_icp/share/kiss_icp/environment/path.sh
[95.992s] -- Installing: /home/ph/ws/helios16p_ws/install/kiss_icp/share/kiss_icp/environment/path.dsv
[95.993s] -- Installing: /home/ph/ws/helios16p_ws/install/kiss_icp/share/kiss_icp/local_setup.bash
[95.994s] -- Installing: /home/ph/ws/helios16p_ws/install/kiss_icp/share/kiss_icp/local_setup.sh
[95.995s] -- Installing: /home/ph/ws/helios16p_ws/install/kiss_icp/share/kiss_icp/local_setup.zsh
[95.995s] -- Installing: /home/ph/ws/helios16p_ws/install/kiss_icp/share/kiss_icp/local_setup.dsv
[95.996s] -- Installing: /home/ph/ws/helios16p_ws/install/kiss_icp/share/kiss_icp/package.dsv
[95.996s] -- Installing: /home/ph/ws/helios16p_ws/install/kiss_icp/share/ament_index/resource_index/packages/kiss_icp
[95.997s] -- Installing: /home/ph/ws/helios16p_ws/install/kiss_icp/share/ament_index/resource_index/rclcpp_components/kiss_icp
[95.998s] -- Installing: /home/ph/ws/helios16p_ws/install/kiss_icp/share/kiss_icp/cmake/kiss_icpConfig.cmake
[95.999s] -- Installing: /home/ph/ws/helios16p_ws/install/kiss_icp/share/kiss_icp/cmake/kiss_icpConfig-version.cmake
[95.999s] -- Installing: /home/ph/ws/helios16p_ws/install/kiss_icp/share/kiss_icp/package.xml
[96.005s] Invoked command in '/home/ph/ws/helios16p_ws/build/kiss_icp' returned '0': CMAKE_PREFIX_PATH=/opt/ros/humble /usr/bin/cmake --install /home/ph/ws/helios16p_ws/build/kiss_icp
