1779351360.354947 [7]      rviz2: config: Domain/General/MulticastRecvNetworkInterfaceAddresses/#text: preferred {}
1779351360.355042 [7]      rviz2: config: Domain/General/Interfaces/NetworkInterface[@autodetermine]: true {1}
1779351360.355060 [7]      rviz2: config: Domain/General/Interfaces/NetworkInterface[@name]:  {}
1779351360.355076 [7]      rviz2: config: Domain/General/Interfaces/NetworkInterface[@address]:  {}
1779351360.355092 [7]      rviz2: config: Domain/General/Interfaces/NetworkInterface[@priority]: default {}
1779351360.355108 [7]      rviz2: config: Domain/General/Interfaces/NetworkInterface[@prefer_multicast]: false {}
1779351360.355123 [7]      rviz2: config: Domain/General/Interfaces/NetworkInterface[@presence_required]: true {}
1779351360.355138 [7]      rviz2: config: Domain/General/Interfaces/NetworkInterface[@multicast]: default {1}
1779351360.355152 [7]      rviz2: config: Domain/General/ExternalNetworkAddress/#text: auto {}
1779351360.355165 [7]      rviz2: config: Domain/General/ExternalNetworkMask/#text: 0.0.0.0 {}
1779351360.355180 [7]      rviz2: config: Domain/General/AllowMulticast/#text: default {1}
1779351360.355193 [7]      rviz2: config: Domain/General/MulticastTimeToLive/#text: 32 {}
1779351360.355205 [7]      rviz2: config: Domain/General/DontRoute/#text: false {}
1779351360.355219 [7]      rviz2: config: Domain/General/Transport/#text: udp {}
1779351360.355233 [7]      rviz2: config: Domain/General/EnableMulticastLoopback/#text: true {}
1779351360.355248 [7]      rviz2: config: Domain/General/MaxMessageSize/#text: 65500 B {1}
1779351360.355263 [7]      rviz2: config: Domain/General/MaxRexmitMessageSize/#text: 1456 B {}
1779351360.355278 [7]      rviz2: config: Domain/General/FragmentSize/#text: 1344 B {}
1779351360.355292 [7]      rviz2: config: Domain/General/RedundantNetworking/#text: false {}
1779351360.355306 [7]      rviz2: config: Domain/General/EntityAutoNaming/#text: empty {}
1779351360.355321 [7]      rviz2: config: Domain/General/EntityAutoNaming[@seed]: 2429059348 1275655467 4227442832 2336871207 805264349 1891573249 513476834 2732299693 {}
1779351360.355341 [7]      rviz2: config: Domain/Sizing/ReceiveBufferSize/#text: 1 MiB {}
1779351360.355355 [7]      rviz2: config: Domain/Sizing/ReceiveBufferChunkSize/#text: 128 KiB {}
1779351360.355369 [7]      rviz2: config: Domain/Compatibility/StandardsConformance/#text: lax {}
1779351360.355383 [7]      rviz2: config: Domain/Compatibility/ExplicitlyPublishQosSetToDefault/#text: false {}
1779351360.355398 [7]      rviz2: config: Domain/Compatibility/ManySocketsMode/#text: single {}
1779351360.355411 [7]      rviz2: config: Domain/Compatibility/AssumeRtiHasPmdEndpoints/#text: false {}
1779351360.355426 [7]      rviz2: config: Domain/Discovery/Tag/#text:  {}
1779351360.355441 [7]      rviz2: config: Domain/Discovery/ExternalDomainId/#text: 7 {}
1779351360.355455 [7]      rviz2: config: Domain/Discovery/DSGracePeriod/#text: 30 s {}
1779351360.355470 [7]      rviz2: config: Domain/Discovery/ParticipantIndex/#text: none {}
1779351360.355484 [7]      rviz2: config: Domain/Discovery/MaxAutoParticipantIndex/#text: 9 {}
1779351360.355497 [7]      rviz2: config: Domain/Discovery/SPDPMulticastAddress/#text: 239.255.0.1 {}
1779351360.355511 [7]      rviz2: config: Domain/Discovery/SPDPInterval/#text: 30 s {}
1779351360.355524 [7]      rviz2: config: Domain/Discovery/DefaultMulticastAddress/#text: auto {}
1779351360.355540 [7]      rviz2: config: Domain/Discovery/Ports/Base/#text: 7400 {}
1779351360.355555 [7]      rviz2: config: Domain/Discovery/Ports/DomainGain/#text: 250 {}
1779351360.355570 [7]      rviz2: config: Domain/Discovery/Ports/ParticipantGain/#text: 2 {}
1779351360.355585 [7]      rviz2: config: Domain/Discovery/Ports/MulticastMetaOffset/#text: 0 {}
1779351360.355600 [7]      rviz2: config: Domain/Discovery/Ports/UnicastMetaOffset/#text: 10 {}
1779351360.355614 [7]      rviz2: config: Domain/Discovery/Ports/MulticastDataOffset/#text: 1 {}
1779351360.355628 [7]      rviz2: config: Domain/Discovery/Ports/UnicastDataOffset/#text: 11 {}
1779351360.355667 [7]      rviz2: config: Domain/Discovery/EnableTopicDiscoveryEndpoints/#text: false {}
1779351360.355682 [7]      rviz2: config: Domain/Discovery/LeaseDuration/#text: 10 s {}
1779351360.355727 [7]      rviz2: config: Domain/Tracing/Category/#text: fatal,error,warning,info,config {1}
1779351360.355742 [7]      rviz2: config: Domain/Tracing/OutputFile/#text: cyclonedds.log {}
1779351360.355776 [7]      rviz2: config: Domain/Tracing/AppendToFile/#text: false {}
1779351360.355800 [7]      rviz2: config: Domain/Tracing/PacketCaptureFile/#text:  {}
1779351360.355815 [7]      rviz2: config: Domain/Internal/DeliveryQueueMaxSamples/#text: 256 {}
1779351360.355828 [7]      rviz2: config: Domain/Internal/PrimaryReorderMaxSamples/#text: 128 {}
1779351360.355841 [7]      rviz2: config: Domain/Internal/SecondaryReorderMaxSamples/#text: 128 {}
1779351360.355854 [7]      rviz2: config: Domain/Internal/DefragUnreliableMaxSamples/#text: 4 {}
1779351360.355868 [7]      rviz2: config: Domain/Internal/DefragReliableMaxSamples/#text: 16 {}
1779351360.355881 [7]      rviz2: config: Domain/Internal/BuiltinEndpointSet/#text: writers {}
1779351360.355895 [7]      rviz2: config: Domain/Internal/MeasureHbToAckLatency/#text: false {}
1779351360.355910 [7]      rviz2: config: Domain/Internal/UnicastResponseToSPDPMessages/#text: true {}
1779351360.355925 [7]      rviz2: config: Domain/Internal/SynchronousDeliveryPriorityThreshold/#text: 0 {}
1779351360.355939 [7]      rviz2: config: Domain/Internal/SynchronousDeliveryLatencyBound/#text: inf {}
1779351360.355953 [7]      rviz2: config: Domain/Internal/MaxParticipants/#text: 0 {}
1779351360.355967 [7]      rviz2: config: Domain/Internal/AccelerateRexmitBlockSize/#text: 0 {}
1779351360.355981 [7]      rviz2: config: Domain/Internal/RetransmitMerging/#text: never {}
1779351360.355995 [7]      rviz2: config: Domain/Internal/RetransmitMergingPeriod/#text: 5 ms {}
1779351360.356009 [7]      rviz2: config: Domain/Internal/HeartbeatInterval/#text: 100 ms {}
1779351360.356023 [7]      rviz2: config: Domain/Internal/HeartbeatInterval[@min]: 5 ms {}
1779351360.356038 [7]      rviz2: config: Domain/Internal/HeartbeatInterval[@minsched]: 20 ms {}
1779351360.356051 [7]      rviz2: config: Domain/Internal/HeartbeatInterval[@max]: 8 s {}
1779351360.356065 [7]      rviz2: config: Domain/Internal/MaxQueuedRexmitBytes/#text: 512 KiB {}
1779351360.356078 [7]      rviz2: config: Domain/Internal/MaxQueuedRexmitMessages/#text: 200 {}
1779351360.356092 [7]      rviz2: config: Domain/Internal/WriterLingerDuration/#text: 1 s {}
1779351360.356106 [7]      rviz2: config: Domain/Internal/SocketReceiveBufferSize[@min]: default {}
1779351360.356119 [7]      rviz2: config: Domain/Internal/SocketReceiveBufferSize[@max]: default {}
1779351360.356135 [7]      rviz2: config: Domain/Internal/SocketSendBufferSize[@min]: 64 KiB {}
1779351360.356150 [7]      rviz2: config: Domain/Internal/SocketSendBufferSize[@max]: default {}
1779351360.356164 [7]      rviz2: config: Domain/Internal/NackDelay/#text: 100 ms {}
1779351360.356179 [7]      rviz2: config: Domain/Internal/AckDelay/#text: 10 ms {}
1779351360.356193 [7]      rviz2: config: Domain/Internal/AutoReschedNackDelay/#text: 3 s {}
1779351360.356208 [7]      rviz2: config: Domain/Internal/PreEmptiveAckDelay/#text: 10 ms {}
1779351360.356222 [7]      rviz2: config: Domain/Internal/ScheduleTimeRounding/#text: 0 s {}
1779351360.356237 [7]      rviz2: config: Domain/Internal/DDSI2DirectMaxThreads/#text: 1 {}
1779351360.356250 [7]      rviz2: config: Domain/Internal/SquashParticipants/#text: false {}
1779351360.356264 [7]      rviz2: config: Domain/Internal/SPDPResponseMaxDelay/#text: 0 s {}
1779351360.356278 [7]      rviz2: config: Domain/Internal/LateAckMode/#text: false {}
1779351360.356291 [7]      rviz2: config: Domain/Internal/RetryOnRejectBestEffort/#text: false {}
1779351360.356304 [7]      rviz2: config: Domain/Internal/GenerateKeyhash/#text: false {}
1779351360.356319 [7]      rviz2: config: Domain/Internal/MaxSampleSize/#text: 2147483647 B {}
1779351360.356332 [7]      rviz2: config: Domain/Internal/LivelinessMonitoring/#text: false {}
1779351360.356364 [7]      rviz2: config: Domain/Internal/LivelinessMonitoring[@StackTraces]: true {}
1779351360.356378 [7]      rviz2: config: Domain/Internal/LivelinessMonitoring[@Interval]: 1 s {}
1779351360.356392 [7]      rviz2: config: Domain/Internal/MonitorPort/#text: -1 {}
1779351360.356406 [7]      rviz2: config: Domain/Internal/PrioritizeRetransmit/#text: true {}
1779351360.356419 [7]      rviz2: config: Domain/Internal/UseMulticastIfMreqn/#text: 0 {}
1779351360.356433 [7]      rviz2: config: Domain/Internal/RediscoveryBlacklistDuration/#text: 0 s {}
1779351360.356448 [7]      rviz2: config: Domain/Internal/RediscoveryBlacklistDuration[@enforce]: false {}
1779351360.356462 [7]      rviz2: config: Domain/Internal/MultipleReceiveThreads/#text: default {}
1779351360.356477 [7]      rviz2: config: Domain/Internal/MultipleReceiveThreads[@maxretries]: 4294967295 {}
1779351360.356493 [7]      rviz2: config: Domain/Internal/Test/XmitLossiness/#text: 0 {}
1779351360.356510 [7]      rviz2: config: Domain/Internal/Watermarks/WhcLow/#text: 1 KiB {}
1779351360.356525 [7]      rviz2: config: Domain/Internal/Watermarks/WhcHigh/#text: 500 KiB {}
1779351360.356541 [7]      rviz2: config: Domain/Internal/Watermarks/WhcHighInit/#text: 30 KiB {}
1779351360.356555 [7]      rviz2: config: Domain/Internal/Watermarks/WhcAdaptive/#text: true {}
1779351360.356571 [7]      rviz2: config: Domain/Internal/BurstSize/MaxRexmit/#text: 1 MiB {}
1779351360.356586 [7]      rviz2: config: Domain/Internal/BurstSize/MaxInitTransmit/#text: 4294967295 {}
1779351360.356600 [7]      rviz2: config: Domain/Internal/EnableExpensiveChecks/#text:  {}
1779351360.356615 [7]      rviz2: config: Domain/TCP/NoDelay/#text: true {}
1779351360.356630 [7]      rviz2: config: Domain/TCP/Port/#text: -1 {}
1779351360.356644 [7]      rviz2: config: Domain/TCP/ReadTimeout/#text: 2 s {}
1779351360.356658 [7]      rviz2: config: Domain/TCP/WriteTimeout/#text: 2 s {}
1779351360.356671 [7]      rviz2: config: Domain/TCP/AlwaysUsePeeraddrForUnicast/#text: false {}
1779351360.356685 [7]      rviz2: config: Domain/SSL/Enable/#text: false {}
1779351360.356699 [7]      rviz2: config: Domain/SSL/CertificateVerification/#text: true {}
1779351360.356712 [7]      rviz2: config: Domain/SSL/VerifyClient/#text: true {}
1779351360.356727 [7]      rviz2: config: Domain/SSL/SelfSignedCertificates/#text: false {}
1779351360.356741 [7]      rviz2: config: Domain/SSL/KeystoreFile/#text: keystore {}
1779351360.356776 [7]      rviz2: config: Domain/SSL/KeyPassphrase/#text: secret {}
1779351360.356801 [7]      rviz2: config: Domain/SSL/Ciphers/#text: ALL:!ADH:!LOW:!EXP:!MD5:@STRENGTH {}
1779351360.356816 [7]      rviz2: config: Domain/SSL/EntropyFile/#text:  {}
1779351360.356831 [7]      rviz2: config: Domain/SSL/MinimumTLSVersion/#text: 1.3 {}
1779351360.356846 [7]      rviz2: config: Domain/SharedMemory/Enable/#text: false {}
1779351360.356860 [7]      rviz2: config: Domain/SharedMemory/Locator/#text:  {}
1779351360.356874 [7]      rviz2: config: Domain/SharedMemory/Prefix/#text: DDS_CYCLONE {}
1779351360.356889 [7]      rviz2: config: Domain/SharedMemory/LogLevel/#text: info {}
1779351360.356903 [7]      rviz2: config: Domain[@Id]: 7 {1}
1779351360.357084 [7]      rviz2: started at 1779351360.06356945 -- 2026-05-21 10:16:00+02:00
1779351360.357109 [7]      rviz2: udp initialized
1779351360.358293 [7]      rviz2: interfaces: lo udp/127.0.0.1(q1) udp/123.123.123.150(q1) wlp1s0 wireless udp/192.168.50.12(q9) docker0 udp/172.17.0.1(q9)
1779351360.358350 [7]      rviz2: determined wlp1s0 (udp/192.168.50.12) as highest quality interface, selected for automatic interface.
1779351360.358394 [7]      rviz2: selected interfaces: wlp1s0 (index 2 priority 0)
1779351360.358404 [7]      rviz2: presumed flaky multicast, use for SPDP only
1779351360.358470 [7]      rviz2: ownip: udp/192.168.50.12
1779351360.358482 [7]      rviz2: extmask: invalid/0 (not applicable)
1779351360.358495 [7]      rviz2: SPDP MC: udp/239.255.0.1
1779351360.358506 [7]      rviz2: default MC: udp/239.255.0.1
1779351360.358540 [7]      rviz2: SSM support included
1779351360.359164 [7]      rviz2: failed to increase socket receive buffer size to 1048576 bytes, continuing with 425984 bytes
1779351360.359234 [7]      rviz2: rtps_init: uc ports: disc 0 data 0
1779351360.359246 [7]      rviz2: rtps_init: domainid 7 participantid -2
1779351360.359256 [7]      rviz2: Unicast Ports: discovery 58676 data 58676
1779351360.359310 [7]      rviz2: failed to increase socket receive buffer size to 1048576 bytes, continuing with 425984 bytes
1779351360.359366 [7]      rviz2: failed to increase socket receive buffer size to 1048576 bytes, continuing with 425984 bytes
1779351360.359389 [7]      rviz2: Multicast Ports: discovery 9150 data 9151 
1779351360.359423 [7]      rviz2: failed to increase socket receive buffer size to 1048576 bytes, continuing with 425984 bytes
1779351360.359458 [7]      rviz2: interface wlp1s0: transmit port 40062
1779351370.971286 [7]      rviz2: udp finalized
1779351370.971599 [7]      rviz2: Finis.


