[0.780s] Invoking command in '/home/ph/ws/helios16p_ws/src/build/kiss_icp': CMAKE_PREFIX_PATH=/opt/ros/humble /home/ph/.local/bin/cmake /home/ph/ws/helios16p_ws/src/kiss-icp/ros -DCMAKE_INSTALL_PREFIX=/home/ph/ws/helios16p_ws/src/install/kiss_icp
[1.218s] -- The CXX compiler identification is GNU 11.4.0
[1.258s] -- Detecting CXX compiler ABI info
[1.463s] -- Detecting CXX compiler ABI info - done
[1.522s] -- Check for working CXX compiler: /usr/bin/c++ - skipped
[1.523s] -- Detecting CXX compile features
[1.525s] -- Detecting CXX compile features - done
[1.554s] [0mCMake Deprecation Warning at /home/ph/ws/helios16p_ws/src/kiss-icp/cpp/kiss_icp/3rdparty/find_dependencies.cmake:25 (cmake_policy):
[1.554s]   The OLD behavior for policy CMP0135 will be removed from a future version
[1.555s]   of CMake.
[1.555s] 
[1.555s]   The cmake-policies(7) manual explains that the OLD behaviors of all
[1.555s]   policies are deprecated and that a policy should be set to OLD only under
[1.556s]   specific short-term circumstances.  Projects should be ported to the NEW
[1.556s]   behavior and not rely on setting a policy to OLD.
[1.556s] Call Stack (most recent call first):
[1.556s]   /home/ph/ws/helios16p_ws/src/kiss-icp/cpp/kiss_icp/CMakeLists.txt:48 (include)
[1.557s] 
[1.557s] [0m
[4.583s] -- The C compiler identification is GNU 11.4.0
[4.616s] -- Detecting C compiler ABI info
[4.788s] -- Detecting C compiler ABI info - done
[4.842s] -- Check for working C compiler: /usr/bin/cc - skipped
[4.843s] -- Detecting C compile features
[4.845s] -- Detecting C compile features - done
[6.270s] [0mCMake Deprecation Warning at /home/ph/ws/helios16p_ws/src/build/kiss_icp/_deps/tessil-src/CMakeLists.txt:1 (cmake_minimum_required):
[6.270s]   Compatibility with CMake < 3.10 will be removed from a future version of
[6.270s]   CMake.
[6.270s] 
[6.271s]   Update the VERSION argument <min> value.  Or, use the <min>...<max> syntax
[6.271s]   to tell CMake that the project requires at least <min> but has been updated
[6.271s]   to work with policies introduced by <max> or earlier.
[6.271s] 
[6.272s] [0m
[6.292s] -- Found ament_cmake: 1.3.12 (/opt/ros/humble/share/ament_cmake/cmake)
[6.681s] -- Found Python3: /usr/bin/python3 (found version "3.10.12") found components: Interpreter
[6.969s] -- Found geometry_msgs: 4.9.0 (/opt/ros/humble/share/geometry_msgs/cmake)
[7.106s] -- Found rosidl_generator_c: 3.1.8 (/opt/ros/humble/share/rosidl_generator_c/cmake)
[7.123s] -- Found rosidl_adapter: 3.1.8 (/opt/ros/humble/share/rosidl_adapter/cmake)
[7.156s] -- Found rosidl_generator_cpp: 3.1.8 (/opt/ros/humble/share/rosidl_generator_cpp/cmake)
[7.205s] -- Using all available rosidl_typesupport_c: rosidl_typesupport_fastrtps_c;rosidl_typesupport_introspection_c
[7.267s] -- Using all available rosidl_typesupport_cpp: rosidl_typesupport_fastrtps_cpp;rosidl_typesupport_introspection_cpp
[7.440s] -- Found nav_msgs: 4.9.0 (/opt/ros/humble/share/nav_msgs/cmake)
[7.524s] -- Found rclcpp: 16.0.17 (/opt/ros/humble/share/rclcpp/cmake)
[7.678s] -- Found rmw_implementation_cmake: 6.1.2 (/opt/ros/humble/share/rmw_implementation_cmake/cmake)
[7.686s] -- Found rmw_fastrtps_cpp: 6.2.9 (/opt/ros/humble/share/rmw_fastrtps_cpp/cmake)
[7.982s] -- Found OpenSSL: /usr/lib/x86_64-linux-gnu/libcrypto.so (found version "3.0.2")
[8.085s] -- Found FastRTPS: /opt/ros/humble/include
[8.234s] -- Using RMW implementation 'rmw_fastrtps_cpp' as default
[8.262s] -- Performing Test CMAKE_HAVE_LIBC_PTHREAD
[8.497s] -- Performing Test CMAKE_HAVE_LIBC_PTHREAD - Success
[8.501s] -- Found Threads: TRUE
[8.668s] -- Found rclcpp_components: 16.0.17 (/opt/ros/humble/share/rclcpp_components/cmake)
[8.788s] -- Found sensor_msgs: 4.9.0 (/opt/ros/humble/share/sensor_msgs/cmake)
[8.866s] -- Found tf2_ros: 0.25.18 (/opt/ros/humble/share/tf2_ros/cmake)
[9.208s] -- Found std_srvs: 4.9.0 (/opt/ros/humble/share/std_srvs/cmake)
[9.463s] -- Configuring done (8.5s)
[9.576s] -- Generating done (0.1s)
[9.729s] -- Build files have been written to: /home/ph/ws/helios16p_ws/src/build/kiss_icp
[9.768s] Invoked command in '/home/ph/ws/helios16p_ws/src/build/kiss_icp' returned '0': CMAKE_PREFIX_PATH=/opt/ros/humble /home/ph/.local/bin/cmake /home/ph/ws/helios16p_ws/src/kiss-icp/ros -DCMAKE_INSTALL_PREFIX=/home/ph/ws/helios16p_ws/src/install/kiss_icp
[9.772s] Invoking command in '/home/ph/ws/helios16p_ws/src/build/kiss_icp': CMAKE_PREFIX_PATH=/opt/ros/humble /home/ph/.local/bin/cmake --build /home/ph/ws/helios16p_ws/src/build/kiss_icp -- -j8 -l8
[10.077s] [  7%] [32mBuilding CXX object kiss_icp/metrics/CMakeFiles/kiss_icp_metrics.dir/Metrics.cpp.o[0m
[10.081s] [ 14%] [32mBuilding CXX object CMakeFiles/kiss_icp_node.dir/rclcpp_components/node_main_kiss_icp_node.cpp.o[0m
[10.081s] [ 21%] [32mBuilding CXX object kiss_icp/core/CMakeFiles/kiss_icp_core.dir/Registration.cpp.o[0m
[10.082s] [ 28%] [32mBuilding CXX object kiss_icp/core/CMakeFiles/kiss_icp_core.dir/VoxelUtils.cpp.o[0m
[10.083s] [ 42%] [32mBuilding CXX object kiss_icp/core/CMakeFiles/kiss_icp_core.dir/VoxelHashMap.cpp.o[0m
[10.083s] [ 42%] [32mBuilding CXX object kiss_icp/core/CMakeFiles/kiss_icp_core.dir/Preprocessing.cpp.o[0m
[10.090s] [ 50%] [32mBuilding CXX object kiss_icp/core/CMakeFiles/kiss_icp_core.dir/Threshold.cpp.o[0m
[23.545s] [ 57%] [1m[32mLinking CXX executable kiss_icp_node[0m
[23.883s] [ 57%] Built target kiss_icp_node
[33.359s] [ 64%] [1m[32mLinking CXX static library libkiss_icp_core.a[0m
[33.420s] [ 64%] Built target kiss_icp_core
[33.452s] [ 71%] [32mBuilding CXX object kiss_icp/pipeline/CMakeFiles/kiss_icp_pipeline.dir/KissICP.cpp.o[0m
[39.003s] [ 78%] [1m[32mLinking CXX static library libkiss_icp_pipeline.a[0m
[39.062s] [ 78%] Built target kiss_icp_pipeline
[39.101s] [ 85%] [32mBuilding CXX object CMakeFiles/odometry_component.dir/src/OdometryServer.cpp.o[0m
[48.461s] [ 92%] [1m[32mLinking CXX static library libkiss_icp_metrics.a[0m
[48.519s] [ 92%] Built target kiss_icp_metrics
[95.883s] [100%] [1m[32mLinking CXX shared library libodometry_component.so[0m
[96.484s] [100%] Built target odometry_component
[96.504s] Invoked command in '/home/ph/ws/helios16p_ws/src/build/kiss_icp' returned '0': CMAKE_PREFIX_PATH=/opt/ros/humble /home/ph/.local/bin/cmake --build /home/ph/ws/helios16p_ws/src/build/kiss_icp -- -j8 -l8
[96.509s] Invoking command in '/home/ph/ws/helios16p_ws/src/build/kiss_icp': CMAKE_PREFIX_PATH=/opt/ros/humble /home/ph/.local/bin/cmake --install /home/ph/ws/helios16p_ws/src/build/kiss_icp
[96.734s] -- Install configuration: "Release"
[96.736s] -- Installing: /home/ph/ws/helios16p_ws/src/install/kiss_icp/lib/kiss_icp/kiss_icp_node
[96.738s] -- Set non-toolchain portion of runtime path of "/home/ph/ws/helios16p_ws/src/install/kiss_icp/lib/kiss_icp/kiss_icp_node" to ""
[96.738s] -- Installing: /home/ph/ws/helios16p_ws/src/install/kiss_icp/lib/libodometry_component.so
[96.745s] -- Set non-toolchain portion of runtime path of "/home/ph/ws/helios16p_ws/src/install/kiss_icp/lib/libodometry_component.so" to ""
[96.745s] -- Installing: /home/ph/ws/helios16p_ws/src/install/kiss_icp/share/kiss_icp//launch
[96.746s] -- Installing: /home/ph/ws/helios16p_ws/src/install/kiss_icp/share/kiss_icp//launch/odometry.launch.py
[96.747s] -- Installing: /home/ph/ws/helios16p_ws/src/install/kiss_icp/share/kiss_icp//rviz
[96.748s] -- Installing: /home/ph/ws/helios16p_ws/src/install/kiss_icp/share/kiss_icp//rviz/kiss_icp.rviz
[96.750s] -- Installing: /home/ph/ws/helios16p_ws/src/install/kiss_icp/share/kiss_icp//config
[96.751s] -- Installing: /home/ph/ws/helios16p_ws/src/install/kiss_icp/share/kiss_icp//config/config.yaml
[96.752s] -- Installing: /home/ph/ws/helios16p_ws/src/install/kiss_icp/share/ament_index/resource_index/package_run_dependencies/kiss_icp
[96.753s] -- Installing: /home/ph/ws/helios16p_ws/src/install/kiss_icp/share/ament_index/resource_index/parent_prefix_path/kiss_icp
[96.753s] -- Installing: /home/ph/ws/helios16p_ws/src/install/kiss_icp/share/kiss_icp/environment/ament_prefix_path.sh
[96.754s] -- Installing: /home/ph/ws/helios16p_ws/src/install/kiss_icp/share/kiss_icp/environment/ament_prefix_path.dsv
[96.754s] -- Installing: /home/ph/ws/helios16p_ws/src/install/kiss_icp/share/kiss_icp/environment/path.sh
[96.755s] -- Installing: /home/ph/ws/helios16p_ws/src/install/kiss_icp/share/kiss_icp/environment/path.dsv
[96.755s] -- Installing: /home/ph/ws/helios16p_ws/src/install/kiss_icp/share/kiss_icp/local_setup.bash
[96.756s] -- Installing: /home/ph/ws/helios16p_ws/src/install/kiss_icp/share/kiss_icp/local_setup.sh
[96.756s] -- Installing: /home/ph/ws/helios16p_ws/src/install/kiss_icp/share/kiss_icp/local_setup.zsh
[96.757s] -- Installing: /home/ph/ws/helios16p_ws/src/install/kiss_icp/share/kiss_icp/local_setup.dsv
[96.757s] -- Installing: /home/ph/ws/helios16p_ws/src/install/kiss_icp/share/kiss_icp/package.dsv
[96.758s] -- Installing: /home/ph/ws/helios16p_ws/src/install/kiss_icp/share/ament_index/resource_index/packages/kiss_icp
[96.758s] -- Installing: /home/ph/ws/helios16p_ws/src/install/kiss_icp/share/ament_index/resource_index/rclcpp_components/kiss_icp
[96.759s] -- Installing: /home/ph/ws/helios16p_ws/src/install/kiss_icp/share/kiss_icp/cmake/kiss_icpConfig.cmake
[96.760s] -- Installing: /home/ph/ws/helios16p_ws/src/install/kiss_icp/share/kiss_icp/cmake/kiss_icpConfig-version.cmake
[96.760s] -- Installing: /home/ph/ws/helios16p_ws/src/install/kiss_icp/share/kiss_icp/package.xml
[96.766s] Invoked command in '/home/ph/ws/helios16p_ws/src/build/kiss_icp' returned '0': CMAKE_PREFIX_PATH=/opt/ros/humble /home/ph/.local/bin/cmake --install /home/ph/ws/helios16p_ws/src/build/kiss_icp
