[0.020s] Invoking command in '/home/ph/ws/helios16p_ws/build/rslidar_sdk': CMAKE_PREFIX_PATH=/home/ph/ws/helios16p_ws/install/rslidar_msg:/home/ph/ws/helios16p_ws/install/rslidar_sdk:/home/ph/ws/helios16p_ws/install/kiss_icp:/home/ph/ws/helios16p_ws/install/helios16p_cane_robot:/opt/ros/humble /usr/bin/cmake --build /home/ph/ws/helios16p_ws/build/rslidar_sdk -- -j8 -l8
[0.081s] [100%] Built target rslidar_sdk_node
[0.089s] Invoked command in '/home/ph/ws/helios16p_ws/build/rslidar_sdk' returned '0': CMAKE_PREFIX_PATH=/home/ph/ws/helios16p_ws/install/rslidar_msg:/home/ph/ws/helios16p_ws/install/rslidar_sdk:/home/ph/ws/helios16p_ws/install/kiss_icp:/home/ph/ws/helios16p_ws/install/helios16p_cane_robot:/opt/ros/humble /usr/bin/cmake --build /home/ph/ws/helios16p_ws/build/rslidar_sdk -- -j8 -l8
[0.093s] Invoking command in '/home/ph/ws/helios16p_ws/build/rslidar_sdk': CMAKE_PREFIX_PATH=/home/ph/ws/helios16p_ws/install/rslidar_msg:/home/ph/ws/helios16p_ws/install/rslidar_sdk:/home/ph/ws/helios16p_ws/install/kiss_icp:/home/ph/ws/helios16p_ws/install/helios16p_cane_robot:/opt/ros/humble /usr/bin/cmake --install /home/ph/ws/helios16p_ws/build/rslidar_sdk
[0.098s] -- Install configuration: "Release"
[0.098s] -- Up-to-date: /home/ph/ws/helios16p_ws/install/rslidar_sdk/lib/rslidar_sdk/rslidar_sdk_node
[0.098s] -- Up-to-date: /home/ph/ws/helios16p_ws/install/rslidar_sdk/share/rslidar_sdk/launch
[0.099s] -- Up-to-date: /home/ph/ws/helios16p_ws/install/rslidar_sdk/share/rslidar_sdk/launch/humble_start.py
[0.099s] -- Up-to-date: /home/ph/ws/helios16p_ws/install/rslidar_sdk/share/rslidar_sdk/launch/start.launch
[0.099s] -- Up-to-date: /home/ph/ws/helios16p_ws/install/rslidar_sdk/share/rslidar_sdk/launch/elequent_start.py
[0.100s] -- Up-to-date: /home/ph/ws/helios16p_ws/install/rslidar_sdk/share/rslidar_sdk/launch/start.py
[0.100s] -- Up-to-date: /home/ph/ws/helios16p_ws/install/rslidar_sdk/share/rslidar_sdk/rviz
[0.100s] -- Up-to-date: /home/ph/ws/helios16p_ws/install/rslidar_sdk/share/rslidar_sdk/rviz/rviz.rviz
[0.100s] -- Up-to-date: /home/ph/ws/helios16p_ws/install/rslidar_sdk/share/rslidar_sdk/rviz/rviz2.rviz
[0.101s] -- Up-to-date: /home/ph/ws/helios16p_ws/install/rslidar_sdk/share/ament_index/resource_index/package_run_dependencies/rslidar_sdk
[0.101s] -- Up-to-date: /home/ph/ws/helios16p_ws/install/rslidar_sdk/share/ament_index/resource_index/parent_prefix_path/rslidar_sdk
[0.101s] -- Up-to-date: /home/ph/ws/helios16p_ws/install/rslidar_sdk/share/rslidar_sdk/environment/ament_prefix_path.sh
[0.101s] -- Up-to-date: /home/ph/ws/helios16p_ws/install/rslidar_sdk/share/rslidar_sdk/environment/ament_prefix_path.dsv
[0.102s] -- Up-to-date: /home/ph/ws/helios16p_ws/install/rslidar_sdk/share/rslidar_sdk/environment/path.sh
[0.102s] -- Up-to-date: /home/ph/ws/helios16p_ws/install/rslidar_sdk/share/rslidar_sdk/environment/path.dsv
[0.102s] -- Up-to-date: /home/ph/ws/helios16p_ws/install/rslidar_sdk/share/rslidar_sdk/local_setup.bash
[0.102s] -- Up-to-date: /home/ph/ws/helios16p_ws/install/rslidar_sdk/share/rslidar_sdk/local_setup.sh
[0.102s] -- Up-to-date: /home/ph/ws/helios16p_ws/install/rslidar_sdk/share/rslidar_sdk/local_setup.zsh
[0.102s] -- Up-to-date: /home/ph/ws/helios16p_ws/install/rslidar_sdk/share/rslidar_sdk/local_setup.dsv
[0.103s] -- Installing: /home/ph/ws/helios16p_ws/install/rslidar_sdk/share/rslidar_sdk/package.dsv
[0.103s] -- Up-to-date: /home/ph/ws/helios16p_ws/install/rslidar_sdk/share/ament_index/resource_index/packages/rslidar_sdk
[0.103s] -- Up-to-date: /home/ph/ws/helios16p_ws/install/rslidar_sdk/share/rslidar_sdk/cmake/rslidar_sdkConfig.cmake
[0.103s] -- Up-to-date: /home/ph/ws/helios16p_ws/install/rslidar_sdk/share/rslidar_sdk/cmake/rslidar_sdkConfig-version.cmake
[0.103s] -- Up-to-date: /home/ph/ws/helios16p_ws/install/rslidar_sdk/share/rslidar_sdk/package.xml
[0.104s] Invoked command in '/home/ph/ws/helios16p_ws/build/rslidar_sdk' returned '0': CMAKE_PREFIX_PATH=/home/ph/ws/helios16p_ws/install/rslidar_msg:/home/ph/ws/helios16p_ws/install/rslidar_sdk:/home/ph/ws/helios16p_ws/install/kiss_icp:/home/ph/ws/helios16p_ws/install/helios16p_cane_robot:/opt/ros/humble /usr/bin/cmake --install /home/ph/ws/helios16p_ws/build/rslidar_sdk
