[0.853s] Invoking command in '/home/ph/ws/helios16p_ws/build/kiss_icp': CMAKE_PREFIX_PATH=/opt/ros/humble /usr/bin/cmake --build /home/ph/ws/helios16p_ws/build/kiss_icp -- -j8 -l8
[0.970s] [ 14%] Built target kiss_icp_metrics
[0.978s] [ 28%] Built target kiss_icp_node
[0.988s] [ 71%] Built target kiss_icp_core
[1.033s] [ 85%] Built target kiss_icp_pipeline
[1.096s] [100%] Built target odometry_component
[1.116s] Invoked command in '/home/ph/ws/helios16p_ws/build/kiss_icp' returned '0': CMAKE_PREFIX_PATH=/opt/ros/humble /usr/bin/cmake --build /home/ph/ws/helios16p_ws/build/kiss_icp -- -j8 -l8
[1.134s] Invoking command in '/home/ph/ws/helios16p_ws/build/kiss_icp': CMAKE_PREFIX_PATH=/opt/ros/humble /usr/bin/cmake --install /home/ph/ws/helios16p_ws/build/kiss_icp
[1.144s] -- Install configuration: "Release"
[1.146s] -- Up-to-date: /home/ph/ws/helios16p_ws/install/kiss_icp/lib/kiss_icp/kiss_icp_node
[1.150s] -- Up-to-date: /home/ph/ws/helios16p_ws/install/kiss_icp/lib/libodometry_component.so
[1.150s] -- Up-to-date: /home/ph/ws/helios16p_ws/install/kiss_icp/share/kiss_icp//launch
[1.151s] -- Up-to-date: /home/ph/ws/helios16p_ws/install/kiss_icp/share/kiss_icp//launch/odometry.launch.py
[1.151s] -- Up-to-date: /home/ph/ws/helios16p_ws/install/kiss_icp/share/kiss_icp//rviz
[1.151s] -- Up-to-date: /home/ph/ws/helios16p_ws/install/kiss_icp/share/kiss_icp//rviz/kiss_icp.rviz
[1.152s] -- Up-to-date: /home/ph/ws/helios16p_ws/install/kiss_icp/share/kiss_icp//config
[1.152s] -- Up-to-date: /home/ph/ws/helios16p_ws/install/kiss_icp/share/kiss_icp//config/config.yaml
[1.153s] -- Up-to-date: /home/ph/ws/helios16p_ws/install/kiss_icp/share/ament_index/resource_index/package_run_dependencies/kiss_icp
[1.153s] -- Up-to-date: /home/ph/ws/helios16p_ws/install/kiss_icp/share/ament_index/resource_index/parent_prefix_path/kiss_icp
[1.153s] -- Up-to-date: /home/ph/ws/helios16p_ws/install/kiss_icp/share/kiss_icp/environment/ament_prefix_path.sh
[1.154s] -- Up-to-date: /home/ph/ws/helios16p_ws/install/kiss_icp/share/kiss_icp/environment/ament_prefix_path.dsv
[1.154s] -- Up-to-date: /home/ph/ws/helios16p_ws/install/kiss_icp/share/kiss_icp/environment/path.sh
[1.154s] -- Up-to-date: /home/ph/ws/helios16p_ws/install/kiss_icp/share/kiss_icp/environment/path.dsv
[1.154s] -- Up-to-date: /home/ph/ws/helios16p_ws/install/kiss_icp/share/kiss_icp/local_setup.bash
[1.155s] -- Up-to-date: /home/ph/ws/helios16p_ws/install/kiss_icp/share/kiss_icp/local_setup.sh
[1.155s] -- Up-to-date: /home/ph/ws/helios16p_ws/install/kiss_icp/share/kiss_icp/local_setup.zsh
[1.155s] -- Up-to-date: /home/ph/ws/helios16p_ws/install/kiss_icp/share/kiss_icp/local_setup.dsv
[1.156s] -- Installing: /home/ph/ws/helios16p_ws/install/kiss_icp/share/kiss_icp/package.dsv
[1.157s] -- Up-to-date: /home/ph/ws/helios16p_ws/install/kiss_icp/share/ament_index/resource_index/packages/kiss_icp
[1.159s] -- Up-to-date: /home/ph/ws/helios16p_ws/install/kiss_icp/share/ament_index/resource_index/rclcpp_components/kiss_icp
[1.160s] -- Up-to-date: /home/ph/ws/helios16p_ws/install/kiss_icp/share/kiss_icp/cmake/kiss_icpConfig.cmake
[1.161s] -- Up-to-date: /home/ph/ws/helios16p_ws/install/kiss_icp/share/kiss_icp/cmake/kiss_icpConfig-version.cmake
[1.161s] -- Up-to-date: /home/ph/ws/helios16p_ws/install/kiss_icp/share/kiss_icp/package.xml
[1.162s] Invoked command in '/home/ph/ws/helios16p_ws/build/kiss_icp' returned '0': CMAKE_PREFIX_PATH=/opt/ros/humble /usr/bin/cmake --install /home/ph/ws/helios16p_ws/build/kiss_icp
