[0.390s] DEBUG:colcon:Command line arguments: ['/usr/bin/colcon', 'build', '--packages-select', 'rslidar_sdk']
[0.390s] DEBUG:colcon:Parsed command line arguments: Namespace(log_base=None, log_level=None, verb_name='build', build_base='build', install_base='install', merge_install=False, symlink_install=False, test_result_base=None, continue_on_error=False, executor='parallel', parallel_workers=8, event_handlers=None, ignore_user_meta=False, metas=['./colcon.meta'], base_paths=['.'], packages_ignore=None, packages_ignore_regex=None, paths=None, packages_up_to=None, packages_up_to_regex=None, packages_above=None, packages_above_and_dependencies=None, packages_above_depth=None, packages_select_by_dep=None, packages_skip_by_dep=None, packages_skip_up_to=None, packages_select_build_failed=False, packages_skip_build_finished=False, packages_select_test_failures=False, packages_skip_test_passed=False, packages_select=['rslidar_sdk'], packages_skip=None, packages_select_regex=None, packages_skip_regex=None, packages_start=None, packages_end=None, allow_overriding=[], cmake_args=None, cmake_target=None, cmake_target_skip_unavailable=False, cmake_clean_cache=False, cmake_clean_first=False, cmake_force_configure=False, ament_cmake_args=None, catkin_cmake_args=None, catkin_skip_building_tests=False, mixin_files=None, mixin=None, verb_parser=<colcon_mixin.mixin.mixin_argument.MixinArgumentDecorator object at 0x7fdb1fc47130>, verb_extension=<colcon_core.verb.build.BuildVerb object at 0x7fdb1fdbfe20>, main=<bound method BuildVerb.main of <colcon_core.verb.build.BuildVerb object at 0x7fdb1fdbfe20>>, mixin_verb=('build',))
[0.950s] Level 1:colcon.colcon_core.package_discovery:discover_packages(colcon_meta) check parameters
[0.951s] Level 1:colcon.colcon_core.package_discovery:discover_packages(recursive) check parameters
[0.951s] Level 1:colcon.colcon_core.package_discovery:discover_packages(ignore) check parameters
[0.951s] Level 1:colcon.colcon_core.package_discovery:discover_packages(path) check parameters
[0.951s] Level 1:colcon.colcon_core.package_discovery:discover_packages(colcon_meta) discover
[0.951s] Level 1:colcon.colcon_core.package_discovery:discover_packages(recursive) discover
[0.951s] INFO:colcon.colcon_core.package_discovery:Crawling recursively for packages in '/home/ph/ws/helios16p_ws'
[0.952s] Level 1:colcon.colcon_core.package_identification:_identify(.) by extensions ['ignore', 'ignore_ament_install']
[0.952s] Level 1:colcon.colcon_core.package_identification:_identify(.) by extension 'ignore'
[0.952s] Level 1:colcon.colcon_core.package_identification:_identify(.) by extension 'ignore_ament_install'
[0.953s] Level 1:colcon.colcon_core.package_identification:_identify(.) by extensions ['colcon_pkg']
[0.953s] Level 1:colcon.colcon_core.package_identification:_identify(.) by extension 'colcon_pkg'
[0.953s] Level 1:colcon.colcon_core.package_identification:_identify(.) by extensions ['colcon_meta']
[0.953s] Level 1:colcon.colcon_core.package_identification:_identify(.) by extension 'colcon_meta'
[0.953s] Level 1:colcon.colcon_core.package_identification:_identify(.) by extensions ['ros']
[0.953s] Level 1:colcon.colcon_core.package_identification:_identify(.) by extension 'ros'
[0.990s] Level 1:colcon.colcon_core.package_identification:_identify(.) by extensions ['cmake', 'python']
[0.990s] Level 1:colcon.colcon_core.package_identification:_identify(.) by extension 'cmake'
[0.991s] Level 1:colcon.colcon_core.package_identification:_identify(.) by extension 'python'
[0.991s] Level 1:colcon.colcon_core.package_identification:_identify(.) by extensions ['python_setup_py']
[0.991s] Level 1:colcon.colcon_core.package_identification:_identify(.) by extension 'python_setup_py'
[0.991s] Level 1:colcon.colcon_core.package_identification:_identify(build) by extensions ['ignore', 'ignore_ament_install']
[0.992s] Level 1:colcon.colcon_core.package_identification:_identify(build) by extension 'ignore'
[0.992s] Level 1:colcon.colcon_core.package_identification:_identify(build) ignored
[0.992s] Level 1:colcon.colcon_core.package_identification:_identify(install) by extensions ['ignore', 'ignore_ament_install']
[0.993s] Level 1:colcon.colcon_core.package_identification:_identify(install) by extension 'ignore'
[0.993s] Level 1:colcon.colcon_core.package_identification:_identify(install) ignored
[0.993s] Level 1:colcon.colcon_core.package_identification:_identify(log) by extensions ['ignore', 'ignore_ament_install']
[0.994s] Level 1:colcon.colcon_core.package_identification:_identify(log) by extension 'ignore'
[0.994s] Level 1:colcon.colcon_core.package_identification:_identify(log) ignored
[0.994s] Level 1:colcon.colcon_core.package_identification:_identify(maps) by extensions ['ignore', 'ignore_ament_install']
[0.995s] Level 1:colcon.colcon_core.package_identification:_identify(maps) by extension 'ignore'
[0.995s] Level 1:colcon.colcon_core.package_identification:_identify(maps) by extension 'ignore_ament_install'
[0.995s] Level 1:colcon.colcon_core.package_identification:_identify(maps) by extensions ['colcon_pkg']
[0.995s] Level 1:colcon.colcon_core.package_identification:_identify(maps) by extension 'colcon_pkg'
[0.996s] Level 1:colcon.colcon_core.package_identification:_identify(maps) by extensions ['colcon_meta']
[0.996s] Level 1:colcon.colcon_core.package_identification:_identify(maps) by extension 'colcon_meta'
[0.996s] Level 1:colcon.colcon_core.package_identification:_identify(maps) by extensions ['ros']
[0.996s] Level 1:colcon.colcon_core.package_identification:_identify(maps) by extension 'ros'
[0.996s] Level 1:colcon.colcon_core.package_identification:_identify(maps) by extensions ['cmake', 'python']
[0.997s] Level 1:colcon.colcon_core.package_identification:_identify(maps) by extension 'cmake'
[0.997s] Level 1:colcon.colcon_core.package_identification:_identify(maps) by extension 'python'
[0.997s] Level 1:colcon.colcon_core.package_identification:_identify(maps) by extensions ['python_setup_py']
[0.997s] Level 1:colcon.colcon_core.package_identification:_identify(maps) by extension 'python_setup_py'
[0.997s] Level 1:colcon.colcon_core.package_identification:_identify(src) by extensions ['ignore', 'ignore_ament_install']
[0.998s] Level 1:colcon.colcon_core.package_identification:_identify(src) by extension 'ignore'
[0.998s] Level 1:colcon.colcon_core.package_identification:_identify(src) by extension 'ignore_ament_install'
[0.998s] Level 1:colcon.colcon_core.package_identification:_identify(src) by extensions ['colcon_pkg']
[0.998s] Level 1:colcon.colcon_core.package_identification:_identify(src) by extension 'colcon_pkg'
[0.999s] Level 1:colcon.colcon_core.package_identification:_identify(src) by extensions ['colcon_meta']
[0.999s] Level 1:colcon.colcon_core.package_identification:_identify(src) by extension 'colcon_meta'
[0.999s] Level 1:colcon.colcon_core.package_identification:_identify(src) by extensions ['ros']
[0.999s] Level 1:colcon.colcon_core.package_identification:_identify(src) by extension 'ros'
[0.999s] Level 1:colcon.colcon_core.package_identification:_identify(src) by extensions ['cmake', 'python']
[0.999s] Level 1:colcon.colcon_core.package_identification:_identify(src) by extension 'cmake'
[1.000s] Level 1:colcon.colcon_core.package_identification:_identify(src) by extension 'python'
[1.000s] Level 1:colcon.colcon_core.package_identification:_identify(src) by extensions ['python_setup_py']
[1.000s] Level 1:colcon.colcon_core.package_identification:_identify(src) by extension 'python_setup_py'
[1.000s] Level 1:colcon.colcon_core.package_identification:_identify(src/build) by extensions ['ignore', 'ignore_ament_install']
[1.001s] Level 1:colcon.colcon_core.package_identification:_identify(src/build) by extension 'ignore'
[1.001s] Level 1:colcon.colcon_core.package_identification:_identify(src/build) ignored
[1.001s] Level 1:colcon.colcon_core.package_identification:_identify(src/helios16p_cane_robot) by extensions ['ignore', 'ignore_ament_install']
[1.002s] Level 1:colcon.colcon_core.package_identification:_identify(src/helios16p_cane_robot) by extension 'ignore'
[1.002s] Level 1:colcon.colcon_core.package_identification:_identify(src/helios16p_cane_robot) by extension 'ignore_ament_install'
[1.002s] Level 1:colcon.colcon_core.package_identification:_identify(src/helios16p_cane_robot) by extensions ['colcon_pkg']
[1.002s] Level 1:colcon.colcon_core.package_identification:_identify(src/helios16p_cane_robot) by extension 'colcon_pkg'
[1.002s] Level 1:colcon.colcon_core.package_identification:_identify(src/helios16p_cane_robot) by extensions ['colcon_meta']
[1.002s] Level 1:colcon.colcon_core.package_identification:_identify(src/helios16p_cane_robot) by extension 'colcon_meta'
[1.003s] Level 1:colcon.colcon_core.package_identification:_identify(src/helios16p_cane_robot) by extensions ['ros']
[1.003s] Level 1:colcon.colcon_core.package_identification:_identify(src/helios16p_cane_robot) by extension 'ros'
[1.010s] DEBUG:colcon.colcon_core.package_identification:Package 'src/helios16p_cane_robot' with type 'ros.ament_python' and name 'helios16p_cane_robot'
[1.011s] Level 1:colcon.colcon_core.package_identification:_identify(src/install) by extensions ['ignore', 'ignore_ament_install']
[1.011s] Level 1:colcon.colcon_core.package_identification:_identify(src/install) by extension 'ignore'
[1.011s] Level 1:colcon.colcon_core.package_identification:_identify(src/install) ignored
[1.012s] Level 1:colcon.colcon_core.package_identification:_identify(src/kiss-icp) by extensions ['ignore', 'ignore_ament_install']
[1.012s] Level 1:colcon.colcon_core.package_identification:_identify(src/kiss-icp) by extension 'ignore'
[1.012s] Level 1:colcon.colcon_core.package_identification:_identify(src/kiss-icp) by extension 'ignore_ament_install'
[1.013s] Level 1:colcon.colcon_core.package_identification:_identify(src/kiss-icp) by extensions ['colcon_pkg']
[1.013s] Level 1:colcon.colcon_core.package_identification:_identify(src/kiss-icp) by extension 'colcon_pkg'
[1.013s] Level 1:colcon.colcon_core.package_identification:_identify(src/kiss-icp) by extensions ['colcon_meta']
[1.013s] Level 1:colcon.colcon_core.package_identification:_identify(src/kiss-icp) by extension 'colcon_meta'
[1.013s] Level 1:colcon.colcon_core.package_identification:_identify(src/kiss-icp) by extensions ['ros']
[1.013s] Level 1:colcon.colcon_core.package_identification:_identify(src/kiss-icp) by extension 'ros'
[1.014s] Level 1:colcon.colcon_core.package_identification:_identify(src/kiss-icp) by extensions ['cmake', 'python']
[1.014s] Level 1:colcon.colcon_core.package_identification:_identify(src/kiss-icp) by extension 'cmake'
[1.014s] Level 1:colcon.colcon_core.package_identification:_identify(src/kiss-icp) by extension 'python'
[1.014s] Level 1:colcon.colcon_core.package_identification:_identify(src/kiss-icp) by extensions ['python_setup_py']
[1.014s] Level 1:colcon.colcon_core.package_identification:_identify(src/kiss-icp) by extension 'python_setup_py'
[1.015s] Level 1:colcon.colcon_core.package_identification:_identify(src/kiss-icp/config) by extensions ['ignore', 'ignore_ament_install']
[1.015s] Level 1:colcon.colcon_core.package_identification:_identify(src/kiss-icp/config) by extension 'ignore'
[1.015s] Level 1:colcon.colcon_core.package_identification:_identify(src/kiss-icp/config) by extension 'ignore_ament_install'
[1.015s] Level 1:colcon.colcon_core.package_identification:_identify(src/kiss-icp/config) by extensions ['colcon_pkg']
[1.016s] Level 1:colcon.colcon_core.package_identification:_identify(src/kiss-icp/config) by extension 'colcon_pkg'
[1.016s] Level 1:colcon.colcon_core.package_identification:_identify(src/kiss-icp/config) by extensions ['colcon_meta']
[1.016s] Level 1:colcon.colcon_core.package_identification:_identify(src/kiss-icp/config) by extension 'colcon_meta'
[1.016s] Level 1:colcon.colcon_core.package_identification:_identify(src/kiss-icp/config) by extensions ['ros']
[1.016s] Level 1:colcon.colcon_core.package_identification:_identify(src/kiss-icp/config) by extension 'ros'
[1.017s] Level 1:colcon.colcon_core.package_identification:_identify(src/kiss-icp/config) by extensions ['cmake', 'python']
[1.017s] Level 1:colcon.colcon_core.package_identification:_identify(src/kiss-icp/config) by extension 'cmake'
[1.017s] Level 1:colcon.colcon_core.package_identification:_identify(src/kiss-icp/config) by extension 'python'
[1.017s] Level 1:colcon.colcon_core.package_identification:_identify(src/kiss-icp/config) by extensions ['python_setup_py']
[1.017s] Level 1:colcon.colcon_core.package_identification:_identify(src/kiss-icp/config) by extension 'python_setup_py'
[1.018s] Level 1:colcon.colcon_core.package_identification:_identify(src/kiss-icp/cpp) by extensions ['ignore', 'ignore_ament_install']
[1.018s] Level 1:colcon.colcon_core.package_identification:_identify(src/kiss-icp/cpp) by extension 'ignore'
[1.018s] Level 1:colcon.colcon_core.package_identification:_identify(src/kiss-icp/cpp) ignored
[1.019s] Level 1:colcon.colcon_core.package_identification:_identify(src/kiss-icp/eval) by extensions ['ignore', 'ignore_ament_install']
[1.019s] Level 1:colcon.colcon_core.package_identification:_identify(src/kiss-icp/eval) by extension 'ignore'
[1.019s] Level 1:colcon.colcon_core.package_identification:_identify(src/kiss-icp/eval) by extension 'ignore_ament_install'
[1.019s] Level 1:colcon.colcon_core.package_identification:_identify(src/kiss-icp/eval) by extensions ['colcon_pkg']
[1.020s] Level 1:colcon.colcon_core.package_identification:_identify(src/kiss-icp/eval) by extension 'colcon_pkg'
[1.020s] Level 1:colcon.colcon_core.package_identification:_identify(src/kiss-icp/eval) by extensions ['colcon_meta']
[1.020s] Level 1:colcon.colcon_core.package_identification:_identify(src/kiss-icp/eval) by extension 'colcon_meta'
[1.020s] Level 1:colcon.colcon_core.package_identification:_identify(src/kiss-icp/eval) by extensions ['ros']
[1.020s] Level 1:colcon.colcon_core.package_identification:_identify(src/kiss-icp/eval) by extension 'ros'
[1.021s] Level 1:colcon.colcon_core.package_identification:_identify(src/kiss-icp/eval) by extensions ['cmake', 'python']
[1.021s] Level 1:colcon.colcon_core.package_identification:_identify(src/kiss-icp/eval) by extension 'cmake'
[1.021s] Level 1:colcon.colcon_core.package_identification:_identify(src/kiss-icp/eval) by extension 'python'
[1.021s] Level 1:colcon.colcon_core.package_identification:_identify(src/kiss-icp/eval) by extensions ['python_setup_py']
[1.021s] Level 1:colcon.colcon_core.package_identification:_identify(src/kiss-icp/eval) by extension 'python_setup_py'
[1.022s] Level 1:colcon.colcon_core.package_identification:_identify(src/kiss-icp/python) by extensions ['ignore', 'ignore_ament_install']
[1.022s] Level 1:colcon.colcon_core.package_identification:_identify(src/kiss-icp/python) by extension 'ignore'
[1.022s] Level 1:colcon.colcon_core.package_identification:_identify(src/kiss-icp/python) ignored
[1.023s] Level 1:colcon.colcon_core.package_identification:_identify(src/kiss-icp/ros) by extensions ['ignore', 'ignore_ament_install']
[1.023s] Level 1:colcon.colcon_core.package_identification:_identify(src/kiss-icp/ros) by extension 'ignore'
[1.023s] Level 1:colcon.colcon_core.package_identification:_identify(src/kiss-icp/ros) by extension 'ignore_ament_install'
[1.023s] Level 1:colcon.colcon_core.package_identification:_identify(src/kiss-icp/ros) by extensions ['colcon_pkg']
[1.024s] Level 1:colcon.colcon_core.package_identification:_identify(src/kiss-icp/ros) by extension 'colcon_pkg'
[1.024s] Level 1:colcon.colcon_core.package_identification:_identify(src/kiss-icp/ros) by extensions ['colcon_meta']
[1.024s] Level 1:colcon.colcon_core.package_identification:_identify(src/kiss-icp/ros) by extension 'colcon_meta'
[1.024s] Level 1:colcon.colcon_core.package_identification:_identify(src/kiss-icp/ros) by extensions ['ros']
[1.024s] Level 1:colcon.colcon_core.package_identification:_identify(src/kiss-icp/ros) by extension 'ros'
[1.030s] DEBUG:colcon.colcon_core.package_identification:Package 'src/kiss-icp/ros' with type 'ros.ament_cmake' and name 'kiss_icp'
[1.030s] Level 1:colcon.colcon_core.package_identification:_identify(src/log) by extensions ['ignore', 'ignore_ament_install']
[1.031s] Level 1:colcon.colcon_core.package_identification:_identify(src/log) by extension 'ignore'
[1.031s] Level 1:colcon.colcon_core.package_identification:_identify(src/log) ignored
[1.031s] Level 1:colcon.colcon_core.package_identification:_identify(src/rslidar_msg) by extensions ['ignore', 'ignore_ament_install']
[1.032s] Level 1:colcon.colcon_core.package_identification:_identify(src/rslidar_msg) by extension 'ignore'
[1.032s] Level 1:colcon.colcon_core.package_identification:_identify(src/rslidar_msg) by extension 'ignore_ament_install'
[1.032s] Level 1:colcon.colcon_core.package_identification:_identify(src/rslidar_msg) by extensions ['colcon_pkg']
[1.032s] Level 1:colcon.colcon_core.package_identification:_identify(src/rslidar_msg) by extension 'colcon_pkg'
[1.032s] Level 1:colcon.colcon_core.package_identification:_identify(src/rslidar_msg) by extensions ['colcon_meta']
[1.032s] Level 1:colcon.colcon_core.package_identification:_identify(src/rslidar_msg) by extension 'colcon_meta'
[1.033s] Level 1:colcon.colcon_core.package_identification:_identify(src/rslidar_msg) by extensions ['ros']
[1.033s] Level 1:colcon.colcon_core.package_identification:_identify(src/rslidar_msg) by extension 'ros'
[1.036s] DEBUG:colcon.colcon_core.package_identification:Package 'src/rslidar_msg' with type 'ros.ament_cmake' and name 'rslidar_msg'
[1.036s] Level 1:colcon.colcon_core.package_identification:_identify(src/rslidar_sdk) by extensions ['ignore', 'ignore_ament_install']
[1.036s] Level 1:colcon.colcon_core.package_identification:_identify(src/rslidar_sdk) by extension 'ignore'
[1.037s] Level 1:colcon.colcon_core.package_identification:_identify(src/rslidar_sdk) by extension 'ignore_ament_install'
[1.037s] Level 1:colcon.colcon_core.package_identification:_identify(src/rslidar_sdk) by extensions ['colcon_pkg']
[1.037s] Level 1:colcon.colcon_core.package_identification:_identify(src/rslidar_sdk) by extension 'colcon_pkg'
[1.037s] Level 1:colcon.colcon_core.package_identification:_identify(src/rslidar_sdk) by extensions ['colcon_meta']
[1.037s] Level 1:colcon.colcon_core.package_identification:_identify(src/rslidar_sdk) by extension 'colcon_meta'
[1.038s] Level 1:colcon.colcon_core.package_identification:_identify(src/rslidar_sdk) by extensions ['ros']
[1.038s] Level 1:colcon.colcon_core.package_identification:_identify(src/rslidar_sdk) by extension 'ros'
[1.089s] DEBUG:colcon.colcon_core.package_identification:Package 'src/rslidar_sdk' with type 'ros.ament_cmake' and name 'rslidar_sdk'
[1.089s] Level 1:colcon.colcon_core.package_discovery:discover_packages(recursive) using defaults
[1.089s] Level 1:colcon.colcon_core.package_discovery:discover_packages(ignore) discover
[1.089s] Level 1:colcon.colcon_core.package_discovery:discover_packages(ignore) using defaults
[1.089s] Level 1:colcon.colcon_core.package_discovery:discover_packages(path) discover
[1.089s] Level 1:colcon.colcon_core.package_discovery:discover_packages(path) using defaults
[1.157s] INFO:colcon.colcon_core.package_selection:Skipping not selected package 'helios16p_cane_robot' in 'src/helios16p_cane_robot'
[1.157s] INFO:colcon.colcon_core.package_selection:Skipping not selected package 'kiss_icp' in 'src/kiss-icp/ros'
[1.157s] INFO:colcon.colcon_core.package_selection:Skipping not selected package 'rslidar_msg' in 'src/rslidar_msg'
[1.158s] Level 1:colcon.colcon_core.package_discovery:discover_packages(prefix_path) check parameters
[1.159s] Level 1:colcon.colcon_core.package_discovery:discover_packages(prefix_path) discover
[1.162s] WARNING:colcon.colcon_ros.prefix_path.ament:The path '/home/ph/ws/helios16p_ws/install/rslidar_sdk' in the environment variable AMENT_PREFIX_PATH doesn't exist
[1.162s] WARNING:colcon.colcon_ros.prefix_path.ament:The path '/home/ph/ws/helios16p_ws/install/kiss_icp' in the environment variable AMENT_PREFIX_PATH doesn't exist
[1.163s] WARNING:colcon.colcon_ros.prefix_path.ament:The path '/home/ph/ws/helios16p_ws/install/helios16p_cane_robot' in the environment variable AMENT_PREFIX_PATH doesn't exist
[1.165s] WARNING:colcon.colcon_ros.prefix_path.catkin:The path '/home/ph/ws/helios16p_ws/install/rslidar_sdk' in the environment variable CMAKE_PREFIX_PATH doesn't exist
[1.165s] WARNING:colcon.colcon_ros.prefix_path.catkin:The path '/home/ph/ws/helios16p_ws/install/kiss_icp' in the environment variable CMAKE_PREFIX_PATH doesn't exist
[1.168s] DEBUG:colcon.colcon_installed_package_information.package_discovery:Found 1 installed packages in /home/ph/ws/helios16p_ws/install
[1.171s] DEBUG:colcon.colcon_installed_package_information.package_discovery:Found 12 installed packages in /home/ph/mocap4r2_ws/install
[1.176s] DEBUG:colcon.colcon_installed_package_information.package_discovery:Found 272 installed packages in /opt/ros/humble
[1.181s] Level 1:colcon.colcon_core.package_discovery:discover_packages(prefix_path) using defaults
[1.307s] Level 5:colcon.colcon_core.verb:set package 'rslidar_sdk' build argument 'cmake_args' from command line to 'None'
[1.307s] Level 5:colcon.colcon_core.verb:set package 'rslidar_sdk' build argument 'cmake_target' from command line to 'None'
[1.307s] Level 5:colcon.colcon_core.verb:set package 'rslidar_sdk' build argument 'cmake_target_skip_unavailable' from command line to 'False'
[1.307s] Level 5:colcon.colcon_core.verb:set package 'rslidar_sdk' build argument 'cmake_clean_cache' from command line to 'False'
[1.307s] Level 5:colcon.colcon_core.verb:set package 'rslidar_sdk' build argument 'cmake_clean_first' from command line to 'False'
[1.308s] Level 5:colcon.colcon_core.verb:set package 'rslidar_sdk' build argument 'cmake_force_configure' from command line to 'False'
[1.308s] Level 5:colcon.colcon_core.verb:set package 'rslidar_sdk' build argument 'ament_cmake_args' from command line to 'None'
[1.308s] Level 5:colcon.colcon_core.verb:set package 'rslidar_sdk' build argument 'catkin_cmake_args' from command line to 'None'
[1.308s] Level 5:colcon.colcon_core.verb:set package 'rslidar_sdk' build argument 'catkin_skip_building_tests' from command line to 'False'
[1.308s] DEBUG:colcon.colcon_core.verb:Building package 'rslidar_sdk' with the following arguments: {'ament_cmake_args': None, 'build_base': '/home/ph/ws/helios16p_ws/build/rslidar_sdk', 'catkin_cmake_args': None, 'catkin_skip_building_tests': False, 'cmake_args': None, 'cmake_clean_cache': False, 'cmake_clean_first': False, 'cmake_force_configure': False, 'cmake_target': None, 'cmake_target_skip_unavailable': False, 'install_base': '/home/ph/ws/helios16p_ws/install/rslidar_sdk', 'merge_install': False, 'path': '/home/ph/ws/helios16p_ws/src/rslidar_sdk', 'symlink_install': False, 'test_result_base': None}
[1.308s] INFO:colcon.colcon_core.executor:Executing jobs using 'parallel' executor
[1.312s] DEBUG:colcon.colcon_parallel_executor.executor.parallel:run_until_complete
[1.313s] INFO:colcon.colcon_ros.task.ament_cmake.build:Building ROS package in '/home/ph/ws/helios16p_ws/src/rslidar_sdk' with build type 'ament_cmake'
[1.313s] INFO:colcon.colcon_cmake.task.cmake.build:Building CMake package in '/home/ph/ws/helios16p_ws/src/rslidar_sdk'
[1.320s] INFO:colcon.colcon_core.plugin_system:Skipping extension 'colcon_core.shell.bat': Not used on non-Windows systems
[1.321s] INFO:colcon.colcon_core.shell:Skip shell extension 'powershell' for command environment: Not usable outside of PowerShell
[1.321s] DEBUG:colcon.colcon_core.shell:Skip shell extension 'dsv' for command environment
[1.364s] DEBUG:colcon.colcon_core.event_handler.log_command:Invoking command in '/home/ph/ws/helios16p_ws/build/rslidar_sdk': CMAKE_PREFIX_PATH=/home/ph/ws/helios16p_ws/install/rslidar_msg:/home/ph/ws/helios16p_ws/install/rslidar_sdk:/home/ph/ws/helios16p_ws/install/kiss_icp:/home/ph/mocap4r2_ws/install/rqt_mocap4r2_control:/home/ph/mocap4r2_ws/install/mocap4r2_vicon_driver:/home/ph/mocap4r2_ws/install/mocap4r2_robot_gt:/home/ph/mocap4r2_ws/install/mocap4r2_robot_gt_msgs:/home/ph/mocap4r2_ws/install/mocap4r2_marker_viz:/home/ph/mocap4r2_ws/install/mocap4r2_marker_publisher:/home/ph/mocap4r2_ws/install/mocap4r2_dummy_driver:/home/ph/mocap4r2_ws/install/mocap4r2_msgs:/home/ph/mocap4r2_ws/install/mocap4r2_marker_viz_srvs:/home/ph/mocap4r2_ws/install/mocap4r2_control:/home/ph/mocap4r2_ws/install/mocap4r2_control_msgs:/home/ph/ws/helios16p_ws/install/helios16p_cane_robot:/home/ph/mocap4r2_ws/install/mocap4r2cli:/opt/ros/humble /home/ph/.local/bin/cmake /home/ph/ws/helios16p_ws/src/rslidar_sdk -DCMAKE_INSTALL_PREFIX=/home/ph/ws/helios16p_ws/install/rslidar_sdk
[6.144s] DEBUG:colcon.colcon_core.event_handler.log_command:Invoked command in '/home/ph/ws/helios16p_ws/build/rslidar_sdk' returned '0': CMAKE_PREFIX_PATH=/home/ph/ws/helios16p_ws/install/rslidar_msg:/home/ph/ws/helios16p_ws/install/rslidar_sdk:/home/ph/ws/helios16p_ws/install/kiss_icp:/home/ph/mocap4r2_ws/install/rqt_mocap4r2_control:/home/ph/mocap4r2_ws/install/mocap4r2_vicon_driver:/home/ph/mocap4r2_ws/install/mocap4r2_robot_gt:/home/ph/mocap4r2_ws/install/mocap4r2_robot_gt_msgs:/home/ph/mocap4r2_ws/install/mocap4r2_marker_viz:/home/ph/mocap4r2_ws/install/mocap4r2_marker_publisher:/home/ph/mocap4r2_ws/install/mocap4r2_dummy_driver:/home/ph/mocap4r2_ws/install/mocap4r2_msgs:/home/ph/mocap4r2_ws/install/mocap4r2_marker_viz_srvs:/home/ph/mocap4r2_ws/install/mocap4r2_control:/home/ph/mocap4r2_ws/install/mocap4r2_control_msgs:/home/ph/ws/helios16p_ws/install/helios16p_cane_robot:/home/ph/mocap4r2_ws/install/mocap4r2cli:/opt/ros/humble /home/ph/.local/bin/cmake /home/ph/ws/helios16p_ws/src/rslidar_sdk -DCMAKE_INSTALL_PREFIX=/home/ph/ws/helios16p_ws/install/rslidar_sdk
[6.149s] DEBUG:colcon.colcon_core.event_handler.log_command:Invoking command in '/home/ph/ws/helios16p_ws/build/rslidar_sdk': CMAKE_PREFIX_PATH=/home/ph/ws/helios16p_ws/install/rslidar_msg:/home/ph/ws/helios16p_ws/install/rslidar_sdk:/home/ph/ws/helios16p_ws/install/kiss_icp:/home/ph/mocap4r2_ws/install/rqt_mocap4r2_control:/home/ph/mocap4r2_ws/install/mocap4r2_vicon_driver:/home/ph/mocap4r2_ws/install/mocap4r2_robot_gt:/home/ph/mocap4r2_ws/install/mocap4r2_robot_gt_msgs:/home/ph/mocap4r2_ws/install/mocap4r2_marker_viz:/home/ph/mocap4r2_ws/install/mocap4r2_marker_publisher:/home/ph/mocap4r2_ws/install/mocap4r2_dummy_driver:/home/ph/mocap4r2_ws/install/mocap4r2_msgs:/home/ph/mocap4r2_ws/install/mocap4r2_marker_viz_srvs:/home/ph/mocap4r2_ws/install/mocap4r2_control:/home/ph/mocap4r2_ws/install/mocap4r2_control_msgs:/home/ph/ws/helios16p_ws/install/helios16p_cane_robot:/home/ph/mocap4r2_ws/install/mocap4r2cli:/opt/ros/humble /home/ph/.local/bin/cmake --build /home/ph/ws/helios16p_ws/build/rslidar_sdk -- -j8 -l8
[60.654s] DEBUG:colcon.colcon_core.event_handler.log_command:Invoked command in '/home/ph/ws/helios16p_ws/build/rslidar_sdk' returned '0': CMAKE_PREFIX_PATH=/home/ph/ws/helios16p_ws/install/rslidar_msg:/home/ph/ws/helios16p_ws/install/rslidar_sdk:/home/ph/ws/helios16p_ws/install/kiss_icp:/home/ph/mocap4r2_ws/install/rqt_mocap4r2_control:/home/ph/mocap4r2_ws/install/mocap4r2_vicon_driver:/home/ph/mocap4r2_ws/install/mocap4r2_robot_gt:/home/ph/mocap4r2_ws/install/mocap4r2_robot_gt_msgs:/home/ph/mocap4r2_ws/install/mocap4r2_marker_viz:/home/ph/mocap4r2_ws/install/mocap4r2_marker_publisher:/home/ph/mocap4r2_ws/install/mocap4r2_dummy_driver:/home/ph/mocap4r2_ws/install/mocap4r2_msgs:/home/ph/mocap4r2_ws/install/mocap4r2_marker_viz_srvs:/home/ph/mocap4r2_ws/install/mocap4r2_control:/home/ph/mocap4r2_ws/install/mocap4r2_control_msgs:/home/ph/ws/helios16p_ws/install/helios16p_cane_robot:/home/ph/mocap4r2_ws/install/mocap4r2cli:/opt/ros/humble /home/ph/.local/bin/cmake --build /home/ph/ws/helios16p_ws/build/rslidar_sdk -- -j8 -l8
[60.944s] DEBUG:colcon.colcon_core.event_handler.log_command:Invoking command in '/home/ph/ws/helios16p_ws/build/rslidar_sdk': CMAKE_PREFIX_PATH=/home/ph/ws/helios16p_ws/install/rslidar_msg:/home/ph/ws/helios16p_ws/install/rslidar_sdk:/home/ph/ws/helios16p_ws/install/kiss_icp:/home/ph/mocap4r2_ws/install/rqt_mocap4r2_control:/home/ph/mocap4r2_ws/install/mocap4r2_vicon_driver:/home/ph/mocap4r2_ws/install/mocap4r2_robot_gt:/home/ph/mocap4r2_ws/install/mocap4r2_robot_gt_msgs:/home/ph/mocap4r2_ws/install/mocap4r2_marker_viz:/home/ph/mocap4r2_ws/install/mocap4r2_marker_publisher:/home/ph/mocap4r2_ws/install/mocap4r2_dummy_driver:/home/ph/mocap4r2_ws/install/mocap4r2_msgs:/home/ph/mocap4r2_ws/install/mocap4r2_marker_viz_srvs:/home/ph/mocap4r2_ws/install/mocap4r2_control:/home/ph/mocap4r2_ws/install/mocap4r2_control_msgs:/home/ph/ws/helios16p_ws/install/helios16p_cane_robot:/home/ph/mocap4r2_ws/install/mocap4r2cli:/opt/ros/humble /home/ph/.local/bin/cmake --install /home/ph/ws/helios16p_ws/build/rslidar_sdk
[61.229s] Level 1:colcon.colcon_core.environment:create_environment_scripts_only(rslidar_sdk)
[61.230s] DEBUG:colcon.colcon_core.event_handler.log_command:Invoked command in '/home/ph/ws/helios16p_ws/build/rslidar_sdk' returned '0': CMAKE_PREFIX_PATH=/home/ph/ws/helios16p_ws/install/rslidar_msg:/home/ph/ws/helios16p_ws/install/rslidar_sdk:/home/ph/ws/helios16p_ws/install/kiss_icp:/home/ph/mocap4r2_ws/install/rqt_mocap4r2_control:/home/ph/mocap4r2_ws/install/mocap4r2_vicon_driver:/home/ph/mocap4r2_ws/install/mocap4r2_robot_gt:/home/ph/mocap4r2_ws/install/mocap4r2_robot_gt_msgs:/home/ph/mocap4r2_ws/install/mocap4r2_marker_viz:/home/ph/mocap4r2_ws/install/mocap4r2_marker_publisher:/home/ph/mocap4r2_ws/install/mocap4r2_dummy_driver:/home/ph/mocap4r2_ws/install/mocap4r2_msgs:/home/ph/mocap4r2_ws/install/mocap4r2_marker_viz_srvs:/home/ph/mocap4r2_ws/install/mocap4r2_control:/home/ph/mocap4r2_ws/install/mocap4r2_control_msgs:/home/ph/ws/helios16p_ws/install/helios16p_cane_robot:/home/ph/mocap4r2_ws/install/mocap4r2cli:/opt/ros/humble /home/ph/.local/bin/cmake --install /home/ph/ws/helios16p_ws/build/rslidar_sdk
[61.243s] Level 1:colcon.colcon_core.environment:checking '/home/ph/ws/helios16p_ws/install/rslidar_sdk' for CMake module files
[61.244s] Level 1:colcon.colcon_core.environment:checking '/home/ph/ws/helios16p_ws/install/rslidar_sdk' for CMake config files
[61.245s] Level 1:colcon.colcon_core.shell:create_environment_hook('rslidar_sdk', 'cmake_prefix_path')
[61.246s] INFO:colcon.colcon_core.shell:Creating environment hook '/home/ph/ws/helios16p_ws/install/rslidar_sdk/share/rslidar_sdk/hook/cmake_prefix_path.ps1'
[61.249s] INFO:colcon.colcon_core.shell:Creating environment descriptor '/home/ph/ws/helios16p_ws/install/rslidar_sdk/share/rslidar_sdk/hook/cmake_prefix_path.dsv'
[61.250s] INFO:colcon.colcon_core.shell:Creating environment hook '/home/ph/ws/helios16p_ws/install/rslidar_sdk/share/rslidar_sdk/hook/cmake_prefix_path.sh'
[61.252s] Level 1:colcon.colcon_core.environment:checking '/home/ph/ws/helios16p_ws/install/rslidar_sdk/lib'
[61.253s] Level 1:colcon.colcon_core.environment:checking '/home/ph/ws/helios16p_ws/install/rslidar_sdk/bin'
[61.253s] Level 1:colcon.colcon_core.environment:checking '/home/ph/ws/helios16p_ws/install/rslidar_sdk/lib/pkgconfig/rslidar_sdk.pc'
[61.254s] Level 1:colcon.colcon_core.environment:checking '/home/ph/ws/helios16p_ws/install/rslidar_sdk/lib/python3.10/site-packages'
[61.255s] Level 1:colcon.colcon_core.environment:checking '/home/ph/ws/helios16p_ws/install/rslidar_sdk/bin'
[61.256s] INFO:colcon.colcon_core.shell:Creating package script '/home/ph/ws/helios16p_ws/install/rslidar_sdk/share/rslidar_sdk/package.ps1'
[61.259s] INFO:colcon.colcon_core.shell:Creating package descriptor '/home/ph/ws/helios16p_ws/install/rslidar_sdk/share/rslidar_sdk/package.dsv'
[61.260s] INFO:colcon.colcon_core.shell:Creating package script '/home/ph/ws/helios16p_ws/install/rslidar_sdk/share/rslidar_sdk/package.sh'
[61.262s] INFO:colcon.colcon_core.shell:Creating package script '/home/ph/ws/helios16p_ws/install/rslidar_sdk/share/rslidar_sdk/package.bash'
[61.265s] INFO:colcon.colcon_core.shell:Creating package script '/home/ph/ws/helios16p_ws/install/rslidar_sdk/share/rslidar_sdk/package.zsh'
[61.267s] Level 1:colcon.colcon_core.environment:create_file_with_runtime_dependencies(/home/ph/ws/helios16p_ws/install/rslidar_sdk/share/colcon-core/packages/rslidar_sdk)
[61.270s] Level 1:colcon.colcon_core.environment:create_environment_scripts_only(rslidar_sdk)
[61.270s] Level 1:colcon.colcon_core.environment:checking '/home/ph/ws/helios16p_ws/install/rslidar_sdk' for CMake module files
[61.272s] Level 1:colcon.colcon_core.environment:checking '/home/ph/ws/helios16p_ws/install/rslidar_sdk' for CMake config files
[61.273s] Level 1:colcon.colcon_core.shell:create_environment_hook('rslidar_sdk', 'cmake_prefix_path')
[61.274s] INFO:colcon.colcon_core.shell:Creating environment hook '/home/ph/ws/helios16p_ws/install/rslidar_sdk/share/rslidar_sdk/hook/cmake_prefix_path.ps1'
[61.275s] INFO:colcon.colcon_core.shell:Creating environment descriptor '/home/ph/ws/helios16p_ws/install/rslidar_sdk/share/rslidar_sdk/hook/cmake_prefix_path.dsv'
[61.276s] INFO:colcon.colcon_core.shell:Creating environment hook '/home/ph/ws/helios16p_ws/install/rslidar_sdk/share/rslidar_sdk/hook/cmake_prefix_path.sh'
[61.278s] Level 1:colcon.colcon_core.environment:checking '/home/ph/ws/helios16p_ws/install/rslidar_sdk/lib'
[61.278s] Level 1:colcon.colcon_core.environment:checking '/home/ph/ws/helios16p_ws/install/rslidar_sdk/bin'
[61.278s] Level 1:colcon.colcon_core.environment:checking '/home/ph/ws/helios16p_ws/install/rslidar_sdk/lib/pkgconfig/rslidar_sdk.pc'
[61.279s] Level 1:colcon.colcon_core.environment:checking '/home/ph/ws/helios16p_ws/install/rslidar_sdk/lib/python3.10/site-packages'
[61.280s] Level 1:colcon.colcon_core.environment:checking '/home/ph/ws/helios16p_ws/install/rslidar_sdk/bin'
[61.280s] INFO:colcon.colcon_core.shell:Creating package script '/home/ph/ws/helios16p_ws/install/rslidar_sdk/share/rslidar_sdk/package.ps1'
[61.282s] INFO:colcon.colcon_core.shell:Creating package descriptor '/home/ph/ws/helios16p_ws/install/rslidar_sdk/share/rslidar_sdk/package.dsv'
[61.284s] INFO:colcon.colcon_core.shell:Creating package script '/home/ph/ws/helios16p_ws/install/rslidar_sdk/share/rslidar_sdk/package.sh'
[61.285s] INFO:colcon.colcon_core.shell:Creating package script '/home/ph/ws/helios16p_ws/install/rslidar_sdk/share/rslidar_sdk/package.bash'
[61.286s] INFO:colcon.colcon_core.shell:Creating package script '/home/ph/ws/helios16p_ws/install/rslidar_sdk/share/rslidar_sdk/package.zsh'
[61.288s] Level 1:colcon.colcon_core.environment:create_file_with_runtime_dependencies(/home/ph/ws/helios16p_ws/install/rslidar_sdk/share/colcon-core/packages/rslidar_sdk)
[61.289s] DEBUG:colcon.colcon_parallel_executor.executor.parallel:closing loop
[61.289s] DEBUG:colcon.colcon_parallel_executor.executor.parallel:loop closed
[61.290s] DEBUG:colcon.colcon_parallel_executor.executor.parallel:run_until_complete finished with '0'
[61.290s] DEBUG:colcon.colcon_core.event_reactor:joining thread
[61.311s] INFO:colcon.colcon_core.plugin_system:Skipping extension 'colcon_notification.desktop_notification.terminal_notifier': Not used on non-Darwin systems
[61.311s] INFO:colcon.colcon_core.plugin_system:Skipping extension 'colcon_notification.desktop_notification.win32': Not used on non-Windows systems
[61.312s] INFO:colcon.colcon_notification.desktop_notification:Sending desktop notification using 'notify2'
[61.317s] DEBUG:colcon.colcon_core.event_reactor:joined thread
[61.318s] INFO:colcon.colcon_core.shell:Creating prefix script '/home/ph/ws/helios16p_ws/install/local_setup.ps1'
[61.321s] INFO:colcon.colcon_core.shell:Creating prefix util module '/home/ph/ws/helios16p_ws/install/_local_setup_util_ps1.py'
[61.326s] INFO:colcon.colcon_core.shell:Creating prefix chain script '/home/ph/ws/helios16p_ws/install/setup.ps1'
[61.333s] INFO:colcon.colcon_core.shell:Creating prefix script '/home/ph/ws/helios16p_ws/install/local_setup.sh'
[61.335s] INFO:colcon.colcon_core.shell:Creating prefix util module '/home/ph/ws/helios16p_ws/install/_local_setup_util_sh.py'
[61.337s] INFO:colcon.colcon_core.shell:Creating prefix chain script '/home/ph/ws/helios16p_ws/install/setup.sh'
[61.343s] INFO:colcon.colcon_core.shell:Creating prefix script '/home/ph/ws/helios16p_ws/install/local_setup.bash'
[61.345s] INFO:colcon.colcon_core.shell:Creating prefix chain script '/home/ph/ws/helios16p_ws/install/setup.bash'
[61.351s] INFO:colcon.colcon_core.shell:Creating prefix script '/home/ph/ws/helios16p_ws/install/local_setup.zsh'
[61.353s] INFO:colcon.colcon_core.shell:Creating prefix chain script '/home/ph/ws/helios16p_ws/install/setup.zsh'
