[0.033s] Invoking command in '/home/ph/treasure/dockerBENCH/helios16p_ws/build/go1_description': CMAKE_PREFIX_PATH=/opt/ros/humble PS1=(pvenv) \[\e]0;\u@\h: \w\a\]${debian_chroot:+($debian_chroot)}\u@\h:\w\$ VIRTUAL_ENV_PROMPT=(pvenv) /home/ph/.local/bin/cmake /home/ph/treasure/dockerBENCH/helios16p_ws/src/go1_description -DCMAKE_INSTALL_PREFIX=/home/ph/treasure/dockerBENCH/helios16p_ws/install/go1_description
[0.446s] -- The C compiler identification is GNU 11.4.0
[0.447s] -- The CXX compiler identification is GNU 11.4.0
[0.447s] -- Detecting C compiler ABI info
[0.447s] [0mCMake Deprecation Warning at CMakeLists.txt:1 (cmake_minimum_required):
[0.447s]   Compatibility with CMake < 3.10 will be removed from a future version of
[0.447s]   CMake.
[0.448s] 
[0.448s]   Update the VERSION argument <min> value.  Or, use the <min>...<max> syntax
[0.448s]   to tell CMake that the project requires at least <min> but has been updated
[0.448s]   to work with policies introduced by <max> or earlier.
[0.448s] 
[0.448s] [0m
[0.524s] -- Detecting C compiler ABI info - done
[0.561s] -- Check for working C compiler: /usr/bin/cc - skipped
[0.562s] -- Detecting C compile features
[0.563s] -- Detecting C compile features - done
[0.597s] -- Detecting CXX compiler ABI info
[0.742s] -- Detecting CXX compiler ABI info - done
[0.775s] -- Check for working CXX compiler: /usr/bin/c++ - skipped
[0.775s] -- Detecting CXX compile features
[0.776s] -- Detecting CXX compile features - done
[0.793s] -- Found ament_cmake: 1.3.12 (/opt/ros/humble/share/ament_cmake/cmake)
[1.023s] -- Found Python3: /usr/bin/python3 (found version "3.10.12") found components: Interpreter
[1.207s] -- Found ament_lint_auto: 0.12.14 (/opt/ros/humble/share/ament_lint_auto/cmake)
[1.362s] -- Added test 'flake8' to check Python code syntax and style conventions
[1.364s] -- Added test 'lint_cmake' to check CMake code style
[1.366s] -- Added test 'pep257' to check Python code against some of the docstring style conventions in PEP 257
[1.371s] -- Added test 'xmllint' to check XML markup files
[1.374s] -- Configuring done (1.2s)
[1.383s] -- Generating done (0.0s)
[1.387s] -- Build files have been written to: /home/ph/treasure/dockerBENCH/helios16p_ws/build/go1_description
[1.396s] Invoked command in '/home/ph/treasure/dockerBENCH/helios16p_ws/build/go1_description' returned '0': CMAKE_PREFIX_PATH=/opt/ros/humble PS1=(pvenv) \[\e]0;\u@\h: \w\a\]${debian_chroot:+($debian_chroot)}\u@\h:\w\$ VIRTUAL_ENV_PROMPT=(pvenv) /home/ph/.local/bin/cmake /home/ph/treasure/dockerBENCH/helios16p_ws/src/go1_description -DCMAKE_INSTALL_PREFIX=/home/ph/treasure/dockerBENCH/helios16p_ws/install/go1_description
[1.399s] Invoking command in '/home/ph/treasure/dockerBENCH/helios16p_ws/build/go1_description': CMAKE_PREFIX_PATH=/opt/ros/humble PS1=(pvenv) \[\e]0;\u@\h: \w\a\]${debian_chroot:+($debian_chroot)}\u@\h:\w\$ VIRTUAL_ENV_PROMPT=(pvenv) /home/ph/.local/bin/cmake --build /home/ph/treasure/dockerBENCH/helios16p_ws/build/go1_description -- -j8 -l8
[1.557s] Invoked command in '/home/ph/treasure/dockerBENCH/helios16p_ws/build/go1_description' returned '0': CMAKE_PREFIX_PATH=/opt/ros/humble PS1=(pvenv) \[\e]0;\u@\h: \w\a\]${debian_chroot:+($debian_chroot)}\u@\h:\w\$ VIRTUAL_ENV_PROMPT=(pvenv) /home/ph/.local/bin/cmake --build /home/ph/treasure/dockerBENCH/helios16p_ws/build/go1_description -- -j8 -l8
[1.560s] Invoking command in '/home/ph/treasure/dockerBENCH/helios16p_ws/build/go1_description': CMAKE_PREFIX_PATH=/opt/ros/humble PS1=(pvenv) \[\e]0;\u@\h: \w\a\]${debian_chroot:+($debian_chroot)}\u@\h:\w\$ VIRTUAL_ENV_PROMPT=(pvenv) /home/ph/.local/bin/cmake --install /home/ph/treasure/dockerBENCH/helios16p_ws/build/go1_description
[1.678s] -- Install configuration: ""
[1.678s] -- Installing: /home/ph/treasure/dockerBENCH/helios16p_ws/install/go1_description/share/go1_description//launch
[1.679s] -- Installing: /home/ph/treasure/dockerBENCH/helios16p_ws/install/go1_description/share/go1_description//launch/load_go1.launch.py
[1.679s] -- Installing: /home/ph/treasure/dockerBENCH/helios16p_ws/install/go1_description/share/go1_description//config
[1.679s] -- Installing: /home/ph/treasure/dockerBENCH/helios16p_ws/install/go1_description/share/go1_description//config/go1.rviz
[1.679s] -- Installing: /home/ph/treasure/dockerBENCH/helios16p_ws/install/go1_description/share/go1_description//meshes
[1.680s] -- Installing: /home/ph/treasure/dockerBENCH/helios16p_ws/install/go1_description/share/go1_description//meshes/depthCamera.dae
[1.680s] -- Installing: /home/ph/treasure/dockerBENCH/helios16p_ws/install/go1_description/share/go1_description//meshes/thigh_mirror.dae
[1.686s] -- Installing: /home/ph/treasure/dockerBENCH/helios16p_ws/install/go1_description/share/go1_description//meshes/calf.dae
[1.693s] -- Installing: /home/ph/treasure/dockerBENCH/helios16p_ws/install/go1_description/share/go1_description//meshes/thigh.dae
[1.698s] -- Installing: /home/ph/treasure/dockerBENCH/helios16p_ws/install/go1_description/share/go1_description//meshes/hip.dae
[1.705s] -- Installing: /home/ph/treasure/dockerBENCH/helios16p_ws/install/go1_description/share/go1_description//meshes/ultraSound.dae
[1.707s] -- Installing: /home/ph/treasure/dockerBENCH/helios16p_ws/install/go1_description/share/go1_description//meshes/trunk.dae
[1.873s] -- Installing: /home/ph/treasure/dockerBENCH/helios16p_ws/install/go1_description/share/go1_description//xacro
[1.873s] -- Installing: /home/ph/treasure/dockerBENCH/helios16p_ws/install/go1_description/share/go1_description//xacro/robot.xacro
[1.874s] -- Installing: /home/ph/treasure/dockerBENCH/helios16p_ws/install/go1_description/share/go1_description//xacro/materials.xacro
[1.874s] -- Installing: /home/ph/treasure/dockerBENCH/helios16p_ws/install/go1_description/share/go1_description//xacro/const.xacro
[1.875s] -- Installing: /home/ph/treasure/dockerBENCH/helios16p_ws/install/go1_description/share/go1_description//xacro/ultraSound.xacro
[1.875s] -- Installing: /home/ph/treasure/dockerBENCH/helios16p_ws/install/go1_description/share/go1_description//xacro/gazebo.xacro
[1.875s] -- Installing: /home/ph/treasure/dockerBENCH/helios16p_ws/install/go1_description/share/go1_description//xacro/helios16p_LiDAR.urdf.xacro
[1.876s] -- Installing: /home/ph/treasure/dockerBENCH/helios16p_ws/install/go1_description/share/go1_description//xacro/depthCamera.xacro
[1.877s] -- Installing: /home/ph/treasure/dockerBENCH/helios16p_ws/install/go1_description/share/go1_description//xacro/transmission.xacro
[1.878s] -- Installing: /home/ph/treasure/dockerBENCH/helios16p_ws/install/go1_description/share/go1_description//xacro/leg.xacro
[1.879s] -- Installing: /home/ph/treasure/dockerBENCH/helios16p_ws/install/go1_description/share/ament_index/resource_index/package_run_dependencies/go1_description
[1.880s] -- Installing: /home/ph/treasure/dockerBENCH/helios16p_ws/install/go1_description/share/ament_index/resource_index/parent_prefix_path/go1_description
[1.881s] -- Installing: /home/ph/treasure/dockerBENCH/helios16p_ws/install/go1_description/share/go1_description/environment/ament_prefix_path.sh
[1.882s] -- Installing: /home/ph/treasure/dockerBENCH/helios16p_ws/install/go1_description/share/go1_description/environment/ament_prefix_path.dsv
[1.882s] -- Installing: /home/ph/treasure/dockerBENCH/helios16p_ws/install/go1_description/share/go1_description/environment/path.sh
[1.883s] -- Installing: /home/ph/treasure/dockerBENCH/helios16p_ws/install/go1_description/share/go1_description/environment/path.dsv
[1.884s] -- Installing: /home/ph/treasure/dockerBENCH/helios16p_ws/install/go1_description/share/go1_description/local_setup.bash
[1.884s] -- Installing: /home/ph/treasure/dockerBENCH/helios16p_ws/install/go1_description/share/go1_description/local_setup.sh
[1.884s] -- Installing: /home/ph/treasure/dockerBENCH/helios16p_ws/install/go1_description/share/go1_description/local_setup.zsh
[1.884s] -- Installing: /home/ph/treasure/dockerBENCH/helios16p_ws/install/go1_description/share/go1_description/local_setup.dsv
[1.884s] -- Installing: /home/ph/treasure/dockerBENCH/helios16p_ws/install/go1_description/share/go1_description/package.dsv
[1.885s] -- Installing: /home/ph/treasure/dockerBENCH/helios16p_ws/install/go1_description/share/ament_index/resource_index/packages/go1_description
[1.885s] -- Installing: /home/ph/treasure/dockerBENCH/helios16p_ws/install/go1_description/share/go1_description/cmake/go1_descriptionConfig.cmake
[1.885s] -- Installing: /home/ph/treasure/dockerBENCH/helios16p_ws/install/go1_description/share/go1_description/cmake/go1_descriptionConfig-version.cmake
[1.886s] -- Installing: /home/ph/treasure/dockerBENCH/helios16p_ws/install/go1_description/share/go1_description/package.xml
[1.890s] Invoked command in '/home/ph/treasure/dockerBENCH/helios16p_ws/build/go1_description' returned '0': CMAKE_PREFIX_PATH=/opt/ros/humble PS1=(pvenv) \[\e]0;\u@\h: \w\a\]${debian_chroot:+($debian_chroot)}\u@\h:\w\$ VIRTUAL_ENV_PROMPT=(pvenv) /home/ph/.local/bin/cmake --install /home/ph/treasure/dockerBENCH/helios16p_ws/build/go1_description
