[0.334s] DEBUG:colcon:Command line arguments: ['/usr/bin/colcon', 'build']
[0.335s] DEBUG:colcon:Parsed command line arguments: Namespace(log_base=None, log_level=None, verb_name='build', build_base='build', install_base='install', merge_install=False, symlink_install=False, test_result_base=None, continue_on_error=False, executor='parallel', parallel_workers=8, event_handlers=None, ignore_user_meta=False, metas=['./colcon.meta'], base_paths=['.'], packages_ignore=None, packages_ignore_regex=None, paths=None, packages_up_to=None, packages_up_to_regex=None, packages_above=None, packages_above_and_dependencies=None, packages_above_depth=None, packages_select_by_dep=None, packages_skip_by_dep=None, packages_skip_up_to=None, packages_select_build_failed=False, packages_skip_build_finished=False, packages_select_test_failures=False, packages_skip_test_passed=False, packages_select=None, packages_skip=None, packages_select_regex=None, packages_skip_regex=None, packages_start=None, packages_end=None, allow_overriding=[], cmake_args=None, cmake_target=None, cmake_target_skip_unavailable=False, cmake_clean_cache=False, cmake_clean_first=False, cmake_force_configure=False, ament_cmake_args=None, catkin_cmake_args=None, catkin_skip_building_tests=False, mixin_files=None, mixin=None, verb_parser=<colcon_mixin.mixin.mixin_argument.MixinArgumentDecorator object at 0x7ce08d849840>, verb_extension=<colcon_core.verb.build.BuildVerb object at 0x7ce08d962710>, main=<bound method BuildVerb.main of <colcon_core.verb.build.BuildVerb object at 0x7ce08d962710>>, mixin_verb=('build',))
[0.807s] Level 1:colcon.colcon_core.package_discovery:discover_packages(colcon_meta) check parameters
[0.807s] Level 1:colcon.colcon_core.package_discovery:discover_packages(recursive) check parameters
[0.807s] Level 1:colcon.colcon_core.package_discovery:discover_packages(ignore) check parameters
[0.807s] Level 1:colcon.colcon_core.package_discovery:discover_packages(path) check parameters
[0.807s] Level 1:colcon.colcon_core.package_discovery:discover_packages(colcon_meta) discover
[0.807s] Level 1:colcon.colcon_core.package_discovery:discover_packages(recursive) discover
[0.807s] INFO:colcon.colcon_core.package_discovery:Crawling recursively for packages in '/home/ph/ws/helios16p_ws/src'
[0.808s] Level 1:colcon.colcon_core.package_identification:_identify(.) by extensions ['ignore', 'ignore_ament_install']
[0.808s] Level 1:colcon.colcon_core.package_identification:_identify(.) by extension 'ignore'
[0.808s] Level 1:colcon.colcon_core.package_identification:_identify(.) by extension 'ignore_ament_install'
[0.808s] Level 1:colcon.colcon_core.package_identification:_identify(.) by extensions ['colcon_pkg']
[0.808s] Level 1:colcon.colcon_core.package_identification:_identify(.) by extension 'colcon_pkg'
[0.809s] Level 1:colcon.colcon_core.package_identification:_identify(.) by extensions ['colcon_meta']
[0.809s] Level 1:colcon.colcon_core.package_identification:_identify(.) by extension 'colcon_meta'
[0.809s] Level 1:colcon.colcon_core.package_identification:_identify(.) by extensions ['ros']
[0.809s] Level 1:colcon.colcon_core.package_identification:_identify(.) by extension 'ros'
[0.838s] Level 1:colcon.colcon_core.package_identification:_identify(.) by extensions ['cmake', 'python']
[0.838s] Level 1:colcon.colcon_core.package_identification:_identify(.) by extension 'cmake'
[0.838s] Level 1:colcon.colcon_core.package_identification:_identify(.) by extension 'python'
[0.838s] Level 1:colcon.colcon_core.package_identification:_identify(.) by extensions ['python_setup_py']
[0.839s] Level 1:colcon.colcon_core.package_identification:_identify(.) by extension 'python_setup_py'
[0.839s] Level 1:colcon.colcon_core.package_identification:_identify(build) by extensions ['ignore', 'ignore_ament_install']
[0.839s] Level 1:colcon.colcon_core.package_identification:_identify(build) by extension 'ignore'
[0.839s] Level 1:colcon.colcon_core.package_identification:_identify(build) ignored
[0.840s] Level 1:colcon.colcon_core.package_identification:_identify(helios16p_cane_robot) by extensions ['ignore', 'ignore_ament_install']
[0.840s] Level 1:colcon.colcon_core.package_identification:_identify(helios16p_cane_robot) by extension 'ignore'
[0.840s] Level 1:colcon.colcon_core.package_identification:_identify(helios16p_cane_robot) by extension 'ignore_ament_install'
[0.840s] Level 1:colcon.colcon_core.package_identification:_identify(helios16p_cane_robot) by extensions ['colcon_pkg']
[0.840s] Level 1:colcon.colcon_core.package_identification:_identify(helios16p_cane_robot) by extension 'colcon_pkg'
[0.840s] Level 1:colcon.colcon_core.package_identification:_identify(helios16p_cane_robot) by extensions ['colcon_meta']
[0.840s] Level 1:colcon.colcon_core.package_identification:_identify(helios16p_cane_robot) by extension 'colcon_meta'
[0.841s] Level 1:colcon.colcon_core.package_identification:_identify(helios16p_cane_robot) by extensions ['ros']
[0.841s] Level 1:colcon.colcon_core.package_identification:_identify(helios16p_cane_robot) by extension 'ros'
[0.847s] DEBUG:colcon.colcon_core.package_identification:Package 'helios16p_cane_robot' with type 'ros.ament_python' and name 'helios16p_cane_robot'
[0.848s] Level 1:colcon.colcon_core.package_identification:_identify(install) by extensions ['ignore', 'ignore_ament_install']
[0.848s] Level 1:colcon.colcon_core.package_identification:_identify(install) by extension 'ignore'
[0.848s] Level 1:colcon.colcon_core.package_identification:_identify(install) ignored
[0.848s] Level 1:colcon.colcon_core.package_identification:_identify(kiss-icp) by extensions ['ignore', 'ignore_ament_install']
[0.848s] Level 1:colcon.colcon_core.package_identification:_identify(kiss-icp) by extension 'ignore'
[0.849s] Level 1:colcon.colcon_core.package_identification:_identify(kiss-icp) by extension 'ignore_ament_install'
[0.849s] Level 1:colcon.colcon_core.package_identification:_identify(kiss-icp) by extensions ['colcon_pkg']
[0.849s] Level 1:colcon.colcon_core.package_identification:_identify(kiss-icp) by extension 'colcon_pkg'
[0.849s] Level 1:colcon.colcon_core.package_identification:_identify(kiss-icp) by extensions ['colcon_meta']
[0.849s] Level 1:colcon.colcon_core.package_identification:_identify(kiss-icp) by extension 'colcon_meta'
[0.849s] Level 1:colcon.colcon_core.package_identification:_identify(kiss-icp) by extensions ['ros']
[0.849s] Level 1:colcon.colcon_core.package_identification:_identify(kiss-icp) by extension 'ros'
[0.849s] Level 1:colcon.colcon_core.package_identification:_identify(kiss-icp) by extensions ['cmake', 'python']
[0.850s] Level 1:colcon.colcon_core.package_identification:_identify(kiss-icp) by extension 'cmake'
[0.850s] Level 1:colcon.colcon_core.package_identification:_identify(kiss-icp) by extension 'python'
[0.850s] Level 1:colcon.colcon_core.package_identification:_identify(kiss-icp) by extensions ['python_setup_py']
[0.850s] Level 1:colcon.colcon_core.package_identification:_identify(kiss-icp) by extension 'python_setup_py'
[0.850s] Level 1:colcon.colcon_core.package_identification:_identify(kiss-icp/config) by extensions ['ignore', 'ignore_ament_install']
[0.850s] Level 1:colcon.colcon_core.package_identification:_identify(kiss-icp/config) by extension 'ignore'
[0.850s] Level 1:colcon.colcon_core.package_identification:_identify(kiss-icp/config) by extension 'ignore_ament_install'
[0.851s] Level 1:colcon.colcon_core.package_identification:_identify(kiss-icp/config) by extensions ['colcon_pkg']
[0.851s] Level 1:colcon.colcon_core.package_identification:_identify(kiss-icp/config) by extension 'colcon_pkg'
[0.851s] Level 1:colcon.colcon_core.package_identification:_identify(kiss-icp/config) by extensions ['colcon_meta']
[0.851s] Level 1:colcon.colcon_core.package_identification:_identify(kiss-icp/config) by extension 'colcon_meta'
[0.851s] Level 1:colcon.colcon_core.package_identification:_identify(kiss-icp/config) by extensions ['ros']
[0.851s] Level 1:colcon.colcon_core.package_identification:_identify(kiss-icp/config) by extension 'ros'
[0.851s] Level 1:colcon.colcon_core.package_identification:_identify(kiss-icp/config) by extensions ['cmake', 'python']
[0.851s] Level 1:colcon.colcon_core.package_identification:_identify(kiss-icp/config) by extension 'cmake'
[0.852s] Level 1:colcon.colcon_core.package_identification:_identify(kiss-icp/config) by extension 'python'
[0.852s] Level 1:colcon.colcon_core.package_identification:_identify(kiss-icp/config) by extensions ['python_setup_py']
[0.852s] Level 1:colcon.colcon_core.package_identification:_identify(kiss-icp/config) by extension 'python_setup_py'
[0.852s] Level 1:colcon.colcon_core.package_identification:_identify(kiss-icp/cpp) by extensions ['ignore', 'ignore_ament_install']
[0.852s] Level 1:colcon.colcon_core.package_identification:_identify(kiss-icp/cpp) by extension 'ignore'
[0.852s] Level 1:colcon.colcon_core.package_identification:_identify(kiss-icp/cpp) ignored
[0.853s] Level 1:colcon.colcon_core.package_identification:_identify(kiss-icp/eval) by extensions ['ignore', 'ignore_ament_install']
[0.853s] Level 1:colcon.colcon_core.package_identification:_identify(kiss-icp/eval) by extension 'ignore'
[0.853s] Level 1:colcon.colcon_core.package_identification:_identify(kiss-icp/eval) by extension 'ignore_ament_install'
[0.853s] Level 1:colcon.colcon_core.package_identification:_identify(kiss-icp/eval) by extensions ['colcon_pkg']
[0.853s] Level 1:colcon.colcon_core.package_identification:_identify(kiss-icp/eval) by extension 'colcon_pkg'
[0.853s] Level 1:colcon.colcon_core.package_identification:_identify(kiss-icp/eval) by extensions ['colcon_meta']
[0.853s] Level 1:colcon.colcon_core.package_identification:_identify(kiss-icp/eval) by extension 'colcon_meta'
[0.854s] Level 1:colcon.colcon_core.package_identification:_identify(kiss-icp/eval) by extensions ['ros']
[0.854s] Level 1:colcon.colcon_core.package_identification:_identify(kiss-icp/eval) by extension 'ros'
[0.854s] Level 1:colcon.colcon_core.package_identification:_identify(kiss-icp/eval) by extensions ['cmake', 'python']
[0.854s] Level 1:colcon.colcon_core.package_identification:_identify(kiss-icp/eval) by extension 'cmake'
[0.854s] Level 1:colcon.colcon_core.package_identification:_identify(kiss-icp/eval) by extension 'python'
[0.854s] Level 1:colcon.colcon_core.package_identification:_identify(kiss-icp/eval) by extensions ['python_setup_py']
[0.854s] Level 1:colcon.colcon_core.package_identification:_identify(kiss-icp/eval) by extension 'python_setup_py'
[0.855s] Level 1:colcon.colcon_core.package_identification:_identify(kiss-icp/python) by extensions ['ignore', 'ignore_ament_install']
[0.855s] Level 1:colcon.colcon_core.package_identification:_identify(kiss-icp/python) by extension 'ignore'
[0.855s] Level 1:colcon.colcon_core.package_identification:_identify(kiss-icp/python) ignored
[0.855s] Level 1:colcon.colcon_core.package_identification:_identify(kiss-icp/ros) by extensions ['ignore', 'ignore_ament_install']
[0.855s] Level 1:colcon.colcon_core.package_identification:_identify(kiss-icp/ros) by extension 'ignore'
[0.855s] Level 1:colcon.colcon_core.package_identification:_identify(kiss-icp/ros) by extension 'ignore_ament_install'
[0.856s] Level 1:colcon.colcon_core.package_identification:_identify(kiss-icp/ros) by extensions ['colcon_pkg']
[0.856s] Level 1:colcon.colcon_core.package_identification:_identify(kiss-icp/ros) by extension 'colcon_pkg'
[0.856s] Level 1:colcon.colcon_core.package_identification:_identify(kiss-icp/ros) by extensions ['colcon_meta']
[0.856s] Level 1:colcon.colcon_core.package_identification:_identify(kiss-icp/ros) by extension 'colcon_meta'
[0.856s] Level 1:colcon.colcon_core.package_identification:_identify(kiss-icp/ros) by extensions ['ros']
[0.856s] Level 1:colcon.colcon_core.package_identification:_identify(kiss-icp/ros) by extension 'ros'
[0.861s] DEBUG:colcon.colcon_core.package_identification:Package 'kiss-icp/ros' with type 'ros.ament_cmake' and name 'kiss_icp'
[0.861s] Level 1:colcon.colcon_core.package_identification:_identify(log) by extensions ['ignore', 'ignore_ament_install']
[0.861s] Level 1:colcon.colcon_core.package_identification:_identify(log) by extension 'ignore'
[0.861s] Level 1:colcon.colcon_core.package_identification:_identify(log) ignored
[0.861s] Level 1:colcon.colcon_core.package_identification:_identify(rslidar_msg) by extensions ['ignore', 'ignore_ament_install']
[0.862s] Level 1:colcon.colcon_core.package_identification:_identify(rslidar_msg) by extension 'ignore'
[0.862s] Level 1:colcon.colcon_core.package_identification:_identify(rslidar_msg) by extension 'ignore_ament_install'
[0.862s] Level 1:colcon.colcon_core.package_identification:_identify(rslidar_msg) by extensions ['colcon_pkg']
[0.862s] Level 1:colcon.colcon_core.package_identification:_identify(rslidar_msg) by extension 'colcon_pkg'
[0.862s] Level 1:colcon.colcon_core.package_identification:_identify(rslidar_msg) by extensions ['colcon_meta']
[0.862s] Level 1:colcon.colcon_core.package_identification:_identify(rslidar_msg) by extension 'colcon_meta'
[0.862s] Level 1:colcon.colcon_core.package_identification:_identify(rslidar_msg) by extensions ['ros']
[0.862s] Level 1:colcon.colcon_core.package_identification:_identify(rslidar_msg) by extension 'ros'
[0.864s] DEBUG:colcon.colcon_core.package_identification:Package 'rslidar_msg' with type 'ros.ament_cmake' and name 'rslidar_msg'
[0.865s] Level 1:colcon.colcon_core.package_identification:_identify(rslidar_sdk) by extensions ['ignore', 'ignore_ament_install']
[0.865s] Level 1:colcon.colcon_core.package_identification:_identify(rslidar_sdk) by extension 'ignore'
[0.865s] Level 1:colcon.colcon_core.package_identification:_identify(rslidar_sdk) by extension 'ignore_ament_install'
[0.865s] Level 1:colcon.colcon_core.package_identification:_identify(rslidar_sdk) by extensions ['colcon_pkg']
[0.865s] Level 1:colcon.colcon_core.package_identification:_identify(rslidar_sdk) by extension 'colcon_pkg'
[0.865s] Level 1:colcon.colcon_core.package_identification:_identify(rslidar_sdk) by extensions ['colcon_meta']
[0.865s] Level 1:colcon.colcon_core.package_identification:_identify(rslidar_sdk) by extension 'colcon_meta'
[0.866s] Level 1:colcon.colcon_core.package_identification:_identify(rslidar_sdk) by extensions ['ros']
[0.866s] Level 1:colcon.colcon_core.package_identification:_identify(rslidar_sdk) by extension 'ros'
[0.907s] DEBUG:colcon.colcon_core.package_identification:Package 'rslidar_sdk' with type 'ros.ament_cmake' and name 'rslidar_sdk'
[0.907s] Level 1:colcon.colcon_core.package_discovery:discover_packages(recursive) using defaults
[0.907s] Level 1:colcon.colcon_core.package_discovery:discover_packages(ignore) discover
[0.907s] Level 1:colcon.colcon_core.package_discovery:discover_packages(ignore) using defaults
[0.907s] Level 1:colcon.colcon_core.package_discovery:discover_packages(path) discover
[0.907s] Level 1:colcon.colcon_core.package_discovery:discover_packages(path) using defaults
[0.960s] Level 1:colcon.colcon_core.package_discovery:discover_packages(prefix_path) check parameters
[0.961s] Level 1:colcon.colcon_core.package_discovery:discover_packages(prefix_path) discover
[0.967s] DEBUG:colcon.colcon_installed_package_information.package_discovery:Found 272 installed packages in /opt/ros/humble
[0.972s] Level 1:colcon.colcon_core.package_discovery:discover_packages(prefix_path) using defaults
[1.077s] Level 5:colcon.colcon_core.verb:set package 'helios16p_cane_robot' build argument 'cmake_args' from command line to 'None'
[1.078s] Level 5:colcon.colcon_core.verb:set package 'helios16p_cane_robot' build argument 'cmake_target' from command line to 'None'
[1.078s] Level 5:colcon.colcon_core.verb:set package 'helios16p_cane_robot' build argument 'cmake_target_skip_unavailable' from command line to 'False'
[1.078s] Level 5:colcon.colcon_core.verb:set package 'helios16p_cane_robot' build argument 'cmake_clean_cache' from command line to 'False'
[1.078s] Level 5:colcon.colcon_core.verb:set package 'helios16p_cane_robot' build argument 'cmake_clean_first' from command line to 'False'
[1.078s] Level 5:colcon.colcon_core.verb:set package 'helios16p_cane_robot' build argument 'cmake_force_configure' from command line to 'False'
[1.078s] Level 5:colcon.colcon_core.verb:set package 'helios16p_cane_robot' build argument 'ament_cmake_args' from command line to 'None'
[1.078s] Level 5:colcon.colcon_core.verb:set package 'helios16p_cane_robot' build argument 'catkin_cmake_args' from command line to 'None'
[1.078s] Level 5:colcon.colcon_core.verb:set package 'helios16p_cane_robot' build argument 'catkin_skip_building_tests' from command line to 'False'
[1.078s] DEBUG:colcon.colcon_core.verb:Building package 'helios16p_cane_robot' with the following arguments: {'ament_cmake_args': None, 'build_base': '/home/ph/ws/helios16p_ws/src/build/helios16p_cane_robot', 'catkin_cmake_args': None, 'catkin_skip_building_tests': False, 'cmake_args': None, 'cmake_clean_cache': False, 'cmake_clean_first': False, 'cmake_force_configure': False, 'cmake_target': None, 'cmake_target_skip_unavailable': False, 'install_base': '/home/ph/ws/helios16p_ws/src/install/helios16p_cane_robot', 'merge_install': False, 'path': '/home/ph/ws/helios16p_ws/src/helios16p_cane_robot', 'symlink_install': False, 'test_result_base': None}
[1.079s] Level 5:colcon.colcon_core.verb:set package 'kiss_icp' build argument 'cmake_args' from command line to 'None'
[1.079s] Level 5:colcon.colcon_core.verb:set package 'kiss_icp' build argument 'cmake_target' from command line to 'None'
[1.079s] Level 5:colcon.colcon_core.verb:set package 'kiss_icp' build argument 'cmake_target_skip_unavailable' from command line to 'False'
[1.080s] Level 5:colcon.colcon_core.verb:set package 'kiss_icp' build argument 'cmake_clean_cache' from command line to 'False'
[1.080s] Level 5:colcon.colcon_core.verb:set package 'kiss_icp' build argument 'cmake_clean_first' from command line to 'False'
[1.080s] Level 5:colcon.colcon_core.verb:set package 'kiss_icp' build argument 'cmake_force_configure' from command line to 'False'
[1.080s] Level 5:colcon.colcon_core.verb:set package 'kiss_icp' build argument 'ament_cmake_args' from command line to 'None'
[1.080s] Level 5:colcon.colcon_core.verb:set package 'kiss_icp' build argument 'catkin_cmake_args' from command line to 'None'
[1.080s] Level 5:colcon.colcon_core.verb:set package 'kiss_icp' build argument 'catkin_skip_building_tests' from command line to 'False'
[1.080s] DEBUG:colcon.colcon_core.verb:Building package 'kiss_icp' with the following arguments: {'ament_cmake_args': None, 'build_base': '/home/ph/ws/helios16p_ws/src/build/kiss_icp', 'catkin_cmake_args': None, 'catkin_skip_building_tests': False, 'cmake_args': None, 'cmake_clean_cache': False, 'cmake_clean_first': False, 'cmake_force_configure': False, 'cmake_target': None, 'cmake_target_skip_unavailable': False, 'install_base': '/home/ph/ws/helios16p_ws/src/install/kiss_icp', 'merge_install': False, 'path': '/home/ph/ws/helios16p_ws/src/kiss-icp/ros', 'symlink_install': False, 'test_result_base': None}
[1.081s] Level 5:colcon.colcon_core.verb:set package 'rslidar_msg' build argument 'cmake_args' from command line to 'None'
[1.081s] Level 5:colcon.colcon_core.verb:set package 'rslidar_msg' build argument 'cmake_target' from command line to 'None'
[1.081s] Level 5:colcon.colcon_core.verb:set package 'rslidar_msg' build argument 'cmake_target_skip_unavailable' from command line to 'False'
[1.081s] Level 5:colcon.colcon_core.verb:set package 'rslidar_msg' build argument 'cmake_clean_cache' from command line to 'False'
[1.081s] Level 5:colcon.colcon_core.verb:set package 'rslidar_msg' build argument 'cmake_clean_first' from command line to 'False'
[1.081s] Level 5:colcon.colcon_core.verb:set package 'rslidar_msg' build argument 'cmake_force_configure' from command line to 'False'
[1.081s] Level 5:colcon.colcon_core.verb:set package 'rslidar_msg' build argument 'ament_cmake_args' from command line to 'None'
[1.081s] Level 5:colcon.colcon_core.verb:set package 'rslidar_msg' build argument 'catkin_cmake_args' from command line to 'None'
[1.081s] Level 5:colcon.colcon_core.verb:set package 'rslidar_msg' build argument 'catkin_skip_building_tests' from command line to 'False'
[1.082s] DEBUG:colcon.colcon_core.verb:Building package 'rslidar_msg' with the following arguments: {'ament_cmake_args': None, 'build_base': '/home/ph/ws/helios16p_ws/src/build/rslidar_msg', 'catkin_cmake_args': None, 'catkin_skip_building_tests': False, 'cmake_args': None, 'cmake_clean_cache': False, 'cmake_clean_first': False, 'cmake_force_configure': False, 'cmake_target': None, 'cmake_target_skip_unavailable': False, 'install_base': '/home/ph/ws/helios16p_ws/src/install/rslidar_msg', 'merge_install': False, 'path': '/home/ph/ws/helios16p_ws/src/rslidar_msg', 'symlink_install': False, 'test_result_base': None}
[1.083s] Level 5:colcon.colcon_core.verb:set package 'rslidar_sdk' build argument 'cmake_args' from command line to 'None'
[1.083s] Level 5:colcon.colcon_core.verb:set package 'rslidar_sdk' build argument 'cmake_target' from command line to 'None'
[1.083s] Level 5:colcon.colcon_core.verb:set package 'rslidar_sdk' build argument 'cmake_target_skip_unavailable' from command line to 'False'
[1.083s] Level 5:colcon.colcon_core.verb:set package 'rslidar_sdk' build argument 'cmake_clean_cache' from command line to 'False'
[1.083s] Level 5:colcon.colcon_core.verb:set package 'rslidar_sdk' build argument 'cmake_clean_first' from command line to 'False'
[1.083s] Level 5:colcon.colcon_core.verb:set package 'rslidar_sdk' build argument 'cmake_force_configure' from command line to 'False'
[1.083s] Level 5:colcon.colcon_core.verb:set package 'rslidar_sdk' build argument 'ament_cmake_args' from command line to 'None'
[1.083s] Level 5:colcon.colcon_core.verb:set package 'rslidar_sdk' build argument 'catkin_cmake_args' from command line to 'None'
[1.083s] Level 5:colcon.colcon_core.verb:set package 'rslidar_sdk' build argument 'catkin_skip_building_tests' from command line to 'False'
[1.083s] DEBUG:colcon.colcon_core.verb:Building package 'rslidar_sdk' with the following arguments: {'ament_cmake_args': None, 'build_base': '/home/ph/ws/helios16p_ws/src/build/rslidar_sdk', 'catkin_cmake_args': None, 'catkin_skip_building_tests': False, 'cmake_args': None, 'cmake_clean_cache': False, 'cmake_clean_first': False, 'cmake_force_configure': False, 'cmake_target': None, 'cmake_target_skip_unavailable': False, 'install_base': '/home/ph/ws/helios16p_ws/src/install/rslidar_sdk', 'merge_install': False, 'path': '/home/ph/ws/helios16p_ws/src/rslidar_sdk', 'symlink_install': False, 'test_result_base': None}
[1.084s] INFO:colcon.colcon_core.executor:Executing jobs using 'parallel' executor
[1.086s] DEBUG:colcon.colcon_parallel_executor.executor.parallel:run_until_complete
[1.087s] INFO:colcon.colcon_ros.task.ament_cmake.build:Building ROS package in '/home/ph/ws/helios16p_ws/src/rslidar_msg' with build type 'ament_cmake'
[1.087s] INFO:colcon.colcon_cmake.task.cmake.build:Building CMake package in '/home/ph/ws/helios16p_ws/src/rslidar_msg'
[1.092s] INFO:colcon.colcon_core.plugin_system:Skipping extension 'colcon_core.shell.bat': Not used on non-Windows systems
[1.093s] INFO:colcon.colcon_core.shell:Skip shell extension 'powershell' for command environment: Not usable outside of PowerShell
[1.093s] DEBUG:colcon.colcon_core.shell:Skip shell extension 'dsv' for command environment
[1.101s] INFO:colcon.colcon_ros.task.ament_python.build:Building ROS package in '/home/ph/ws/helios16p_ws/src/helios16p_cane_robot' with build type 'ament_python'
[1.101s] Level 1:colcon.colcon_core.shell:create_environment_hook('helios16p_cane_robot', 'ament_prefix_path')
[1.102s] INFO:colcon.colcon_core.shell:Creating environment hook '/home/ph/ws/helios16p_ws/src/install/helios16p_cane_robot/share/helios16p_cane_robot/hook/ament_prefix_path.ps1'
[1.104s] INFO:colcon.colcon_core.shell:Creating environment descriptor '/home/ph/ws/helios16p_ws/src/install/helios16p_cane_robot/share/helios16p_cane_robot/hook/ament_prefix_path.dsv'
[1.106s] INFO:colcon.colcon_core.shell:Creating environment hook '/home/ph/ws/helios16p_ws/src/install/helios16p_cane_robot/share/helios16p_cane_robot/hook/ament_prefix_path.sh'
[1.108s] INFO:colcon.colcon_core.shell:Skip shell extension 'powershell' for command environment: Not usable outside of PowerShell
[1.108s] DEBUG:colcon.colcon_core.shell:Skip shell extension 'dsv' for command environment
[1.115s] INFO:colcon.colcon_ros.task.ament_cmake.build:Building ROS package in '/home/ph/ws/helios16p_ws/src/kiss-icp/ros' with build type 'ament_cmake'
[1.116s] INFO:colcon.colcon_cmake.task.cmake.build:Building CMake package in '/home/ph/ws/helios16p_ws/src/kiss-icp/ros'
[1.116s] INFO:colcon.colcon_core.shell:Skip shell extension 'powershell' for command environment: Not usable outside of PowerShell
[1.117s] DEBUG:colcon.colcon_core.shell:Skip shell extension 'dsv' for command environment
[1.137s] DEBUG:colcon.colcon_core.event_handler.log_command:Invoking command in '/home/ph/ws/helios16p_ws/src/build/rslidar_msg': CMAKE_PREFIX_PATH=/opt/ros/humble /home/ph/.local/bin/cmake --build /home/ph/ws/helios16p_ws/src/build/rslidar_msg -- -j8 -l8
[1.870s] INFO:colcon.colcon_core.task.python.build:Building Python package in '/home/ph/ws/helios16p_ws/src/helios16p_cane_robot'
[1.871s] INFO:colcon.colcon_core.shell:Skip shell extension 'powershell' for command environment: Not usable outside of PowerShell
[1.871s] DEBUG:colcon.colcon_core.shell:Skip shell extension 'dsv' for command environment
[1.896s] DEBUG:colcon.colcon_core.event_handler.log_command:Invoking command in '/home/ph/ws/helios16p_ws/src/build/kiss_icp': CMAKE_PREFIX_PATH=/opt/ros/humble /home/ph/.local/bin/cmake /home/ph/ws/helios16p_ws/src/kiss-icp/ros -DCMAKE_INSTALL_PREFIX=/home/ph/ws/helios16p_ws/src/install/kiss_icp
[2.247s] DEBUG:colcon.colcon_core.event_handler.log_command:Invoked command in '/home/ph/ws/helios16p_ws/src/build/rslidar_msg' returned '0': CMAKE_PREFIX_PATH=/opt/ros/humble /home/ph/.local/bin/cmake --build /home/ph/ws/helios16p_ws/src/build/rslidar_msg -- -j8 -l8
[2.498s] DEBUG:colcon.colcon_core.event_handler.log_command:Invoking command in '/home/ph/ws/helios16p_ws/src/build/rslidar_msg': CMAKE_PREFIX_PATH=/opt/ros/humble /home/ph/.local/bin/cmake --install /home/ph/ws/helios16p_ws/src/build/rslidar_msg
[2.839s] DEBUG:colcon.colcon_core.event_handler.log_command:Invoking command in '/home/ph/ws/helios16p_ws/src/helios16p_cane_robot': PYTHONPATH=/home/ph/ws/helios16p_ws/src/build/helios16p_cane_robot/prefix_override:/usr/lib/python3/dist-packages/colcon_core/task/python/colcon_distutils_commands:/home/ph/ws/helios16p_ws/src/install/helios16p_cane_robot/lib/python3.10/site-packages:${PYTHONPATH} /usr/bin/python3 -W ignore:setup.py install is deprecated -W ignore:easy_install command is deprecated setup.py egg_info --egg-base ../build/helios16p_cane_robot build --build-base /home/ph/ws/helios16p_ws/src/build/helios16p_cane_robot/build install --record /home/ph/ws/helios16p_ws/src/build/helios16p_cane_robot/install.log --single-version-externally-managed install_data
[2.879s] Level 1:colcon.colcon_core.environment:create_environment_scripts_only(rslidar_msg)
[2.880s] DEBUG:colcon.colcon_core.event_handler.log_command:Invoked command in '/home/ph/ws/helios16p_ws/src/build/rslidar_msg' returned '0': CMAKE_PREFIX_PATH=/opt/ros/humble /home/ph/.local/bin/cmake --install /home/ph/ws/helios16p_ws/src/build/rslidar_msg
[2.886s] Level 1:colcon.colcon_core.environment:checking '/home/ph/ws/helios16p_ws/src/install/rslidar_msg' for CMake module files
[2.888s] Level 1:colcon.colcon_core.environment:checking '/home/ph/ws/helios16p_ws/src/install/rslidar_msg' for CMake config files
[2.889s] Level 1:colcon.colcon_core.shell:create_environment_hook('rslidar_msg', 'cmake_prefix_path')
[2.889s] INFO:colcon.colcon_core.shell:Creating environment hook '/home/ph/ws/helios16p_ws/src/install/rslidar_msg/share/rslidar_msg/hook/cmake_prefix_path.ps1'
[2.891s] INFO:colcon.colcon_core.shell:Creating environment descriptor '/home/ph/ws/helios16p_ws/src/install/rslidar_msg/share/rslidar_msg/hook/cmake_prefix_path.dsv'
[2.892s] INFO:colcon.colcon_core.shell:Creating environment hook '/home/ph/ws/helios16p_ws/src/install/rslidar_msg/share/rslidar_msg/hook/cmake_prefix_path.sh'
[2.894s] Level 1:colcon.colcon_core.environment:checking '/home/ph/ws/helios16p_ws/src/install/rslidar_msg/lib'
[2.895s] Level 1:colcon.colcon_core.shell:create_environment_hook('rslidar_msg', 'ld_library_path_lib')
[2.895s] INFO:colcon.colcon_core.shell:Creating environment hook '/home/ph/ws/helios16p_ws/src/install/rslidar_msg/share/rslidar_msg/hook/ld_library_path_lib.ps1'
[2.896s] INFO:colcon.colcon_core.shell:Creating environment descriptor '/home/ph/ws/helios16p_ws/src/install/rslidar_msg/share/rslidar_msg/hook/ld_library_path_lib.dsv'
[2.898s] INFO:colcon.colcon_core.shell:Creating environment hook '/home/ph/ws/helios16p_ws/src/install/rslidar_msg/share/rslidar_msg/hook/ld_library_path_lib.sh'
[2.899s] Level 1:colcon.colcon_core.environment:checking '/home/ph/ws/helios16p_ws/src/install/rslidar_msg/bin'
[2.899s] Level 1:colcon.colcon_core.environment:checking '/home/ph/ws/helios16p_ws/src/install/rslidar_msg/lib/pkgconfig/rslidar_msg.pc'
[2.900s] Level 1:colcon.colcon_core.environment:checking '/home/ph/ws/helios16p_ws/src/install/rslidar_msg/lib/python3.10/site-packages'
[2.901s] Level 1:colcon.colcon_core.environment:checking '/home/ph/ws/helios16p_ws/src/install/rslidar_msg/bin'
[2.902s] INFO:colcon.colcon_core.shell:Creating package script '/home/ph/ws/helios16p_ws/src/install/rslidar_msg/share/rslidar_msg/package.ps1'
[2.905s] INFO:colcon.colcon_core.shell:Creating package descriptor '/home/ph/ws/helios16p_ws/src/install/rslidar_msg/share/rslidar_msg/package.dsv'
[2.906s] INFO:colcon.colcon_core.shell:Creating package script '/home/ph/ws/helios16p_ws/src/install/rslidar_msg/share/rslidar_msg/package.sh'
[2.909s] INFO:colcon.colcon_core.shell:Creating package script '/home/ph/ws/helios16p_ws/src/install/rslidar_msg/share/rslidar_msg/package.bash'
[2.912s] INFO:colcon.colcon_core.shell:Creating package script '/home/ph/ws/helios16p_ws/src/install/rslidar_msg/share/rslidar_msg/package.zsh'
[2.914s] Level 1:colcon.colcon_core.environment:create_file_with_runtime_dependencies(/home/ph/ws/helios16p_ws/src/install/rslidar_msg/share/colcon-core/packages/rslidar_msg)
[2.917s] Level 1:colcon.colcon_core.environment:create_environment_scripts_only(rslidar_msg)
[2.917s] Level 1:colcon.colcon_core.environment:checking '/home/ph/ws/helios16p_ws/src/install/rslidar_msg' for CMake module files
[2.919s] Level 1:colcon.colcon_core.environment:checking '/home/ph/ws/helios16p_ws/src/install/rslidar_msg' for CMake config files
[2.920s] Level 1:colcon.colcon_core.shell:create_environment_hook('rslidar_msg', 'cmake_prefix_path')
[2.921s] INFO:colcon.colcon_core.shell:Creating environment hook '/home/ph/ws/helios16p_ws/src/install/rslidar_msg/share/rslidar_msg/hook/cmake_prefix_path.ps1'
[2.922s] INFO:colcon.colcon_core.shell:Creating environment descriptor '/home/ph/ws/helios16p_ws/src/install/rslidar_msg/share/rslidar_msg/hook/cmake_prefix_path.dsv'
[2.923s] INFO:colcon.colcon_core.shell:Creating environment hook '/home/ph/ws/helios16p_ws/src/install/rslidar_msg/share/rslidar_msg/hook/cmake_prefix_path.sh'
[2.924s] Level 1:colcon.colcon_core.environment:checking '/home/ph/ws/helios16p_ws/src/install/rslidar_msg/lib'
[2.925s] Level 1:colcon.colcon_core.shell:create_environment_hook('rslidar_msg', 'ld_library_path_lib')
[2.925s] INFO:colcon.colcon_core.shell:Creating environment hook '/home/ph/ws/helios16p_ws/src/install/rslidar_msg/share/rslidar_msg/hook/ld_library_path_lib.ps1'
[2.927s] INFO:colcon.colcon_core.shell:Creating environment descriptor '/home/ph/ws/helios16p_ws/src/install/rslidar_msg/share/rslidar_msg/hook/ld_library_path_lib.dsv'
[2.928s] INFO:colcon.colcon_core.shell:Creating environment hook '/home/ph/ws/helios16p_ws/src/install/rslidar_msg/share/rslidar_msg/hook/ld_library_path_lib.sh'
[2.929s] Level 1:colcon.colcon_core.environment:checking '/home/ph/ws/helios16p_ws/src/install/rslidar_msg/bin'
[2.929s] Level 1:colcon.colcon_core.environment:checking '/home/ph/ws/helios16p_ws/src/install/rslidar_msg/lib/pkgconfig/rslidar_msg.pc'
[2.930s] Level 1:colcon.colcon_core.environment:checking '/home/ph/ws/helios16p_ws/src/install/rslidar_msg/lib/python3.10/site-packages'
[2.931s] Level 1:colcon.colcon_core.environment:checking '/home/ph/ws/helios16p_ws/src/install/rslidar_msg/bin'
[2.932s] INFO:colcon.colcon_core.shell:Creating package script '/home/ph/ws/helios16p_ws/src/install/rslidar_msg/share/rslidar_msg/package.ps1'
[2.934s] INFO:colcon.colcon_core.shell:Creating package descriptor '/home/ph/ws/helios16p_ws/src/install/rslidar_msg/share/rslidar_msg/package.dsv'
[2.935s] INFO:colcon.colcon_core.shell:Creating package script '/home/ph/ws/helios16p_ws/src/install/rslidar_msg/share/rslidar_msg/package.sh'
[2.937s] INFO:colcon.colcon_core.shell:Creating package script '/home/ph/ws/helios16p_ws/src/install/rslidar_msg/share/rslidar_msg/package.bash'
[2.938s] INFO:colcon.colcon_core.shell:Creating package script '/home/ph/ws/helios16p_ws/src/install/rslidar_msg/share/rslidar_msg/package.zsh'
[2.939s] Level 1:colcon.colcon_core.environment:create_file_with_runtime_dependencies(/home/ph/ws/helios16p_ws/src/install/rslidar_msg/share/colcon-core/packages/rslidar_msg)
[2.940s] INFO:colcon.colcon_ros.task.ament_cmake.build:Building ROS package in '/home/ph/ws/helios16p_ws/src/rslidar_sdk' with build type 'ament_cmake'
[2.941s] INFO:colcon.colcon_cmake.task.cmake.build:Building CMake package in '/home/ph/ws/helios16p_ws/src/rslidar_sdk'
[2.942s] INFO:colcon.colcon_core.shell:Skip shell extension 'powershell' for command environment: Not usable outside of PowerShell
[2.942s] DEBUG:colcon.colcon_core.shell:Skip shell extension 'dsv' for command environment
[2.968s] DEBUG:colcon.colcon_core.event_handler.log_command:Invoking command in '/home/ph/ws/helios16p_ws/src/build/rslidar_sdk': AMENT_PREFIX_PATH=/home/ph/ws/helios16p_ws/src/install/rslidar_msg:${AMENT_PREFIX_PATH} CMAKE_PREFIX_PATH=/home/ph/ws/helios16p_ws/src/install/rslidar_msg:/opt/ros/humble LD_LIBRARY_PATH=/home/ph/ws/helios16p_ws/src/install/rslidar_msg/lib:${LD_LIBRARY_PATH} PYTHONPATH=/home/ph/ws/helios16p_ws/src/install/rslidar_msg/local/lib/python3.10/dist-packages:${PYTHONPATH} /home/ph/.local/bin/cmake /home/ph/ws/helios16p_ws/src/rslidar_sdk -DCMAKE_INSTALL_PREFIX=/home/ph/ws/helios16p_ws/src/install/rslidar_sdk
[3.724s] Level 1:colcon.colcon_core.environment:checking '/home/ph/ws/helios16p_ws/src/install/helios16p_cane_robot' for CMake module files
[3.726s] DEBUG:colcon.colcon_core.event_handler.log_command:Invoked command in '/home/ph/ws/helios16p_ws/src/helios16p_cane_robot' returned '0': PYTHONPATH=/home/ph/ws/helios16p_ws/src/build/helios16p_cane_robot/prefix_override:/usr/lib/python3/dist-packages/colcon_core/task/python/colcon_distutils_commands:/home/ph/ws/helios16p_ws/src/install/helios16p_cane_robot/lib/python3.10/site-packages:${PYTHONPATH} /usr/bin/python3 -W ignore:setup.py install is deprecated -W ignore:easy_install command is deprecated setup.py egg_info --egg-base ../build/helios16p_cane_robot build --build-base /home/ph/ws/helios16p_ws/src/build/helios16p_cane_robot/build install --record /home/ph/ws/helios16p_ws/src/build/helios16p_cane_robot/install.log --single-version-externally-managed install_data
[3.727s] Level 1:colcon.colcon_core.environment:checking '/home/ph/ws/helios16p_ws/src/install/helios16p_cane_robot' for CMake config files
[3.728s] Level 1:colcon.colcon_core.environment:checking '/home/ph/ws/helios16p_ws/src/install/helios16p_cane_robot/lib'
[3.729s] Level 1:colcon.colcon_core.environment:checking '/home/ph/ws/helios16p_ws/src/install/helios16p_cane_robot/bin'
[3.729s] Level 1:colcon.colcon_core.environment:checking '/home/ph/ws/helios16p_ws/src/install/helios16p_cane_robot/lib/pkgconfig/helios16p_cane_robot.pc'
[3.730s] Level 1:colcon.colcon_core.environment:checking '/home/ph/ws/helios16p_ws/src/install/helios16p_cane_robot/lib/python3.10/site-packages'
[3.730s] Level 1:colcon.colcon_core.shell:create_environment_hook('helios16p_cane_robot', 'pythonpath')
[3.731s] INFO:colcon.colcon_core.shell:Creating environment hook '/home/ph/ws/helios16p_ws/src/install/helios16p_cane_robot/share/helios16p_cane_robot/hook/pythonpath.ps1'
[3.732s] INFO:colcon.colcon_core.shell:Creating environment descriptor '/home/ph/ws/helios16p_ws/src/install/helios16p_cane_robot/share/helios16p_cane_robot/hook/pythonpath.dsv'
[3.733s] INFO:colcon.colcon_core.shell:Creating environment hook '/home/ph/ws/helios16p_ws/src/install/helios16p_cane_robot/share/helios16p_cane_robot/hook/pythonpath.sh'
[3.735s] Level 1:colcon.colcon_core.environment:checking '/home/ph/ws/helios16p_ws/src/install/helios16p_cane_robot/bin'
[3.735s] Level 1:colcon.colcon_core.environment:create_environment_scripts_only(helios16p_cane_robot)
[3.736s] INFO:colcon.colcon_core.shell:Creating package script '/home/ph/ws/helios16p_ws/src/install/helios16p_cane_robot/share/helios16p_cane_robot/package.ps1'
[3.737s] INFO:colcon.colcon_core.shell:Creating package descriptor '/home/ph/ws/helios16p_ws/src/install/helios16p_cane_robot/share/helios16p_cane_robot/package.dsv'
[3.738s] INFO:colcon.colcon_core.shell:Creating package script '/home/ph/ws/helios16p_ws/src/install/helios16p_cane_robot/share/helios16p_cane_robot/package.sh'
[3.740s] INFO:colcon.colcon_core.shell:Creating package script '/home/ph/ws/helios16p_ws/src/install/helios16p_cane_robot/share/helios16p_cane_robot/package.bash'
[3.741s] INFO:colcon.colcon_core.shell:Creating package script '/home/ph/ws/helios16p_ws/src/install/helios16p_cane_robot/share/helios16p_cane_robot/package.zsh'
[3.742s] Level 1:colcon.colcon_core.environment:create_file_with_runtime_dependencies(/home/ph/ws/helios16p_ws/src/install/helios16p_cane_robot/share/colcon-core/packages/helios16p_cane_robot)
[7.031s] DEBUG:colcon.colcon_core.event_handler.log_command:Invoked command in '/home/ph/ws/helios16p_ws/src/build/rslidar_sdk' returned '0': AMENT_PREFIX_PATH=/home/ph/ws/helios16p_ws/src/install/rslidar_msg:${AMENT_PREFIX_PATH} CMAKE_PREFIX_PATH=/home/ph/ws/helios16p_ws/src/install/rslidar_msg:/opt/ros/humble LD_LIBRARY_PATH=/home/ph/ws/helios16p_ws/src/install/rslidar_msg/lib:${LD_LIBRARY_PATH} PYTHONPATH=/home/ph/ws/helios16p_ws/src/install/rslidar_msg/local/lib/python3.10/dist-packages:${PYTHONPATH} /home/ph/.local/bin/cmake /home/ph/ws/helios16p_ws/src/rslidar_sdk -DCMAKE_INSTALL_PREFIX=/home/ph/ws/helios16p_ws/src/install/rslidar_sdk
[7.035s] DEBUG:colcon.colcon_core.event_handler.log_command:Invoking command in '/home/ph/ws/helios16p_ws/src/build/rslidar_sdk': AMENT_PREFIX_PATH=/home/ph/ws/helios16p_ws/src/install/rslidar_msg:${AMENT_PREFIX_PATH} CMAKE_PREFIX_PATH=/home/ph/ws/helios16p_ws/src/install/rslidar_msg:/opt/ros/humble LD_LIBRARY_PATH=/home/ph/ws/helios16p_ws/src/install/rslidar_msg/lib:${LD_LIBRARY_PATH} PYTHONPATH=/home/ph/ws/helios16p_ws/src/install/rslidar_msg/local/lib/python3.10/dist-packages:${PYTHONPATH} /home/ph/.local/bin/cmake --build /home/ph/ws/helios16p_ws/src/build/rslidar_sdk -- -j8 -l8
[10.884s] DEBUG:colcon.colcon_core.event_handler.log_command:Invoked command in '/home/ph/ws/helios16p_ws/src/build/kiss_icp' returned '0': CMAKE_PREFIX_PATH=/opt/ros/humble /home/ph/.local/bin/cmake /home/ph/ws/helios16p_ws/src/kiss-icp/ros -DCMAKE_INSTALL_PREFIX=/home/ph/ws/helios16p_ws/src/install/kiss_icp
[10.888s] DEBUG:colcon.colcon_core.event_handler.log_command:Invoking command in '/home/ph/ws/helios16p_ws/src/build/kiss_icp': CMAKE_PREFIX_PATH=/opt/ros/humble /home/ph/.local/bin/cmake --build /home/ph/ws/helios16p_ws/src/build/kiss_icp -- -j8 -l8
[71.197s] DEBUG:colcon.colcon_core.event_handler.log_command:Invoked command in '/home/ph/ws/helios16p_ws/src/build/rslidar_sdk' returned '0': AMENT_PREFIX_PATH=/home/ph/ws/helios16p_ws/src/install/rslidar_msg:${AMENT_PREFIX_PATH} CMAKE_PREFIX_PATH=/home/ph/ws/helios16p_ws/src/install/rslidar_msg:/opt/ros/humble LD_LIBRARY_PATH=/home/ph/ws/helios16p_ws/src/install/rslidar_msg/lib:${LD_LIBRARY_PATH} PYTHONPATH=/home/ph/ws/helios16p_ws/src/install/rslidar_msg/local/lib/python3.10/dist-packages:${PYTHONPATH} /home/ph/.local/bin/cmake --build /home/ph/ws/helios16p_ws/src/build/rslidar_sdk -- -j8 -l8
[71.204s] DEBUG:colcon.colcon_core.event_handler.log_command:Invoking command in '/home/ph/ws/helios16p_ws/src/build/rslidar_sdk': AMENT_PREFIX_PATH=/home/ph/ws/helios16p_ws/src/install/rslidar_msg:${AMENT_PREFIX_PATH} CMAKE_PREFIX_PATH=/home/ph/ws/helios16p_ws/src/install/rslidar_msg:/opt/ros/humble LD_LIBRARY_PATH=/home/ph/ws/helios16p_ws/src/install/rslidar_msg/lib:${LD_LIBRARY_PATH} PYTHONPATH=/home/ph/ws/helios16p_ws/src/install/rslidar_msg/local/lib/python3.10/dist-packages:${PYTHONPATH} /home/ph/.local/bin/cmake --install /home/ph/ws/helios16p_ws/src/build/rslidar_sdk
[71.492s] Level 1:colcon.colcon_core.environment:create_environment_scripts_only(rslidar_sdk)
[71.493s] Level 1:colcon.colcon_core.environment:checking '/home/ph/ws/helios16p_ws/src/install/rslidar_sdk' for CMake module files
[71.494s] DEBUG:colcon.colcon_core.event_handler.log_command:Invoked command in '/home/ph/ws/helios16p_ws/src/build/rslidar_sdk' returned '0': AMENT_PREFIX_PATH=/home/ph/ws/helios16p_ws/src/install/rslidar_msg:${AMENT_PREFIX_PATH} CMAKE_PREFIX_PATH=/home/ph/ws/helios16p_ws/src/install/rslidar_msg:/opt/ros/humble LD_LIBRARY_PATH=/home/ph/ws/helios16p_ws/src/install/rslidar_msg/lib:${LD_LIBRARY_PATH} PYTHONPATH=/home/ph/ws/helios16p_ws/src/install/rslidar_msg/local/lib/python3.10/dist-packages:${PYTHONPATH} /home/ph/.local/bin/cmake --install /home/ph/ws/helios16p_ws/src/build/rslidar_sdk
[71.496s] Level 1:colcon.colcon_core.environment:checking '/home/ph/ws/helios16p_ws/src/install/rslidar_sdk' for CMake config files
[71.497s] Level 1:colcon.colcon_core.shell:create_environment_hook('rslidar_sdk', 'cmake_prefix_path')
[71.498s] INFO:colcon.colcon_core.shell:Creating environment hook '/home/ph/ws/helios16p_ws/src/install/rslidar_sdk/share/rslidar_sdk/hook/cmake_prefix_path.ps1'
[71.500s] INFO:colcon.colcon_core.shell:Creating environment descriptor '/home/ph/ws/helios16p_ws/src/install/rslidar_sdk/share/rslidar_sdk/hook/cmake_prefix_path.dsv'
[71.501s] INFO:colcon.colcon_core.shell:Creating environment hook '/home/ph/ws/helios16p_ws/src/install/rslidar_sdk/share/rslidar_sdk/hook/cmake_prefix_path.sh'
[71.503s] Level 1:colcon.colcon_core.environment:checking '/home/ph/ws/helios16p_ws/src/install/rslidar_sdk/lib'
[71.504s] Level 1:colcon.colcon_core.environment:checking '/home/ph/ws/helios16p_ws/src/install/rslidar_sdk/bin'
[71.504s] Level 1:colcon.colcon_core.environment:checking '/home/ph/ws/helios16p_ws/src/install/rslidar_sdk/lib/pkgconfig/rslidar_sdk.pc'
[71.504s] Level 1:colcon.colcon_core.environment:checking '/home/ph/ws/helios16p_ws/src/install/rslidar_sdk/lib/python3.10/site-packages'
[71.505s] Level 1:colcon.colcon_core.environment:checking '/home/ph/ws/helios16p_ws/src/install/rslidar_sdk/bin'
[71.506s] INFO:colcon.colcon_core.shell:Creating package script '/home/ph/ws/helios16p_ws/src/install/rslidar_sdk/share/rslidar_sdk/package.ps1'
[71.508s] INFO:colcon.colcon_core.shell:Creating package descriptor '/home/ph/ws/helios16p_ws/src/install/rslidar_sdk/share/rslidar_sdk/package.dsv'
[71.510s] INFO:colcon.colcon_core.shell:Creating package script '/home/ph/ws/helios16p_ws/src/install/rslidar_sdk/share/rslidar_sdk/package.sh'
[71.511s] INFO:colcon.colcon_core.shell:Creating package script '/home/ph/ws/helios16p_ws/src/install/rslidar_sdk/share/rslidar_sdk/package.bash'
[71.513s] INFO:colcon.colcon_core.shell:Creating package script '/home/ph/ws/helios16p_ws/src/install/rslidar_sdk/share/rslidar_sdk/package.zsh'
[71.514s] Level 1:colcon.colcon_core.environment:create_file_with_runtime_dependencies(/home/ph/ws/helios16p_ws/src/install/rslidar_sdk/share/colcon-core/packages/rslidar_sdk)
[71.519s] Level 1:colcon.colcon_core.environment:create_environment_scripts_only(rslidar_sdk)
[71.520s] Level 1:colcon.colcon_core.environment:checking '/home/ph/ws/helios16p_ws/src/install/rslidar_sdk' for CMake module files
[71.522s] Level 1:colcon.colcon_core.environment:checking '/home/ph/ws/helios16p_ws/src/install/rslidar_sdk' for CMake config files
[71.523s] Level 1:colcon.colcon_core.shell:create_environment_hook('rslidar_sdk', 'cmake_prefix_path')
[71.524s] INFO:colcon.colcon_core.shell:Creating environment hook '/home/ph/ws/helios16p_ws/src/install/rslidar_sdk/share/rslidar_sdk/hook/cmake_prefix_path.ps1'
[71.526s] INFO:colcon.colcon_core.shell:Creating environment descriptor '/home/ph/ws/helios16p_ws/src/install/rslidar_sdk/share/rslidar_sdk/hook/cmake_prefix_path.dsv'
[71.527s] INFO:colcon.colcon_core.shell:Creating environment hook '/home/ph/ws/helios16p_ws/src/install/rslidar_sdk/share/rslidar_sdk/hook/cmake_prefix_path.sh'
[71.529s] Level 1:colcon.colcon_core.environment:checking '/home/ph/ws/helios16p_ws/src/install/rslidar_sdk/lib'
[71.529s] Level 1:colcon.colcon_core.environment:checking '/home/ph/ws/helios16p_ws/src/install/rslidar_sdk/bin'
[71.530s] Level 1:colcon.colcon_core.environment:checking '/home/ph/ws/helios16p_ws/src/install/rslidar_sdk/lib/pkgconfig/rslidar_sdk.pc'
[71.530s] Level 1:colcon.colcon_core.environment:checking '/home/ph/ws/helios16p_ws/src/install/rslidar_sdk/lib/python3.10/site-packages'
[71.532s] Level 1:colcon.colcon_core.environment:checking '/home/ph/ws/helios16p_ws/src/install/rslidar_sdk/bin'
[71.533s] INFO:colcon.colcon_core.shell:Creating package script '/home/ph/ws/helios16p_ws/src/install/rslidar_sdk/share/rslidar_sdk/package.ps1'
[71.535s] INFO:colcon.colcon_core.shell:Creating package descriptor '/home/ph/ws/helios16p_ws/src/install/rslidar_sdk/share/rslidar_sdk/package.dsv'
[71.537s] INFO:colcon.colcon_core.shell:Creating package script '/home/ph/ws/helios16p_ws/src/install/rslidar_sdk/share/rslidar_sdk/package.sh'
[71.539s] INFO:colcon.colcon_core.shell:Creating package script '/home/ph/ws/helios16p_ws/src/install/rslidar_sdk/share/rslidar_sdk/package.bash'
[71.541s] INFO:colcon.colcon_core.shell:Creating package script '/home/ph/ws/helios16p_ws/src/install/rslidar_sdk/share/rslidar_sdk/package.zsh'
[71.543s] Level 1:colcon.colcon_core.environment:create_file_with_runtime_dependencies(/home/ph/ws/helios16p_ws/src/install/rslidar_sdk/share/colcon-core/packages/rslidar_sdk)
[97.620s] DEBUG:colcon.colcon_core.event_handler.log_command:Invoked command in '/home/ph/ws/helios16p_ws/src/build/kiss_icp' returned '0': CMAKE_PREFIX_PATH=/opt/ros/humble /home/ph/.local/bin/cmake --build /home/ph/ws/helios16p_ws/src/build/kiss_icp -- -j8 -l8
[97.625s] DEBUG:colcon.colcon_core.event_handler.log_command:Invoking command in '/home/ph/ws/helios16p_ws/src/build/kiss_icp': CMAKE_PREFIX_PATH=/opt/ros/humble /home/ph/.local/bin/cmake --install /home/ph/ws/helios16p_ws/src/build/kiss_icp
[97.880s] Level 1:colcon.colcon_core.environment:create_environment_scripts_only(kiss_icp)
[97.881s] Level 1:colcon.colcon_core.environment:checking '/home/ph/ws/helios16p_ws/src/install/kiss_icp' for CMake module files
[97.882s] DEBUG:colcon.colcon_core.event_handler.log_command:Invoked command in '/home/ph/ws/helios16p_ws/src/build/kiss_icp' returned '0': CMAKE_PREFIX_PATH=/opt/ros/humble /home/ph/.local/bin/cmake --install /home/ph/ws/helios16p_ws/src/build/kiss_icp
[97.883s] Level 1:colcon.colcon_core.environment:checking '/home/ph/ws/helios16p_ws/src/install/kiss_icp' for CMake config files
[97.884s] Level 1:colcon.colcon_core.shell:create_environment_hook('kiss_icp', 'cmake_prefix_path')
[97.884s] INFO:colcon.colcon_core.shell:Creating environment hook '/home/ph/ws/helios16p_ws/src/install/kiss_icp/share/kiss_icp/hook/cmake_prefix_path.ps1'
[97.886s] INFO:colcon.colcon_core.shell:Creating environment descriptor '/home/ph/ws/helios16p_ws/src/install/kiss_icp/share/kiss_icp/hook/cmake_prefix_path.dsv'
[97.886s] INFO:colcon.colcon_core.shell:Creating environment hook '/home/ph/ws/helios16p_ws/src/install/kiss_icp/share/kiss_icp/hook/cmake_prefix_path.sh'
[97.888s] Level 1:colcon.colcon_core.environment:checking '/home/ph/ws/helios16p_ws/src/install/kiss_icp/lib'
[97.888s] Level 1:colcon.colcon_core.shell:create_environment_hook('kiss_icp', 'ld_library_path_lib')
[97.889s] INFO:colcon.colcon_core.shell:Creating environment hook '/home/ph/ws/helios16p_ws/src/install/kiss_icp/share/kiss_icp/hook/ld_library_path_lib.ps1'
[97.890s] INFO:colcon.colcon_core.shell:Creating environment descriptor '/home/ph/ws/helios16p_ws/src/install/kiss_icp/share/kiss_icp/hook/ld_library_path_lib.dsv'
[97.890s] INFO:colcon.colcon_core.shell:Creating environment hook '/home/ph/ws/helios16p_ws/src/install/kiss_icp/share/kiss_icp/hook/ld_library_path_lib.sh'
[97.891s] Level 1:colcon.colcon_core.environment:checking '/home/ph/ws/helios16p_ws/src/install/kiss_icp/bin'
[97.892s] Level 1:colcon.colcon_core.environment:checking '/home/ph/ws/helios16p_ws/src/install/kiss_icp/lib/pkgconfig/kiss_icp.pc'
[97.892s] Level 1:colcon.colcon_core.environment:checking '/home/ph/ws/helios16p_ws/src/install/kiss_icp/lib/python3.10/site-packages'
[97.893s] Level 1:colcon.colcon_core.environment:checking '/home/ph/ws/helios16p_ws/src/install/kiss_icp/bin'
[97.894s] INFO:colcon.colcon_core.shell:Creating package script '/home/ph/ws/helios16p_ws/src/install/kiss_icp/share/kiss_icp/package.ps1'
[97.895s] INFO:colcon.colcon_core.shell:Creating package descriptor '/home/ph/ws/helios16p_ws/src/install/kiss_icp/share/kiss_icp/package.dsv'
[97.897s] INFO:colcon.colcon_core.shell:Creating package script '/home/ph/ws/helios16p_ws/src/install/kiss_icp/share/kiss_icp/package.sh'
[97.898s] INFO:colcon.colcon_core.shell:Creating package script '/home/ph/ws/helios16p_ws/src/install/kiss_icp/share/kiss_icp/package.bash'
[97.899s] INFO:colcon.colcon_core.shell:Creating package script '/home/ph/ws/helios16p_ws/src/install/kiss_icp/share/kiss_icp/package.zsh'
[97.900s] Level 1:colcon.colcon_core.environment:create_file_with_runtime_dependencies(/home/ph/ws/helios16p_ws/src/install/kiss_icp/share/colcon-core/packages/kiss_icp)
[97.903s] Level 1:colcon.colcon_core.environment:create_environment_scripts_only(kiss_icp)
[97.903s] Level 1:colcon.colcon_core.environment:checking '/home/ph/ws/helios16p_ws/src/install/kiss_icp' for CMake module files
[97.905s] Level 1:colcon.colcon_core.environment:checking '/home/ph/ws/helios16p_ws/src/install/kiss_icp' for CMake config files
[97.905s] Level 1:colcon.colcon_core.shell:create_environment_hook('kiss_icp', 'cmake_prefix_path')
[97.906s] INFO:colcon.colcon_core.shell:Creating environment hook '/home/ph/ws/helios16p_ws/src/install/kiss_icp/share/kiss_icp/hook/cmake_prefix_path.ps1'
[97.907s] INFO:colcon.colcon_core.shell:Creating environment descriptor '/home/ph/ws/helios16p_ws/src/install/kiss_icp/share/kiss_icp/hook/cmake_prefix_path.dsv'
[97.908s] INFO:colcon.colcon_core.shell:Creating environment hook '/home/ph/ws/helios16p_ws/src/install/kiss_icp/share/kiss_icp/hook/cmake_prefix_path.sh'
[97.909s] Level 1:colcon.colcon_core.environment:checking '/home/ph/ws/helios16p_ws/src/install/kiss_icp/lib'
[97.909s] Level 1:colcon.colcon_core.shell:create_environment_hook('kiss_icp', 'ld_library_path_lib')
[97.910s] INFO:colcon.colcon_core.shell:Creating environment hook '/home/ph/ws/helios16p_ws/src/install/kiss_icp/share/kiss_icp/hook/ld_library_path_lib.ps1'
[97.911s] INFO:colcon.colcon_core.shell:Creating environment descriptor '/home/ph/ws/helios16p_ws/src/install/kiss_icp/share/kiss_icp/hook/ld_library_path_lib.dsv'
[97.912s] INFO:colcon.colcon_core.shell:Creating environment hook '/home/ph/ws/helios16p_ws/src/install/kiss_icp/share/kiss_icp/hook/ld_library_path_lib.sh'
[97.913s] Level 1:colcon.colcon_core.environment:checking '/home/ph/ws/helios16p_ws/src/install/kiss_icp/bin'
[97.913s] Level 1:colcon.colcon_core.environment:checking '/home/ph/ws/helios16p_ws/src/install/kiss_icp/lib/pkgconfig/kiss_icp.pc'
[97.914s] Level 1:colcon.colcon_core.environment:checking '/home/ph/ws/helios16p_ws/src/install/kiss_icp/lib/python3.10/site-packages'
[97.915s] Level 1:colcon.colcon_core.environment:checking '/home/ph/ws/helios16p_ws/src/install/kiss_icp/bin'
[97.915s] INFO:colcon.colcon_core.shell:Creating package script '/home/ph/ws/helios16p_ws/src/install/kiss_icp/share/kiss_icp/package.ps1'
[97.917s] INFO:colcon.colcon_core.shell:Creating package descriptor '/home/ph/ws/helios16p_ws/src/install/kiss_icp/share/kiss_icp/package.dsv'
[97.919s] INFO:colcon.colcon_core.shell:Creating package script '/home/ph/ws/helios16p_ws/src/install/kiss_icp/share/kiss_icp/package.sh'
[97.920s] INFO:colcon.colcon_core.shell:Creating package script '/home/ph/ws/helios16p_ws/src/install/kiss_icp/share/kiss_icp/package.bash'
[97.921s] INFO:colcon.colcon_core.shell:Creating package script '/home/ph/ws/helios16p_ws/src/install/kiss_icp/share/kiss_icp/package.zsh'
[97.922s] Level 1:colcon.colcon_core.environment:create_file_with_runtime_dependencies(/home/ph/ws/helios16p_ws/src/install/kiss_icp/share/colcon-core/packages/kiss_icp)
[97.923s] DEBUG:colcon.colcon_parallel_executor.executor.parallel:closing loop
[97.924s] DEBUG:colcon.colcon_parallel_executor.executor.parallel:loop closed
[97.924s] DEBUG:colcon.colcon_parallel_executor.executor.parallel:run_until_complete finished with '0'
[97.924s] DEBUG:colcon.colcon_core.event_reactor:joining thread
[97.939s] INFO:colcon.colcon_core.plugin_system:Skipping extension 'colcon_notification.desktop_notification.terminal_notifier': Not used on non-Darwin systems
[97.939s] INFO:colcon.colcon_core.plugin_system:Skipping extension 'colcon_notification.desktop_notification.win32': Not used on non-Windows systems
[97.939s] INFO:colcon.colcon_notification.desktop_notification:Sending desktop notification using 'notify2'
[97.944s] DEBUG:colcon.colcon_core.event_reactor:joined thread
[97.945s] INFO:colcon.colcon_core.shell:Creating prefix script '/home/ph/ws/helios16p_ws/src/install/local_setup.ps1'
[97.948s] INFO:colcon.colcon_core.shell:Creating prefix util module '/home/ph/ws/helios16p_ws/src/install/_local_setup_util_ps1.py'
[97.953s] INFO:colcon.colcon_core.shell:Creating prefix chain script '/home/ph/ws/helios16p_ws/src/install/setup.ps1'
[97.956s] INFO:colcon.colcon_core.shell:Creating prefix script '/home/ph/ws/helios16p_ws/src/install/local_setup.sh'
[97.957s] INFO:colcon.colcon_core.shell:Creating prefix util module '/home/ph/ws/helios16p_ws/src/install/_local_setup_util_sh.py'
[97.959s] INFO:colcon.colcon_core.shell:Creating prefix chain script '/home/ph/ws/helios16p_ws/src/install/setup.sh'
[97.962s] INFO:colcon.colcon_core.shell:Creating prefix script '/home/ph/ws/helios16p_ws/src/install/local_setup.bash'
[97.963s] INFO:colcon.colcon_core.shell:Creating prefix chain script '/home/ph/ws/helios16p_ws/src/install/setup.bash'
[97.966s] INFO:colcon.colcon_core.shell:Creating prefix script '/home/ph/ws/helios16p_ws/src/install/local_setup.zsh'
[97.967s] INFO:colcon.colcon_core.shell:Creating prefix chain script '/home/ph/ws/helios16p_ws/src/install/setup.zsh'
