[0.028s] Invoking command in '/home/ph/ws/helios16p_ws/build/kiss_icp': CMAKE_PREFIX_PATH=/opt/ros/humble /home/ph/.local/bin/cmake /home/ph/ws/helios16p_ws/src/kiss-icp/ros -DCMAKE_INSTALL_PREFIX=/home/ph/ws/helios16p_ws/install/kiss_icp
[0.442s] -- The CXX compiler identification is GNU 11.4.0
[0.474s] -- Detecting CXX compiler ABI info
[0.674s] -- Detecting CXX compiler ABI info - done
[0.726s] -- Check for working CXX compiler: /usr/bin/c++ - skipped
[0.728s] -- Detecting CXX compile features
[0.730s] -- Detecting CXX compile features - done
[0.759s] [0mCMake Deprecation Warning at /home/ph/ws/helios16p_ws/src/kiss-icp/cpp/kiss_icp/3rdparty/find_dependencies.cmake:25 (cmake_policy):
[0.759s]   The OLD behavior for policy CMP0135 will be removed from a future version
[0.759s]   of CMake.
[0.759s] 
[0.759s]   The cmake-policies(7) manual explains that the OLD behaviors of all
[0.760s]   policies are deprecated and that a policy should be set to OLD only under
[0.760s]   specific short-term circumstances.  Projects should be ported to the NEW
[0.760s]   behavior and not rely on setting a policy to OLD.
[0.760s] Call Stack (most recent call first):
[0.760s]   /home/ph/ws/helios16p_ws/src/kiss-icp/cpp/kiss_icp/CMakeLists.txt:48 (include)
[0.760s] 
[0.761s] [0m
[3.707s] -- The C compiler identification is GNU 11.4.0
[3.734s] -- Detecting C compiler ABI info
[3.905s] -- Detecting C compiler ABI info - done
[3.970s] -- Check for working C compiler: /usr/bin/cc - skipped
[3.971s] -- Detecting C compile features
[3.973s] -- Detecting C compile features - done
[5.571s] [0mCMake Deprecation Warning at /home/ph/ws/helios16p_ws/build/kiss_icp/_deps/tessil-src/CMakeLists.txt:1 (cmake_minimum_required):
[5.571s]   Compatibility with CMake < 3.10 will be removed from a future version of
[5.572s]   CMake.
[5.572s] 
[5.573s]   Update the VERSION argument <min> value.  Or, use the <min>...<max> syntax
[5.573s]   to tell CMake that the project requires at least <min> but has been updated
[5.573s]   to work with policies introduced by <max> or earlier.
[5.574s] 
[5.574s] [0m
[5.593s] -- Found ament_cmake: 1.3.12 (/opt/ros/humble/share/ament_cmake/cmake)
[5.951s] -- Found Python3: /usr/bin/python3 (found version "3.10.12") found components: Interpreter
[6.211s] -- Found geometry_msgs: 4.9.0 (/opt/ros/humble/share/geometry_msgs/cmake)
[6.340s] -- Found rosidl_generator_c: 3.1.8 (/opt/ros/humble/share/rosidl_generator_c/cmake)
[6.357s] -- Found rosidl_adapter: 3.1.8 (/opt/ros/humble/share/rosidl_adapter/cmake)
[6.390s] -- Found rosidl_generator_cpp: 3.1.8 (/opt/ros/humble/share/rosidl_generator_cpp/cmake)
[6.439s] -- Using all available rosidl_typesupport_c: rosidl_typesupport_fastrtps_c;rosidl_typesupport_introspection_c
[6.501s] -- Using all available rosidl_typesupport_cpp: rosidl_typesupport_fastrtps_cpp;rosidl_typesupport_introspection_cpp
[6.666s] -- Found nav_msgs: 4.9.0 (/opt/ros/humble/share/nav_msgs/cmake)
[6.749s] -- Found rclcpp: 16.0.17 (/opt/ros/humble/share/rclcpp/cmake)
[6.891s] -- Found rmw_implementation_cmake: 6.1.2 (/opt/ros/humble/share/rmw_implementation_cmake/cmake)
[6.900s] -- Found rmw_fastrtps_cpp: 6.2.9 (/opt/ros/humble/share/rmw_fastrtps_cpp/cmake)
[7.189s] -- Found OpenSSL: /usr/lib/x86_64-linux-gnu/libcrypto.so (found version "3.0.2")
[7.288s] -- Found FastRTPS: /opt/ros/humble/include
[7.429s] -- Using RMW implementation 'rmw_fastrtps_cpp' as default
[7.459s] -- Performing Test CMAKE_HAVE_LIBC_PTHREAD
[7.690s] -- Performing Test CMAKE_HAVE_LIBC_PTHREAD - Success
[7.694s] -- Found Threads: TRUE
[7.860s] -- Found rclcpp_components: 16.0.17 (/opt/ros/humble/share/rclcpp_components/cmake)
[7.981s] -- Found sensor_msgs: 4.9.0 (/opt/ros/humble/share/sensor_msgs/cmake)
[8.057s] -- Found tf2_ros: 0.25.18 (/opt/ros/humble/share/tf2_ros/cmake)
[8.397s] -- Found std_srvs: 4.9.0 (/opt/ros/humble/share/std_srvs/cmake)
[8.642s] -- Configuring done (8.4s)
[8.752s] -- Generating done (0.1s)
[8.892s] -- Build files have been written to: /home/ph/ws/helios16p_ws/build/kiss_icp
[8.938s] Invoked command in '/home/ph/ws/helios16p_ws/build/kiss_icp' returned '0': CMAKE_PREFIX_PATH=/opt/ros/humble /home/ph/.local/bin/cmake /home/ph/ws/helios16p_ws/src/kiss-icp/ros -DCMAKE_INSTALL_PREFIX=/home/ph/ws/helios16p_ws/install/kiss_icp
[8.944s] Invoking command in '/home/ph/ws/helios16p_ws/build/kiss_icp': CMAKE_PREFIX_PATH=/opt/ros/humble /home/ph/.local/bin/cmake --build /home/ph/ws/helios16p_ws/build/kiss_icp -- -j8 -l8
[9.254s] [ 35%] [32mBuilding CXX object kiss_icp/core/CMakeFiles/kiss_icp_core.dir/VoxelUtils.cpp.o[0m
[9.254s] [ 35%] [32mBuilding CXX object kiss_icp/core/CMakeFiles/kiss_icp_core.dir/Registration.cpp.o[0m
[9.254s] [ 35%] [32mBuilding CXX object kiss_icp/metrics/CMakeFiles/kiss_icp_metrics.dir/Metrics.cpp.o[0m
[9.255s] [ 35%] [32mBuilding CXX object CMakeFiles/kiss_icp_node.dir/rclcpp_components/node_main_kiss_icp_node.cpp.o[0m
[9.255s] [ 35%] [32mBuilding CXX object kiss_icp/core/CMakeFiles/kiss_icp_core.dir/VoxelHashMap.cpp.o[0m
[9.255s] [ 42%] [32mBuilding CXX object kiss_icp/core/CMakeFiles/kiss_icp_core.dir/Preprocessing.cpp.o[0m
[9.256s] [ 50%] [32mBuilding CXX object kiss_icp/core/CMakeFiles/kiss_icp_core.dir/Threshold.cpp.o[0m
[22.544s] [ 57%] [1m[32mLinking CXX executable kiss_icp_node[0m
[22.868s] [ 57%] Built target kiss_icp_node
[28.984s] [ 64%] [1m[32mLinking CXX static library libkiss_icp_core.a[0m
[29.055s] [ 64%] Built target kiss_icp_core
[29.087s] [ 71%] [32mBuilding CXX object kiss_icp/pipeline/CMakeFiles/kiss_icp_pipeline.dir/KissICP.cpp.o[0m
[34.292s] [ 78%] [1m[32mLinking CXX static library libkiss_icp_pipeline.a[0m
[34.362s] [ 78%] Built target kiss_icp_pipeline
[34.411s] [ 85%] [32mBuilding CXX object CMakeFiles/odometry_component.dir/src/OdometryServer.cpp.o[0m
[45.701s] [ 92%] [1m[32mLinking CXX static library libkiss_icp_metrics.a[0m
[45.760s] [ 92%] Built target kiss_icp_metrics
[86.103s] [100%] [1m[32mLinking CXX shared library libodometry_component.so[0m
[86.715s] [100%] Built target odometry_component
[86.735s] Invoked command in '/home/ph/ws/helios16p_ws/build/kiss_icp' returned '0': CMAKE_PREFIX_PATH=/opt/ros/humble /home/ph/.local/bin/cmake --build /home/ph/ws/helios16p_ws/build/kiss_icp -- -j8 -l8
[86.976s] Invoking command in '/home/ph/ws/helios16p_ws/build/kiss_icp': CMAKE_PREFIX_PATH=/opt/ros/humble /home/ph/.local/bin/cmake --install /home/ph/ws/helios16p_ws/build/kiss_icp
[87.207s] -- Install configuration: "Release"
[87.210s] -- Installing: /home/ph/ws/helios16p_ws/install/kiss_icp/lib/kiss_icp/kiss_icp_node
[87.211s] -- Set non-toolchain portion of runtime path of "/home/ph/ws/helios16p_ws/install/kiss_icp/lib/kiss_icp/kiss_icp_node" to ""
[87.211s] -- Installing: /home/ph/ws/helios16p_ws/install/kiss_icp/lib/libodometry_component.so
[87.218s] -- Set non-toolchain portion of runtime path of "/home/ph/ws/helios16p_ws/install/kiss_icp/lib/libodometry_component.so" to ""
[87.218s] -- Installing: /home/ph/ws/helios16p_ws/install/kiss_icp/share/kiss_icp//launch
[87.219s] -- Installing: /home/ph/ws/helios16p_ws/install/kiss_icp/share/kiss_icp//launch/odometry.launch.py
[87.220s] -- Installing: /home/ph/ws/helios16p_ws/install/kiss_icp/share/kiss_icp//rviz
[87.220s] -- Installing: /home/ph/ws/helios16p_ws/install/kiss_icp/share/kiss_icp//rviz/kiss_icp.rviz
[87.221s] -- Installing: /home/ph/ws/helios16p_ws/install/kiss_icp/share/kiss_icp//config
[87.221s] -- Installing: /home/ph/ws/helios16p_ws/install/kiss_icp/share/kiss_icp//config/config.yaml
[87.222s] -- Installing: /home/ph/ws/helios16p_ws/install/kiss_icp/share/ament_index/resource_index/package_run_dependencies/kiss_icp
[87.223s] -- Installing: /home/ph/ws/helios16p_ws/install/kiss_icp/share/ament_index/resource_index/parent_prefix_path/kiss_icp
[87.224s] -- Installing: /home/ph/ws/helios16p_ws/install/kiss_icp/share/kiss_icp/environment/ament_prefix_path.sh
[87.224s] -- Installing: /home/ph/ws/helios16p_ws/install/kiss_icp/share/kiss_icp/environment/ament_prefix_path.dsv
[87.225s] -- Installing: /home/ph/ws/helios16p_ws/install/kiss_icp/share/kiss_icp/environment/path.sh
[87.225s] -- Installing: /home/ph/ws/helios16p_ws/install/kiss_icp/share/kiss_icp/environment/path.dsv
[87.226s] -- Installing: /home/ph/ws/helios16p_ws/install/kiss_icp/share/kiss_icp/local_setup.bash
[87.226s] -- Installing: /home/ph/ws/helios16p_ws/install/kiss_icp/share/kiss_icp/local_setup.sh
[87.227s] -- Installing: /home/ph/ws/helios16p_ws/install/kiss_icp/share/kiss_icp/local_setup.zsh
[87.227s] -- Installing: /home/ph/ws/helios16p_ws/install/kiss_icp/share/kiss_icp/local_setup.dsv
[87.228s] -- Installing: /home/ph/ws/helios16p_ws/install/kiss_icp/share/kiss_icp/package.dsv
[87.228s] -- Installing: /home/ph/ws/helios16p_ws/install/kiss_icp/share/ament_index/resource_index/packages/kiss_icp
[87.229s] -- Installing: /home/ph/ws/helios16p_ws/install/kiss_icp/share/ament_index/resource_index/rclcpp_components/kiss_icp
[87.230s] -- Installing: /home/ph/ws/helios16p_ws/install/kiss_icp/share/kiss_icp/cmake/kiss_icpConfig.cmake
[87.230s] -- Installing: /home/ph/ws/helios16p_ws/install/kiss_icp/share/kiss_icp/cmake/kiss_icpConfig-version.cmake
[87.230s] -- Installing: /home/ph/ws/helios16p_ws/install/kiss_icp/share/kiss_icp/package.xml
[87.236s] Invoked command in '/home/ph/ws/helios16p_ws/build/kiss_icp' returned '0': CMAKE_PREFIX_PATH=/opt/ros/humble /home/ph/.local/bin/cmake --install /home/ph/ws/helios16p_ws/build/kiss_icp
