[0.447s] Invoking command in '/home/ph/treasure/dockerBENCH/helios16p_ws/build/kiss_icp': CMAKE_PREFIX_PATH=${CMAKE_PREFIX_PATH}:/home/ph/treasure/dockerBENCH/helios16p_ws/install/helios16p_cane_robot:/opt/ros/humble PS1=(pvenv) \[\e]0;\u@\h: \w\a\]${debian_chroot:+($debian_chroot)}\u@\h:\w\$ VIRTUAL_ENV_PROMPT=(pvenv) /home/ph/.local/bin/cmake --build /home/ph/treasure/dockerBENCH/helios16p_ws/build/kiss_icp -- -j8 -l8
[0.660s] [ 14%] Built target kiss_icp_metrics
[0.670s] [ 28%] Built target kiss_icp_node
[0.671s] [ 71%] Built target kiss_icp_core
[0.694s] [ 85%] Built target kiss_icp_pipeline
[0.733s] [100%] Built target odometry_component
[0.786s] Invoked command in '/home/ph/treasure/dockerBENCH/helios16p_ws/build/kiss_icp' returned '0': CMAKE_PREFIX_PATH=${CMAKE_PREFIX_PATH}:/home/ph/treasure/dockerBENCH/helios16p_ws/install/helios16p_cane_robot:/opt/ros/humble PS1=(pvenv) \[\e]0;\u@\h: \w\a\]${debian_chroot:+($debian_chroot)}\u@\h:\w\$ VIRTUAL_ENV_PROMPT=(pvenv) /home/ph/.local/bin/cmake --build /home/ph/treasure/dockerBENCH/helios16p_ws/build/kiss_icp -- -j8 -l8
[0.790s] Invoking command in '/home/ph/treasure/dockerBENCH/helios16p_ws/build/kiss_icp': CMAKE_PREFIX_PATH=${CMAKE_PREFIX_PATH}:/home/ph/treasure/dockerBENCH/helios16p_ws/install/helios16p_cane_robot:/opt/ros/humble PS1=(pvenv) \[\e]0;\u@\h: \w\a\]${debian_chroot:+($debian_chroot)}\u@\h:\w\$ VIRTUAL_ENV_PROMPT=(pvenv) /home/ph/.local/bin/cmake --install /home/ph/treasure/dockerBENCH/helios16p_ws/build/kiss_icp
[0.989s] -- Install configuration: "Release"
[0.989s] -- Up-to-date: /home/ph/treasure/dockerBENCH/helios16p_ws/install/kiss_icp/lib/kiss_icp/kiss_icp_node
[0.989s] -- Up-to-date: /home/ph/treasure/dockerBENCH/helios16p_ws/install/kiss_icp/lib/libodometry_component.so
[0.989s] -- Up-to-date: /home/ph/treasure/dockerBENCH/helios16p_ws/install/kiss_icp/share/kiss_icp//launch
[0.996s] -- Up-to-date: /home/ph/treasure/dockerBENCH/helios16p_ws/install/kiss_icp/share/kiss_icp//launch/odometry.launch.py
[0.996s] -- Up-to-date: /home/ph/treasure/dockerBENCH/helios16p_ws/install/kiss_icp/share/kiss_icp//rviz
[0.996s] -- Up-to-date: /home/ph/treasure/dockerBENCH/helios16p_ws/install/kiss_icp/share/kiss_icp//rviz/kiss_icp.rviz
[0.996s] -- Up-to-date: /home/ph/treasure/dockerBENCH/helios16p_ws/install/kiss_icp/share/kiss_icp//config
[1.007s] -- Up-to-date: /home/ph/treasure/dockerBENCH/helios16p_ws/install/kiss_icp/share/kiss_icp//config/config.yaml
[1.010s] -- Up-to-date: /home/ph/treasure/dockerBENCH/helios16p_ws/install/kiss_icp/share/ament_index/resource_index/package_run_dependencies/kiss_icp
[1.011s] -- Up-to-date: /home/ph/treasure/dockerBENCH/helios16p_ws/install/kiss_icp/share/ament_index/resource_index/parent_prefix_path/kiss_icp
[1.013s] -- Up-to-date: /home/ph/treasure/dockerBENCH/helios16p_ws/install/kiss_icp/share/kiss_icp/environment/ament_prefix_path.sh
[1.013s] -- Up-to-date: /home/ph/treasure/dockerBENCH/helios16p_ws/install/kiss_icp/share/kiss_icp/environment/ament_prefix_path.dsv
[1.044s] -- Up-to-date: /home/ph/treasure/dockerBENCH/helios16p_ws/install/kiss_icp/share/kiss_icp/environment/path.sh
[1.045s] -- Up-to-date: /home/ph/treasure/dockerBENCH/helios16p_ws/install/kiss_icp/share/kiss_icp/environment/path.dsv
[1.045s] -- Up-to-date: /home/ph/treasure/dockerBENCH/helios16p_ws/install/kiss_icp/share/kiss_icp/local_setup.bash
[1.045s] -- Up-to-date: /home/ph/treasure/dockerBENCH/helios16p_ws/install/kiss_icp/share/kiss_icp/local_setup.sh
[1.045s] -- Up-to-date: /home/ph/treasure/dockerBENCH/helios16p_ws/install/kiss_icp/share/kiss_icp/local_setup.zsh
[1.045s] -- Up-to-date: /home/ph/treasure/dockerBENCH/helios16p_ws/install/kiss_icp/share/kiss_icp/local_setup.dsv
[1.045s] -- Up-to-date: /home/ph/treasure/dockerBENCH/helios16p_ws/install/kiss_icp/share/kiss_icp/package.dsv
[1.052s] -- Up-to-date: /home/ph/treasure/dockerBENCH/helios16p_ws/install/kiss_icp/share/ament_index/resource_index/packages/kiss_icp
[1.053s] -- Up-to-date: /home/ph/treasure/dockerBENCH/helios16p_ws/install/kiss_icp/share/ament_index/resource_index/rclcpp_components/kiss_icp
[1.057s] -- Up-to-date: /home/ph/treasure/dockerBENCH/helios16p_ws/install/kiss_icp/share/kiss_icp/cmake/kiss_icpConfig.cmake
[1.057s] -- Up-to-date: /home/ph/treasure/dockerBENCH/helios16p_ws/install/kiss_icp/share/kiss_icp/cmake/kiss_icpConfig-version.cmake
[1.057s] -- Up-to-date: /home/ph/treasure/dockerBENCH/helios16p_ws/install/kiss_icp/share/kiss_icp/package.xml
[1.369s] Invoked command in '/home/ph/treasure/dockerBENCH/helios16p_ws/build/kiss_icp' returned '0': CMAKE_PREFIX_PATH=${CMAKE_PREFIX_PATH}:/home/ph/treasure/dockerBENCH/helios16p_ws/install/helios16p_cane_robot:/opt/ros/humble PS1=(pvenv) \[\e]0;\u@\h: \w\a\]${debian_chroot:+($debian_chroot)}\u@\h:\w\$ VIRTUAL_ENV_PROMPT=(pvenv) /home/ph/.local/bin/cmake --install /home/ph/treasure/dockerBENCH/helios16p_ws/build/kiss_icp
