[0.554s] Invoking command in '/home/ph/treasure/dockerBENCH/helios16p_ws/build/kiss_icp': CMAKE_PREFIX_PATH=/opt/ros/humble PS1=(pvenv) \[\e]0;\u@\h: \w\a\]${debian_chroot:+($debian_chroot)}\u@\h:\w\$ VIRTUAL_ENV_PROMPT=(pvenv) /home/ph/.local/bin/cmake /home/ph/treasure/dockerBENCH/helios16p_ws/src/kiss-icp/ros -DCMAKE_INSTALL_PREFIX=/home/ph/treasure/dockerBENCH/helios16p_ws/install/kiss_icp
[0.901s] -- The CXX compiler identification is GNU 11.4.0
[0.923s] -- Detecting CXX compiler ABI info
[1.112s] -- Detecting CXX compiler ABI info - done
[1.183s] -- Check for working CXX compiler: /usr/bin/c++ - skipped
[1.184s] -- Detecting CXX compile features
[1.187s] -- Detecting CXX compile features - done
[1.226s] [0mCMake Deprecation Warning at /home/ph/treasure/dockerBENCH/helios16p_ws/src/kiss-icp/cpp/kiss_icp/3rdparty/find_dependencies.cmake:25 (cmake_policy):
[1.226s]   The OLD behavior for policy CMP0135 will be removed from a future version
[1.227s]   of CMake.
[1.227s] 
[1.227s]   The cmake-policies(7) manual explains that the OLD behaviors of all
[1.227s]   policies are deprecated and that a policy should be set to OLD only under
[1.227s]   specific short-term circumstances.  Projects should be ported to the NEW
[1.227s]   behavior and not rely on setting a policy to OLD.
[1.227s] Call Stack (most recent call first):
[1.227s]   /home/ph/treasure/dockerBENCH/helios16p_ws/src/kiss-icp/cpp/kiss_icp/CMakeLists.txt:48 (include)
[1.228s] 
[1.228s] [0m
[2.438s] -- The C compiler identification is GNU 11.4.0
[2.454s] -- Detecting C compiler ABI info
[2.558s] -- Detecting C compiler ABI info - done
[2.587s] -- Check for working C compiler: /usr/bin/cc - skipped
[2.589s] -- Detecting C compile features
[2.589s] -- Detecting C compile features - done
[3.556s] [0mCMake Deprecation Warning at /home/ph/treasure/dockerBENCH/helios16p_ws/build/kiss_icp/_deps/tessil-src/CMakeLists.txt:1 (cmake_minimum_required):
[3.556s]   Compatibility with CMake < 3.10 will be removed from a future version of
[3.556s]   CMake.
[3.556s] 
[3.556s]   Update the VERSION argument <min> value.  Or, use the <min>...<max> syntax
[3.557s]   to tell CMake that the project requires at least <min> but has been updated
[3.557s]   to work with policies introduced by <max> or earlier.
[3.557s] 
[3.557s] [0m
[3.568s] -- Found ament_cmake: 1.3.12 (/opt/ros/humble/share/ament_cmake/cmake)
[3.763s] -- Found Python3: /usr/bin/python3 (found version "3.10.12") found components: Interpreter
[3.915s] -- Found geometry_msgs: 4.9.0 (/opt/ros/humble/share/geometry_msgs/cmake)
[4.007s] -- Found rosidl_generator_c: 3.1.8 (/opt/ros/humble/share/rosidl_generator_c/cmake)
[4.019s] -- Found rosidl_adapter: 3.1.8 (/opt/ros/humble/share/rosidl_adapter/cmake)
[4.044s] -- Found rosidl_generator_cpp: 3.1.8 (/opt/ros/humble/share/rosidl_generator_cpp/cmake)
[4.073s] -- Using all available rosidl_typesupport_c: rosidl_typesupport_fastrtps_c;rosidl_typesupport_introspection_c
[4.113s] -- Using all available rosidl_typesupport_cpp: rosidl_typesupport_fastrtps_cpp;rosidl_typesupport_introspection_cpp
[4.208s] -- Found nav_msgs: 4.9.0 (/opt/ros/humble/share/nav_msgs/cmake)
[4.252s] -- Found rclcpp: 16.0.17 (/opt/ros/humble/share/rclcpp/cmake)
[4.331s] -- Found rmw_implementation_cmake: 6.1.2 (/opt/ros/humble/share/rmw_implementation_cmake/cmake)
[4.335s] -- Found rmw_fastrtps_cpp: 6.2.9 (/opt/ros/humble/share/rmw_fastrtps_cpp/cmake)
[4.500s] -- Found OpenSSL: /usr/lib/x86_64-linux-gnu/libcrypto.so (found version "3.0.2")
[4.567s] -- Found FastRTPS: /opt/ros/humble/include
[4.662s] -- Using RMW implementation 'rmw_fastrtps_cpp' as default
[4.682s] -- Performing Test CMAKE_HAVE_LIBC_PTHREAD
[4.827s] -- Performing Test CMAKE_HAVE_LIBC_PTHREAD - Success
[4.830s] -- Found Threads: TRUE
[4.934s] -- Found rclcpp_components: 16.0.17 (/opt/ros/humble/share/rclcpp_components/cmake)
[4.996s] -- Found sensor_msgs: 4.9.0 (/opt/ros/humble/share/sensor_msgs/cmake)
[5.037s] -- Found tf2_ros: 0.25.18 (/opt/ros/humble/share/tf2_ros/cmake)
[5.203s] -- Found std_srvs: 4.9.0 (/opt/ros/humble/share/std_srvs/cmake)
[5.376s] -- Configuring done (4.6s)
[5.467s] -- Generating done (0.1s)
[5.561s] -- Build files have been written to: /home/ph/treasure/dockerBENCH/helios16p_ws/build/kiss_icp
[5.603s] Invoked command in '/home/ph/treasure/dockerBENCH/helios16p_ws/build/kiss_icp' returned '0': CMAKE_PREFIX_PATH=/opt/ros/humble PS1=(pvenv) \[\e]0;\u@\h: \w\a\]${debian_chroot:+($debian_chroot)}\u@\h:\w\$ VIRTUAL_ENV_PROMPT=(pvenv) /home/ph/.local/bin/cmake /home/ph/treasure/dockerBENCH/helios16p_ws/src/kiss-icp/ros -DCMAKE_INSTALL_PREFIX=/home/ph/treasure/dockerBENCH/helios16p_ws/install/kiss_icp
[5.604s] Invoking command in '/home/ph/treasure/dockerBENCH/helios16p_ws/build/kiss_icp': CMAKE_PREFIX_PATH=/opt/ros/humble PS1=(pvenv) \[\e]0;\u@\h: \w\a\]${debian_chroot:+($debian_chroot)}\u@\h:\w\$ VIRTUAL_ENV_PROMPT=(pvenv) /home/ph/.local/bin/cmake --build /home/ph/treasure/dockerBENCH/helios16p_ws/build/kiss_icp -- -j8 -l8
[5.887s] [  7%] [32mBuilding CXX object kiss_icp/metrics/CMakeFiles/kiss_icp_metrics.dir/Metrics.cpp.o[0m
[5.887s] [ 14%] [32mBuilding CXX object kiss_icp/core/CMakeFiles/kiss_icp_core.dir/Registration.cpp.o[0m
[5.891s] [ 21%] [32mBuilding CXX object CMakeFiles/kiss_icp_node.dir/rclcpp_components/node_main_kiss_icp_node.cpp.o[0m
[5.895s] [ 28%] [32mBuilding CXX object kiss_icp/core/CMakeFiles/kiss_icp_core.dir/VoxelHashMap.cpp.o[0m
[5.900s] [ 35%] [32mBuilding CXX object kiss_icp/core/CMakeFiles/kiss_icp_core.dir/VoxelUtils.cpp.o[0m
[5.903s] [ 42%] [32mBuilding CXX object kiss_icp/core/CMakeFiles/kiss_icp_core.dir/Preprocessing.cpp.o[0m
[5.905s] [ 50%] [32mBuilding CXX object kiss_icp/core/CMakeFiles/kiss_icp_core.dir/Threshold.cpp.o[0m
[17.945s] [ 57%] [1m[32mLinking CXX executable kiss_icp_node[0m
[18.367s] [ 57%] Built target kiss_icp_node
[26.296s] [ 64%] [1m[32mLinking CXX static library libkiss_icp_core.a[0m
[26.335s] [ 64%] Built target kiss_icp_core
[26.354s] [ 71%] [32mBuilding CXX object kiss_icp/pipeline/CMakeFiles/kiss_icp_pipeline.dir/KissICP.cpp.o[0m
[30.060s] [ 78%] [1m[32mLinking CXX static library libkiss_icp_pipeline.a[0m
[30.108s] [ 78%] Built target kiss_icp_pipeline
[30.133s] [ 85%] [32mBuilding CXX object CMakeFiles/odometry_component.dir/src/OdometryServer.cpp.o[0m
[36.485s] [ 92%] [1m[32mLinking CXX static library libkiss_icp_metrics.a[0m
[36.519s] [ 92%] Built target kiss_icp_metrics
[64.613s] [100%] [1m[32mLinking CXX shared library libodometry_component.so[0m
[64.932s] [100%] Built target odometry_component
[64.945s] Invoked command in '/home/ph/treasure/dockerBENCH/helios16p_ws/build/kiss_icp' returned '0': CMAKE_PREFIX_PATH=/opt/ros/humble PS1=(pvenv) \[\e]0;\u@\h: \w\a\]${debian_chroot:+($debian_chroot)}\u@\h:\w\$ VIRTUAL_ENV_PROMPT=(pvenv) /home/ph/.local/bin/cmake --build /home/ph/treasure/dockerBENCH/helios16p_ws/build/kiss_icp -- -j8 -l8
[64.949s] Invoking command in '/home/ph/treasure/dockerBENCH/helios16p_ws/build/kiss_icp': CMAKE_PREFIX_PATH=/opt/ros/humble PS1=(pvenv) \[\e]0;\u@\h: \w\a\]${debian_chroot:+($debian_chroot)}\u@\h:\w\$ VIRTUAL_ENV_PROMPT=(pvenv) /home/ph/.local/bin/cmake --install /home/ph/treasure/dockerBENCH/helios16p_ws/build/kiss_icp
[65.048s] -- Install configuration: "Release"
[65.049s] -- Installing: /home/ph/treasure/dockerBENCH/helios16p_ws/install/kiss_icp/lib/kiss_icp/kiss_icp_node
[65.050s] -- Set non-toolchain portion of runtime path of "/home/ph/treasure/dockerBENCH/helios16p_ws/install/kiss_icp/lib/kiss_icp/kiss_icp_node" to ""
[65.050s] -- Installing: /home/ph/treasure/dockerBENCH/helios16p_ws/install/kiss_icp/lib/libodometry_component.so
[65.053s] -- Set non-toolchain portion of runtime path of "/home/ph/treasure/dockerBENCH/helios16p_ws/install/kiss_icp/lib/libodometry_component.so" to ""
[65.054s] -- Installing: /home/ph/treasure/dockerBENCH/helios16p_ws/install/kiss_icp/share/kiss_icp//launch
[65.054s] -- Installing: /home/ph/treasure/dockerBENCH/helios16p_ws/install/kiss_icp/share/kiss_icp//launch/odometry.launch.py
[65.054s] -- Installing: /home/ph/treasure/dockerBENCH/helios16p_ws/install/kiss_icp/share/kiss_icp//rviz
[65.054s] -- Installing: /home/ph/treasure/dockerBENCH/helios16p_ws/install/kiss_icp/share/kiss_icp//rviz/kiss_icp.rviz
[65.055s] -- Installing: /home/ph/treasure/dockerBENCH/helios16p_ws/install/kiss_icp/share/kiss_icp//config
[65.055s] -- Installing: /home/ph/treasure/dockerBENCH/helios16p_ws/install/kiss_icp/share/kiss_icp//config/config.yaml
[65.055s] -- Installing: /home/ph/treasure/dockerBENCH/helios16p_ws/install/kiss_icp/share/ament_index/resource_index/package_run_dependencies/kiss_icp
[65.055s] -- Installing: /home/ph/treasure/dockerBENCH/helios16p_ws/install/kiss_icp/share/ament_index/resource_index/parent_prefix_path/kiss_icp
[65.056s] -- Installing: /home/ph/treasure/dockerBENCH/helios16p_ws/install/kiss_icp/share/kiss_icp/environment/ament_prefix_path.sh
[65.056s] -- Installing: /home/ph/treasure/dockerBENCH/helios16p_ws/install/kiss_icp/share/kiss_icp/environment/ament_prefix_path.dsv
[65.056s] -- Installing: /home/ph/treasure/dockerBENCH/helios16p_ws/install/kiss_icp/share/kiss_icp/environment/path.sh
[65.056s] -- Installing: /home/ph/treasure/dockerBENCH/helios16p_ws/install/kiss_icp/share/kiss_icp/environment/path.dsv
[65.057s] -- Installing: /home/ph/treasure/dockerBENCH/helios16p_ws/install/kiss_icp/share/kiss_icp/local_setup.bash
[65.057s] -- Installing: /home/ph/treasure/dockerBENCH/helios16p_ws/install/kiss_icp/share/kiss_icp/local_setup.sh
[65.057s] -- Installing: /home/ph/treasure/dockerBENCH/helios16p_ws/install/kiss_icp/share/kiss_icp/local_setup.zsh
[65.057s] -- Installing: /home/ph/treasure/dockerBENCH/helios16p_ws/install/kiss_icp/share/kiss_icp/local_setup.dsv
[65.058s] -- Installing: /home/ph/treasure/dockerBENCH/helios16p_ws/install/kiss_icp/share/kiss_icp/package.dsv
[65.058s] -- Installing: /home/ph/treasure/dockerBENCH/helios16p_ws/install/kiss_icp/share/ament_index/resource_index/packages/kiss_icp
[65.058s] -- Installing: /home/ph/treasure/dockerBENCH/helios16p_ws/install/kiss_icp/share/ament_index/resource_index/rclcpp_components/kiss_icp
[65.058s] -- Installing: /home/ph/treasure/dockerBENCH/helios16p_ws/install/kiss_icp/share/kiss_icp/cmake/kiss_icpConfig.cmake
[65.058s] -- Installing: /home/ph/treasure/dockerBENCH/helios16p_ws/install/kiss_icp/share/kiss_icp/cmake/kiss_icpConfig-version.cmake
[65.059s] -- Installing: /home/ph/treasure/dockerBENCH/helios16p_ws/install/kiss_icp/share/kiss_icp/package.xml
[65.063s] Invoked command in '/home/ph/treasure/dockerBENCH/helios16p_ws/build/kiss_icp' returned '0': CMAKE_PREFIX_PATH=/opt/ros/humble PS1=(pvenv) \[\e]0;\u@\h: \w\a\]${debian_chroot:+($debian_chroot)}\u@\h:\w\$ VIRTUAL_ENV_PROMPT=(pvenv) /home/ph/.local/bin/cmake --install /home/ph/treasure/dockerBENCH/helios16p_ws/build/kiss_icp
