running egg_info
creating ../build/helios16p_cane_robot/helios16p_cane_robot.egg-info
writing ../build/helios16p_cane_robot/helios16p_cane_robot.egg-info/PKG-INFO
writing dependency_links to ../build/helios16p_cane_robot/helios16p_cane_robot.egg-info/dependency_links.txt
writing entry points to ../build/helios16p_cane_robot/helios16p_cane_robot.egg-info/entry_points.txt
writing requirements to ../build/helios16p_cane_robot/helios16p_cane_robot.egg-info/requires.txt
writing top-level names to ../build/helios16p_cane_robot/helios16p_cane_robot.egg-info/top_level.txt
writing manifest file '../build/helios16p_cane_robot/helios16p_cane_robot.egg-info/SOURCES.txt'
reading manifest file '../build/helios16p_cane_robot/helios16p_cane_robot.egg-info/SOURCES.txt'
writing manifest file '../build/helios16p_cane_robot/helios16p_cane_robot.egg-info/SOURCES.txt'
running build
running build_py
creating /home/ph/ws/helios16p_ws/src/build/helios16p_cane_robot/build
creating /home/ph/ws/helios16p_ws/src/build/helios16p_cane_robot/build/lib
creating /home/ph/ws/helios16p_ws/src/build/helios16p_cane_robot/build/lib/helios16p_cane_robot
copying helios16p_cane_robot/__init__.py -> /home/ph/ws/helios16p_ws/src/build/helios16p_cane_robot/build/lib/helios16p_cane_robot
running install
running install_lib
creating /home/ph/ws/helios16p_ws/src/install/helios16p_cane_robot/lib/python3.10/site-packages/helios16p_cane_robot
copying /home/ph/ws/helios16p_ws/src/build/helios16p_cane_robot/build/lib/helios16p_cane_robot/__init__.py -> /home/ph/ws/helios16p_ws/src/install/helios16p_cane_robot/lib/python3.10/site-packages/helios16p_cane_robot
byte-compiling /home/ph/ws/helios16p_ws/src/install/helios16p_cane_robot/lib/python3.10/site-packages/helios16p_cane_robot/__init__.py to __init__.cpython-310.pyc
running install_data
creating /home/ph/ws/helios16p_ws/src/install/helios16p_cane_robot/share/ament_index
creating /home/ph/ws/helios16p_ws/src/install/helios16p_cane_robot/share/ament_index/resource_index
creating /home/ph/ws/helios16p_ws/src/install/helios16p_cane_robot/share/ament_index/resource_index/packages
copying resource/helios16p_cane_robot -> /home/ph/ws/helios16p_ws/src/install/helios16p_cane_robot/share/ament_index/resource_index/packages
copying package.xml -> /home/ph/ws/helios16p_ws/src/install/helios16p_cane_robot/share/helios16p_cane_robot
creating /home/ph/ws/helios16p_ws/src/install/helios16p_cane_robot/share/helios16p_cane_robot/launch
copying launch/helios16p_cane_robot.launch.py -> /home/ph/ws/helios16p_ws/src/install/helios16p_cane_robot/share/helios16p_cane_robot/launch
creating /home/ph/ws/helios16p_ws/src/install/helios16p_cane_robot/share/helios16p_cane_robot/configs
copying configs/config_mrange5_voxsize1Em1_voxpoints1.yaml -> /home/ph/ws/helios16p_ws/src/install/helios16p_cane_robot/share/helios16p_cane_robot/configs
copying configs/config_mrange100_voxsize5Em1_voxpoints20.yaml -> /home/ph/ws/helios16p_ws/src/install/helios16p_cane_robot/share/helios16p_cane_robot/configs
copying configs/config_mrange25_voxsize25Em2_voxpoints10.yaml -> /home/ph/ws/helios16p_ws/src/install/helios16p_cane_robot/share/helios16p_cane_robot/configs
copying configs/config_mrange30_voxsize3Em1_voxpoints10.yaml -> /home/ph/ws/helios16p_ws/src/install/helios16p_cane_robot/share/helios16p_cane_robot/configs
copying configs/config_mrange20_voxsize3Em1_voxpoints12.yaml -> /home/ph/ws/helios16p_ws/src/install/helios16p_cane_robot/share/helios16p_cane_robot/configs
copying configs/config_mrange8_voxsize2Em1_voxpoints4.yaml -> /home/ph/ws/helios16p_ws/src/install/helios16p_cane_robot/share/helios16p_cane_robot/configs
copying configs/lidar_config.yaml -> /home/ph/ws/helios16p_ws/src/install/helios16p_cane_robot/share/helios16p_cane_robot/configs
copying configs/config_mrange15_voxsize3Em1_voxpoints12.yaml -> /home/ph/ws/helios16p_ws/src/install/helios16p_cane_robot/share/helios16p_cane_robot/configs
copying configs/config_mrange4_voxsize1Em1_voxpoints1.yaml -> /home/ph/ws/helios16p_ws/src/install/helios16p_cane_robot/share/helios16p_cane_robot/configs
copying configs/config_mrange10_voxsize2Em1_voxpoints14.yaml -> /home/ph/ws/helios16p_ws/src/install/helios16p_cane_robot/share/helios16p_cane_robot/configs
creating /home/ph/ws/helios16p_ws/src/install/helios16p_cane_robot/share/helios16p_cane_robot/urdf
copying urdf/helios16p.urdf.xacro -> /home/ph/ws/helios16p_ws/src/install/helios16p_cane_robot/share/helios16p_cane_robot/urdf
running install_egg_info
Copying ../build/helios16p_cane_robot/helios16p_cane_robot.egg-info to /home/ph/ws/helios16p_ws/src/install/helios16p_cane_robot/lib/python3.10/site-packages/helios16p_cane_robot-0.0.0-py3.10.egg-info
running install_scripts
writing list of installed files to '/home/ph/ws/helios16p_ws/src/build/helios16p_cane_robot/install.log'
