[0.055s] Invoking command in '/home/ph/treasure/dockerBENCH/helios16p_ws/build/rslidar_sdk': AMENT_PREFIX_PATH=/home/ph/treasure/dockerBENCH/helios16p_ws/install/rslidar_msg:${AMENT_PREFIX_PATH} CMAKE_PREFIX_PATH=/home/ph/treasure/dockerBENCH/helios16p_ws/install/rslidar_msg:/opt/ros/humble LD_LIBRARY_PATH=/home/ph/treasure/dockerBENCH/helios16p_ws/install/rslidar_msg/lib:${LD_LIBRARY_PATH} PS1=(pvenv) \[\e]0;\u@\h: \w\a\]${debian_chroot:+($debian_chroot)}\u@\h:\w\$ PYTHONPATH=/home/ph/treasure/dockerBENCH/helios16p_ws/install/rslidar_msg/local/lib/python3.10/dist-packages:${PYTHONPATH} VIRTUAL_ENV_PROMPT=(pvenv) /home/ph/.local/bin/cmake /home/ph/treasure/dockerBENCH/helios16p_ws/src/rslidar_sdk -DCMAKE_INSTALL_PREFIX=/home/ph/treasure/dockerBENCH/helios16p_ws/install/rslidar_sdk
[0.326s] [0mCMake Deprecation Warning at CMakeLists.txt:1 (cmake_minimum_required):
[0.326s]   Compatibility with CMake < 3.10 will be removed from a future version of
[0.327s]   CMake.
[0.327s] 
[0.327s]   Update the VERSION argument <min> value.  Or, use the <min>...<max> syntax
[0.327s]   to tell CMake that the project requires at least <min> but has been updated
[0.327s]   to work with policies introduced by <max> or earlier.
[0.327s] 
[0.328s] [0m
[0.484s] -- The C compiler identification is GNU 11.4.0
[0.739s] -- The CXX compiler identification is GNU 11.4.0
[0.775s] -- Detecting C compiler ABI info
[0.983s] -- Detecting C compiler ABI info - done
[1.035s] -- Check for working C compiler: /usr/bin/cc - skipped
[1.037s] -- Detecting C compile features
[1.039s] -- Detecting C compile features - done
[1.081s] -- Detecting CXX compiler ABI info
[1.331s] -- Detecting CXX compiler ABI info - done
[1.389s] -- Check for working CXX compiler: /usr/bin/c++ - skipped
[1.389s] -- Detecting CXX compile features
[1.391s] -- Detecting CXX compile features - done
[1.410s] [0m=============================================================[0m
[1.411s] [0m-- POINT_TYPE is XYZI[0m
[1.411s] [0m=============================================================[0m
[1.452s] [0m=============================================================[0m
[1.453s] [0m-- ROS Not Found. ROS Support is turned Off.[0m
[1.453s] [0m=============================================================[0m
[1.923s] -- Found Python3: /usr/bin/python3 (found version "3.10.12") found components: Interpreter
[2.419s] -- Found rosidl_generator_c: 3.1.8 (/opt/ros/humble/share/rosidl_generator_c/cmake)
[2.435s] -- Found rosidl_adapter: 3.1.8 (/opt/ros/humble/share/rosidl_adapter/cmake)
[2.476s] -- Found rosidl_generator_cpp: 3.1.8 (/opt/ros/humble/share/rosidl_generator_cpp/cmake)
[2.525s] -- Using all available rosidl_typesupport_c: rosidl_typesupport_fastrtps_c;rosidl_typesupport_introspection_c
[2.580s] -- Using all available rosidl_typesupport_cpp: rosidl_typesupport_fastrtps_cpp;rosidl_typesupport_introspection_cpp
[2.723s] -- Found rmw_implementation_cmake: 6.1.2 (/opt/ros/humble/share/rmw_implementation_cmake/cmake)
[2.730s] -- Found rmw_fastrtps_cpp: 6.2.9 (/opt/ros/humble/share/rmw_fastrtps_cpp/cmake)
[2.968s] -- Found OpenSSL: /usr/lib/x86_64-linux-gnu/libcrypto.so (found version "3.0.2")
[3.049s] -- Found FastRTPS: /opt/ros/humble/include
[3.160s] -- Using RMW implementation 'rmw_fastrtps_cpp' as default
[3.185s] -- Performing Test CMAKE_HAVE_LIBC_PTHREAD
[3.358s] -- Performing Test CMAKE_HAVE_LIBC_PTHREAD - Success
[3.365s] -- Found Threads: TRUE
[3.609s] [0m=============================================================[0m
[3.609s] [0m-- ROS2 Found. ROS2 Support is turned On.[0m
[3.609s] [0m=============================================================[0m
[3.614s] -- Found sensor_msgs: 4.9.0 (/opt/ros/humble/share/sensor_msgs/cmake)
[3.798s] -- Found rslidar_msg: 0.0.0 (/home/ph/treasure/dockerBENCH/helios16p_ws/install/rslidar_msg/share/rslidar_msg/cmake)
[3.893s] [0mCMake Deprecation Warning at src/rs_driver/CMakeLists.txt:1 (cmake_minimum_required):
[3.893s]   Compatibility with CMake < 3.10 will be removed from a future version of
[3.893s]   CMake.
[3.894s] 
[3.894s]   Update the VERSION argument <min> value.  Or, use the <min>...<max> syntax
[3.895s]   to tell CMake that the project requires at least <min> but has been updated
[3.895s]   to work with policies introduced by <max> or earlier.
[3.896s] 
[3.896s] [0m
[3.896s] [0m=============================================================[0m
[3.896s] [0m-- CMake run for UNIX GNU Compiler[0m
[3.896s] [0m=============================================================[0m
[3.901s] [0m=============================================================[0m
[3.901s] [0m-- rs_driver Version : v1.5.18[0m
[3.902s] [0m=============================================================[0m
[4.052s] -- Configuring done (3.7s)
[4.091s] -- Generating done (0.0s)
[4.165s] -- Build files have been written to: /home/ph/treasure/dockerBENCH/helios16p_ws/build/rslidar_sdk
[4.193s] Invoked command in '/home/ph/treasure/dockerBENCH/helios16p_ws/build/rslidar_sdk' returned '0': AMENT_PREFIX_PATH=/home/ph/treasure/dockerBENCH/helios16p_ws/install/rslidar_msg:${AMENT_PREFIX_PATH} CMAKE_PREFIX_PATH=/home/ph/treasure/dockerBENCH/helios16p_ws/install/rslidar_msg:/opt/ros/humble LD_LIBRARY_PATH=/home/ph/treasure/dockerBENCH/helios16p_ws/install/rslidar_msg/lib:${LD_LIBRARY_PATH} PS1=(pvenv) \[\e]0;\u@\h: \w\a\]${debian_chroot:+($debian_chroot)}\u@\h:\w\$ PYTHONPATH=/home/ph/treasure/dockerBENCH/helios16p_ws/install/rslidar_msg/local/lib/python3.10/dist-packages:${PYTHONPATH} VIRTUAL_ENV_PROMPT=(pvenv) /home/ph/.local/bin/cmake /home/ph/treasure/dockerBENCH/helios16p_ws/src/rslidar_sdk -DCMAKE_INSTALL_PREFIX=/home/ph/treasure/dockerBENCH/helios16p_ws/install/rslidar_sdk
[4.197s] Invoking command in '/home/ph/treasure/dockerBENCH/helios16p_ws/build/rslidar_sdk': AMENT_PREFIX_PATH=/home/ph/treasure/dockerBENCH/helios16p_ws/install/rslidar_msg:${AMENT_PREFIX_PATH} CMAKE_PREFIX_PATH=/home/ph/treasure/dockerBENCH/helios16p_ws/install/rslidar_msg:/opt/ros/humble LD_LIBRARY_PATH=/home/ph/treasure/dockerBENCH/helios16p_ws/install/rslidar_msg/lib:${LD_LIBRARY_PATH} PS1=(pvenv) \[\e]0;\u@\h: \w\a\]${debian_chroot:+($debian_chroot)}\u@\h:\w\$ PYTHONPATH=/home/ph/treasure/dockerBENCH/helios16p_ws/install/rslidar_msg/local/lib/python3.10/dist-packages:${PYTHONPATH} VIRTUAL_ENV_PROMPT=(pvenv) /home/ph/.local/bin/cmake --build /home/ph/treasure/dockerBENCH/helios16p_ws/build/rslidar_sdk -- -j8 -l8
[4.454s] [ 33%] [32mBuilding CXX object CMakeFiles/rslidar_sdk_node.dir/node/rslidar_sdk_node.cpp.o[0m
[4.460s] [ 66%] [32mBuilding CXX object CMakeFiles/rslidar_sdk_node.dir/src/manager/node_manager.cpp.o[0m
[41.231s] [100%] [1m[32mLinking CXX executable rslidar_sdk_node[0m
[41.652s] [100%] Built target rslidar_sdk_node
[41.663s] Invoked command in '/home/ph/treasure/dockerBENCH/helios16p_ws/build/rslidar_sdk' returned '0': AMENT_PREFIX_PATH=/home/ph/treasure/dockerBENCH/helios16p_ws/install/rslidar_msg:${AMENT_PREFIX_PATH} CMAKE_PREFIX_PATH=/home/ph/treasure/dockerBENCH/helios16p_ws/install/rslidar_msg:/opt/ros/humble LD_LIBRARY_PATH=/home/ph/treasure/dockerBENCH/helios16p_ws/install/rslidar_msg/lib:${LD_LIBRARY_PATH} PS1=(pvenv) \[\e]0;\u@\h: \w\a\]${debian_chroot:+($debian_chroot)}\u@\h:\w\$ PYTHONPATH=/home/ph/treasure/dockerBENCH/helios16p_ws/install/rslidar_msg/local/lib/python3.10/dist-packages:${PYTHONPATH} VIRTUAL_ENV_PROMPT=(pvenv) /home/ph/.local/bin/cmake --build /home/ph/treasure/dockerBENCH/helios16p_ws/build/rslidar_sdk -- -j8 -l8
[41.666s] Invoking command in '/home/ph/treasure/dockerBENCH/helios16p_ws/build/rslidar_sdk': AMENT_PREFIX_PATH=/home/ph/treasure/dockerBENCH/helios16p_ws/install/rslidar_msg:${AMENT_PREFIX_PATH} CMAKE_PREFIX_PATH=/home/ph/treasure/dockerBENCH/helios16p_ws/install/rslidar_msg:/opt/ros/humble LD_LIBRARY_PATH=/home/ph/treasure/dockerBENCH/helios16p_ws/install/rslidar_msg/lib:${LD_LIBRARY_PATH} PS1=(pvenv) \[\e]0;\u@\h: \w\a\]${debian_chroot:+($debian_chroot)}\u@\h:\w\$ PYTHONPATH=/home/ph/treasure/dockerBENCH/helios16p_ws/install/rslidar_msg/local/lib/python3.10/dist-packages:${PYTHONPATH} VIRTUAL_ENV_PROMPT=(pvenv) /home/ph/.local/bin/cmake --install /home/ph/treasure/dockerBENCH/helios16p_ws/build/rslidar_sdk
[41.801s] -- Install configuration: "Release"
[41.801s] -- Installing: /home/ph/treasure/dockerBENCH/helios16p_ws/install/rslidar_sdk/lib/rslidar_sdk/rslidar_sdk_node
[41.804s] -- Set non-toolchain portion of runtime path of "/home/ph/treasure/dockerBENCH/helios16p_ws/install/rslidar_sdk/lib/rslidar_sdk/rslidar_sdk_node" to ""
[41.805s] -- Installing: /home/ph/treasure/dockerBENCH/helios16p_ws/install/rslidar_sdk/share/rslidar_sdk/launch
[41.805s] -- Installing: /home/ph/treasure/dockerBENCH/helios16p_ws/install/rslidar_sdk/share/rslidar_sdk/launch/start.py
[41.805s] -- Installing: /home/ph/treasure/dockerBENCH/helios16p_ws/install/rslidar_sdk/share/rslidar_sdk/launch/humble_start.py
[41.805s] -- Installing: /home/ph/treasure/dockerBENCH/helios16p_ws/install/rslidar_sdk/share/rslidar_sdk/launch/elequent_start.py
[41.805s] -- Installing: /home/ph/treasure/dockerBENCH/helios16p_ws/install/rslidar_sdk/share/rslidar_sdk/launch/start.launch
[41.806s] -- Installing: /home/ph/treasure/dockerBENCH/helios16p_ws/install/rslidar_sdk/share/rslidar_sdk/rviz
[41.806s] -- Installing: /home/ph/treasure/dockerBENCH/helios16p_ws/install/rslidar_sdk/share/rslidar_sdk/rviz/rviz.rviz
[41.807s] -- Installing: /home/ph/treasure/dockerBENCH/helios16p_ws/install/rslidar_sdk/share/rslidar_sdk/rviz/rviz2.rviz
[41.808s] -- Installing: /home/ph/treasure/dockerBENCH/helios16p_ws/install/rslidar_sdk/share/ament_index/resource_index/package_run_dependencies/rslidar_sdk
[41.808s] -- Installing: /home/ph/treasure/dockerBENCH/helios16p_ws/install/rslidar_sdk/share/ament_index/resource_index/parent_prefix_path/rslidar_sdk
[41.809s] -- Installing: /home/ph/treasure/dockerBENCH/helios16p_ws/install/rslidar_sdk/share/rslidar_sdk/environment/ament_prefix_path.sh
[41.809s] -- Installing: /home/ph/treasure/dockerBENCH/helios16p_ws/install/rslidar_sdk/share/rslidar_sdk/environment/ament_prefix_path.dsv
[41.809s] -- Installing: /home/ph/treasure/dockerBENCH/helios16p_ws/install/rslidar_sdk/share/rslidar_sdk/environment/path.sh
[41.810s] -- Installing: /home/ph/treasure/dockerBENCH/helios16p_ws/install/rslidar_sdk/share/rslidar_sdk/environment/path.dsv
[41.810s] -- Installing: /home/ph/treasure/dockerBENCH/helios16p_ws/install/rslidar_sdk/share/rslidar_sdk/local_setup.bash
[41.810s] -- Installing: /home/ph/treasure/dockerBENCH/helios16p_ws/install/rslidar_sdk/share/rslidar_sdk/local_setup.sh
[41.811s] -- Installing: /home/ph/treasure/dockerBENCH/helios16p_ws/install/rslidar_sdk/share/rslidar_sdk/local_setup.zsh
[41.811s] -- Installing: /home/ph/treasure/dockerBENCH/helios16p_ws/install/rslidar_sdk/share/rslidar_sdk/local_setup.dsv
[41.811s] -- Installing: /home/ph/treasure/dockerBENCH/helios16p_ws/install/rslidar_sdk/share/rslidar_sdk/package.dsv
[41.812s] -- Installing: /home/ph/treasure/dockerBENCH/helios16p_ws/install/rslidar_sdk/share/ament_index/resource_index/packages/rslidar_sdk
[41.812s] -- Installing: /home/ph/treasure/dockerBENCH/helios16p_ws/install/rslidar_sdk/share/rslidar_sdk/cmake/rslidar_sdkConfig.cmake
[41.812s] -- Installing: /home/ph/treasure/dockerBENCH/helios16p_ws/install/rslidar_sdk/share/rslidar_sdk/cmake/rslidar_sdkConfig-version.cmake
[41.812s] -- Installing: /home/ph/treasure/dockerBENCH/helios16p_ws/install/rslidar_sdk/share/rslidar_sdk/package.xml
[41.818s] Invoked command in '/home/ph/treasure/dockerBENCH/helios16p_ws/build/rslidar_sdk' returned '0': AMENT_PREFIX_PATH=/home/ph/treasure/dockerBENCH/helios16p_ws/install/rslidar_msg:${AMENT_PREFIX_PATH} CMAKE_PREFIX_PATH=/home/ph/treasure/dockerBENCH/helios16p_ws/install/rslidar_msg:/opt/ros/humble LD_LIBRARY_PATH=/home/ph/treasure/dockerBENCH/helios16p_ws/install/rslidar_msg/lib:${LD_LIBRARY_PATH} PS1=(pvenv) \[\e]0;\u@\h: \w\a\]${debian_chroot:+($debian_chroot)}\u@\h:\w\$ PYTHONPATH=/home/ph/treasure/dockerBENCH/helios16p_ws/install/rslidar_msg/local/lib/python3.10/dist-packages:${PYTHONPATH} VIRTUAL_ENV_PROMPT=(pvenv) /home/ph/.local/bin/cmake --install /home/ph/treasure/dockerBENCH/helios16p_ws/build/rslidar_sdk
