[0.037s] Invoking command in '/home/ph/treasure/dockerBENCH/helios16p_ws/build/rslidar_msg': CMAKE_PREFIX_PATH=${CMAKE_PREFIX_PATH}:/home/ph/treasure/dockerBENCH/helios16p_ws/install/helios16p_cane_robot:/opt/ros/humble PS1=(pvenv) \[\e]0;\u@\h: \w\a\]${debian_chroot:+($debian_chroot)}\u@\h:\w\$ VIRTUAL_ENV_PROMPT=(pvenv) /home/ph/.local/bin/cmake --build /home/ph/treasure/dockerBENCH/helios16p_ws/build/rslidar_msg -- -j8 -l8
[0.469s] [  3%] Built target rslidar_msg__cpp
[0.470s] [ 12%] Built target rslidar_msg__rosidl_generator_c
[0.470s] [ 12%] Built target ament_cmake_python_copy_rslidar_msg
[0.471s] [ 22%] Built target rslidar_msg__rosidl_typesupport_fastrtps_cpp
[0.471s] [ 32%] Built target rslidar_msg__rosidl_typesupport_cpp
[0.471s] [ 41%] Built target rslidar_msg__rosidl_typesupport_introspection_cpp
[0.471s] [ 61%] Built target rslidar_msg__rosidl_typesupport_c
[0.471s] [ 61%] Built target rslidar_msg__rosidl_typesupport_introspection_c
[0.472s] [ 70%] Built target rslidar_msg__rosidl_typesupport_fastrtps_c
[0.474s] [ 70%] Built target rslidar_msg
[0.474s] [ 74%] Built target rslidar_msg__py
[0.475s] [ 80%] Built target rslidar_msg__rosidl_generator_py
[0.475s] [ 87%] Built target rslidar_msg__rosidl_typesupport_c__pyext
[0.475s] [ 93%] Built target rslidar_msg__rosidl_typesupport_fastrtps_c__pyext
[0.476s] [100%] Built target rslidar_msg__rosidl_typesupport_introspection_c__pyext
[0.589s] running egg_info
[0.591s] writing rslidar_msg.egg-info/PKG-INFO
[0.591s] writing dependency_links to rslidar_msg.egg-info/dependency_links.txt
[0.591s] writing top-level names to rslidar_msg.egg-info/top_level.txt
[0.595s] reading manifest file 'rslidar_msg.egg-info/SOURCES.txt'
[0.596s] writing manifest file 'rslidar_msg.egg-info/SOURCES.txt'
[0.648s] [100%] Built target ament_cmake_python_build_rslidar_msg_egg
[0.663s] Invoked command in '/home/ph/treasure/dockerBENCH/helios16p_ws/build/rslidar_msg' returned '0': CMAKE_PREFIX_PATH=${CMAKE_PREFIX_PATH}:/home/ph/treasure/dockerBENCH/helios16p_ws/install/helios16p_cane_robot:/opt/ros/humble PS1=(pvenv) \[\e]0;\u@\h: \w\a\]${debian_chroot:+($debian_chroot)}\u@\h:\w\$ VIRTUAL_ENV_PROMPT=(pvenv) /home/ph/.local/bin/cmake --build /home/ph/treasure/dockerBENCH/helios16p_ws/build/rslidar_msg -- -j8 -l8
[0.804s] Invoking command in '/home/ph/treasure/dockerBENCH/helios16p_ws/build/rslidar_msg': CMAKE_PREFIX_PATH=${CMAKE_PREFIX_PATH}:/home/ph/treasure/dockerBENCH/helios16p_ws/install/helios16p_cane_robot:/opt/ros/humble PS1=(pvenv) \[\e]0;\u@\h: \w\a\]${debian_chroot:+($debian_chroot)}\u@\h:\w\$ VIRTUAL_ENV_PROMPT=(pvenv) /home/ph/.local/bin/cmake --install /home/ph/treasure/dockerBENCH/helios16p_ws/build/rslidar_msg
[0.938s] -- Install configuration: ""
[0.939s] -- Up-to-date: /home/ph/treasure/dockerBENCH/helios16p_ws/install/rslidar_msg/share/ament_index/resource_index/rosidl_interfaces/rslidar_msg
[0.939s] -- Up-to-date: /home/ph/treasure/dockerBENCH/helios16p_ws/install/rslidar_msg/include/rslidar_msg/rslidar_msg
[0.940s] -- Up-to-date: /home/ph/treasure/dockerBENCH/helios16p_ws/install/rslidar_msg/include/rslidar_msg/rslidar_msg/msg
[0.940s] -- Up-to-date: /home/ph/treasure/dockerBENCH/helios16p_ws/install/rslidar_msg/include/rslidar_msg/rslidar_msg/msg/detail
[0.940s] -- Up-to-date: /home/ph/treasure/dockerBENCH/helios16p_ws/install/rslidar_msg/include/rslidar_msg/rslidar_msg/msg/detail/rslidar_packet__struct.h
[0.941s] -- Up-to-date: /home/ph/treasure/dockerBENCH/helios16p_ws/install/rslidar_msg/include/rslidar_msg/rslidar_msg/msg/detail/rslidar_packet__functions.h
[0.942s] -- Up-to-date: /home/ph/treasure/dockerBENCH/helios16p_ws/install/rslidar_msg/include/rslidar_msg/rslidar_msg/msg/detail/rslidar_packet__functions.c
[0.942s] -- Up-to-date: /home/ph/treasure/dockerBENCH/helios16p_ws/install/rslidar_msg/include/rslidar_msg/rslidar_msg/msg/detail/rslidar_packet__type_support.h
[0.942s] -- Up-to-date: /home/ph/treasure/dockerBENCH/helios16p_ws/install/rslidar_msg/include/rslidar_msg/rslidar_msg/msg/rslidar_packet.h
[0.943s] -- Up-to-date: /home/ph/treasure/dockerBENCH/helios16p_ws/install/rslidar_msg/include/rslidar_msg/rslidar_msg/msg/rosidl_generator_c__visibility_control.h
[0.943s] -- Up-to-date: /home/ph/treasure/dockerBENCH/helios16p_ws/install/rslidar_msg/share/rslidar_msg/environment/library_path.sh
[0.943s] -- Up-to-date: /home/ph/treasure/dockerBENCH/helios16p_ws/install/rslidar_msg/share/rslidar_msg/environment/library_path.dsv
[0.944s] -- Up-to-date: /home/ph/treasure/dockerBENCH/helios16p_ws/install/rslidar_msg/lib/librslidar_msg__rosidl_generator_c.so
[0.945s] -- Up-to-date: /home/ph/treasure/dockerBENCH/helios16p_ws/install/rslidar_msg/include/rslidar_msg/rslidar_msg
[0.945s] -- Up-to-date: /home/ph/treasure/dockerBENCH/helios16p_ws/install/rslidar_msg/include/rslidar_msg/rslidar_msg/msg
[0.945s] -- Up-to-date: /home/ph/treasure/dockerBENCH/helios16p_ws/install/rslidar_msg/include/rslidar_msg/rslidar_msg/msg/detail
[0.945s] -- Up-to-date: /home/ph/treasure/dockerBENCH/helios16p_ws/install/rslidar_msg/include/rslidar_msg/rslidar_msg/msg/detail/rslidar_packet__rosidl_typesupport_fastrtps_c.h
[0.946s] -- Up-to-date: /home/ph/treasure/dockerBENCH/helios16p_ws/install/rslidar_msg/include/rslidar_msg/rslidar_msg/msg/rosidl_typesupport_fastrtps_c__visibility_control.h
[0.946s] -- Up-to-date: /home/ph/treasure/dockerBENCH/helios16p_ws/install/rslidar_msg/lib/librslidar_msg__rosidl_typesupport_fastrtps_c.so
[0.947s] -- Up-to-date: /home/ph/treasure/dockerBENCH/helios16p_ws/install/rslidar_msg/include/rslidar_msg/rslidar_msg
[0.947s] -- Up-to-date: /home/ph/treasure/dockerBENCH/helios16p_ws/install/rslidar_msg/include/rslidar_msg/rslidar_msg/msg
[0.948s] -- Up-to-date: /home/ph/treasure/dockerBENCH/helios16p_ws/install/rslidar_msg/include/rslidar_msg/rslidar_msg/msg/detail
[0.949s] -- Up-to-date: /home/ph/treasure/dockerBENCH/helios16p_ws/install/rslidar_msg/include/rslidar_msg/rslidar_msg/msg/detail/rslidar_packet__struct.hpp
[0.949s] -- Up-to-date: /home/ph/treasure/dockerBENCH/helios16p_ws/install/rslidar_msg/include/rslidar_msg/rslidar_msg/msg/detail/rslidar_packet__type_support.hpp
[0.949s] -- Up-to-date: /home/ph/treasure/dockerBENCH/helios16p_ws/install/rslidar_msg/include/rslidar_msg/rslidar_msg/msg/detail/rslidar_packet__traits.hpp
[0.949s] -- Up-to-date: /home/ph/treasure/dockerBENCH/helios16p_ws/install/rslidar_msg/include/rslidar_msg/rslidar_msg/msg/detail/rslidar_packet__builder.hpp
[0.949s] -- Up-to-date: /home/ph/treasure/dockerBENCH/helios16p_ws/install/rslidar_msg/include/rslidar_msg/rslidar_msg/msg/rosidl_generator_cpp__visibility_control.hpp
[0.950s] -- Up-to-date: /home/ph/treasure/dockerBENCH/helios16p_ws/install/rslidar_msg/include/rslidar_msg/rslidar_msg/msg/rslidar_packet.hpp
[0.950s] -- Up-to-date: /home/ph/treasure/dockerBENCH/helios16p_ws/install/rslidar_msg/include/rslidar_msg/rslidar_msg
[0.950s] -- Up-to-date: /home/ph/treasure/dockerBENCH/helios16p_ws/install/rslidar_msg/include/rslidar_msg/rslidar_msg/msg
[0.950s] -- Up-to-date: /home/ph/treasure/dockerBENCH/helios16p_ws/install/rslidar_msg/include/rslidar_msg/rslidar_msg/msg/detail
[0.950s] -- Up-to-date: /home/ph/treasure/dockerBENCH/helios16p_ws/install/rslidar_msg/include/rslidar_msg/rslidar_msg/msg/detail/rslidar_packet__rosidl_typesupport_fastrtps_cpp.hpp
[0.950s] -- Up-to-date: /home/ph/treasure/dockerBENCH/helios16p_ws/install/rslidar_msg/include/rslidar_msg/rslidar_msg/msg/detail/dds_fastrtps
[0.950s] -- Up-to-date: /home/ph/treasure/dockerBENCH/helios16p_ws/install/rslidar_msg/include/rslidar_msg/rslidar_msg/msg/rosidl_typesupport_fastrtps_cpp__visibility_control.h
[0.950s] -- Up-to-date: /home/ph/treasure/dockerBENCH/helios16p_ws/install/rslidar_msg/lib/librslidar_msg__rosidl_typesupport_fastrtps_cpp.so
[0.950s] -- Up-to-date: /home/ph/treasure/dockerBENCH/helios16p_ws/install/rslidar_msg/include/rslidar_msg/rslidar_msg
[0.951s] -- Up-to-date: /home/ph/treasure/dockerBENCH/helios16p_ws/install/rslidar_msg/include/rslidar_msg/rslidar_msg/msg
[0.951s] -- Up-to-date: /home/ph/treasure/dockerBENCH/helios16p_ws/install/rslidar_msg/include/rslidar_msg/rslidar_msg/msg/detail
[0.951s] -- Up-to-date: /home/ph/treasure/dockerBENCH/helios16p_ws/install/rslidar_msg/include/rslidar_msg/rslidar_msg/msg/detail/rslidar_packet__rosidl_typesupport_introspection_c.h
[0.951s] -- Up-to-date: /home/ph/treasure/dockerBENCH/helios16p_ws/install/rslidar_msg/include/rslidar_msg/rslidar_msg/msg/detail/rslidar_packet__type_support.c
[0.951s] -- Up-to-date: /home/ph/treasure/dockerBENCH/helios16p_ws/install/rslidar_msg/include/rslidar_msg/rslidar_msg/msg/rosidl_typesupport_introspection_c__visibility_control.h
[0.951s] -- Up-to-date: /home/ph/treasure/dockerBENCH/helios16p_ws/install/rslidar_msg/lib/librslidar_msg__rosidl_typesupport_introspection_c.so
[0.951s] -- Up-to-date: /home/ph/treasure/dockerBENCH/helios16p_ws/install/rslidar_msg/lib/librslidar_msg__rosidl_typesupport_c.so
[0.951s] -- Up-to-date: /home/ph/treasure/dockerBENCH/helios16p_ws/install/rslidar_msg/include/rslidar_msg/rslidar_msg
[0.952s] -- Up-to-date: /home/ph/treasure/dockerBENCH/helios16p_ws/install/rslidar_msg/include/rslidar_msg/rslidar_msg/msg
[0.952s] -- Up-to-date: /home/ph/treasure/dockerBENCH/helios16p_ws/install/rslidar_msg/include/rslidar_msg/rslidar_msg/msg/detail
[0.952s] -- Up-to-date: /home/ph/treasure/dockerBENCH/helios16p_ws/install/rslidar_msg/include/rslidar_msg/rslidar_msg/msg/detail/rslidar_packet__type_support.cpp
[0.952s] -- Up-to-date: /home/ph/treasure/dockerBENCH/helios16p_ws/install/rslidar_msg/include/rslidar_msg/rslidar_msg/msg/detail/rslidar_packet__rosidl_typesupport_introspection_cpp.hpp
[0.952s] -- Up-to-date: /home/ph/treasure/dockerBENCH/helios16p_ws/install/rslidar_msg/lib/librslidar_msg__rosidl_typesupport_introspection_cpp.so
[0.952s] -- Up-to-date: /home/ph/treasure/dockerBENCH/helios16p_ws/install/rslidar_msg/lib/librslidar_msg__rosidl_typesupport_cpp.so
[0.952s] -- Up-to-date: /home/ph/treasure/dockerBENCH/helios16p_ws/install/rslidar_msg/share/rslidar_msg/environment/pythonpath.sh
[0.952s] -- Up-to-date: /home/ph/treasure/dockerBENCH/helios16p_ws/install/rslidar_msg/share/rslidar_msg/environment/pythonpath.dsv
[0.953s] -- Up-to-date: /home/ph/treasure/dockerBENCH/helios16p_ws/install/rslidar_msg/local/lib/python3.10/dist-packages/rslidar_msg-0.0.0-py3.10.egg-info
[0.953s] -- Installing: /home/ph/treasure/dockerBENCH/helios16p_ws/install/rslidar_msg/local/lib/python3.10/dist-packages/rslidar_msg-0.0.0-py3.10.egg-info/top_level.txt
[0.953s] -- Installing: /home/ph/treasure/dockerBENCH/helios16p_ws/install/rslidar_msg/local/lib/python3.10/dist-packages/rslidar_msg-0.0.0-py3.10.egg-info/PKG-INFO
[0.953s] -- Installing: /home/ph/treasure/dockerBENCH/helios16p_ws/install/rslidar_msg/local/lib/python3.10/dist-packages/rslidar_msg-0.0.0-py3.10.egg-info/SOURCES.txt
[0.953s] -- Installing: /home/ph/treasure/dockerBENCH/helios16p_ws/install/rslidar_msg/local/lib/python3.10/dist-packages/rslidar_msg-0.0.0-py3.10.egg-info/dependency_links.txt
[0.953s] -- Up-to-date: /home/ph/treasure/dockerBENCH/helios16p_ws/install/rslidar_msg/local/lib/python3.10/dist-packages/rslidar_msg
[0.954s] -- Up-to-date: /home/ph/treasure/dockerBENCH/helios16p_ws/install/rslidar_msg/local/lib/python3.10/dist-packages/rslidar_msg/_rslidar_msg_s.ep.rosidl_typesupport_introspection_c.c
[0.954s] -- Up-to-date: /home/ph/treasure/dockerBENCH/helios16p_ws/install/rslidar_msg/local/lib/python3.10/dist-packages/rslidar_msg/_rslidar_msg_s.ep.rosidl_typesupport_c.c
[0.954s] -- Up-to-date: /home/ph/treasure/dockerBENCH/helios16p_ws/install/rslidar_msg/local/lib/python3.10/dist-packages/rslidar_msg/librslidar_msg__rosidl_generator_py.so
[0.954s] -- Up-to-date: /home/ph/treasure/dockerBENCH/helios16p_ws/install/rslidar_msg/local/lib/python3.10/dist-packages/rslidar_msg/_rslidar_msg_s.ep.rosidl_typesupport_fastrtps_c.c
[0.954s] -- Up-to-date: /home/ph/treasure/dockerBENCH/helios16p_ws/install/rslidar_msg/local/lib/python3.10/dist-packages/rslidar_msg/__init__.py
[0.954s] -- Up-to-date: /home/ph/treasure/dockerBENCH/helios16p_ws/install/rslidar_msg/local/lib/python3.10/dist-packages/rslidar_msg/rslidar_msg_s__rosidl_typesupport_c.cpython-310-x86_64-linux-gnu.so
[0.954s] -- Up-to-date: /home/ph/treasure/dockerBENCH/helios16p_ws/install/rslidar_msg/local/lib/python3.10/dist-packages/rslidar_msg/msg
[0.955s] -- Up-to-date: /home/ph/treasure/dockerBENCH/helios16p_ws/install/rslidar_msg/local/lib/python3.10/dist-packages/rslidar_msg/msg/_rslidar_packet.py
[0.955s] -- Up-to-date: /home/ph/treasure/dockerBENCH/helios16p_ws/install/rslidar_msg/local/lib/python3.10/dist-packages/rslidar_msg/msg/__init__.py
[0.955s] -- Up-to-date: /home/ph/treasure/dockerBENCH/helios16p_ws/install/rslidar_msg/local/lib/python3.10/dist-packages/rslidar_msg/msg/_rslidar_packet_s.c
[0.955s] -- Up-to-date: /home/ph/treasure/dockerBENCH/helios16p_ws/install/rslidar_msg/local/lib/python3.10/dist-packages/rslidar_msg/rslidar_msg_s__rosidl_typesupport_fastrtps_c.cpython-310-x86_64-linux-gnu.so
[0.955s] -- Up-to-date: /home/ph/treasure/dockerBENCH/helios16p_ws/install/rslidar_msg/local/lib/python3.10/dist-packages/rslidar_msg/rslidar_msg_s__rosidl_typesupport_introspection_c.cpython-310-x86_64-linux-gnu.so
[1.235s] Listing '/home/ph/treasure/dockerBENCH/helios16p_ws/install/rslidar_msg/local/lib/python3.10/dist-packages/rslidar_msg'...
[1.236s] Listing '/home/ph/treasure/dockerBENCH/helios16p_ws/install/rslidar_msg/local/lib/python3.10/dist-packages/rslidar_msg/msg'...
[1.268s] -- Up-to-date: /home/ph/treasure/dockerBENCH/helios16p_ws/install/rslidar_msg/local/lib/python3.10/dist-packages/rslidar_msg/rslidar_msg_s__rosidl_typesupport_fastrtps_c.cpython-310-x86_64-linux-gnu.so
[1.274s] -- Up-to-date: /home/ph/treasure/dockerBENCH/helios16p_ws/install/rslidar_msg/local/lib/python3.10/dist-packages/rslidar_msg/rslidar_msg_s__rosidl_typesupport_introspection_c.cpython-310-x86_64-linux-gnu.so
[1.275s] -- Up-to-date: /home/ph/treasure/dockerBENCH/helios16p_ws/install/rslidar_msg/local/lib/python3.10/dist-packages/rslidar_msg/rslidar_msg_s__rosidl_typesupport_c.cpython-310-x86_64-linux-gnu.so
[1.275s] -- Up-to-date: /home/ph/treasure/dockerBENCH/helios16p_ws/install/rslidar_msg/lib/librslidar_msg__rosidl_generator_py.so
[1.277s] -- Up-to-date: /home/ph/treasure/dockerBENCH/helios16p_ws/install/rslidar_msg/share/rslidar_msg/msg/RslidarPacket.idl
[1.277s] -- Up-to-date: /home/ph/treasure/dockerBENCH/helios16p_ws/install/rslidar_msg/share/rslidar_msg/msg/RslidarPacket.msg
[1.278s] -- Up-to-date: /home/ph/treasure/dockerBENCH/helios16p_ws/install/rslidar_msg/share/ament_index/resource_index/package_run_dependencies/rslidar_msg
[1.278s] -- Up-to-date: /home/ph/treasure/dockerBENCH/helios16p_ws/install/rslidar_msg/share/ament_index/resource_index/parent_prefix_path/rslidar_msg
[1.279s] -- Up-to-date: /home/ph/treasure/dockerBENCH/helios16p_ws/install/rslidar_msg/share/rslidar_msg/environment/ament_prefix_path.sh
[1.279s] -- Up-to-date: /home/ph/treasure/dockerBENCH/helios16p_ws/install/rslidar_msg/share/rslidar_msg/environment/ament_prefix_path.dsv
[1.280s] -- Up-to-date: /home/ph/treasure/dockerBENCH/helios16p_ws/install/rslidar_msg/share/rslidar_msg/environment/path.sh
[1.280s] -- Up-to-date: /home/ph/treasure/dockerBENCH/helios16p_ws/install/rslidar_msg/share/rslidar_msg/environment/path.dsv
[1.281s] -- Up-to-date: /home/ph/treasure/dockerBENCH/helios16p_ws/install/rslidar_msg/share/rslidar_msg/local_setup.bash
[1.281s] -- Up-to-date: /home/ph/treasure/dockerBENCH/helios16p_ws/install/rslidar_msg/share/rslidar_msg/local_setup.sh
[1.281s] -- Up-to-date: /home/ph/treasure/dockerBENCH/helios16p_ws/install/rslidar_msg/share/rslidar_msg/local_setup.zsh
[1.281s] -- Up-to-date: /home/ph/treasure/dockerBENCH/helios16p_ws/install/rslidar_msg/share/rslidar_msg/local_setup.dsv
[1.281s] -- Up-to-date: /home/ph/treasure/dockerBENCH/helios16p_ws/install/rslidar_msg/share/rslidar_msg/package.dsv
[1.281s] -- Up-to-date: /home/ph/treasure/dockerBENCH/helios16p_ws/install/rslidar_msg/share/ament_index/resource_index/packages/rslidar_msg
[1.281s] -- Up-to-date: /home/ph/treasure/dockerBENCH/helios16p_ws/install/rslidar_msg/share/rslidar_msg/cmake/export_rslidar_msg__rosidl_generator_cExport.cmake
[1.281s] -- Up-to-date: /home/ph/treasure/dockerBENCH/helios16p_ws/install/rslidar_msg/share/rslidar_msg/cmake/export_rslidar_msg__rosidl_generator_cExport-noconfig.cmake
[1.281s] -- Up-to-date: /home/ph/treasure/dockerBENCH/helios16p_ws/install/rslidar_msg/share/rslidar_msg/cmake/export_rslidar_msg__rosidl_typesupport_fastrtps_cExport.cmake
[1.282s] -- Up-to-date: /home/ph/treasure/dockerBENCH/helios16p_ws/install/rslidar_msg/share/rslidar_msg/cmake/export_rslidar_msg__rosidl_typesupport_fastrtps_cExport-noconfig.cmake
[1.282s] -- Up-to-date: /home/ph/treasure/dockerBENCH/helios16p_ws/install/rslidar_msg/share/rslidar_msg/cmake/export_rslidar_msg__rosidl_generator_cppExport.cmake
[1.286s] -- Up-to-date: /home/ph/treasure/dockerBENCH/helios16p_ws/install/rslidar_msg/share/rslidar_msg/cmake/export_rslidar_msg__rosidl_typesupport_fastrtps_cppExport.cmake
[1.286s] -- Up-to-date: /home/ph/treasure/dockerBENCH/helios16p_ws/install/rslidar_msg/share/rslidar_msg/cmake/export_rslidar_msg__rosidl_typesupport_fastrtps_cppExport-noconfig.cmake
[1.287s] -- Up-to-date: /home/ph/treasure/dockerBENCH/helios16p_ws/install/rslidar_msg/share/rslidar_msg/cmake/rslidar_msg__rosidl_typesupport_introspection_cExport.cmake
[1.287s] -- Up-to-date: /home/ph/treasure/dockerBENCH/helios16p_ws/install/rslidar_msg/share/rslidar_msg/cmake/rslidar_msg__rosidl_typesupport_introspection_cExport-noconfig.cmake
[1.288s] -- Up-to-date: /home/ph/treasure/dockerBENCH/helios16p_ws/install/rslidar_msg/share/rslidar_msg/cmake/rslidar_msg__rosidl_typesupport_cExport.cmake
[1.288s] -- Up-to-date: /home/ph/treasure/dockerBENCH/helios16p_ws/install/rslidar_msg/share/rslidar_msg/cmake/rslidar_msg__rosidl_typesupport_cExport-noconfig.cmake
[1.288s] -- Up-to-date: /home/ph/treasure/dockerBENCH/helios16p_ws/install/rslidar_msg/share/rslidar_msg/cmake/rslidar_msg__rosidl_typesupport_introspection_cppExport.cmake
[1.289s] -- Up-to-date: /home/ph/treasure/dockerBENCH/helios16p_ws/install/rslidar_msg/share/rslidar_msg/cmake/rslidar_msg__rosidl_typesupport_introspection_cppExport-noconfig.cmake
[1.289s] -- Up-to-date: /home/ph/treasure/dockerBENCH/helios16p_ws/install/rslidar_msg/share/rslidar_msg/cmake/rslidar_msg__rosidl_typesupport_cppExport.cmake
[1.289s] -- Up-to-date: /home/ph/treasure/dockerBENCH/helios16p_ws/install/rslidar_msg/share/rslidar_msg/cmake/rslidar_msg__rosidl_typesupport_cppExport-noconfig.cmake
[1.290s] -- Up-to-date: /home/ph/treasure/dockerBENCH/helios16p_ws/install/rslidar_msg/share/rslidar_msg/cmake/export_rslidar_msg__rosidl_generator_pyExport.cmake
[1.290s] -- Up-to-date: /home/ph/treasure/dockerBENCH/helios16p_ws/install/rslidar_msg/share/rslidar_msg/cmake/export_rslidar_msg__rosidl_generator_pyExport-noconfig.cmake
[1.293s] -- Up-to-date: /home/ph/treasure/dockerBENCH/helios16p_ws/install/rslidar_msg/share/rslidar_msg/cmake/rosidl_cmake-extras.cmake
[1.293s] -- Up-to-date: /home/ph/treasure/dockerBENCH/helios16p_ws/install/rslidar_msg/share/rslidar_msg/cmake/ament_cmake_export_dependencies-extras.cmake
[1.293s] -- Up-to-date: /home/ph/treasure/dockerBENCH/helios16p_ws/install/rslidar_msg/share/rslidar_msg/cmake/ament_cmake_export_include_directories-extras.cmake
[1.294s] -- Up-to-date: /home/ph/treasure/dockerBENCH/helios16p_ws/install/rslidar_msg/share/rslidar_msg/cmake/ament_cmake_export_libraries-extras.cmake
[1.294s] -- Up-to-date: /home/ph/treasure/dockerBENCH/helios16p_ws/install/rslidar_msg/share/rslidar_msg/cmake/ament_cmake_export_targets-extras.cmake
[1.294s] -- Up-to-date: /home/ph/treasure/dockerBENCH/helios16p_ws/install/rslidar_msg/share/rslidar_msg/cmake/rosidl_cmake_export_typesupport_targets-extras.cmake
[1.294s] -- Up-to-date: /home/ph/treasure/dockerBENCH/helios16p_ws/install/rslidar_msg/share/rslidar_msg/cmake/rosidl_cmake_export_typesupport_libraries-extras.cmake
[1.294s] -- Up-to-date: /home/ph/treasure/dockerBENCH/helios16p_ws/install/rslidar_msg/share/rslidar_msg/cmake/rslidar_msgConfig.cmake
[1.294s] -- Up-to-date: /home/ph/treasure/dockerBENCH/helios16p_ws/install/rslidar_msg/share/rslidar_msg/cmake/rslidar_msgConfig-version.cmake
[1.294s] -- Up-to-date: /home/ph/treasure/dockerBENCH/helios16p_ws/install/rslidar_msg/share/rslidar_msg/package.xml
[1.618s] Invoked command in '/home/ph/treasure/dockerBENCH/helios16p_ws/build/rslidar_msg' returned '0': CMAKE_PREFIX_PATH=${CMAKE_PREFIX_PATH}:/home/ph/treasure/dockerBENCH/helios16p_ws/install/helios16p_cane_robot:/opt/ros/humble PS1=(pvenv) \[\e]0;\u@\h: \w\a\]${debian_chroot:+($debian_chroot)}\u@\h:\w\$ VIRTUAL_ENV_PROMPT=(pvenv) /home/ph/.local/bin/cmake --install /home/ph/treasure/dockerBENCH/helios16p_ws/build/rslidar_msg
