[0.034s] Invoking command in '/home/ph/treasure/dockerBENCH/helios16p_ws/build/go1_description': CMAKE_PREFIX_PATH=${CMAKE_PREFIX_PATH}:/home/ph/treasure/dockerBENCH/helios16p_ws/install/helios16p_cane_robot:/opt/ros/humble PS1=(pvenv) \[\e]0;\u@\h: \w\a\]${debian_chroot:+($debian_chroot)}\u@\h:\w\$ VIRTUAL_ENV_PROMPT=(pvenv) /home/ph/.local/bin/cmake --build /home/ph/treasure/dockerBENCH/helios16p_ws/build/go1_description -- -j8 -l8
[0.469s] -- Found ament_cmake: 1.3.12 (/opt/ros/humble/share/ament_cmake/cmake)
[0.469s] [0mCMake Deprecation Warning at CMakeLists.txt:1 (cmake_minimum_required):
[0.471s]   Compatibility with CMake < 3.10 will be removed from a future version of
[0.471s]   CMake.
[0.472s] 
[0.472s]   Update the VERSION argument <min> value.  Or, use the <min>...<max> syntax
[0.472s]   to tell CMake that the project requires at least <min> but has been updated
[0.472s]   to work with policies introduced by <max> or earlier.
[0.472s] 
[0.472s] [0m
[0.578s] -- Found ament_lint_auto: 0.12.14 (/opt/ros/humble/share/ament_lint_auto/cmake)
[0.731s] -- Added test 'flake8' to check Python code syntax and style conventions
[0.732s] -- Added test 'lint_cmake' to check CMake code style
[0.734s] -- Added test 'pep257' to check Python code against some of the docstring style conventions in PEP 257
[0.738s] -- Added test 'xmllint' to check XML markup files
[0.740s] -- Configuring done (0.6s)
[0.749s] -- Generating done (0.0s)
[0.753s] -- Build files have been written to: /home/ph/treasure/dockerBENCH/helios16p_ws/build/go1_description
[0.810s] Invoked command in '/home/ph/treasure/dockerBENCH/helios16p_ws/build/go1_description' returned '0': CMAKE_PREFIX_PATH=${CMAKE_PREFIX_PATH}:/home/ph/treasure/dockerBENCH/helios16p_ws/install/helios16p_cane_robot:/opt/ros/humble PS1=(pvenv) \[\e]0;\u@\h: \w\a\]${debian_chroot:+($debian_chroot)}\u@\h:\w\$ VIRTUAL_ENV_PROMPT=(pvenv) /home/ph/.local/bin/cmake --build /home/ph/treasure/dockerBENCH/helios16p_ws/build/go1_description -- -j8 -l8
[0.812s] Invoking command in '/home/ph/treasure/dockerBENCH/helios16p_ws/build/go1_description': CMAKE_PREFIX_PATH=${CMAKE_PREFIX_PATH}:/home/ph/treasure/dockerBENCH/helios16p_ws/install/helios16p_cane_robot:/opt/ros/humble PS1=(pvenv) \[\e]0;\u@\h: \w\a\]${debian_chroot:+($debian_chroot)}\u@\h:\w\$ VIRTUAL_ENV_PROMPT=(pvenv) /home/ph/.local/bin/cmake --install /home/ph/treasure/dockerBENCH/helios16p_ws/build/go1_description
[0.994s] -- Install configuration: ""
[0.994s] -- Up-to-date: /home/ph/treasure/dockerBENCH/helios16p_ws/install/go1_description/share/go1_description//launch
[0.994s] -- Up-to-date: /home/ph/treasure/dockerBENCH/helios16p_ws/install/go1_description/share/go1_description//launch/go1_demo.launch.py
[0.994s] -- Up-to-date: /home/ph/treasure/dockerBENCH/helios16p_ws/install/go1_description/share/go1_description//meshes
[0.994s] -- Up-to-date: /home/ph/treasure/dockerBENCH/helios16p_ws/install/go1_description/share/go1_description//meshes/depthCamera.dae
[0.994s] -- Up-to-date: /home/ph/treasure/dockerBENCH/helios16p_ws/install/go1_description/share/go1_description//meshes/thigh_mirror.dae
[0.994s] -- Up-to-date: /home/ph/treasure/dockerBENCH/helios16p_ws/install/go1_description/share/go1_description//meshes/calf.dae
[0.995s] -- Up-to-date: /home/ph/treasure/dockerBENCH/helios16p_ws/install/go1_description/share/go1_description//meshes/thigh.dae
[0.995s] -- Up-to-date: /home/ph/treasure/dockerBENCH/helios16p_ws/install/go1_description/share/go1_description//meshes/hip.dae
[0.996s] -- Up-to-date: /home/ph/treasure/dockerBENCH/helios16p_ws/install/go1_description/share/go1_description//meshes/ultraSound.dae
[0.998s] -- Up-to-date: /home/ph/treasure/dockerBENCH/helios16p_ws/install/go1_description/share/go1_description//meshes/trunk.dae
[1.000s] -- Up-to-date: /home/ph/treasure/dockerBENCH/helios16p_ws/install/go1_description/share/go1_description//xacro
[1.000s] -- Up-to-date: /home/ph/treasure/dockerBENCH/helios16p_ws/install/go1_description/share/go1_description//xacro/robot.xacro
[1.001s] -- Up-to-date: /home/ph/treasure/dockerBENCH/helios16p_ws/install/go1_description/share/go1_description//xacro/materials.xacro
[1.001s] -- Up-to-date: /home/ph/treasure/dockerBENCH/helios16p_ws/install/go1_description/share/go1_description//xacro/const.xacro
[1.003s] -- Up-to-date: /home/ph/treasure/dockerBENCH/helios16p_ws/install/go1_description/share/go1_description//xacro/ultraSound.xacro
[1.003s] -- Up-to-date: /home/ph/treasure/dockerBENCH/helios16p_ws/install/go1_description/share/go1_description//xacro/gazebo.xacro
[1.004s] -- Up-to-date: /home/ph/treasure/dockerBENCH/helios16p_ws/install/go1_description/share/go1_description//xacro/helios16p_LiDAR.urdf.xacro
[1.004s] -- Up-to-date: /home/ph/treasure/dockerBENCH/helios16p_ws/install/go1_description/share/go1_description//xacro/depthCamera.xacro
[1.004s] -- Up-to-date: /home/ph/treasure/dockerBENCH/helios16p_ws/install/go1_description/share/go1_description//xacro/transmission.xacro
[1.005s] -- Up-to-date: /home/ph/treasure/dockerBENCH/helios16p_ws/install/go1_description/share/go1_description//xacro/leg.xacro
[1.005s] -- Up-to-date: /home/ph/treasure/dockerBENCH/helios16p_ws/install/go1_description/share/ament_index/resource_index/package_run_dependencies/go1_description
[1.005s] -- Installing: /home/ph/treasure/dockerBENCH/helios16p_ws/install/go1_description/share/ament_index/resource_index/parent_prefix_path/go1_description
[1.005s] -- Up-to-date: /home/ph/treasure/dockerBENCH/helios16p_ws/install/go1_description/share/go1_description/environment/ament_prefix_path.sh
[1.005s] -- Installing: /home/ph/treasure/dockerBENCH/helios16p_ws/install/go1_description/share/go1_description/environment/ament_prefix_path.dsv
[1.006s] -- Up-to-date: /home/ph/treasure/dockerBENCH/helios16p_ws/install/go1_description/share/go1_description/environment/path.sh
[1.006s] -- Installing: /home/ph/treasure/dockerBENCH/helios16p_ws/install/go1_description/share/go1_description/environment/path.dsv
[1.007s] -- Up-to-date: /home/ph/treasure/dockerBENCH/helios16p_ws/install/go1_description/share/go1_description/local_setup.bash
[1.007s] -- Up-to-date: /home/ph/treasure/dockerBENCH/helios16p_ws/install/go1_description/share/go1_description/local_setup.sh
[1.007s] -- Up-to-date: /home/ph/treasure/dockerBENCH/helios16p_ws/install/go1_description/share/go1_description/local_setup.zsh
[1.007s] -- Installing: /home/ph/treasure/dockerBENCH/helios16p_ws/install/go1_description/share/go1_description/local_setup.dsv
[1.008s] -- Installing: /home/ph/treasure/dockerBENCH/helios16p_ws/install/go1_description/share/go1_description/package.dsv
[1.008s] -- Up-to-date: /home/ph/treasure/dockerBENCH/helios16p_ws/install/go1_description/share/ament_index/resource_index/packages/go1_description
[1.008s] -- Up-to-date: /home/ph/treasure/dockerBENCH/helios16p_ws/install/go1_description/share/go1_description/cmake/go1_descriptionConfig.cmake
[1.008s] -- Up-to-date: /home/ph/treasure/dockerBENCH/helios16p_ws/install/go1_description/share/go1_description/cmake/go1_descriptionConfig-version.cmake
[1.008s] -- Up-to-date: /home/ph/treasure/dockerBENCH/helios16p_ws/install/go1_description/share/go1_description/package.xml
[1.072s] Invoked command in '/home/ph/treasure/dockerBENCH/helios16p_ws/build/go1_description' returned '0': CMAKE_PREFIX_PATH=${CMAKE_PREFIX_PATH}:/home/ph/treasure/dockerBENCH/helios16p_ws/install/helios16p_cane_robot:/opt/ros/humble PS1=(pvenv) \[\e]0;\u@\h: \w\a\]${debian_chroot:+($debian_chroot)}\u@\h:\w\$ VIRTUAL_ENV_PROMPT=(pvenv) /home/ph/.local/bin/cmake --install /home/ph/treasure/dockerBENCH/helios16p_ws/build/go1_description
