1773238375.018943 [7]    python3: config: Domain/General/MulticastRecvNetworkInterfaceAddresses/#text: preferred {}
1773238375.018990 [7]    python3: config: Domain/General/Interfaces/NetworkInterface[@autodetermine]: false {1}
1773238375.019004 [7]    python3: config: Domain/General/Interfaces/NetworkInterface[@name]: lo {1}
1773238375.019017 [7]    python3: config: Domain/General/Interfaces/NetworkInterface[@address]:  {}
1773238375.019029 [7]    python3: config: Domain/General/Interfaces/NetworkInterface[@priority]: default {1}
1773238375.019041 [7]    python3: config: Domain/General/Interfaces/NetworkInterface[@prefer_multicast]: false {}
1773238375.019052 [7]    python3: config: Domain/General/Interfaces/NetworkInterface[@presence_required]: true {}
1773238375.019064 [7]    python3: config: Domain/General/Interfaces/NetworkInterface[@multicast]: true {1}
1773238375.019075 [7]    python3: config: Domain/General/ExternalNetworkAddress/#text: auto {}
1773238375.019086 [7]    python3: config: Domain/General/ExternalNetworkMask/#text: 0.0.0.0 {}
1773238375.019097 [7]    python3: config: Domain/General/AllowMulticast/#text: default {1}
1773238375.019108 [7]    python3: config: Domain/General/MulticastTimeToLive/#text: 32 {}
1773238375.019118 [7]    python3: config: Domain/General/DontRoute/#text: false {}
1773238375.019129 [7]    python3: config: Domain/General/Transport/#text: udp {}
1773238375.019139 [7]    python3: config: Domain/General/EnableMulticastLoopback/#text: true {}
1773238375.019151 [7]    python3: config: Domain/General/MaxMessageSize/#text: 65500 B {1}
1773238375.019162 [7]    python3: config: Domain/General/MaxRexmitMessageSize/#text: 1456 B {}
1773238375.019173 [7]    python3: config: Domain/General/FragmentSize/#text: 1344 B {}
1773238375.019183 [7]    python3: config: Domain/General/RedundantNetworking/#text: false {}
1773238375.019194 [7]    python3: config: Domain/General/EntityAutoNaming/#text: empty {}
1773238375.019207 [7]    python3: config: Domain/General/EntityAutoNaming[@seed]: 2945048602 2788895592 925438655 3264338553 337893203 2036054319 1748989270 929358411 {}
1773238375.019221 [7]    python3: config: Domain/Sizing/ReceiveBufferSize/#text: 1 MiB {}
1773238375.019232 [7]    python3: config: Domain/Sizing/ReceiveBufferChunkSize/#text: 128 KiB {}
1773238375.019243 [7]    python3: config: Domain/Compatibility/StandardsConformance/#text: lax {}
1773238375.019254 [7]    python3: config: Domain/Compatibility/ExplicitlyPublishQosSetToDefault/#text: false {}
1773238375.019264 [7]    python3: config: Domain/Compatibility/ManySocketsMode/#text: single {}
1773238375.019275 [7]    python3: config: Domain/Compatibility/AssumeRtiHasPmdEndpoints/#text: false {}
1773238375.019285 [7]    python3: config: Domain/Discovery/Tag/#text:  {}
1773238375.019296 [7]    python3: config: Domain/Discovery/ExternalDomainId/#text: 7 {}
1773238375.019307 [7]    python3: config: Domain/Discovery/DSGracePeriod/#text: 30 s {}
1773238375.019318 [7]    python3: config: Domain/Discovery/ParticipantIndex/#text: none {}
1773238375.019329 [7]    python3: config: Domain/Discovery/MaxAutoParticipantIndex/#text: 9 {}
1773238375.019339 [7]    python3: config: Domain/Discovery/SPDPMulticastAddress/#text: 239.255.0.1 {}
1773238375.019350 [7]    python3: config: Domain/Discovery/SPDPInterval/#text: 30 s {}
1773238375.019361 [7]    python3: config: Domain/Discovery/DefaultMulticastAddress/#text: auto {}
1773238375.019372 [7]    python3: config: Domain/Discovery/Ports/Base/#text: 7400 {}
1773238375.019383 [7]    python3: config: Domain/Discovery/Ports/DomainGain/#text: 250 {}
1773238375.019395 [7]    python3: config: Domain/Discovery/Ports/ParticipantGain/#text: 2 {}
1773238375.019406 [7]    python3: config: Domain/Discovery/Ports/MulticastMetaOffset/#text: 0 {}
1773238375.019417 [7]    python3: config: Domain/Discovery/Ports/UnicastMetaOffset/#text: 10 {}
1773238375.019428 [7]    python3: config: Domain/Discovery/Ports/MulticastDataOffset/#text: 1 {}
1773238375.019439 [7]    python3: config: Domain/Discovery/Ports/UnicastDataOffset/#text: 11 {}
1773238375.019464 [7]    python3: config: Domain/Discovery/EnableTopicDiscoveryEndpoints/#text: false {}
1773238375.019476 [7]    python3: config: Domain/Discovery/LeaseDuration/#text: 10 s {}
1773238375.019497 [7]    python3: config: Domain/Tracing/Category/#text: fatal,error,warning,info,config {1}
1773238375.019508 [7]    python3: config: Domain/Tracing/OutputFile/#text: cyclonedds.log {}
1773238375.019518 [7]    python3: config: Domain/Tracing/AppendToFile/#text: false {}
1773238375.019529 [7]    python3: config: Domain/Tracing/PacketCaptureFile/#text:  {}
1773238375.019540 [7]    python3: config: Domain/Internal/DeliveryQueueMaxSamples/#text: 256 {}
1773238375.019551 [7]    python3: config: Domain/Internal/PrimaryReorderMaxSamples/#text: 128 {}
1773238375.019561 [7]    python3: config: Domain/Internal/SecondaryReorderMaxSamples/#text: 128 {}
1773238375.019572 [7]    python3: config: Domain/Internal/DefragUnreliableMaxSamples/#text: 4 {}
1773238375.019582 [7]    python3: config: Domain/Internal/DefragReliableMaxSamples/#text: 16 {}
1773238375.019593 [7]    python3: config: Domain/Internal/BuiltinEndpointSet/#text: writers {}
1773238375.019603 [7]    python3: config: Domain/Internal/MeasureHbToAckLatency/#text: false {}
1773238375.019614 [7]    python3: config: Domain/Internal/UnicastResponseToSPDPMessages/#text: true {}
1773238375.019624 [7]    python3: config: Domain/Internal/SynchronousDeliveryPriorityThreshold/#text: 0 {}
1773238375.019667 [7]    python3: config: Domain/Internal/SynchronousDeliveryLatencyBound/#text: inf {}
1773238375.019679 [7]    python3: config: Domain/Internal/MaxParticipants/#text: 0 {}
1773238375.019689 [7]    python3: config: Domain/Internal/AccelerateRexmitBlockSize/#text: 0 {}
1773238375.019700 [7]    python3: config: Domain/Internal/RetransmitMerging/#text: never {}
1773238375.019711 [7]    python3: config: Domain/Internal/RetransmitMergingPeriod/#text: 5 ms {}
1773238375.019722 [7]    python3: config: Domain/Internal/HeartbeatInterval/#text: 100 ms {}
1773238375.019733 [7]    python3: config: Domain/Internal/HeartbeatInterval[@min]: 5 ms {}
1773238375.019744 [7]    python3: config: Domain/Internal/HeartbeatInterval[@minsched]: 20 ms {}
1773238375.019755 [7]    python3: config: Domain/Internal/HeartbeatInterval[@max]: 8 s {}
1773238375.019766 [7]    python3: config: Domain/Internal/MaxQueuedRexmitBytes/#text: 512 KiB {}
1773238375.019777 [7]    python3: config: Domain/Internal/MaxQueuedRexmitMessages/#text: 200 {}
1773238375.019787 [7]    python3: config: Domain/Internal/WriterLingerDuration/#text: 1 s {}
1773238375.019799 [7]    python3: config: Domain/Internal/SocketReceiveBufferSize[@min]: default {}
1773238375.019809 [7]    python3: config: Domain/Internal/SocketReceiveBufferSize[@max]: default {}
1773238375.019820 [7]    python3: config: Domain/Internal/SocketSendBufferSize[@min]: 64 KiB {}
1773238375.019831 [7]    python3: config: Domain/Internal/SocketSendBufferSize[@max]: default {}
1773238375.019842 [7]    python3: config: Domain/Internal/NackDelay/#text: 100 ms {}
1773238375.019853 [7]    python3: config: Domain/Internal/AckDelay/#text: 10 ms {}
1773238375.019863 [7]    python3: config: Domain/Internal/AutoReschedNackDelay/#text: 3 s {}
1773238375.019874 [7]    python3: config: Domain/Internal/PreEmptiveAckDelay/#text: 10 ms {}
1773238375.019885 [7]    python3: config: Domain/Internal/ScheduleTimeRounding/#text: 0 s {}
1773238375.019895 [7]    python3: config: Domain/Internal/DDSI2DirectMaxThreads/#text: 1 {}
1773238375.019906 [7]    python3: config: Domain/Internal/SquashParticipants/#text: false {}
1773238375.019916 [7]    python3: config: Domain/Internal/SPDPResponseMaxDelay/#text: 0 s {}
1773238375.019926 [7]    python3: config: Domain/Internal/LateAckMode/#text: false {}
1773238375.019937 [7]    python3: config: Domain/Internal/RetryOnRejectBestEffort/#text: false {}
1773238375.019947 [7]    python3: config: Domain/Internal/GenerateKeyhash/#text: false {}
1773238375.019958 [7]    python3: config: Domain/Internal/MaxSampleSize/#text: 2147483647 B {}
1773238375.019969 [7]    python3: config: Domain/Internal/LivelinessMonitoring/#text: false {}
1773238375.019991 [7]    python3: config: Domain/Internal/LivelinessMonitoring[@StackTraces]: true {}
1773238375.020003 [7]    python3: config: Domain/Internal/LivelinessMonitoring[@Interval]: 1 s {}
1773238375.020013 [7]    python3: config: Domain/Internal/MonitorPort/#text: -1 {}
1773238375.020024 [7]    python3: config: Domain/Internal/PrioritizeRetransmit/#text: true {}
1773238375.020035 [7]    python3: config: Domain/Internal/UseMulticastIfMreqn/#text: 0 {}
1773238375.020045 [7]    python3: config: Domain/Internal/RediscoveryBlacklistDuration/#text: 0 s {}
1773238375.020056 [7]    python3: config: Domain/Internal/RediscoveryBlacklistDuration[@enforce]: false {}
1773238375.020067 [7]    python3: config: Domain/Internal/MultipleReceiveThreads/#text: default {}
1773238375.020077 [7]    python3: config: Domain/Internal/MultipleReceiveThreads[@maxretries]: 4294967295 {}
1773238375.020089 [7]    python3: config: Domain/Internal/Test/XmitLossiness/#text: 0 {}
1773238375.020101 [7]    python3: config: Domain/Internal/Watermarks/WhcLow/#text: 1 KiB {}
1773238375.020112 [7]    python3: config: Domain/Internal/Watermarks/WhcHigh/#text: 500 KiB {}
1773238375.020124 [7]    python3: config: Domain/Internal/Watermarks/WhcHighInit/#text: 30 KiB {}
1773238375.020135 [7]    python3: config: Domain/Internal/Watermarks/WhcAdaptive/#text: true {}
1773238375.020149 [7]    python3: config: Domain/Internal/BurstSize/MaxRexmit/#text: 1 MiB {}
1773238375.020162 [7]    python3: config: Domain/Internal/BurstSize/MaxInitTransmit/#text: 4294967295 {}
1773238375.020176 [7]    python3: config: Domain/Internal/EnableExpensiveChecks/#text:  {}
1773238375.020190 [7]    python3: config: Domain/TCP/NoDelay/#text: true {}
1773238375.020205 [7]    python3: config: Domain/TCP/Port/#text: -1 {}
1773238375.020220 [7]    python3: config: Domain/TCP/ReadTimeout/#text: 2 s {}
1773238375.020235 [7]    python3: config: Domain/TCP/WriteTimeout/#text: 2 s {}
1773238375.020249 [7]    python3: config: Domain/TCP/AlwaysUsePeeraddrForUnicast/#text: false {}
1773238375.020262 [7]    python3: config: Domain/SSL/Enable/#text: false {}
1773238375.020274 [7]    python3: config: Domain/SSL/CertificateVerification/#text: true {}
1773238375.020287 [7]    python3: config: Domain/SSL/VerifyClient/#text: true {}
1773238375.020300 [7]    python3: config: Domain/SSL/SelfSignedCertificates/#text: false {}
1773238375.020314 [7]    python3: config: Domain/SSL/KeystoreFile/#text: keystore {}
1773238375.020326 [7]    python3: config: Domain/SSL/KeyPassphrase/#text: secret {}
1773238375.020340 [7]    python3: config: Domain/SSL/Ciphers/#text: ALL:!ADH:!LOW:!EXP:!MD5:@STRENGTH {}
1773238375.020352 [7]    python3: config: Domain/SSL/EntropyFile/#text:  {}
1773238375.020366 [7]    python3: config: Domain/SSL/MinimumTLSVersion/#text: 1.3 {}
1773238375.020379 [7]    python3: config: Domain/SharedMemory/Enable/#text: false {}
1773238375.020392 [7]    python3: config: Domain/SharedMemory/Locator/#text:  {}
1773238375.020406 [7]    python3: config: Domain/SharedMemory/Prefix/#text: DDS_CYCLONE {}
1773238375.020419 [7]    python3: config: Domain/SharedMemory/LogLevel/#text: info {}
1773238375.020434 [7]    python3: config: Domain[@Id]: 7 {1}
1773238375.020464 [7]    python3: started at 1773238375.0620454 -- 2026-03-11 15:12:55+01:00
1773238375.020474 [7]    python3: udp initialized
1773238375.021411 [7]    python3: interfaces: lo udp/127.0.0.1(q1) wlp1s0 wireless udp/192.168.50.12(q9) docker0 udp/172.17.0.1(q9) br-eec6265d9b1e udp/172.18.0.1(q9)
1773238375.021443 [7]    python3: selected interfaces: lo (index 1 priority 2)
1773238375.021453 [7]    python3: presumed robust multicast support, use for everything
1773238375.021476 [7]    python3: ownip: udp/127.0.0.1
1773238375.021486 [7]    python3: extmask: invalid/0 (not applicable)
1773238375.021498 [7]    python3: SPDP MC: udp/239.255.0.1
1773238375.021510 [7]    python3: default MC: udp/239.255.0.1
1773238375.021518 [7]    python3: SSM support included
1773238375.021816 [7]    python3: failed to increase socket receive buffer size to 1048576 bytes, continuing with 425984 bytes
1773238375.021875 [7]    python3: rtps_init: uc ports: disc 0 data 0
1773238375.021887 [7]    python3: rtps_init: domainid 7 participantid -2
1773238375.021897 [7]    python3: Unicast Ports: discovery 53273 data 53273
1773238375.021942 [7]    python3: failed to increase socket receive buffer size to 1048576 bytes, continuing with 425984 bytes
1773238375.021998 [7]    python3: failed to increase socket receive buffer size to 1048576 bytes, continuing with 425984 bytes
1773238375.022025 [7]    python3: Multicast Ports: discovery 9150 data 9151 
1773238375.022060 [7]    python3: failed to increase socket receive buffer size to 1048576 bytes, continuing with 425984 bytes
1773238375.022095 [7]    python3: interface lo: transmit port 46570
