[1.097s] Invoking command in '/home/admin/bench/lab/STAGING_helios16p_container_files/helios16p_ws/src/helios16p_cane_robot': PYTHONPATH=/home/admin/bench/lab/STAGING_helios16p_container_files/helios16p_ws/src/build/helios16p_cane_robot/prefix_override:/usr/lib/python3/dist-packages/colcon_core/task/python/colcon_distutils_commands:/home/admin/bench/lab/STAGING_helios16p_container_files/helios16p_ws/src/install/helios16p_cane_robot/lib/python3.10/site-packages:${PYTHONPATH} /usr/bin/python3 -W ignore:setup.py install is deprecated -W ignore:easy_install command is deprecated setup.py egg_info --egg-base ../build/helios16p_cane_robot build --build-base /home/admin/bench/lab/STAGING_helios16p_container_files/helios16p_ws/src/build/helios16p_cane_robot/build install --record /home/admin/bench/lab/STAGING_helios16p_container_files/helios16p_ws/src/build/helios16p_cane_robot/install.log --single-version-externally-managed install_data
[1.511s] running egg_info
[1.512s] creating ../build/helios16p_cane_robot/helios16p_cane_robot.egg-info
[1.512s] writing ../build/helios16p_cane_robot/helios16p_cane_robot.egg-info/PKG-INFO
[1.512s] writing dependency_links to ../build/helios16p_cane_robot/helios16p_cane_robot.egg-info/dependency_links.txt
[1.513s] writing entry points to ../build/helios16p_cane_robot/helios16p_cane_robot.egg-info/entry_points.txt
[1.513s] writing requirements to ../build/helios16p_cane_robot/helios16p_cane_robot.egg-info/requires.txt
[1.513s] writing top-level names to ../build/helios16p_cane_robot/helios16p_cane_robot.egg-info/top_level.txt
[1.514s] writing manifest file '../build/helios16p_cane_robot/helios16p_cane_robot.egg-info/SOURCES.txt'
[1.517s] reading manifest file '../build/helios16p_cane_robot/helios16p_cane_robot.egg-info/SOURCES.txt'
[1.519s] writing manifest file '../build/helios16p_cane_robot/helios16p_cane_robot.egg-info/SOURCES.txt'
[1.520s] running build
[1.520s] running build_py
[1.520s] creating /home/admin/bench/lab/STAGING_helios16p_container_files/helios16p_ws/src/build/helios16p_cane_robot/build
[1.521s] creating /home/admin/bench/lab/STAGING_helios16p_container_files/helios16p_ws/src/build/helios16p_cane_robot/build/lib
[1.521s] creating /home/admin/bench/lab/STAGING_helios16p_container_files/helios16p_ws/src/build/helios16p_cane_robot/build/lib/helios16p_cane_robot
[1.521s] copying helios16p_cane_robot/__init__.py -> /home/admin/bench/lab/STAGING_helios16p_container_files/helios16p_ws/src/build/helios16p_cane_robot/build/lib/helios16p_cane_robot
[1.521s] running install
[1.522s] running install_lib
[1.523s] creating /home/admin/bench/lab/STAGING_helios16p_container_files/helios16p_ws/src/install/helios16p_cane_robot/lib/python3.10/site-packages/helios16p_cane_robot
[1.523s] copying /home/admin/bench/lab/STAGING_helios16p_container_files/helios16p_ws/src/build/helios16p_cane_robot/build/lib/helios16p_cane_robot/__init__.py -> /home/admin/bench/lab/STAGING_helios16p_container_files/helios16p_ws/src/install/helios16p_cane_robot/lib/python3.10/site-packages/helios16p_cane_robot
[1.524s] byte-compiling /home/admin/bench/lab/STAGING_helios16p_container_files/helios16p_ws/src/install/helios16p_cane_robot/lib/python3.10/site-packages/helios16p_cane_robot/__init__.py to __init__.cpython-310.pyc
[1.524s] running install_data
[1.525s] creating /home/admin/bench/lab/STAGING_helios16p_container_files/helios16p_ws/src/install/helios16p_cane_robot/share/ament_index
[1.525s] creating /home/admin/bench/lab/STAGING_helios16p_container_files/helios16p_ws/src/install/helios16p_cane_robot/share/ament_index/resource_index
[1.526s] creating /home/admin/bench/lab/STAGING_helios16p_container_files/helios16p_ws/src/install/helios16p_cane_robot/share/ament_index/resource_index/packages
[1.526s] copying resource/helios16p_cane_robot -> /home/admin/bench/lab/STAGING_helios16p_container_files/helios16p_ws/src/install/helios16p_cane_robot/share/ament_index/resource_index/packages
[1.526s] copying package.xml -> /home/admin/bench/lab/STAGING_helios16p_container_files/helios16p_ws/src/install/helios16p_cane_robot/share/helios16p_cane_robot
[1.527s] creating /home/admin/bench/lab/STAGING_helios16p_container_files/helios16p_ws/src/install/helios16p_cane_robot/share/helios16p_cane_robot/launch
[1.527s] copying launch/helios16p_cane_robot_benchmark.launch.py -> /home/admin/bench/lab/STAGING_helios16p_container_files/helios16p_ws/src/install/helios16p_cane_robot/share/helios16p_cane_robot/launch
[1.527s] copying launch/helios16p_cane_robot_vicon_track.launch.py -> /home/admin/bench/lab/STAGING_helios16p_container_files/helios16p_ws/src/install/helios16p_cane_robot/share/helios16p_cane_robot/launch
[1.527s] copying launch/helios16p_cane_robot_demo.launch.py -> /home/admin/bench/lab/STAGING_helios16p_container_files/helios16p_ws/src/install/helios16p_cane_robot/share/helios16p_cane_robot/launch
[1.528s] copying launch/helios16p_cane_robot.launch.py -> /home/admin/bench/lab/STAGING_helios16p_container_files/helios16p_ws/src/install/helios16p_cane_robot/share/helios16p_cane_robot/launch
[1.528s] copying launch/helios16p_cane_robot_vicon_track_visualizer.launch.py -> /home/admin/bench/lab/STAGING_helios16p_container_files/helios16p_ws/src/install/helios16p_cane_robot/share/helios16p_cane_robot/launch
[1.528s] creating /home/admin/bench/lab/STAGING_helios16p_container_files/helios16p_ws/src/install/helios16p_cane_robot/share/helios16p_cane_robot/configs
[1.529s] copying configs/launchrviz.rviz -> /home/admin/bench/lab/STAGING_helios16p_container_files/helios16p_ws/src/install/helios16p_cane_robot/share/helios16p_cane_robot/configs
[1.529s] copying configs/rviz_vicon.rviz -> /home/admin/bench/lab/STAGING_helios16p_container_files/helios16p_ws/src/install/helios16p_cane_robot/share/helios16p_cane_robot/configs
[1.529s] copying configs/mrange25.yaml -> /home/admin/bench/lab/STAGING_helios16p_container_files/helios16p_ws/src/install/helios16p_cane_robot/share/helios16p_cane_robot/configs
[1.530s] copying configs/lidar_config_mr15.yaml -> /home/admin/bench/lab/STAGING_helios16p_container_files/helios16p_ws/src/install/helios16p_cane_robot/share/helios16p_cane_robot/configs
[1.530s] copying configs/lidar_config_mr30.yaml -> /home/admin/bench/lab/STAGING_helios16p_container_files/helios16p_ws/src/install/helios16p_cane_robot/share/helios16p_cane_robot/configs
[1.531s] copying configs/lidar_config_mr20.yaml -> /home/admin/bench/lab/STAGING_helios16p_container_files/helios16p_ws/src/install/helios16p_cane_robot/share/helios16p_cane_robot/configs
[1.531s] copying configs/lidar_config_mr25.yaml -> /home/admin/bench/lab/STAGING_helios16p_container_files/helios16p_ws/src/install/helios16p_cane_robot/share/helios16p_cane_robot/configs
[1.531s] copying configs/mrange8.yaml -> /home/admin/bench/lab/STAGING_helios16p_container_files/helios16p_ws/src/install/helios16p_cane_robot/share/helios16p_cane_robot/configs
[1.532s] copying configs/lidar_config_mr6.yaml -> /home/admin/bench/lab/STAGING_helios16p_container_files/helios16p_ws/src/install/helios16p_cane_robot/share/helios16p_cane_robot/configs
[1.532s] copying configs/mrange4.yaml -> /home/admin/bench/lab/STAGING_helios16p_container_files/helios16p_ws/src/install/helios16p_cane_robot/share/helios16p_cane_robot/configs
[1.532s] copying configs/lidar_config_mr8.yaml -> /home/admin/bench/lab/STAGING_helios16p_container_files/helios16p_ws/src/install/helios16p_cane_robot/share/helios16p_cane_robot/configs
[1.533s] copying configs/mrange6.yaml -> /home/admin/bench/lab/STAGING_helios16p_container_files/helios16p_ws/src/install/helios16p_cane_robot/share/helios16p_cane_robot/configs
[1.533s] copying configs/mrange100.yaml -> /home/admin/bench/lab/STAGING_helios16p_container_files/helios16p_ws/src/install/helios16p_cane_robot/share/helios16p_cane_robot/configs
[1.533s] copying configs/lidar_config_mr10.yaml -> /home/admin/bench/lab/STAGING_helios16p_container_files/helios16p_ws/src/install/helios16p_cane_robot/share/helios16p_cane_robot/configs
[1.533s] copying configs/mrange9.yaml -> /home/admin/bench/lab/STAGING_helios16p_container_files/helios16p_ws/src/install/helios16p_cane_robot/share/helios16p_cane_robot/configs
[1.533s] copying configs/mrange10.yaml -> /home/admin/bench/lab/STAGING_helios16p_container_files/helios16p_ws/src/install/helios16p_cane_robot/share/helios16p_cane_robot/configs
[1.534s] copying configs/mrange20.yaml -> /home/admin/bench/lab/STAGING_helios16p_container_files/helios16p_ws/src/install/helios16p_cane_robot/share/helios16p_cane_robot/configs
[1.534s] copying configs/lidar_config_mr100.yaml -> /home/admin/bench/lab/STAGING_helios16p_container_files/helios16p_ws/src/install/helios16p_cane_robot/share/helios16p_cane_robot/configs
[1.534s] copying configs/mrange30.yaml -> /home/admin/bench/lab/STAGING_helios16p_container_files/helios16p_ws/src/install/helios16p_cane_robot/share/helios16p_cane_robot/configs
[1.534s] copying configs/mrange5.yaml -> /home/admin/bench/lab/STAGING_helios16p_container_files/helios16p_ws/src/install/helios16p_cane_robot/share/helios16p_cane_robot/configs
[1.535s] copying configs/lidar_config_mr9.yaml -> /home/admin/bench/lab/STAGING_helios16p_container_files/helios16p_ws/src/install/helios16p_cane_robot/share/helios16p_cane_robot/configs
[1.535s] copying configs/lidar_config_mr5.yaml -> /home/admin/bench/lab/STAGING_helios16p_container_files/helios16p_ws/src/install/helios16p_cane_robot/share/helios16p_cane_robot/configs
[1.535s] copying configs/lidar_config_mr4.yaml -> /home/admin/bench/lab/STAGING_helios16p_container_files/helios16p_ws/src/install/helios16p_cane_robot/share/helios16p_cane_robot/configs
[1.535s] copying configs/mrange15.yaml -> /home/admin/bench/lab/STAGING_helios16p_container_files/helios16p_ws/src/install/helios16p_cane_robot/share/helios16p_cane_robot/configs
[1.535s] copying configs/mrange7.yaml -> /home/admin/bench/lab/STAGING_helios16p_container_files/helios16p_ws/src/install/helios16p_cane_robot/share/helios16p_cane_robot/configs
[1.536s] copying configs/lidar_config_mr7.yaml -> /home/admin/bench/lab/STAGING_helios16p_container_files/helios16p_ws/src/install/helios16p_cane_robot/share/helios16p_cane_robot/configs
[1.536s] creating /home/admin/bench/lab/STAGING_helios16p_container_files/helios16p_ws/src/install/helios16p_cane_robot/share/helios16p_cane_robot/urdf
[1.536s] copying urdf/helios16p.urdf.xacro -> /home/admin/bench/lab/STAGING_helios16p_container_files/helios16p_ws/src/install/helios16p_cane_robot/share/helios16p_cane_robot/urdf
[1.536s] copying urdf/helios16p_LiDAR.urdf.xacro -> /home/admin/bench/lab/STAGING_helios16p_container_files/helios16p_ws/src/install/helios16p_cane_robot/share/helios16p_cane_robot/urdf
[1.536s] running install_egg_info
[1.537s] Copying ../build/helios16p_cane_robot/helios16p_cane_robot.egg-info to /home/admin/bench/lab/STAGING_helios16p_container_files/helios16p_ws/src/install/helios16p_cane_robot/lib/python3.10/site-packages/helios16p_cane_robot-0.0.0-py3.10.egg-info
[1.538s] running install_scripts
[1.578s] writing list of installed files to '/home/admin/bench/lab/STAGING_helios16p_container_files/helios16p_ws/src/build/helios16p_cane_robot/install.log'
[1.644s] Invoked command in '/home/admin/bench/lab/STAGING_helios16p_container_files/helios16p_ws/src/helios16p_cane_robot' returned '0': PYTHONPATH=/home/admin/bench/lab/STAGING_helios16p_container_files/helios16p_ws/src/build/helios16p_cane_robot/prefix_override:/usr/lib/python3/dist-packages/colcon_core/task/python/colcon_distutils_commands:/home/admin/bench/lab/STAGING_helios16p_container_files/helios16p_ws/src/install/helios16p_cane_robot/lib/python3.10/site-packages:${PYTHONPATH} /usr/bin/python3 -W ignore:setup.py install is deprecated -W ignore:easy_install command is deprecated setup.py egg_info --egg-base ../build/helios16p_cane_robot build --build-base /home/admin/bench/lab/STAGING_helios16p_container_files/helios16p_ws/src/build/helios16p_cane_robot/build install --record /home/admin/bench/lab/STAGING_helios16p_container_files/helios16p_ws/src/build/helios16p_cane_robot/install.log --single-version-externally-managed install_data
