[0.035s] Invoking command in '/home/ph/treasure/dockerBENCH/helios16p_ws/build/go1_description': CMAKE_PREFIX_PATH=${CMAKE_PREFIX_PATH}:/home/ph/treasure/dockerBENCH/helios16p_ws/install/helios16p_cane_robot:/opt/ros/humble PS1=(pvenv) \[\e]0;\u@\h: \w\a\]${debian_chroot:+($debian_chroot)}\u@\h:\w\$ VIRTUAL_ENV_PROMPT=(pvenv) /home/ph/.local/bin/cmake --build /home/ph/treasure/dockerBENCH/helios16p_ws/build/go1_description -- -j8 -l8
[0.513s] Invoked command in '/home/ph/treasure/dockerBENCH/helios16p_ws/build/go1_description' returned '0': CMAKE_PREFIX_PATH=${CMAKE_PREFIX_PATH}:/home/ph/treasure/dockerBENCH/helios16p_ws/install/helios16p_cane_robot:/opt/ros/humble PS1=(pvenv) \[\e]0;\u@\h: \w\a\]${debian_chroot:+($debian_chroot)}\u@\h:\w\$ VIRTUAL_ENV_PROMPT=(pvenv) /home/ph/.local/bin/cmake --build /home/ph/treasure/dockerBENCH/helios16p_ws/build/go1_description -- -j8 -l8
[0.676s] Invoking command in '/home/ph/treasure/dockerBENCH/helios16p_ws/build/go1_description': CMAKE_PREFIX_PATH=${CMAKE_PREFIX_PATH}:/home/ph/treasure/dockerBENCH/helios16p_ws/install/helios16p_cane_robot:/opt/ros/humble PS1=(pvenv) \[\e]0;\u@\h: \w\a\]${debian_chroot:+($debian_chroot)}\u@\h:\w\$ VIRTUAL_ENV_PROMPT=(pvenv) /home/ph/.local/bin/cmake --install /home/ph/treasure/dockerBENCH/helios16p_ws/build/go1_description
[0.839s] -- Install configuration: ""
[0.839s] -- Up-to-date: /home/ph/treasure/dockerBENCH/helios16p_ws/install/go1_description/share/go1_description//launch
[0.840s] -- Up-to-date: /home/ph/treasure/dockerBENCH/helios16p_ws/install/go1_description/share/go1_description//launch/go1_demo.launch.py
[0.840s] -- Up-to-date: /home/ph/treasure/dockerBENCH/helios16p_ws/install/go1_description/share/go1_description//meshes
[0.840s] -- Up-to-date: /home/ph/treasure/dockerBENCH/helios16p_ws/install/go1_description/share/go1_description//meshes/depthCamera.dae
[0.840s] -- Up-to-date: /home/ph/treasure/dockerBENCH/helios16p_ws/install/go1_description/share/go1_description//meshes/thigh_mirror.dae
[0.841s] -- Up-to-date: /home/ph/treasure/dockerBENCH/helios16p_ws/install/go1_description/share/go1_description//meshes/calf.dae
[0.841s] -- Up-to-date: /home/ph/treasure/dockerBENCH/helios16p_ws/install/go1_description/share/go1_description//meshes/thigh.dae
[0.841s] -- Up-to-date: /home/ph/treasure/dockerBENCH/helios16p_ws/install/go1_description/share/go1_description//meshes/hip.dae
[0.841s] -- Up-to-date: /home/ph/treasure/dockerBENCH/helios16p_ws/install/go1_description/share/go1_description//meshes/ultraSound.dae
[0.841s] -- Up-to-date: /home/ph/treasure/dockerBENCH/helios16p_ws/install/go1_description/share/go1_description//meshes/trunk.dae
[0.842s] -- Up-to-date: /home/ph/treasure/dockerBENCH/helios16p_ws/install/go1_description/share/go1_description//xacro
[0.842s] -- Up-to-date: /home/ph/treasure/dockerBENCH/helios16p_ws/install/go1_description/share/go1_description//xacro/robot.xacro
[0.842s] -- Up-to-date: /home/ph/treasure/dockerBENCH/helios16p_ws/install/go1_description/share/go1_description//xacro/materials.xacro
[0.842s] -- Up-to-date: /home/ph/treasure/dockerBENCH/helios16p_ws/install/go1_description/share/go1_description//xacro/const.xacro
[0.842s] -- Up-to-date: /home/ph/treasure/dockerBENCH/helios16p_ws/install/go1_description/share/go1_description//xacro/ultraSound.xacro
[0.843s] -- Up-to-date: /home/ph/treasure/dockerBENCH/helios16p_ws/install/go1_description/share/go1_description//xacro/gazebo.xacro
[0.844s] -- Up-to-date: /home/ph/treasure/dockerBENCH/helios16p_ws/install/go1_description/share/go1_description//xacro/helios16p_LiDAR.urdf.xacro
[0.844s] -- Up-to-date: /home/ph/treasure/dockerBENCH/helios16p_ws/install/go1_description/share/go1_description//xacro/depthCamera.xacro
[0.844s] -- Up-to-date: /home/ph/treasure/dockerBENCH/helios16p_ws/install/go1_description/share/go1_description//xacro/transmission.xacro
[0.845s] -- Up-to-date: /home/ph/treasure/dockerBENCH/helios16p_ws/install/go1_description/share/go1_description//xacro/leg.xacro
[0.845s] -- Up-to-date: /home/ph/treasure/dockerBENCH/helios16p_ws/install/go1_description/share/ament_index/resource_index/package_run_dependencies/go1_description
[0.845s] -- Up-to-date: /home/ph/treasure/dockerBENCH/helios16p_ws/install/go1_description/share/ament_index/resource_index/parent_prefix_path/go1_description
[0.845s] -- Up-to-date: /home/ph/treasure/dockerBENCH/helios16p_ws/install/go1_description/share/go1_description/environment/ament_prefix_path.sh
[0.846s] -- Up-to-date: /home/ph/treasure/dockerBENCH/helios16p_ws/install/go1_description/share/go1_description/environment/ament_prefix_path.dsv
[0.846s] -- Up-to-date: /home/ph/treasure/dockerBENCH/helios16p_ws/install/go1_description/share/go1_description/environment/path.sh
[0.846s] -- Up-to-date: /home/ph/treasure/dockerBENCH/helios16p_ws/install/go1_description/share/go1_description/environment/path.dsv
[0.846s] -- Up-to-date: /home/ph/treasure/dockerBENCH/helios16p_ws/install/go1_description/share/go1_description/local_setup.bash
[0.846s] -- Up-to-date: /home/ph/treasure/dockerBENCH/helios16p_ws/install/go1_description/share/go1_description/local_setup.sh
[0.846s] -- Up-to-date: /home/ph/treasure/dockerBENCH/helios16p_ws/install/go1_description/share/go1_description/local_setup.zsh
[0.846s] -- Up-to-date: /home/ph/treasure/dockerBENCH/helios16p_ws/install/go1_description/share/go1_description/local_setup.dsv
[0.847s] -- Up-to-date: /home/ph/treasure/dockerBENCH/helios16p_ws/install/go1_description/share/go1_description/package.dsv
[0.847s] -- Up-to-date: /home/ph/treasure/dockerBENCH/helios16p_ws/install/go1_description/share/ament_index/resource_index/packages/go1_description
[0.847s] -- Up-to-date: /home/ph/treasure/dockerBENCH/helios16p_ws/install/go1_description/share/go1_description/cmake/go1_descriptionConfig.cmake
[0.847s] -- Up-to-date: /home/ph/treasure/dockerBENCH/helios16p_ws/install/go1_description/share/go1_description/cmake/go1_descriptionConfig-version.cmake
[0.848s] -- Up-to-date: /home/ph/treasure/dockerBENCH/helios16p_ws/install/go1_description/share/go1_description/package.xml
[0.848s] Invoked command in '/home/ph/treasure/dockerBENCH/helios16p_ws/build/go1_description' returned '0': CMAKE_PREFIX_PATH=${CMAKE_PREFIX_PATH}:/home/ph/treasure/dockerBENCH/helios16p_ws/install/helios16p_cane_robot:/opt/ros/humble PS1=(pvenv) \[\e]0;\u@\h: \w\a\]${debian_chroot:+($debian_chroot)}\u@\h:\w\$ VIRTUAL_ENV_PROMPT=(pvenv) /home/ph/.local/bin/cmake --install /home/ph/treasure/dockerBENCH/helios16p_ws/build/go1_description
