[0.897s] Invoking command in '/home/ph/ws/helios16p_ws/build/kiss_icp': CMAKE_PREFIX_PATH=/opt/ros/humble /usr/bin/cmake --build /home/ph/ws/helios16p_ws/build/kiss_icp -- -j8 -l8
[1.009s] [ 14%] Built target kiss_icp_metrics
[1.015s] [ 28%] Built target kiss_icp_node
[1.016s] [ 71%] Built target kiss_icp_core
[1.062s] [ 85%] Built target kiss_icp_pipeline
[1.128s] [100%] Built target odometry_component
[1.151s] Invoked command in '/home/ph/ws/helios16p_ws/build/kiss_icp' returned '0': CMAKE_PREFIX_PATH=/opt/ros/humble /usr/bin/cmake --build /home/ph/ws/helios16p_ws/build/kiss_icp -- -j8 -l8
[1.173s] Invoking command in '/home/ph/ws/helios16p_ws/build/kiss_icp': CMAKE_PREFIX_PATH=/opt/ros/humble /usr/bin/cmake --install /home/ph/ws/helios16p_ws/build/kiss_icp
[1.187s] -- Install configuration: "Release"
[1.191s] -- Up-to-date: /home/ph/ws/helios16p_ws/install/kiss_icp/lib/kiss_icp/kiss_icp_node
[1.193s] -- Up-to-date: /home/ph/ws/helios16p_ws/install/kiss_icp/lib/libodometry_component.so
[1.195s] -- Up-to-date: /home/ph/ws/helios16p_ws/install/kiss_icp/share/kiss_icp//launch
[1.197s] -- Up-to-date: /home/ph/ws/helios16p_ws/install/kiss_icp/share/kiss_icp//launch/odometry.launch.py
[1.197s] -- Up-to-date: /home/ph/ws/helios16p_ws/install/kiss_icp/share/kiss_icp//rviz
[1.198s] -- Up-to-date: /home/ph/ws/helios16p_ws/install/kiss_icp/share/kiss_icp//rviz/kiss_icp.rviz
[1.198s] -- Up-to-date: /home/ph/ws/helios16p_ws/install/kiss_icp/share/kiss_icp//config
[1.198s] -- Up-to-date: /home/ph/ws/helios16p_ws/install/kiss_icp/share/kiss_icp//config/config.yaml
[1.202s] -- Up-to-date: /home/ph/ws/helios16p_ws/install/kiss_icp/share/ament_index/resource_index/package_run_dependencies/kiss_icp
[1.202s] -- Up-to-date: /home/ph/ws/helios16p_ws/install/kiss_icp/share/ament_index/resource_index/parent_prefix_path/kiss_icp
[1.202s] -- Up-to-date: /home/ph/ws/helios16p_ws/install/kiss_icp/share/kiss_icp/environment/ament_prefix_path.sh
[1.203s] -- Up-to-date: /home/ph/ws/helios16p_ws/install/kiss_icp/share/kiss_icp/environment/ament_prefix_path.dsv
[1.205s] -- Up-to-date: /home/ph/ws/helios16p_ws/install/kiss_icp/share/kiss_icp/environment/path.sh
[1.207s] -- Up-to-date: /home/ph/ws/helios16p_ws/install/kiss_icp/share/kiss_icp/environment/path.dsv
[1.208s] -- Up-to-date: /home/ph/ws/helios16p_ws/install/kiss_icp/share/kiss_icp/local_setup.bash
[1.209s] -- Up-to-date: /home/ph/ws/helios16p_ws/install/kiss_icp/share/kiss_icp/local_setup.sh
[1.209s] -- Up-to-date: /home/ph/ws/helios16p_ws/install/kiss_icp/share/kiss_icp/local_setup.zsh
[1.209s] -- Up-to-date: /home/ph/ws/helios16p_ws/install/kiss_icp/share/kiss_icp/local_setup.dsv
[1.210s] -- Installing: /home/ph/ws/helios16p_ws/install/kiss_icp/share/kiss_icp/package.dsv
[1.210s] -- Up-to-date: /home/ph/ws/helios16p_ws/install/kiss_icp/share/ament_index/resource_index/packages/kiss_icp
[1.211s] -- Up-to-date: /home/ph/ws/helios16p_ws/install/kiss_icp/share/ament_index/resource_index/rclcpp_components/kiss_icp
[1.217s] -- Up-to-date: /home/ph/ws/helios16p_ws/install/kiss_icp/share/kiss_icp/cmake/kiss_icpConfig.cmake
[1.218s] -- Up-to-date: /home/ph/ws/helios16p_ws/install/kiss_icp/share/kiss_icp/cmake/kiss_icpConfig-version.cmake
[1.218s] -- Up-to-date: /home/ph/ws/helios16p_ws/install/kiss_icp/share/kiss_icp/package.xml
[1.219s] Invoked command in '/home/ph/ws/helios16p_ws/build/kiss_icp' returned '0': CMAKE_PREFIX_PATH=/opt/ros/humble /usr/bin/cmake --install /home/ph/ws/helios16p_ws/build/kiss_icp
