[0.036s] Invoking command in '/home/ph/treasure/dockerBENCH/helios16p_ws/build/go1_description': CMAKE_PREFIX_PATH=${CMAKE_PREFIX_PATH}:/home/ph/treasure/dockerBENCH/helios16p_ws/install/helios16p_cane_robot:/opt/ros/humble PS1=(pvenv) \[\e]0;\u@\h: \w\a\]${debian_chroot:+($debian_chroot)}\u@\h:\w\$ VIRTUAL_ENV_PROMPT=(pvenv) /home/ph/.local/bin/cmake --build /home/ph/treasure/dockerBENCH/helios16p_ws/build/go1_description -- -j8 -l8
[0.582s] Invoked command in '/home/ph/treasure/dockerBENCH/helios16p_ws/build/go1_description' returned '0': CMAKE_PREFIX_PATH=${CMAKE_PREFIX_PATH}:/home/ph/treasure/dockerBENCH/helios16p_ws/install/helios16p_cane_robot:/opt/ros/humble PS1=(pvenv) \[\e]0;\u@\h: \w\a\]${debian_chroot:+($debian_chroot)}\u@\h:\w\$ VIRTUAL_ENV_PROMPT=(pvenv) /home/ph/.local/bin/cmake --build /home/ph/treasure/dockerBENCH/helios16p_ws/build/go1_description -- -j8 -l8
[0.816s] Invoking command in '/home/ph/treasure/dockerBENCH/helios16p_ws/build/go1_description': CMAKE_PREFIX_PATH=${CMAKE_PREFIX_PATH}:/home/ph/treasure/dockerBENCH/helios16p_ws/install/helios16p_cane_robot:/opt/ros/humble PS1=(pvenv) \[\e]0;\u@\h: \w\a\]${debian_chroot:+($debian_chroot)}\u@\h:\w\$ VIRTUAL_ENV_PROMPT=(pvenv) /home/ph/.local/bin/cmake --install /home/ph/treasure/dockerBENCH/helios16p_ws/build/go1_description
[1.022s] -- Install configuration: ""
[1.022s] -- Up-to-date: /home/ph/treasure/dockerBENCH/helios16p_ws/install/go1_description/share/go1_description//launch
[1.022s] -- Up-to-date: /home/ph/treasure/dockerBENCH/helios16p_ws/install/go1_description/share/go1_description//launch/go1_demo.launch.py
[1.023s] -- Up-to-date: /home/ph/treasure/dockerBENCH/helios16p_ws/install/go1_description/share/go1_description//meshes
[1.023s] -- Up-to-date: /home/ph/treasure/dockerBENCH/helios16p_ws/install/go1_description/share/go1_description//meshes/depthCamera.dae
[1.023s] -- Up-to-date: /home/ph/treasure/dockerBENCH/helios16p_ws/install/go1_description/share/go1_description//meshes/thigh_mirror.dae
[1.023s] -- Up-to-date: /home/ph/treasure/dockerBENCH/helios16p_ws/install/go1_description/share/go1_description//meshes/calf.dae
[1.023s] -- Up-to-date: /home/ph/treasure/dockerBENCH/helios16p_ws/install/go1_description/share/go1_description//meshes/thigh.dae
[1.023s] -- Up-to-date: /home/ph/treasure/dockerBENCH/helios16p_ws/install/go1_description/share/go1_description//meshes/hip.dae
[1.024s] -- Up-to-date: /home/ph/treasure/dockerBENCH/helios16p_ws/install/go1_description/share/go1_description//meshes/ultraSound.dae
[1.024s] -- Up-to-date: /home/ph/treasure/dockerBENCH/helios16p_ws/install/go1_description/share/go1_description//meshes/trunk.dae
[1.024s] -- Up-to-date: /home/ph/treasure/dockerBENCH/helios16p_ws/install/go1_description/share/go1_description//xacro
[1.024s] -- Up-to-date: /home/ph/treasure/dockerBENCH/helios16p_ws/install/go1_description/share/go1_description//xacro/robot.xacro
[1.024s] -- Up-to-date: /home/ph/treasure/dockerBENCH/helios16p_ws/install/go1_description/share/go1_description//xacro/materials.xacro
[1.025s] -- Up-to-date: /home/ph/treasure/dockerBENCH/helios16p_ws/install/go1_description/share/go1_description//xacro/const.xacro
[1.025s] -- Up-to-date: /home/ph/treasure/dockerBENCH/helios16p_ws/install/go1_description/share/go1_description//xacro/ultraSound.xacro
[1.025s] -- Up-to-date: /home/ph/treasure/dockerBENCH/helios16p_ws/install/go1_description/share/go1_description//xacro/gazebo.xacro
[1.025s] -- Up-to-date: /home/ph/treasure/dockerBENCH/helios16p_ws/install/go1_description/share/go1_description//xacro/helios16p_LiDAR.urdf.xacro
[1.026s] -- Up-to-date: /home/ph/treasure/dockerBENCH/helios16p_ws/install/go1_description/share/go1_description//xacro/depthCamera.xacro
[1.026s] -- Up-to-date: /home/ph/treasure/dockerBENCH/helios16p_ws/install/go1_description/share/go1_description//xacro/transmission.xacro
[1.026s] -- Up-to-date: /home/ph/treasure/dockerBENCH/helios16p_ws/install/go1_description/share/go1_description//xacro/leg.xacro
[1.026s] -- Up-to-date: /home/ph/treasure/dockerBENCH/helios16p_ws/install/go1_description/share/ament_index/resource_index/package_run_dependencies/go1_description
[1.026s] -- Up-to-date: /home/ph/treasure/dockerBENCH/helios16p_ws/install/go1_description/share/ament_index/resource_index/parent_prefix_path/go1_description
[1.026s] -- Up-to-date: /home/ph/treasure/dockerBENCH/helios16p_ws/install/go1_description/share/go1_description/environment/ament_prefix_path.sh
[1.027s] -- Up-to-date: /home/ph/treasure/dockerBENCH/helios16p_ws/install/go1_description/share/go1_description/environment/ament_prefix_path.dsv
[1.027s] -- Up-to-date: /home/ph/treasure/dockerBENCH/helios16p_ws/install/go1_description/share/go1_description/environment/path.sh
[1.027s] -- Up-to-date: /home/ph/treasure/dockerBENCH/helios16p_ws/install/go1_description/share/go1_description/environment/path.dsv
[1.027s] -- Up-to-date: /home/ph/treasure/dockerBENCH/helios16p_ws/install/go1_description/share/go1_description/local_setup.bash
[1.027s] -- Up-to-date: /home/ph/treasure/dockerBENCH/helios16p_ws/install/go1_description/share/go1_description/local_setup.sh
[1.027s] -- Up-to-date: /home/ph/treasure/dockerBENCH/helios16p_ws/install/go1_description/share/go1_description/local_setup.zsh
[1.028s] -- Up-to-date: /home/ph/treasure/dockerBENCH/helios16p_ws/install/go1_description/share/go1_description/local_setup.dsv
[1.028s] -- Installing: /home/ph/treasure/dockerBENCH/helios16p_ws/install/go1_description/share/go1_description/package.dsv
[1.028s] -- Up-to-date: /home/ph/treasure/dockerBENCH/helios16p_ws/install/go1_description/share/ament_index/resource_index/packages/go1_description
[1.028s] -- Up-to-date: /home/ph/treasure/dockerBENCH/helios16p_ws/install/go1_description/share/go1_description/cmake/go1_descriptionConfig.cmake
[1.028s] -- Up-to-date: /home/ph/treasure/dockerBENCH/helios16p_ws/install/go1_description/share/go1_description/cmake/go1_descriptionConfig-version.cmake
[1.029s] -- Up-to-date: /home/ph/treasure/dockerBENCH/helios16p_ws/install/go1_description/share/go1_description/package.xml
[1.031s] Invoked command in '/home/ph/treasure/dockerBENCH/helios16p_ws/build/go1_description' returned '0': CMAKE_PREFIX_PATH=${CMAKE_PREFIX_PATH}:/home/ph/treasure/dockerBENCH/helios16p_ws/install/helios16p_cane_robot:/opt/ros/humble PS1=(pvenv) \[\e]0;\u@\h: \w\a\]${debian_chroot:+($debian_chroot)}\u@\h:\w\$ VIRTUAL_ENV_PROMPT=(pvenv) /home/ph/.local/bin/cmake --install /home/ph/treasure/dockerBENCH/helios16p_ws/build/go1_description
