[0.030s] Invoking command in '/home/ph/ws/helios16p_ws/build/rslidar_sdk': AMENT_PREFIX_PATH=/home/ph/ws/helios16p_ws/install/rslidar_msg:${AMENT_PREFIX_PATH} CMAKE_PREFIX_PATH=/home/ph/ws/helios16p_ws/install/rslidar_msg:/opt/ros/humble LD_LIBRARY_PATH=/home/ph/ws/helios16p_ws/install/rslidar_msg/lib:${LD_LIBRARY_PATH} PYTHONPATH=/home/ph/ws/helios16p_ws/install/rslidar_msg/local/lib/python3.10/dist-packages:${PYTHONPATH} /usr/bin/cmake /home/ph/ws/helios16p_ws/src/rslidar_sdk -DCMAKE_INSTALL_PREFIX=/home/ph/ws/helios16p_ws/install/rslidar_sdk
[0.042s] [0mCMake Deprecation Warning at CMakeLists.txt:1 (cmake_minimum_required):
[0.042s]   Compatibility with CMake < 3.10 will be removed from a future version of
[0.042s]   CMake.
[0.043s] 
[0.043s]   Update the VERSION argument <min> value.  Or, use the <min>...<max> syntax
[0.043s]   to tell CMake that the project requires at least <min> but has been updated
[0.044s]   to work with policies introduced by <max> or earlier.
[0.044s] 
[0.044s] [0m
[0.230s] -- The C compiler identification is GNU 11.4.0
[0.455s] -- The CXX compiler identification is GNU 11.4.0
[0.483s] -- Detecting C compiler ABI info
[0.672s] -- Detecting C compiler ABI info - done
[0.730s] -- Check for working C compiler: /usr/bin/cc - skipped
[0.731s] -- Detecting C compile features
[0.733s] -- Detecting C compile features - done
[0.767s] -- Detecting CXX compiler ABI info
[0.990s] -- Detecting CXX compiler ABI info - done
[1.042s] -- Check for working CXX compiler: /usr/bin/c++ - skipped
[1.043s] -- Detecting CXX compile features
[1.046s] -- Detecting CXX compile features - done
[1.067s] [0m=============================================================[0m
[1.067s] [0m-- POINT_TYPE is XYZI[0m
[1.067s] [0m=============================================================[0m
[1.116s] [0m=============================================================[0m
[1.117s] [0m-- ROS Not Found. ROS Support is turned Off.[0m
[1.117s] [0m=============================================================[0m
[1.544s] -- Found Python3: /usr/bin/python3 (found version "3.10.12") found components: Interpreter
[2.131s] -- Found rosidl_generator_c: 3.1.7 (/opt/ros/humble/share/rosidl_generator_c/cmake)
[2.155s] -- Found rosidl_adapter: 3.1.7 (/opt/ros/humble/share/rosidl_adapter/cmake)
[2.200s] -- Found rosidl_generator_cpp: 3.1.7 (/opt/ros/humble/share/rosidl_generator_cpp/cmake)
[2.264s] -- Using all available rosidl_typesupport_c: rosidl_typesupport_fastrtps_c;rosidl_typesupport_introspection_c
[2.342s] -- Using all available rosidl_typesupport_cpp: rosidl_typesupport_fastrtps_cpp;rosidl_typesupport_introspection_cpp
[2.561s] -- Found rmw_implementation_cmake: 6.1.2 (/opt/ros/humble/share/rmw_implementation_cmake/cmake)
[2.574s] -- Found rmw_fastrtps_cpp: 6.2.9 (/opt/ros/humble/share/rmw_fastrtps_cpp/cmake)
[2.903s] -- Found OpenSSL: /usr/lib/x86_64-linux-gnu/libcrypto.so (found version "3.0.2")
[3.034s] -- Found FastRTPS: /opt/ros/humble/include
[3.201s] -- Using RMW implementation 'rmw_fastrtps_cpp' as default
[3.243s] -- Performing Test CMAKE_HAVE_LIBC_PTHREAD
[3.429s] -- Performing Test CMAKE_HAVE_LIBC_PTHREAD - Success
[3.432s] -- Found Threads: TRUE
[3.667s] [0m=============================================================[0m
[3.667s] [0m-- ROS2 Found. ROS2 Support is turned On.[0m
[3.667s] [0m=============================================================[0m
[3.676s] -- Found sensor_msgs: 4.9.0 (/opt/ros/humble/share/sensor_msgs/cmake)
[3.811s] -- Found rslidar_msg: 0.0.0 (/home/ph/ws/helios16p_ws/install/rslidar_msg/share/rslidar_msg/cmake)
[3.887s] [0mCMake Deprecation Warning at src/rs_driver/CMakeLists.txt:1 (cmake_minimum_required):
[3.887s]   Compatibility with CMake < 3.10 will be removed from a future version of
[3.888s]   CMake.
[3.888s] 
[3.888s]   Update the VERSION argument <min> value.  Or, use the <min>...<max> syntax
[3.888s]   to tell CMake that the project requires at least <min> but has been updated
[3.889s]   to work with policies introduced by <max> or earlier.
[3.889s] 
[3.889s] [0m
[3.889s] [0m=============================================================[0m
[3.890s] [0m-- CMake run for UNIX GNU Compiler[0m
[3.890s] [0m=============================================================[0m
[3.893s] [0m=============================================================[0m
[3.893s] [0m-- rs_driver Version : v1.5.18[0m
[3.893s] [0m=============================================================[0m
[4.279s] -- Configuring done (4.2s)
[4.381s] -- Generating done (0.1s)
[4.505s] -- Build files have been written to: /home/ph/ws/helios16p_ws/build/rslidar_sdk
[4.548s] Invoked command in '/home/ph/ws/helios16p_ws/build/rslidar_sdk' returned '0': AMENT_PREFIX_PATH=/home/ph/ws/helios16p_ws/install/rslidar_msg:${AMENT_PREFIX_PATH} CMAKE_PREFIX_PATH=/home/ph/ws/helios16p_ws/install/rslidar_msg:/opt/ros/humble LD_LIBRARY_PATH=/home/ph/ws/helios16p_ws/install/rslidar_msg/lib:${LD_LIBRARY_PATH} PYTHONPATH=/home/ph/ws/helios16p_ws/install/rslidar_msg/local/lib/python3.10/dist-packages:${PYTHONPATH} /usr/bin/cmake /home/ph/ws/helios16p_ws/src/rslidar_sdk -DCMAKE_INSTALL_PREFIX=/home/ph/ws/helios16p_ws/install/rslidar_sdk
[4.550s] Invoking command in '/home/ph/ws/helios16p_ws/build/rslidar_sdk': AMENT_PREFIX_PATH=/home/ph/ws/helios16p_ws/install/rslidar_msg:${AMENT_PREFIX_PATH} CMAKE_PREFIX_PATH=/home/ph/ws/helios16p_ws/install/rslidar_msg:/opt/ros/humble LD_LIBRARY_PATH=/home/ph/ws/helios16p_ws/install/rslidar_msg/lib:${LD_LIBRARY_PATH} PYTHONPATH=/home/ph/ws/helios16p_ws/install/rslidar_msg/local/lib/python3.10/dist-packages:${PYTHONPATH} /usr/bin/cmake --build /home/ph/ws/helios16p_ws/build/rslidar_sdk -- -j8 -l8
[4.673s] [ 33%] [32mBuilding CXX object CMakeFiles/rslidar_sdk_node.dir/node/rslidar_sdk_node.cpp.o[0m
[4.673s] [ 66%] [32mBuilding CXX object CMakeFiles/rslidar_sdk_node.dir/src/manager/node_manager.cpp.o[0m
[68.051s] [100%] [1m[32mLinking CXX executable rslidar_sdk_node[0m
[68.713s] [100%] Built target rslidar_sdk_node
[68.733s] Invoked command in '/home/ph/ws/helios16p_ws/build/rslidar_sdk' returned '0': AMENT_PREFIX_PATH=/home/ph/ws/helios16p_ws/install/rslidar_msg:${AMENT_PREFIX_PATH} CMAKE_PREFIX_PATH=/home/ph/ws/helios16p_ws/install/rslidar_msg:/opt/ros/humble LD_LIBRARY_PATH=/home/ph/ws/helios16p_ws/install/rslidar_msg/lib:${LD_LIBRARY_PATH} PYTHONPATH=/home/ph/ws/helios16p_ws/install/rslidar_msg/local/lib/python3.10/dist-packages:${PYTHONPATH} /usr/bin/cmake --build /home/ph/ws/helios16p_ws/build/rslidar_sdk -- -j8 -l8
[68.739s] Invoking command in '/home/ph/ws/helios16p_ws/build/rslidar_sdk': AMENT_PREFIX_PATH=/home/ph/ws/helios16p_ws/install/rslidar_msg:${AMENT_PREFIX_PATH} CMAKE_PREFIX_PATH=/home/ph/ws/helios16p_ws/install/rslidar_msg:/opt/ros/humble LD_LIBRARY_PATH=/home/ph/ws/helios16p_ws/install/rslidar_msg/lib:${LD_LIBRARY_PATH} PYTHONPATH=/home/ph/ws/helios16p_ws/install/rslidar_msg/local/lib/python3.10/dist-packages:${PYTHONPATH} /usr/bin/cmake --install /home/ph/ws/helios16p_ws/build/rslidar_sdk
[68.752s] -- Install configuration: "Release"
[68.756s] -- Installing: /home/ph/ws/helios16p_ws/install/rslidar_sdk/lib/rslidar_sdk/rslidar_sdk_node
[68.762s] -- Set non-toolchain portion of runtime path of "/home/ph/ws/helios16p_ws/install/rslidar_sdk/lib/rslidar_sdk/rslidar_sdk_node" to ""
[68.762s] -- Installing: /home/ph/ws/helios16p_ws/install/rslidar_sdk/share/rslidar_sdk/launch
[68.763s] -- Installing: /home/ph/ws/helios16p_ws/install/rslidar_sdk/share/rslidar_sdk/launch/humble_start.py
[68.764s] -- Installing: /home/ph/ws/helios16p_ws/install/rslidar_sdk/share/rslidar_sdk/launch/start.launch
[68.765s] -- Installing: /home/ph/ws/helios16p_ws/install/rslidar_sdk/share/rslidar_sdk/launch/elequent_start.py
[68.766s] -- Installing: /home/ph/ws/helios16p_ws/install/rslidar_sdk/share/rslidar_sdk/launch/start.py
[68.766s] -- Installing: /home/ph/ws/helios16p_ws/install/rslidar_sdk/share/rslidar_sdk/rviz
[68.767s] -- Installing: /home/ph/ws/helios16p_ws/install/rslidar_sdk/share/rslidar_sdk/rviz/rviz.rviz
[68.767s] -- Installing: /home/ph/ws/helios16p_ws/install/rslidar_sdk/share/rslidar_sdk/rviz/rviz2.rviz
[68.769s] -- Installing: /home/ph/ws/helios16p_ws/install/rslidar_sdk/share/ament_index/resource_index/package_run_dependencies/rslidar_sdk
[68.770s] -- Installing: /home/ph/ws/helios16p_ws/install/rslidar_sdk/share/ament_index/resource_index/parent_prefix_path/rslidar_sdk
[68.771s] -- Installing: /home/ph/ws/helios16p_ws/install/rslidar_sdk/share/rslidar_sdk/environment/ament_prefix_path.sh
[68.772s] -- Installing: /home/ph/ws/helios16p_ws/install/rslidar_sdk/share/rslidar_sdk/environment/ament_prefix_path.dsv
[68.772s] -- Installing: /home/ph/ws/helios16p_ws/install/rslidar_sdk/share/rslidar_sdk/environment/path.sh
[68.773s] -- Installing: /home/ph/ws/helios16p_ws/install/rslidar_sdk/share/rslidar_sdk/environment/path.dsv
[68.774s] -- Installing: /home/ph/ws/helios16p_ws/install/rslidar_sdk/share/rslidar_sdk/local_setup.bash
[68.775s] -- Installing: /home/ph/ws/helios16p_ws/install/rslidar_sdk/share/rslidar_sdk/local_setup.sh
[68.776s] -- Installing: /home/ph/ws/helios16p_ws/install/rslidar_sdk/share/rslidar_sdk/local_setup.zsh
[68.776s] -- Installing: /home/ph/ws/helios16p_ws/install/rslidar_sdk/share/rslidar_sdk/local_setup.dsv
[68.777s] -- Installing: /home/ph/ws/helios16p_ws/install/rslidar_sdk/share/rslidar_sdk/package.dsv
[68.778s] -- Installing: /home/ph/ws/helios16p_ws/install/rslidar_sdk/share/ament_index/resource_index/packages/rslidar_sdk
[68.778s] -- Installing: /home/ph/ws/helios16p_ws/install/rslidar_sdk/share/rslidar_sdk/cmake/rslidar_sdkConfig.cmake
[68.779s] -- Installing: /home/ph/ws/helios16p_ws/install/rslidar_sdk/share/rslidar_sdk/cmake/rslidar_sdkConfig-version.cmake
[68.780s] -- Installing: /home/ph/ws/helios16p_ws/install/rslidar_sdk/share/rslidar_sdk/package.xml
[68.786s] Invoked command in '/home/ph/ws/helios16p_ws/build/rslidar_sdk' returned '0': AMENT_PREFIX_PATH=/home/ph/ws/helios16p_ws/install/rslidar_msg:${AMENT_PREFIX_PATH} CMAKE_PREFIX_PATH=/home/ph/ws/helios16p_ws/install/rslidar_msg:/opt/ros/humble LD_LIBRARY_PATH=/home/ph/ws/helios16p_ws/install/rslidar_msg/lib:${LD_LIBRARY_PATH} PYTHONPATH=/home/ph/ws/helios16p_ws/install/rslidar_msg/local/lib/python3.10/dist-packages:${PYTHONPATH} /usr/bin/cmake --install /home/ph/ws/helios16p_ws/build/rslidar_sdk
