[0.031s] Invoking command in '/home/ph/ws/helios16p_ws/build/rslidar_msg': CMAKE_PREFIX_PATH=${CMAKE_PREFIX_PATH}:/home/ph/ws/helios16p_ws/install/helios16p_cane_robot:/home/ph/mocap4r2_ws/install/mocap4r2cli:/opt/ros/humble /home/ph/.local/bin/cmake /home/ph/ws/helios16p_ws/src/rslidar_msg -DCMAKE_INSTALL_PREFIX=/home/ph/ws/helios16p_ws/install/rslidar_msg
[0.269s] [0mCMake Deprecation Warning at CMakeLists.txt:1 (cmake_minimum_required):
[0.269s]   Compatibility with CMake < 3.10 will be removed from a future version of
[0.270s]   CMake.
[0.270s] 
[0.270s]   Update the VERSION argument <min> value.  Or, use the <min>...<max> syntax
[0.270s]   to tell CMake that the project requires at least <min> but has been updated
[0.270s]   to work with policies introduced by <max> or earlier.
[0.270s] 
[0.271s] [0m
[0.415s] -- The C compiler identification is GNU 11.4.0
[0.621s] -- The CXX compiler identification is GNU 11.4.0
[0.652s] -- Detecting C compiler ABI info
[0.846s] -- Detecting C compiler ABI info - done
[0.901s] -- Check for working C compiler: /usr/bin/cc - skipped
[0.902s] -- Detecting C compile features
[0.903s] -- Detecting C compile features - done
[0.943s] -- Detecting CXX compiler ABI info
[1.157s] -- Detecting CXX compiler ABI info - done
[1.214s] -- Check for working CXX compiler: /usr/bin/c++ - skipped
[1.215s] -- Detecting CXX compile features
[1.217s] -- Detecting CXX compile features - done
[1.265s] -- Found ament_cmake: 1.3.12 (/opt/ros/humble/share/ament_cmake/cmake)
[1.673s] -- Found Python3: /usr/bin/python3 (found version "3.10.12") found components: Interpreter
[2.038s] -- Found std_msgs: 4.9.0 (/opt/ros/humble/share/std_msgs/cmake)
[2.229s] -- Found rosidl_generator_c: 3.1.8 (/opt/ros/humble/share/rosidl_generator_c/cmake)
[2.259s] -- Found rosidl_adapter: 3.1.8 (/opt/ros/humble/share/rosidl_adapter/cmake)
[2.307s] -- Found rosidl_generator_cpp: 3.1.8 (/opt/ros/humble/share/rosidl_generator_cpp/cmake)
[2.374s] -- Using all available rosidl_typesupport_c: rosidl_typesupport_fastrtps_c;rosidl_typesupport_introspection_c
[2.460s] -- Using all available rosidl_typesupport_cpp: rosidl_typesupport_fastrtps_cpp;rosidl_typesupport_introspection_cpp
[2.594s] -- Found rclcpp: 16.0.17 (/opt/ros/humble/share/rclcpp/cmake)
[2.808s] -- Found rmw_implementation_cmake: 6.1.2 (/opt/ros/humble/share/rmw_implementation_cmake/cmake)
[2.825s] -- Found rmw_fastrtps_cpp: 6.2.9 (/opt/ros/humble/share/rmw_fastrtps_cpp/cmake)
[3.201s] -- Found OpenSSL: /usr/lib/x86_64-linux-gnu/libcrypto.so (found version "3.0.2")
[3.320s] -- Found FastRTPS: /opt/ros/humble/include
[3.481s] -- Using RMW implementation 'rmw_fastrtps_cpp' as default
[3.529s] -- Performing Test CMAKE_HAVE_LIBC_PTHREAD
[3.736s] -- Performing Test CMAKE_HAVE_LIBC_PTHREAD - Success
[3.740s] -- Found Threads: TRUE
[3.943s] -- Found rosidl_default_generators: 1.2.0 (/opt/ros/humble/share/rosidl_default_generators/cmake)
[5.242s] -- Found ament_cmake_ros: 0.10.0 (/opt/ros/humble/share/ament_cmake_ros/cmake)
[7.568s] -- Using all available rosidl_typesupport_c: rosidl_typesupport_fastrtps_c;rosidl_typesupport_introspection_c
[8.491s] -- Using all available rosidl_typesupport_cpp: rosidl_typesupport_fastrtps_cpp;rosidl_typesupport_introspection_cpp
[8.498s] [33mCMake Warning (dev) at /opt/ros/humble/share/rosidl_generator_py/cmake/rosidl_generator_py_generate_interfaces.cmake:20 (find_package):
[8.498s]   Policy CMP0148 is not set: The FindPythonInterp and FindPythonLibs modules
[8.498s]   are removed.  Run "cmake --help-policy CMP0148" for policy details.  Use
[8.498s]   the cmake_policy command to set the policy and suppress this warning.
[8.499s] 
[8.499s] Call Stack (most recent call first):
[8.499s]   /opt/ros/humble/share/ament_cmake_core/cmake/core/ament_execute_extensions.cmake:48 (include)
[8.499s]   /opt/ros/humble/share/rosidl_cmake/cmake/rosidl_generate_interfaces.cmake:286 (ament_execute_extensions)
[8.499s]   CMakeLists.txt:25 (rosidl_generate_interfaces)
[8.499s] This warning is for project developers.  Use -Wno-dev to suppress it.
[8.499s] [0m
[8.565s] -- Found PythonInterp: /usr/bin/python3 (found suitable version "3.10.12", minimum required is "3.6")
[8.577s] -- Found python_cmake_module: 0.10.0 (/opt/ros/humble/share/python_cmake_module/cmake)
[8.581s] [33mCMake Warning (dev) at /opt/ros/humble/share/python_cmake_module/cmake/Modules/FindPythonExtra.cmake:52 (find_package):
[8.581s]   Policy CMP0148 is not set: The FindPythonInterp and FindPythonLibs modules
[8.581s]   are removed.  Run "cmake --help-policy CMP0148" for policy details.  Use
[8.581s]   the cmake_policy command to set the policy and suppress this warning.
[8.582s] 
[8.582s] Call Stack (most recent call first):
[8.582s]   /opt/ros/humble/share/rosidl_generator_py/cmake/rosidl_generator_py_generate_interfaces.cmake:23 (find_package)
[8.582s]   /opt/ros/humble/share/ament_cmake_core/cmake/core/ament_execute_extensions.cmake:48 (include)
[8.582s]   /opt/ros/humble/share/rosidl_cmake/cmake/rosidl_generate_interfaces.cmake:286 (ament_execute_extensions)
[8.583s]   CMakeLists.txt:25 (rosidl_generate_interfaces)
[8.583s] This warning is for project developers.  Use -Wno-dev to suppress it.
[8.583s] [0m
[8.645s] [33mCMake Warning (dev) at /opt/ros/humble/share/python_cmake_module/cmake/Modules/FindPythonExtra.cmake:140 (find_package):
[8.645s]   Policy CMP0148 is not set: The FindPythonInterp and FindPythonLibs modules
[8.646s]   are removed.  Run "cmake --help-policy CMP0148" for policy details.  Use
[8.646s]   the cmake_policy command to set the policy and suppress this warning.
[8.646s] 
[8.646s] Call Stack (most recent call first):
[8.646s]   /opt/ros/humble/share/rosidl_generator_py/cmake/rosidl_generator_py_generate_interfaces.cmake:23 (find_package)
[8.646s]   /opt/ros/humble/share/ament_cmake_core/cmake/core/ament_execute_extensions.cmake:48 (include)
[8.647s]   /opt/ros/humble/share/rosidl_cmake/cmake/rosidl_generate_interfaces.cmake:286 (ament_execute_extensions)
[8.647s]   CMakeLists.txt:25 (rosidl_generate_interfaces)
[8.647s] This warning is for project developers.  Use -Wno-dev to suppress it.
[8.647s] [0m
[8.682s] -- Found PythonLibs: /usr/lib/x86_64-linux-gnu/libpython3.10.so (found suitable version "3.10.12", minimum required is "3.5")
[8.683s] -- Using PYTHON_EXECUTABLE: /usr/bin/python3
[8.683s] -- Using PYTHON_INCLUDE_DIRS: /usr/include/python3.10
[8.683s] -- Using PYTHON_LIBRARIES: /usr/lib/x86_64-linux-gnu/libpython3.10.so
[8.749s] -- Found PythonExtra: .so
[8.955s] -- Found ament_lint_auto: 0.12.14 (/opt/ros/humble/share/ament_lint_auto/cmake)
[9.114s] -- Added test 'copyright' to check source files copyright and LICENSE
[9.127s] -- Added test 'lint_cmake' to check CMake code style
[9.135s] -- Added test 'xmllint' to check XML markup files
[9.149s] -- Configuring done (8.9s)
[9.292s] -- Generating done (0.1s)
[9.393s] -- Build files have been written to: /home/ph/ws/helios16p_ws/build/rslidar_msg
[9.426s] Invoked command in '/home/ph/ws/helios16p_ws/build/rslidar_msg' returned '0': CMAKE_PREFIX_PATH=${CMAKE_PREFIX_PATH}:/home/ph/ws/helios16p_ws/install/helios16p_cane_robot:/home/ph/mocap4r2_ws/install/mocap4r2cli:/opt/ros/humble /home/ph/.local/bin/cmake /home/ph/ws/helios16p_ws/src/rslidar_msg -DCMAKE_INSTALL_PREFIX=/home/ph/ws/helios16p_ws/install/rslidar_msg
[9.432s] Invoking command in '/home/ph/ws/helios16p_ws/build/rslidar_msg': CMAKE_PREFIX_PATH=${CMAKE_PREFIX_PATH}:/home/ph/ws/helios16p_ws/install/helios16p_cane_robot:/home/ph/mocap4r2_ws/install/mocap4r2cli:/opt/ros/humble /home/ph/.local/bin/cmake --build /home/ph/ws/helios16p_ws/build/rslidar_msg -- -j8 -l8
[9.788s] [  3%] [1m[34mGenerating C code for ROS interfaces[0m
[9.809s] [  6%] [1m[34mGenerating C++ code for ROS interfaces[0m
[9.820s] [  6%] Built target ament_cmake_python_copy_rslidar_msg
[10.558s] [  6%] Built target rslidar_msg__cpp
[10.581s] [  9%] [1m[34mGenerating C++ type support for eProsima Fast-RTPS[0m
[10.584s] [ 12%] [1m[34mGenerating C++ type support dispatch for ROS interfaces[0m
[10.587s] [ 16%] [1m[34mGenerating C++ introspection for ROS interfaces[0m
[10.609s] running egg_info
[10.612s] creating rslidar_msg.egg-info
[10.612s] writing rslidar_msg.egg-info/PKG-INFO
[10.613s] writing dependency_links to rslidar_msg.egg-info/dependency_links.txt
[10.613s] writing top-level names to rslidar_msg.egg-info/top_level.txt
[10.614s] writing manifest file 'rslidar_msg.egg-info/SOURCES.txt'
[10.622s] reading manifest file 'rslidar_msg.egg-info/SOURCES.txt'
[10.623s] [ 19%] [32mBuilding C object CMakeFiles/rslidar_msg__rosidl_generator_c.dir/rosidl_generator_c/rslidar_msg/msg/detail/rslidar_packet__functions.c.o[0m
[10.624s] writing manifest file 'rslidar_msg.egg-info/SOURCES.txt'
[10.717s] [ 19%] Built target ament_cmake_python_build_rslidar_msg_egg
[10.783s] [ 22%] [1m[32mLinking C shared library librslidar_msg__rosidl_generator_c.so[0m
[10.883s] [ 22%] Built target rslidar_msg__rosidl_generator_c
[10.909s] [ 29%] [1m[34mGenerating C introspection for ROS interfaces[0m
[10.909s] [ 29%] [1m[34mGenerating C type support for eProsima Fast-RTPS[0m
[10.910s] [ 32%] [1m[34mGenerating C type support dispatch for ROS interfaces[0m
[11.556s] [ 35%] [32mBuilding CXX object CMakeFiles/rslidar_msg__rosidl_typesupport_fastrtps_cpp.dir/rosidl_typesupport_fastrtps_cpp/rslidar_msg/msg/detail/dds_fastrtps/rslidar_packet__type_support.cpp.o[0m
[11.615s] [ 38%] [32mBuilding CXX object CMakeFiles/rslidar_msg__rosidl_typesupport_introspection_cpp.dir/rosidl_typesupport_introspection_cpp/rslidar_msg/msg/detail/rslidar_packet__type_support.cpp.o[0m
[11.626s] [ 41%] [32mBuilding CXX object CMakeFiles/rslidar_msg__rosidl_typesupport_cpp.dir/rosidl_typesupport_cpp/rslidar_msg/msg/rslidar_packet__type_support.cpp.o[0m
[11.930s] [ 45%] [32mBuilding CXX object CMakeFiles/rslidar_msg__rosidl_typesupport_fastrtps_c.dir/rosidl_typesupport_fastrtps_c/rslidar_msg/msg/detail/rslidar_packet__type_support_c.cpp.o[0m
[11.958s] [ 48%] [32mBuilding CXX object CMakeFiles/rslidar_msg__rosidl_typesupport_c.dir/rosidl_typesupport_c/rslidar_msg/msg/rslidar_packet__type_support.cpp.o[0m
[11.998s] [ 51%] [32mBuilding C object CMakeFiles/rslidar_msg__rosidl_typesupport_introspection_c.dir/rosidl_typesupport_introspection_c/rslidar_msg/msg/detail/rslidar_packet__type_support.c.o[0m
[12.062s] [ 54%] [1m[32mLinking CXX shared library librslidar_msg__rosidl_typesupport_c.so[0m
[12.123s] [ 58%] [1m[32mLinking C shared library librslidar_msg__rosidl_typesupport_introspection_c.so[0m
[12.184s] [ 58%] Built target rslidar_msg__rosidl_typesupport_c
[12.235s] [ 58%] Built target rslidar_msg__rosidl_typesupport_introspection_c
[12.678s] [ 61%] [1m[32mLinking CXX shared library librslidar_msg__rosidl_typesupport_cpp.so[0m
[12.781s] [ 61%] Built target rslidar_msg__rosidl_typesupport_cpp
[12.956s] [ 64%] [1m[32mLinking CXX shared library librslidar_msg__rosidl_typesupport_fastrtps_c.so[0m
[12.983s] [ 67%] [1m[32mLinking CXX shared library librslidar_msg__rosidl_typesupport_fastrtps_cpp.so[0m
[13.055s] [ 70%] [1m[32mLinking CXX shared library librslidar_msg__rosidl_typesupport_introspection_cpp.so[0m
[13.177s] [ 70%] Built target rslidar_msg__rosidl_typesupport_fastrtps_c
[13.196s] [ 70%] Built target rslidar_msg__rosidl_typesupport_fastrtps_cpp
[13.286s] [ 70%] Built target rslidar_msg__rosidl_typesupport_introspection_cpp
[13.324s] [ 70%] Built target rslidar_msg
[13.369s] [ 74%] [1m[34mGenerating Python code for ROS interfaces[0m
[14.205s] [ 74%] Built target rslidar_msg__py
[14.242s] [ 77%] [32mBuilding C object CMakeFiles/rslidar_msg__rosidl_generator_py.dir/rosidl_generator_py/rslidar_msg/msg/_rslidar_packet_s.c.o[0m
[14.544s] [ 80%] [1m[32mLinking C shared library rosidl_generator_py/rslidar_msg/librslidar_msg__rosidl_generator_py.so[0m
[14.638s] [ 80%] Built target rslidar_msg__rosidl_generator_py
[14.677s] [ 87%] [32mBuilding C object CMakeFiles/rslidar_msg__rosidl_typesupport_fastrtps_c__pyext.dir/rosidl_generator_py/rslidar_msg/_rslidar_msg_s.ep.rosidl_typesupport_fastrtps_c.c.o[0m
[14.677s] [ 87%] [32mBuilding C object CMakeFiles/rslidar_msg__rosidl_typesupport_introspection_c__pyext.dir/rosidl_generator_py/rslidar_msg/_rslidar_msg_s.ep.rosidl_typesupport_introspection_c.c.o[0m
[14.678s] [ 90%] [32mBuilding C object CMakeFiles/rslidar_msg__rosidl_typesupport_c__pyext.dir/rosidl_generator_py/rslidar_msg/_rslidar_msg_s.ep.rosidl_typesupport_c.c.o[0m
[14.957s] [ 96%] [1m[32mLinking C shared library rosidl_generator_py/rslidar_msg/rslidar_msg_s__rosidl_typesupport_fastrtps_c.cpython-310-x86_64-linux-gnu.so[0m
[14.957s] [ 96%] [1m[32mLinking C shared library rosidl_generator_py/rslidar_msg/rslidar_msg_s__rosidl_typesupport_c.cpython-310-x86_64-linux-gnu.so[0m
[14.963s] [100%] [1m[32mLinking C shared library rosidl_generator_py/rslidar_msg/rslidar_msg_s__rosidl_typesupport_introspection_c.cpython-310-x86_64-linux-gnu.so[0m
[15.051s] [100%] Built target rslidar_msg__rosidl_typesupport_c__pyext
[15.056s] [100%] Built target rslidar_msg__rosidl_typesupport_fastrtps_c__pyext
[15.060s] [100%] Built target rslidar_msg__rosidl_typesupport_introspection_c__pyext
[15.083s] Invoked command in '/home/ph/ws/helios16p_ws/build/rslidar_msg' returned '0': CMAKE_PREFIX_PATH=${CMAKE_PREFIX_PATH}:/home/ph/ws/helios16p_ws/install/helios16p_cane_robot:/home/ph/mocap4r2_ws/install/mocap4r2cli:/opt/ros/humble /home/ph/.local/bin/cmake --build /home/ph/ws/helios16p_ws/build/rslidar_msg -- -j8 -l8
[15.326s] Invoking command in '/home/ph/ws/helios16p_ws/build/rslidar_msg': CMAKE_PREFIX_PATH=${CMAKE_PREFIX_PATH}:/home/ph/ws/helios16p_ws/install/helios16p_cane_robot:/home/ph/mocap4r2_ws/install/mocap4r2cli:/opt/ros/humble /home/ph/.local/bin/cmake --install /home/ph/ws/helios16p_ws/build/rslidar_msg
[15.568s] -- Install configuration: ""
[15.569s] -- Installing: /home/ph/ws/helios16p_ws/install/rslidar_msg/share/ament_index/resource_index/rosidl_interfaces/rslidar_msg
[15.569s] -- Installing: /home/ph/ws/helios16p_ws/install/rslidar_msg/include/rslidar_msg/rslidar_msg
[15.570s] -- Installing: /home/ph/ws/helios16p_ws/install/rslidar_msg/include/rslidar_msg/rslidar_msg/msg
[15.570s] -- Installing: /home/ph/ws/helios16p_ws/install/rslidar_msg/include/rslidar_msg/rslidar_msg/msg/rslidar_packet.h
[15.570s] -- Installing: /home/ph/ws/helios16p_ws/install/rslidar_msg/include/rslidar_msg/rslidar_msg/msg/rosidl_generator_c__visibility_control.h
[15.571s] -- Installing: /home/ph/ws/helios16p_ws/install/rslidar_msg/include/rslidar_msg/rslidar_msg/msg/detail
[15.571s] -- Installing: /home/ph/ws/helios16p_ws/install/rslidar_msg/include/rslidar_msg/rslidar_msg/msg/detail/rslidar_packet__type_support.h
[15.572s] -- Installing: /home/ph/ws/helios16p_ws/install/rslidar_msg/include/rslidar_msg/rslidar_msg/msg/detail/rslidar_packet__functions.c
[15.572s] -- Installing: /home/ph/ws/helios16p_ws/install/rslidar_msg/include/rslidar_msg/rslidar_msg/msg/detail/rslidar_packet__struct.h
[15.572s] -- Installing: /home/ph/ws/helios16p_ws/install/rslidar_msg/include/rslidar_msg/rslidar_msg/msg/detail/rslidar_packet__functions.h
[15.573s] -- Installing: /home/ph/ws/helios16p_ws/install/rslidar_msg/share/rslidar_msg/environment/library_path.sh
[15.574s] -- Installing: /home/ph/ws/helios16p_ws/install/rslidar_msg/share/rslidar_msg/environment/library_path.dsv
[15.574s] -- Installing: /home/ph/ws/helios16p_ws/install/rslidar_msg/lib/librslidar_msg__rosidl_generator_c.so
[15.576s] -- Set non-toolchain portion of runtime path of "/home/ph/ws/helios16p_ws/install/rslidar_msg/lib/librslidar_msg__rosidl_generator_c.so" to ""
[15.576s] -- Up-to-date: /home/ph/ws/helios16p_ws/install/rslidar_msg/include/rslidar_msg/rslidar_msg
[15.576s] -- Up-to-date: /home/ph/ws/helios16p_ws/install/rslidar_msg/include/rslidar_msg/rslidar_msg/msg
[15.576s] -- Installing: /home/ph/ws/helios16p_ws/install/rslidar_msg/include/rslidar_msg/rslidar_msg/msg/rosidl_typesupport_fastrtps_c__visibility_control.h
[15.577s] -- Up-to-date: /home/ph/ws/helios16p_ws/install/rslidar_msg/include/rslidar_msg/rslidar_msg/msg/detail
[15.577s] -- Installing: /home/ph/ws/helios16p_ws/install/rslidar_msg/include/rslidar_msg/rslidar_msg/msg/detail/rslidar_packet__rosidl_typesupport_fastrtps_c.h
[15.577s] -- Installing: /home/ph/ws/helios16p_ws/install/rslidar_msg/lib/librslidar_msg__rosidl_typesupport_fastrtps_c.so
[15.578s] -- Set non-toolchain portion of runtime path of "/home/ph/ws/helios16p_ws/install/rslidar_msg/lib/librslidar_msg__rosidl_typesupport_fastrtps_c.so" to ""
[15.578s] -- Up-to-date: /home/ph/ws/helios16p_ws/install/rslidar_msg/include/rslidar_msg/rslidar_msg
[15.579s] -- Up-to-date: /home/ph/ws/helios16p_ws/install/rslidar_msg/include/rslidar_msg/rslidar_msg/msg
[15.579s] -- Installing: /home/ph/ws/helios16p_ws/install/rslidar_msg/include/rslidar_msg/rslidar_msg/msg/rosidl_generator_cpp__visibility_control.hpp
[15.579s] -- Installing: /home/ph/ws/helios16p_ws/install/rslidar_msg/include/rslidar_msg/rslidar_msg/msg/rslidar_packet.hpp
[15.580s] -- Up-to-date: /home/ph/ws/helios16p_ws/install/rslidar_msg/include/rslidar_msg/rslidar_msg/msg/detail
[15.580s] -- Installing: /home/ph/ws/helios16p_ws/install/rslidar_msg/include/rslidar_msg/rslidar_msg/msg/detail/rslidar_packet__traits.hpp
[15.580s] -- Installing: /home/ph/ws/helios16p_ws/install/rslidar_msg/include/rslidar_msg/rslidar_msg/msg/detail/rslidar_packet__builder.hpp
[15.580s] -- Installing: /home/ph/ws/helios16p_ws/install/rslidar_msg/include/rslidar_msg/rslidar_msg/msg/detail/rslidar_packet__struct.hpp
[15.581s] -- Installing: /home/ph/ws/helios16p_ws/install/rslidar_msg/include/rslidar_msg/rslidar_msg/msg/detail/rslidar_packet__type_support.hpp
[15.581s] -- Up-to-date: /home/ph/ws/helios16p_ws/install/rslidar_msg/include/rslidar_msg/rslidar_msg
[15.581s] -- Up-to-date: /home/ph/ws/helios16p_ws/install/rslidar_msg/include/rslidar_msg/rslidar_msg/msg
[15.582s] -- Installing: /home/ph/ws/helios16p_ws/install/rslidar_msg/include/rslidar_msg/rslidar_msg/msg/rosidl_typesupport_fastrtps_cpp__visibility_control.h
[15.582s] -- Up-to-date: /home/ph/ws/helios16p_ws/install/rslidar_msg/include/rslidar_msg/rslidar_msg/msg/detail
[15.582s] -- Installing: /home/ph/ws/helios16p_ws/install/rslidar_msg/include/rslidar_msg/rslidar_msg/msg/detail/rslidar_packet__rosidl_typesupport_fastrtps_cpp.hpp
[15.582s] -- Installing: /home/ph/ws/helios16p_ws/install/rslidar_msg/include/rslidar_msg/rslidar_msg/msg/detail/dds_fastrtps
[15.583s] -- Installing: /home/ph/ws/helios16p_ws/install/rslidar_msg/lib/librslidar_msg__rosidl_typesupport_fastrtps_cpp.so
[15.584s] -- Set non-toolchain portion of runtime path of "/home/ph/ws/helios16p_ws/install/rslidar_msg/lib/librslidar_msg__rosidl_typesupport_fastrtps_cpp.so" to ""
[15.585s] -- Up-to-date: /home/ph/ws/helios16p_ws/install/rslidar_msg/include/rslidar_msg/rslidar_msg
[15.585s] -- Up-to-date: /home/ph/ws/helios16p_ws/install/rslidar_msg/include/rslidar_msg/rslidar_msg/msg
[15.585s] -- Installing: /home/ph/ws/helios16p_ws/install/rslidar_msg/include/rslidar_msg/rslidar_msg/msg/rosidl_typesupport_introspection_c__visibility_control.h
[15.585s] -- Up-to-date: /home/ph/ws/helios16p_ws/install/rslidar_msg/include/rslidar_msg/rslidar_msg/msg/detail
[15.586s] -- Installing: /home/ph/ws/helios16p_ws/install/rslidar_msg/include/rslidar_msg/rslidar_msg/msg/detail/rslidar_packet__type_support.c
[15.586s] -- Installing: /home/ph/ws/helios16p_ws/install/rslidar_msg/include/rslidar_msg/rslidar_msg/msg/detail/rslidar_packet__rosidl_typesupport_introspection_c.h
[15.586s] -- Installing: /home/ph/ws/helios16p_ws/install/rslidar_msg/lib/librslidar_msg__rosidl_typesupport_introspection_c.so
[15.587s] -- Set non-toolchain portion of runtime path of "/home/ph/ws/helios16p_ws/install/rslidar_msg/lib/librslidar_msg__rosidl_typesupport_introspection_c.so" to ""
[15.588s] -- Installing: /home/ph/ws/helios16p_ws/install/rslidar_msg/lib/librslidar_msg__rosidl_typesupport_c.so
[15.589s] -- Set non-toolchain portion of runtime path of "/home/ph/ws/helios16p_ws/install/rslidar_msg/lib/librslidar_msg__rosidl_typesupport_c.so" to ""
[15.589s] -- Up-to-date: /home/ph/ws/helios16p_ws/install/rslidar_msg/include/rslidar_msg/rslidar_msg
[15.589s] -- Up-to-date: /home/ph/ws/helios16p_ws/install/rslidar_msg/include/rslidar_msg/rslidar_msg/msg
[15.589s] -- Up-to-date: /home/ph/ws/helios16p_ws/install/rslidar_msg/include/rslidar_msg/rslidar_msg/msg/detail
[15.590s] -- Installing: /home/ph/ws/helios16p_ws/install/rslidar_msg/include/rslidar_msg/rslidar_msg/msg/detail/rslidar_packet__type_support.cpp
[15.590s] -- Installing: /home/ph/ws/helios16p_ws/install/rslidar_msg/include/rslidar_msg/rslidar_msg/msg/detail/rslidar_packet__rosidl_typesupport_introspection_cpp.hpp
[15.590s] -- Installing: /home/ph/ws/helios16p_ws/install/rslidar_msg/lib/librslidar_msg__rosidl_typesupport_introspection_cpp.so
[15.591s] -- Set non-toolchain portion of runtime path of "/home/ph/ws/helios16p_ws/install/rslidar_msg/lib/librslidar_msg__rosidl_typesupport_introspection_cpp.so" to ""
[15.592s] -- Installing: /home/ph/ws/helios16p_ws/install/rslidar_msg/lib/librslidar_msg__rosidl_typesupport_cpp.so
[15.593s] -- Set non-toolchain portion of runtime path of "/home/ph/ws/helios16p_ws/install/rslidar_msg/lib/librslidar_msg__rosidl_typesupport_cpp.so" to ""
[15.593s] -- Installing: /home/ph/ws/helios16p_ws/install/rslidar_msg/share/rslidar_msg/environment/pythonpath.sh
[15.594s] -- Installing: /home/ph/ws/helios16p_ws/install/rslidar_msg/share/rslidar_msg/environment/pythonpath.dsv
[15.594s] -- Installing: /home/ph/ws/helios16p_ws/install/rslidar_msg/local/lib/python3.10/dist-packages/rslidar_msg-0.0.0-py3.10.egg-info
[15.595s] -- Installing: /home/ph/ws/helios16p_ws/install/rslidar_msg/local/lib/python3.10/dist-packages/rslidar_msg-0.0.0-py3.10.egg-info/SOURCES.txt
[15.595s] -- Installing: /home/ph/ws/helios16p_ws/install/rslidar_msg/local/lib/python3.10/dist-packages/rslidar_msg-0.0.0-py3.10.egg-info/top_level.txt
[15.596s] -- Installing: /home/ph/ws/helios16p_ws/install/rslidar_msg/local/lib/python3.10/dist-packages/rslidar_msg-0.0.0-py3.10.egg-info/dependency_links.txt
[15.596s] -- Installing: /home/ph/ws/helios16p_ws/install/rslidar_msg/local/lib/python3.10/dist-packages/rslidar_msg-0.0.0-py3.10.egg-info/PKG-INFO
[15.597s] -- Installing: /home/ph/ws/helios16p_ws/install/rslidar_msg/local/lib/python3.10/dist-packages/rslidar_msg
[15.597s] -- Installing: /home/ph/ws/helios16p_ws/install/rslidar_msg/local/lib/python3.10/dist-packages/rslidar_msg/rslidar_msg_s__rosidl_typesupport_introspection_c.cpython-310-x86_64-linux-gnu.so
[15.597s] -- Installing: /home/ph/ws/helios16p_ws/install/rslidar_msg/local/lib/python3.10/dist-packages/rslidar_msg/_rslidar_msg_s.ep.rosidl_typesupport_c.c
[15.598s] -- Installing: /home/ph/ws/helios16p_ws/install/rslidar_msg/local/lib/python3.10/dist-packages/rslidar_msg/__init__.py
[15.598s] -- Installing: /home/ph/ws/helios16p_ws/install/rslidar_msg/local/lib/python3.10/dist-packages/rslidar_msg/librslidar_msg__rosidl_generator_py.so
[15.599s] -- Installing: /home/ph/ws/helios16p_ws/install/rslidar_msg/local/lib/python3.10/dist-packages/rslidar_msg/_rslidar_msg_s.ep.rosidl_typesupport_fastrtps_c.c
[15.599s] -- Installing: /home/ph/ws/helios16p_ws/install/rslidar_msg/local/lib/python3.10/dist-packages/rslidar_msg/rslidar_msg_s__rosidl_typesupport_fastrtps_c.cpython-310-x86_64-linux-gnu.so
[15.600s] -- Installing: /home/ph/ws/helios16p_ws/install/rslidar_msg/local/lib/python3.10/dist-packages/rslidar_msg/msg
[15.600s] -- Installing: /home/ph/ws/helios16p_ws/install/rslidar_msg/local/lib/python3.10/dist-packages/rslidar_msg/msg/_rslidar_packet_s.c
[15.600s] -- Installing: /home/ph/ws/helios16p_ws/install/rslidar_msg/local/lib/python3.10/dist-packages/rslidar_msg/msg/_rslidar_packet.py
[15.601s] -- Installing: /home/ph/ws/helios16p_ws/install/rslidar_msg/local/lib/python3.10/dist-packages/rslidar_msg/msg/__init__.py
[15.601s] -- Installing: /home/ph/ws/helios16p_ws/install/rslidar_msg/local/lib/python3.10/dist-packages/rslidar_msg/_rslidar_msg_s.ep.rosidl_typesupport_introspection_c.c
[15.602s] -- Installing: /home/ph/ws/helios16p_ws/install/rslidar_msg/local/lib/python3.10/dist-packages/rslidar_msg/rslidar_msg_s__rosidl_typesupport_c.cpython-310-x86_64-linux-gnu.so
[15.703s] Listing '/home/ph/ws/helios16p_ws/install/rslidar_msg/local/lib/python3.10/dist-packages/rslidar_msg'...
[15.704s] Compiling '/home/ph/ws/helios16p_ws/install/rslidar_msg/local/lib/python3.10/dist-packages/rslidar_msg/__init__.py'...
[15.704s] Listing '/home/ph/ws/helios16p_ws/install/rslidar_msg/local/lib/python3.10/dist-packages/rslidar_msg/msg'...
[15.704s] Compiling '/home/ph/ws/helios16p_ws/install/rslidar_msg/local/lib/python3.10/dist-packages/rslidar_msg/msg/__init__.py'...
[15.704s] Compiling '/home/ph/ws/helios16p_ws/install/rslidar_msg/local/lib/python3.10/dist-packages/rslidar_msg/msg/_rslidar_packet.py'...
[15.715s] -- Installing: /home/ph/ws/helios16p_ws/install/rslidar_msg/local/lib/python3.10/dist-packages/rslidar_msg/rslidar_msg_s__rosidl_typesupport_fastrtps_c.cpython-310-x86_64-linux-gnu.so
[15.716s] -- Set non-toolchain portion of runtime path of "/home/ph/ws/helios16p_ws/install/rslidar_msg/local/lib/python3.10/dist-packages/rslidar_msg/rslidar_msg_s__rosidl_typesupport_fastrtps_c.cpython-310-x86_64-linux-gnu.so" to ""
[15.717s] -- Installing: /home/ph/ws/helios16p_ws/install/rslidar_msg/local/lib/python3.10/dist-packages/rslidar_msg/rslidar_msg_s__rosidl_typesupport_introspection_c.cpython-310-x86_64-linux-gnu.so
[15.718s] -- Set non-toolchain portion of runtime path of "/home/ph/ws/helios16p_ws/install/rslidar_msg/local/lib/python3.10/dist-packages/rslidar_msg/rslidar_msg_s__rosidl_typesupport_introspection_c.cpython-310-x86_64-linux-gnu.so" to ""
[15.719s] -- Installing: /home/ph/ws/helios16p_ws/install/rslidar_msg/local/lib/python3.10/dist-packages/rslidar_msg/rslidar_msg_s__rosidl_typesupport_c.cpython-310-x86_64-linux-gnu.so
[15.720s] -- Set non-toolchain portion of runtime path of "/home/ph/ws/helios16p_ws/install/rslidar_msg/local/lib/python3.10/dist-packages/rslidar_msg/rslidar_msg_s__rosidl_typesupport_c.cpython-310-x86_64-linux-gnu.so" to ""
[15.720s] -- Installing: /home/ph/ws/helios16p_ws/install/rslidar_msg/lib/librslidar_msg__rosidl_generator_py.so
[15.721s] -- Set non-toolchain portion of runtime path of "/home/ph/ws/helios16p_ws/install/rslidar_msg/lib/librslidar_msg__rosidl_generator_py.so" to ""
[15.722s] -- Installing: /home/ph/ws/helios16p_ws/install/rslidar_msg/share/rslidar_msg/msg/RslidarPacket.idl
[15.722s] -- Installing: /home/ph/ws/helios16p_ws/install/rslidar_msg/share/rslidar_msg/msg/RslidarPacket.msg
[15.723s] -- Installing: /home/ph/ws/helios16p_ws/install/rslidar_msg/share/ament_index/resource_index/package_run_dependencies/rslidar_msg
[15.724s] -- Installing: /home/ph/ws/helios16p_ws/install/rslidar_msg/share/ament_index/resource_index/parent_prefix_path/rslidar_msg
[15.725s] -- Installing: /home/ph/ws/helios16p_ws/install/rslidar_msg/share/rslidar_msg/environment/ament_prefix_path.sh
[15.726s] -- Installing: /home/ph/ws/helios16p_ws/install/rslidar_msg/share/rslidar_msg/environment/ament_prefix_path.dsv
[15.726s] -- Installing: /home/ph/ws/helios16p_ws/install/rslidar_msg/share/rslidar_msg/environment/path.sh
[15.727s] -- Installing: /home/ph/ws/helios16p_ws/install/rslidar_msg/share/rslidar_msg/environment/path.dsv
[15.727s] -- Installing: /home/ph/ws/helios16p_ws/install/rslidar_msg/share/rslidar_msg/local_setup.bash
[15.728s] -- Installing: /home/ph/ws/helios16p_ws/install/rslidar_msg/share/rslidar_msg/local_setup.sh
[15.728s] -- Installing: /home/ph/ws/helios16p_ws/install/rslidar_msg/share/rslidar_msg/local_setup.zsh
[15.729s] -- Installing: /home/ph/ws/helios16p_ws/install/rslidar_msg/share/rslidar_msg/local_setup.dsv
[15.729s] -- Installing: /home/ph/ws/helios16p_ws/install/rslidar_msg/share/rslidar_msg/package.dsv
[15.730s] -- Installing: /home/ph/ws/helios16p_ws/install/rslidar_msg/share/ament_index/resource_index/packages/rslidar_msg
[15.730s] -- Installing: /home/ph/ws/helios16p_ws/install/rslidar_msg/share/rslidar_msg/cmake/export_rslidar_msg__rosidl_generator_cExport.cmake
[15.731s] -- Installing: /home/ph/ws/helios16p_ws/install/rslidar_msg/share/rslidar_msg/cmake/export_rslidar_msg__rosidl_generator_cExport-noconfig.cmake
[15.731s] -- Installing: /home/ph/ws/helios16p_ws/install/rslidar_msg/share/rslidar_msg/cmake/export_rslidar_msg__rosidl_typesupport_fastrtps_cExport.cmake
[15.732s] -- Installing: /home/ph/ws/helios16p_ws/install/rslidar_msg/share/rslidar_msg/cmake/export_rslidar_msg__rosidl_typesupport_fastrtps_cExport-noconfig.cmake
[15.732s] -- Installing: /home/ph/ws/helios16p_ws/install/rslidar_msg/share/rslidar_msg/cmake/export_rslidar_msg__rosidl_generator_cppExport.cmake
[15.733s] -- Installing: /home/ph/ws/helios16p_ws/install/rslidar_msg/share/rslidar_msg/cmake/export_rslidar_msg__rosidl_typesupport_fastrtps_cppExport.cmake
[15.733s] -- Installing: /home/ph/ws/helios16p_ws/install/rslidar_msg/share/rslidar_msg/cmake/export_rslidar_msg__rosidl_typesupport_fastrtps_cppExport-noconfig.cmake
[15.734s] -- Installing: /home/ph/ws/helios16p_ws/install/rslidar_msg/share/rslidar_msg/cmake/rslidar_msg__rosidl_typesupport_introspection_cExport.cmake
[15.734s] -- Installing: /home/ph/ws/helios16p_ws/install/rslidar_msg/share/rslidar_msg/cmake/rslidar_msg__rosidl_typesupport_introspection_cExport-noconfig.cmake
[15.735s] -- Installing: /home/ph/ws/helios16p_ws/install/rslidar_msg/share/rslidar_msg/cmake/rslidar_msg__rosidl_typesupport_cExport.cmake
[15.735s] -- Installing: /home/ph/ws/helios16p_ws/install/rslidar_msg/share/rslidar_msg/cmake/rslidar_msg__rosidl_typesupport_cExport-noconfig.cmake
[15.736s] -- Installing: /home/ph/ws/helios16p_ws/install/rslidar_msg/share/rslidar_msg/cmake/rslidar_msg__rosidl_typesupport_introspection_cppExport.cmake
[15.737s] -- Installing: /home/ph/ws/helios16p_ws/install/rslidar_msg/share/rslidar_msg/cmake/rslidar_msg__rosidl_typesupport_introspection_cppExport-noconfig.cmake
[15.737s] -- Installing: /home/ph/ws/helios16p_ws/install/rslidar_msg/share/rslidar_msg/cmake/rslidar_msg__rosidl_typesupport_cppExport.cmake
[15.738s] -- Installing: /home/ph/ws/helios16p_ws/install/rslidar_msg/share/rslidar_msg/cmake/rslidar_msg__rosidl_typesupport_cppExport-noconfig.cmake
[15.738s] -- Installing: /home/ph/ws/helios16p_ws/install/rslidar_msg/share/rslidar_msg/cmake/export_rslidar_msg__rosidl_generator_pyExport.cmake
[15.739s] -- Installing: /home/ph/ws/helios16p_ws/install/rslidar_msg/share/rslidar_msg/cmake/export_rslidar_msg__rosidl_generator_pyExport-noconfig.cmake
[15.739s] -- Installing: /home/ph/ws/helios16p_ws/install/rslidar_msg/share/rslidar_msg/cmake/rosidl_cmake-extras.cmake
[15.740s] -- Installing: /home/ph/ws/helios16p_ws/install/rslidar_msg/share/rslidar_msg/cmake/ament_cmake_export_dependencies-extras.cmake
[15.740s] -- Installing: /home/ph/ws/helios16p_ws/install/rslidar_msg/share/rslidar_msg/cmake/ament_cmake_export_include_directories-extras.cmake
[15.741s] -- Installing: /home/ph/ws/helios16p_ws/install/rslidar_msg/share/rslidar_msg/cmake/ament_cmake_export_libraries-extras.cmake
[15.741s] -- Installing: /home/ph/ws/helios16p_ws/install/rslidar_msg/share/rslidar_msg/cmake/ament_cmake_export_targets-extras.cmake
[15.742s] -- Installing: /home/ph/ws/helios16p_ws/install/rslidar_msg/share/rslidar_msg/cmake/rosidl_cmake_export_typesupport_targets-extras.cmake
[15.742s] -- Installing: /home/ph/ws/helios16p_ws/install/rslidar_msg/share/rslidar_msg/cmake/rosidl_cmake_export_typesupport_libraries-extras.cmake
[15.743s] -- Installing: /home/ph/ws/helios16p_ws/install/rslidar_msg/share/rslidar_msg/cmake/rslidar_msgConfig.cmake
[15.743s] -- Installing: /home/ph/ws/helios16p_ws/install/rslidar_msg/share/rslidar_msg/cmake/rslidar_msgConfig-version.cmake
[15.743s] -- Installing: /home/ph/ws/helios16p_ws/install/rslidar_msg/share/rslidar_msg/package.xml
[15.749s] Invoked command in '/home/ph/ws/helios16p_ws/build/rslidar_msg' returned '0': CMAKE_PREFIX_PATH=${CMAKE_PREFIX_PATH}:/home/ph/ws/helios16p_ws/install/helios16p_cane_robot:/home/ph/mocap4r2_ws/install/mocap4r2cli:/opt/ros/humble /home/ph/.local/bin/cmake --install /home/ph/ws/helios16p_ws/build/rslidar_msg
