[0.031s] Invoking command in '/home/ph/ws/helios16p_ws/build/go1_description': CMAKE_PREFIX_PATH=/opt/ros/humble /home/ph/.local/bin/cmake /home/ph/ws/helios16p_ws/src/go1_description -DCMAKE_INSTALL_PREFIX=/home/ph/ws/helios16p_ws/install/go1_description
[0.263s] [0mCMake Deprecation Warning at CMakeLists.txt:1 (cmake_minimum_required):
[0.263s]   Compatibility with CMake < 3.10 will be removed from a future version of
[0.264s]   CMake.
[0.264s] 
[0.264s]   Update the VERSION argument <min> value.  Or, use the <min>...<max> syntax
[0.265s]   to tell CMake that the project requires at least <min> but has been updated
[0.265s]   to work with policies introduced by <max> or earlier.
[0.265s] 
[0.266s] [0m
[0.409s] -- The C compiler identification is GNU 11.4.0
[0.635s] -- The CXX compiler identification is GNU 11.4.0
[0.662s] -- Detecting C compiler ABI info
[0.836s] -- Detecting C compiler ABI info - done
[0.889s] -- Check for working C compiler: /usr/bin/cc - skipped
[0.889s] -- Detecting C compile features
[0.891s] -- Detecting C compile features - done
[0.927s] -- Detecting CXX compiler ABI info
[1.147s] -- Detecting CXX compiler ABI info - done
[1.202s] -- Check for working CXX compiler: /usr/bin/c++ - skipped
[1.204s] -- Detecting CXX compile features
[1.206s] -- Detecting CXX compile features - done
[1.232s] -- Found ament_cmake: 1.3.12 (/opt/ros/humble/share/ament_cmake/cmake)
[1.594s] -- Found Python3: /usr/bin/python3 (found version "3.10.12") found components: Interpreter
[1.866s] -- Found ament_lint_auto: 0.12.14 (/opt/ros/humble/share/ament_lint_auto/cmake)
[2.100s] -- Added test 'flake8' to check Python code syntax and style conventions
[2.103s] -- Added test 'lint_cmake' to check CMake code style
[2.106s] -- Added test 'pep257' to check Python code against some of the docstring style conventions in PEP 257
[2.114s] -- Added test 'xmllint' to check XML markup files
[2.119s] -- Configuring done (1.9s)
[2.133s] -- Generating done (0.0s)
[2.138s] -- Build files have been written to: /home/ph/ws/helios16p_ws/build/go1_description
[2.151s] Invoked command in '/home/ph/ws/helios16p_ws/build/go1_description' returned '0': CMAKE_PREFIX_PATH=/opt/ros/humble /home/ph/.local/bin/cmake /home/ph/ws/helios16p_ws/src/go1_description -DCMAKE_INSTALL_PREFIX=/home/ph/ws/helios16p_ws/install/go1_description
[2.155s] Invoking command in '/home/ph/ws/helios16p_ws/build/go1_description': CMAKE_PREFIX_PATH=/opt/ros/humble /home/ph/.local/bin/cmake --build /home/ph/ws/helios16p_ws/build/go1_description -- -j8 -l8
[2.432s] Invoked command in '/home/ph/ws/helios16p_ws/build/go1_description' returned '0': CMAKE_PREFIX_PATH=/opt/ros/humble /home/ph/.local/bin/cmake --build /home/ph/ws/helios16p_ws/build/go1_description -- -j8 -l8
[2.661s] Invoking command in '/home/ph/ws/helios16p_ws/build/go1_description': CMAKE_PREFIX_PATH=/opt/ros/humble /home/ph/.local/bin/cmake --install /home/ph/ws/helios16p_ws/build/go1_description
[2.886s] -- Install configuration: ""
[2.887s] -- Up-to-date: /home/ph/ws/helios16p_ws/install/go1_description/share/go1_description//launch
[2.887s] -- Installing: /home/ph/ws/helios16p_ws/install/go1_description/share/go1_description//launch/go1_rviz.launch
[2.887s] -- Installing: /home/ph/ws/helios16p_ws/install/go1_description/share/go1_description//launch/go1_description.launch.py
[2.887s] -- Installing: /home/ph/ws/helios16p_ws/install/go1_description/share/go1_description//launch/check_joint.rviz
[2.888s] -- Installing: /home/ph/ws/helios16p_ws/install/go1_description/share/go1_description//config
[2.888s] -- Installing: /home/ph/ws/helios16p_ws/install/go1_description/share/go1_description//config/robot_control.yaml
[2.889s] -- Installing: /home/ph/ws/helios16p_ws/install/go1_description/share/go1_description//meshes
[2.889s] -- Installing: /home/ph/ws/helios16p_ws/install/go1_description/share/go1_description//meshes/calf.dae
[2.903s] -- Installing: /home/ph/ws/helios16p_ws/install/go1_description/share/go1_description//meshes/hip.dae
[2.920s] -- Installing: /home/ph/ws/helios16p_ws/install/go1_description/share/go1_description//meshes/depthCamera.dae
[2.921s] -- Installing: /home/ph/ws/helios16p_ws/install/go1_description/share/go1_description//meshes/trunk.dae
[3.367s] -- Installing: /home/ph/ws/helios16p_ws/install/go1_description/share/go1_description//meshes/thigh_mirror.dae
[3.377s] -- Installing: /home/ph/ws/helios16p_ws/install/go1_description/share/go1_description//meshes/thigh.dae
[3.385s] -- Installing: /home/ph/ws/helios16p_ws/install/go1_description/share/go1_description//meshes/ultraSound.dae
[3.387s] -- Installing: /home/ph/ws/helios16p_ws/install/go1_description/share/go1_description//xacro
[3.388s] -- Installing: /home/ph/ws/helios16p_ws/install/go1_description/share/go1_description//xacro/gazebo.xacro
[3.389s] -- Installing: /home/ph/ws/helios16p_ws/install/go1_description/share/go1_description//xacro/depthCamera.xacro
[3.389s] -- Installing: /home/ph/ws/helios16p_ws/install/go1_description/share/go1_description//xacro/materials.xacro
[3.390s] -- Installing: /home/ph/ws/helios16p_ws/install/go1_description/share/go1_description//xacro/helios16p_LiDAR.urdf.xacro
[3.391s] -- Installing: /home/ph/ws/helios16p_ws/install/go1_description/share/go1_description//xacro/const.xacro
[3.392s] -- Installing: /home/ph/ws/helios16p_ws/install/go1_description/share/go1_description//xacro/robot.xacro
[3.392s] -- Installing: /home/ph/ws/helios16p_ws/install/go1_description/share/go1_description//xacro/transmission.xacro
[3.393s] -- Installing: /home/ph/ws/helios16p_ws/install/go1_description/share/go1_description//xacro/leg.xacro
[3.394s] -- Installing: /home/ph/ws/helios16p_ws/install/go1_description/share/go1_description//xacro/ultraSound.xacro
[3.395s] -- Installing: /home/ph/ws/helios16p_ws/install/go1_description/share/ament_index/resource_index/package_run_dependencies/go1_description
[3.396s] -- Installing: /home/ph/ws/helios16p_ws/install/go1_description/share/ament_index/resource_index/parent_prefix_path/go1_description
[3.397s] -- Installing: /home/ph/ws/helios16p_ws/install/go1_description/share/go1_description/environment/ament_prefix_path.sh
[3.397s] -- Installing: /home/ph/ws/helios16p_ws/install/go1_description/share/go1_description/environment/ament_prefix_path.dsv
[3.398s] -- Installing: /home/ph/ws/helios16p_ws/install/go1_description/share/go1_description/environment/path.sh
[3.398s] -- Installing: /home/ph/ws/helios16p_ws/install/go1_description/share/go1_description/environment/path.dsv
[3.398s] -- Installing: /home/ph/ws/helios16p_ws/install/go1_description/share/go1_description/local_setup.bash
[3.399s] -- Installing: /home/ph/ws/helios16p_ws/install/go1_description/share/go1_description/local_setup.sh
[3.399s] -- Installing: /home/ph/ws/helios16p_ws/install/go1_description/share/go1_description/local_setup.zsh
[3.400s] -- Installing: /home/ph/ws/helios16p_ws/install/go1_description/share/go1_description/local_setup.dsv
[3.400s] -- Installing: /home/ph/ws/helios16p_ws/install/go1_description/share/go1_description/package.dsv
[3.401s] -- Installing: /home/ph/ws/helios16p_ws/install/go1_description/share/ament_index/resource_index/packages/go1_description
[3.402s] -- Installing: /home/ph/ws/helios16p_ws/install/go1_description/share/go1_description/cmake/go1_descriptionConfig.cmake
[3.402s] -- Installing: /home/ph/ws/helios16p_ws/install/go1_description/share/go1_description/cmake/go1_descriptionConfig-version.cmake
[3.402s] -- Installing: /home/ph/ws/helios16p_ws/install/go1_description/share/go1_description/package.xml
[3.408s] Invoked command in '/home/ph/ws/helios16p_ws/build/go1_description' returned '0': CMAKE_PREFIX_PATH=/opt/ros/humble /home/ph/.local/bin/cmake --install /home/ph/ws/helios16p_ws/build/go1_description
