[0.191s] Invoking command in '/home/admin/bench/lab/STAGING_helios16p_kiss_legged_bench_cyclone_container_files/helios16p_ws/build/rslidar_sdk': AMENT_PREFIX_PATH=/home/admin/bench/lab/STAGING_helios16p_kiss_legged_bench_cyclone_container_files/helios16p_ws/install/rslidar_msg:${AMENT_PREFIX_PATH} CMAKE_PREFIX_PATH=/home/admin/bench/lab/STAGING_helios16p_kiss_legged_bench_cyclone_container_files/helios16p_ws/install/rslidar_msg:/home/admin/bench/lab/go1_control/install/unitree_nav:/home/admin/bench/lab/go1_control/install/unitree_nav_interfaces:/home/admin/bench/lab/go1_control/install/ros2_unitree_legged_msgs:/home/admin/bench/lab/helios16p_ws/install/vicon_receiver:/home/admin/bench/lab/helios16p_ws/install/rslidar_sdk:/home/admin/bench/lab/helios16p_ws/install/rslidar_msg:/home/admin/bench/lab/helios16p_ws/install/kiss_icp:/home/admin/bench/lab/helios16p_ws/install/go1_description:/home/admin/bench/lab/helios16p_ws/install/helios16p_cane_robot:/opt/ros/humble LD_LIBRARY_PATH=/home/admin/bench/lab/STAGING_helios16p_kiss_legged_bench_cyclone_container_files/helios16p_ws/install/rslidar_msg/lib:${LD_LIBRARY_PATH} PYTHONPATH=/home/admin/bench/lab/STAGING_helios16p_kiss_legged_bench_cyclone_container_files/helios16p_ws/install/rslidar_msg/local/lib/python3.10/dist-packages:${PYTHONPATH} /usr/local/bin/cmake /home/admin/bench/lab/STAGING_helios16p_kiss_legged_bench_cyclone_container_files/helios16p_ws/src/rslidar_sdk -DCMAKE_INSTALL_PREFIX=/home/admin/bench/lab/STAGING_helios16p_kiss_legged_bench_cyclone_container_files/helios16p_ws/install/rslidar_sdk
[1.212s] -- The C compiler identification is GNU 11.4.0
[1.213s] -- The CXX compiler identification is GNU 11.4.0
[1.214s] -- Detecting C compiler ABI info
[1.215s] -- Detecting C compiler ABI info - done
[1.217s] [0mCMake Deprecation Warning at CMakeLists.txt:1 (cmake_minimum_required):
[1.225s]   Compatibility with CMake < 3.10 will be removed from a future version of
[1.225s]   CMake.
[1.226s] 
[1.228s]   Update the VERSION argument <min> value.  Or, use the <min>...<max> syntax
[1.228s]   to tell CMake that the project requires at least <min> but has been updated
[1.228s]   to work with policies introduced by <max> or earlier.
[1.229s] 
[1.229s] [0m
[1.264s] -- Check for working C compiler: /usr/bin/cc - skipped
[1.265s] -- Detecting C compile features
[1.269s] -- Detecting C compile features - done
[1.367s] -- Detecting CXX compiler ABI info
[1.654s] -- Detecting CXX compiler ABI info - done
[1.736s] -- Check for working CXX compiler: /usr/bin/c++ - skipped
[1.737s] -- Detecting CXX compile features
[1.740s] -- Detecting CXX compile features - done
[1.785s] [0m=============================================================[0m
[1.785s] [0m-- POINT_TYPE is XYZI[0m
[1.786s] [0m=============================================================[0m
[4.717s] [0m=============================================================[0m
[4.724s] [0m-- ROS Not Found. ROS Support is turned Off.[0m
[4.725s] [0m=============================================================[0m
[5.224s] -- Found Python3: /usr/bin/python3 (found version "3.10.12") found components: Interpreter
[6.242s] -- Found rosidl_generator_c: 3.1.7 (/opt/ros/humble/share/rosidl_generator_c/cmake)
[6.296s] -- Found rosidl_adapter: 3.1.7 (/opt/ros/humble/share/rosidl_adapter/cmake)
[6.359s] -- Found rosidl_generator_cpp: 3.1.7 (/opt/ros/humble/share/rosidl_generator_cpp/cmake)
[6.437s] -- Using all available rosidl_typesupport_c: rosidl_typesupport_fastrtps_c;rosidl_typesupport_introspection_c
[6.554s] -- Using all available rosidl_typesupport_cpp: rosidl_typesupport_fastrtps_cpp;rosidl_typesupport_introspection_cpp
[6.930s] -- Found rmw_implementation_cmake: 6.1.2 (/opt/ros/humble/share/rmw_implementation_cmake/cmake)
[6.952s] -- Found rmw_cyclonedds_cpp: 1.3.4 (/opt/ros/humble/share/rmw_cyclonedds_cpp/cmake)
[7.148s] -- Using RMW implementation 'rmw_cyclonedds_cpp' as default
[7.258s] -- Performing Test CMAKE_HAVE_LIBC_PTHREAD
[7.582s] -- Performing Test CMAKE_HAVE_LIBC_PTHREAD - Success
[7.587s] -- Found Threads: TRUE
[8.008s] [0m=============================================================[0m
[8.008s] [0m-- ROS2 Found. ROS2 Support is turned On.[0m
[8.009s] [0m=============================================================[0m
[8.030s] -- Found sensor_msgs: 4.9.0 (/opt/ros/humble/share/sensor_msgs/cmake)
[8.245s] -- Found rslidar_msg: 0.0.0 (/home/admin/bench/lab/STAGING_helios16p_kiss_legged_bench_cyclone_container_files/helios16p_ws/install/rslidar_msg/share/rslidar_msg/cmake)
[8.371s] [0mCMake Deprecation Warning at src/rs_driver/CMakeLists.txt:1 (cmake_minimum_required):
[8.371s]   Compatibility with CMake < 3.10 will be removed from a future version of
[8.372s]   CMake.
[8.372s] 
[8.372s]   Update the VERSION argument <min> value.  Or, use the <min>...<max> syntax
[8.373s]   to tell CMake that the project requires at least <min> but has been updated
[8.373s]   to work with policies introduced by <max> or earlier.
[8.373s] 
[8.373s] [0m
[8.374s] [0m=============================================================[0m
[8.374s] [0m-- CMake run for UNIX GNU Compiler[0m
[8.374s] [0m=============================================================[0m
[8.504s] [0m=============================================================[0m
[8.506s] [0m-- rs_driver Version : v1.5.18[0m
[8.507s] [0m=============================================================[0m
[8.816s] -- Configuring done (8.4s)
[8.899s] -- Generating done (0.1s)
[9.317s] -- Build files have been written to: /home/admin/bench/lab/STAGING_helios16p_kiss_legged_bench_cyclone_container_files/helios16p_ws/build/rslidar_sdk
[9.348s] Invoked command in '/home/admin/bench/lab/STAGING_helios16p_kiss_legged_bench_cyclone_container_files/helios16p_ws/build/rslidar_sdk' returned '0': AMENT_PREFIX_PATH=/home/admin/bench/lab/STAGING_helios16p_kiss_legged_bench_cyclone_container_files/helios16p_ws/install/rslidar_msg:${AMENT_PREFIX_PATH} CMAKE_PREFIX_PATH=/home/admin/bench/lab/STAGING_helios16p_kiss_legged_bench_cyclone_container_files/helios16p_ws/install/rslidar_msg:/home/admin/bench/lab/go1_control/install/unitree_nav:/home/admin/bench/lab/go1_control/install/unitree_nav_interfaces:/home/admin/bench/lab/go1_control/install/ros2_unitree_legged_msgs:/home/admin/bench/lab/helios16p_ws/install/vicon_receiver:/home/admin/bench/lab/helios16p_ws/install/rslidar_sdk:/home/admin/bench/lab/helios16p_ws/install/rslidar_msg:/home/admin/bench/lab/helios16p_ws/install/kiss_icp:/home/admin/bench/lab/helios16p_ws/install/go1_description:/home/admin/bench/lab/helios16p_ws/install/helios16p_cane_robot:/opt/ros/humble LD_LIBRARY_PATH=/home/admin/bench/lab/STAGING_helios16p_kiss_legged_bench_cyclone_container_files/helios16p_ws/install/rslidar_msg/lib:${LD_LIBRARY_PATH} PYTHONPATH=/home/admin/bench/lab/STAGING_helios16p_kiss_legged_bench_cyclone_container_files/helios16p_ws/install/rslidar_msg/local/lib/python3.10/dist-packages:${PYTHONPATH} /usr/local/bin/cmake /home/admin/bench/lab/STAGING_helios16p_kiss_legged_bench_cyclone_container_files/helios16p_ws/src/rslidar_sdk -DCMAKE_INSTALL_PREFIX=/home/admin/bench/lab/STAGING_helios16p_kiss_legged_bench_cyclone_container_files/helios16p_ws/install/rslidar_sdk
[9.353s] Invoking command in '/home/admin/bench/lab/STAGING_helios16p_kiss_legged_bench_cyclone_container_files/helios16p_ws/build/rslidar_sdk': AMENT_PREFIX_PATH=/home/admin/bench/lab/STAGING_helios16p_kiss_legged_bench_cyclone_container_files/helios16p_ws/install/rslidar_msg:${AMENT_PREFIX_PATH} CMAKE_PREFIX_PATH=/home/admin/bench/lab/STAGING_helios16p_kiss_legged_bench_cyclone_container_files/helios16p_ws/install/rslidar_msg:/home/admin/bench/lab/go1_control/install/unitree_nav:/home/admin/bench/lab/go1_control/install/unitree_nav_interfaces:/home/admin/bench/lab/go1_control/install/ros2_unitree_legged_msgs:/home/admin/bench/lab/helios16p_ws/install/vicon_receiver:/home/admin/bench/lab/helios16p_ws/install/rslidar_sdk:/home/admin/bench/lab/helios16p_ws/install/rslidar_msg:/home/admin/bench/lab/helios16p_ws/install/kiss_icp:/home/admin/bench/lab/helios16p_ws/install/go1_description:/home/admin/bench/lab/helios16p_ws/install/helios16p_cane_robot:/opt/ros/humble LD_LIBRARY_PATH=/home/admin/bench/lab/STAGING_helios16p_kiss_legged_bench_cyclone_container_files/helios16p_ws/install/rslidar_msg/lib:${LD_LIBRARY_PATH} PYTHONPATH=/home/admin/bench/lab/STAGING_helios16p_kiss_legged_bench_cyclone_container_files/helios16p_ws/install/rslidar_msg/local/lib/python3.10/dist-packages:${PYTHONPATH} /usr/local/bin/cmake --build /home/admin/bench/lab/STAGING_helios16p_kiss_legged_bench_cyclone_container_files/helios16p_ws/build/rslidar_sdk -- -j8 -l8
[9.722s] [ 66%] [32mBuilding CXX object CMakeFiles/rslidar_sdk_node.dir/node/rslidar_sdk_node.cpp.o[0m
[9.722s] [ 66%] [32mBuilding CXX object CMakeFiles/rslidar_sdk_node.dir/src/manager/node_manager.cpp.o[0m
[233.769s] [100%] [1m[32mLinking CXX executable rslidar_sdk_node[0m
[234.467s] [100%] Built target rslidar_sdk_node
[234.568s] Invoked command in '/home/admin/bench/lab/STAGING_helios16p_kiss_legged_bench_cyclone_container_files/helios16p_ws/build/rslidar_sdk' returned '0': AMENT_PREFIX_PATH=/home/admin/bench/lab/STAGING_helios16p_kiss_legged_bench_cyclone_container_files/helios16p_ws/install/rslidar_msg:${AMENT_PREFIX_PATH} CMAKE_PREFIX_PATH=/home/admin/bench/lab/STAGING_helios16p_kiss_legged_bench_cyclone_container_files/helios16p_ws/install/rslidar_msg:/home/admin/bench/lab/go1_control/install/unitree_nav:/home/admin/bench/lab/go1_control/install/unitree_nav_interfaces:/home/admin/bench/lab/go1_control/install/ros2_unitree_legged_msgs:/home/admin/bench/lab/helios16p_ws/install/vicon_receiver:/home/admin/bench/lab/helios16p_ws/install/rslidar_sdk:/home/admin/bench/lab/helios16p_ws/install/rslidar_msg:/home/admin/bench/lab/helios16p_ws/install/kiss_icp:/home/admin/bench/lab/helios16p_ws/install/go1_description:/home/admin/bench/lab/helios16p_ws/install/helios16p_cane_robot:/opt/ros/humble LD_LIBRARY_PATH=/home/admin/bench/lab/STAGING_helios16p_kiss_legged_bench_cyclone_container_files/helios16p_ws/install/rslidar_msg/lib:${LD_LIBRARY_PATH} PYTHONPATH=/home/admin/bench/lab/STAGING_helios16p_kiss_legged_bench_cyclone_container_files/helios16p_ws/install/rslidar_msg/local/lib/python3.10/dist-packages:${PYTHONPATH} /usr/local/bin/cmake --build /home/admin/bench/lab/STAGING_helios16p_kiss_legged_bench_cyclone_container_files/helios16p_ws/build/rslidar_sdk -- -j8 -l8
[234.579s] Invoking command in '/home/admin/bench/lab/STAGING_helios16p_kiss_legged_bench_cyclone_container_files/helios16p_ws/build/rslidar_sdk': AMENT_PREFIX_PATH=/home/admin/bench/lab/STAGING_helios16p_kiss_legged_bench_cyclone_container_files/helios16p_ws/install/rslidar_msg:${AMENT_PREFIX_PATH} CMAKE_PREFIX_PATH=/home/admin/bench/lab/STAGING_helios16p_kiss_legged_bench_cyclone_container_files/helios16p_ws/install/rslidar_msg:/home/admin/bench/lab/go1_control/install/unitree_nav:/home/admin/bench/lab/go1_control/install/unitree_nav_interfaces:/home/admin/bench/lab/go1_control/install/ros2_unitree_legged_msgs:/home/admin/bench/lab/helios16p_ws/install/vicon_receiver:/home/admin/bench/lab/helios16p_ws/install/rslidar_sdk:/home/admin/bench/lab/helios16p_ws/install/rslidar_msg:/home/admin/bench/lab/helios16p_ws/install/kiss_icp:/home/admin/bench/lab/helios16p_ws/install/go1_description:/home/admin/bench/lab/helios16p_ws/install/helios16p_cane_robot:/opt/ros/humble LD_LIBRARY_PATH=/home/admin/bench/lab/STAGING_helios16p_kiss_legged_bench_cyclone_container_files/helios16p_ws/install/rslidar_msg/lib:${LD_LIBRARY_PATH} PYTHONPATH=/home/admin/bench/lab/STAGING_helios16p_kiss_legged_bench_cyclone_container_files/helios16p_ws/install/rslidar_msg/local/lib/python3.10/dist-packages:${PYTHONPATH} /usr/local/bin/cmake --install /home/admin/bench/lab/STAGING_helios16p_kiss_legged_bench_cyclone_container_files/helios16p_ws/build/rslidar_sdk
[234.843s] -- Install configuration: "Release"
[234.844s] -- Installing: /home/admin/bench/lab/STAGING_helios16p_kiss_legged_bench_cyclone_container_files/helios16p_ws/install/rslidar_sdk/lib/rslidar_sdk/rslidar_sdk_node
[234.850s] -- Set non-toolchain portion of runtime path of "/home/admin/bench/lab/STAGING_helios16p_kiss_legged_bench_cyclone_container_files/helios16p_ws/install/rslidar_sdk/lib/rslidar_sdk/rslidar_sdk_node" to ""
[234.851s] -- Installing: /home/admin/bench/lab/STAGING_helios16p_kiss_legged_bench_cyclone_container_files/helios16p_ws/install/rslidar_sdk/share/rslidar_sdk/launch
[234.852s] -- Installing: /home/admin/bench/lab/STAGING_helios16p_kiss_legged_bench_cyclone_container_files/helios16p_ws/install/rslidar_sdk/share/rslidar_sdk/launch/start.py
[234.854s] -- Installing: /home/admin/bench/lab/STAGING_helios16p_kiss_legged_bench_cyclone_container_files/helios16p_ws/install/rslidar_sdk/share/rslidar_sdk/launch/humble_start.py
[234.854s] -- Installing: /home/admin/bench/lab/STAGING_helios16p_kiss_legged_bench_cyclone_container_files/helios16p_ws/install/rslidar_sdk/share/rslidar_sdk/launch/elequent_start.py
[234.855s] -- Installing: /home/admin/bench/lab/STAGING_helios16p_kiss_legged_bench_cyclone_container_files/helios16p_ws/install/rslidar_sdk/share/rslidar_sdk/launch/start.launch
[234.855s] -- Installing: /home/admin/bench/lab/STAGING_helios16p_kiss_legged_bench_cyclone_container_files/helios16p_ws/install/rslidar_sdk/share/rslidar_sdk/rviz
[234.856s] -- Installing: /home/admin/bench/lab/STAGING_helios16p_kiss_legged_bench_cyclone_container_files/helios16p_ws/install/rslidar_sdk/share/rslidar_sdk/rviz/rviz.rviz
[234.857s] -- Installing: /home/admin/bench/lab/STAGING_helios16p_kiss_legged_bench_cyclone_container_files/helios16p_ws/install/rslidar_sdk/share/rslidar_sdk/rviz/rviz2.rviz
[234.860s] -- Installing: /home/admin/bench/lab/STAGING_helios16p_kiss_legged_bench_cyclone_container_files/helios16p_ws/install/rslidar_sdk/share/ament_index/resource_index/package_run_dependencies/rslidar_sdk
[234.862s] -- Installing: /home/admin/bench/lab/STAGING_helios16p_kiss_legged_bench_cyclone_container_files/helios16p_ws/install/rslidar_sdk/share/ament_index/resource_index/parent_prefix_path/rslidar_sdk
[234.863s] -- Installing: /home/admin/bench/lab/STAGING_helios16p_kiss_legged_bench_cyclone_container_files/helios16p_ws/install/rslidar_sdk/share/rslidar_sdk/environment/ament_prefix_path.sh
[234.865s] -- Installing: /home/admin/bench/lab/STAGING_helios16p_kiss_legged_bench_cyclone_container_files/helios16p_ws/install/rslidar_sdk/share/rslidar_sdk/environment/ament_prefix_path.dsv
[234.866s] -- Installing: /home/admin/bench/lab/STAGING_helios16p_kiss_legged_bench_cyclone_container_files/helios16p_ws/install/rslidar_sdk/share/rslidar_sdk/environment/path.sh
[234.866s] -- Installing: /home/admin/bench/lab/STAGING_helios16p_kiss_legged_bench_cyclone_container_files/helios16p_ws/install/rslidar_sdk/share/rslidar_sdk/environment/path.dsv
[234.867s] -- Installing: /home/admin/bench/lab/STAGING_helios16p_kiss_legged_bench_cyclone_container_files/helios16p_ws/install/rslidar_sdk/share/rslidar_sdk/local_setup.bash
[234.868s] -- Installing: /home/admin/bench/lab/STAGING_helios16p_kiss_legged_bench_cyclone_container_files/helios16p_ws/install/rslidar_sdk/share/rslidar_sdk/local_setup.sh
[234.869s] -- Installing: /home/admin/bench/lab/STAGING_helios16p_kiss_legged_bench_cyclone_container_files/helios16p_ws/install/rslidar_sdk/share/rslidar_sdk/local_setup.zsh
[234.870s] -- Installing: /home/admin/bench/lab/STAGING_helios16p_kiss_legged_bench_cyclone_container_files/helios16p_ws/install/rslidar_sdk/share/rslidar_sdk/local_setup.dsv
[234.871s] -- Installing: /home/admin/bench/lab/STAGING_helios16p_kiss_legged_bench_cyclone_container_files/helios16p_ws/install/rslidar_sdk/share/rslidar_sdk/package.dsv
[234.872s] -- Installing: /home/admin/bench/lab/STAGING_helios16p_kiss_legged_bench_cyclone_container_files/helios16p_ws/install/rslidar_sdk/share/ament_index/resource_index/packages/rslidar_sdk
[234.873s] -- Installing: /home/admin/bench/lab/STAGING_helios16p_kiss_legged_bench_cyclone_container_files/helios16p_ws/install/rslidar_sdk/share/rslidar_sdk/cmake/rslidar_sdkConfig.cmake
[234.874s] -- Installing: /home/admin/bench/lab/STAGING_helios16p_kiss_legged_bench_cyclone_container_files/helios16p_ws/install/rslidar_sdk/share/rslidar_sdk/cmake/rslidar_sdkConfig-version.cmake
[234.875s] -- Installing: /home/admin/bench/lab/STAGING_helios16p_kiss_legged_bench_cyclone_container_files/helios16p_ws/install/rslidar_sdk/share/rslidar_sdk/package.xml
[234.884s] Invoked command in '/home/admin/bench/lab/STAGING_helios16p_kiss_legged_bench_cyclone_container_files/helios16p_ws/build/rslidar_sdk' returned '0': AMENT_PREFIX_PATH=/home/admin/bench/lab/STAGING_helios16p_kiss_legged_bench_cyclone_container_files/helios16p_ws/install/rslidar_msg:${AMENT_PREFIX_PATH} CMAKE_PREFIX_PATH=/home/admin/bench/lab/STAGING_helios16p_kiss_legged_bench_cyclone_container_files/helios16p_ws/install/rslidar_msg:/home/admin/bench/lab/go1_control/install/unitree_nav:/home/admin/bench/lab/go1_control/install/unitree_nav_interfaces:/home/admin/bench/lab/go1_control/install/ros2_unitree_legged_msgs:/home/admin/bench/lab/helios16p_ws/install/vicon_receiver:/home/admin/bench/lab/helios16p_ws/install/rslidar_sdk:/home/admin/bench/lab/helios16p_ws/install/rslidar_msg:/home/admin/bench/lab/helios16p_ws/install/kiss_icp:/home/admin/bench/lab/helios16p_ws/install/go1_description:/home/admin/bench/lab/helios16p_ws/install/helios16p_cane_robot:/opt/ros/humble LD_LIBRARY_PATH=/home/admin/bench/lab/STAGING_helios16p_kiss_legged_bench_cyclone_container_files/helios16p_ws/install/rslidar_msg/lib:${LD_LIBRARY_PATH} PYTHONPATH=/home/admin/bench/lab/STAGING_helios16p_kiss_legged_bench_cyclone_container_files/helios16p_ws/install/rslidar_msg/local/lib/python3.10/dist-packages:${PYTHONPATH} /usr/local/bin/cmake --install /home/admin/bench/lab/STAGING_helios16p_kiss_legged_bench_cyclone_container_files/helios16p_ws/build/rslidar_sdk
