[0.548s] Invoking command in '/home/ph/treasure/dockerBENCH/helios16p_ws/build/kiss_icp': CMAKE_PREFIX_PATH=${CMAKE_PREFIX_PATH}:/home/ph/treasure/dockerBENCH/helios16p_ws/install/helios16p_cane_robot:/opt/ros/humble PS1=(pvenv) \[\e]0;\u@\h: \w\a\]${debian_chroot:+($debian_chroot)}\u@\h:\w\$ VIRTUAL_ENV_PROMPT=(pvenv) /home/ph/.local/bin/cmake --build /home/ph/treasure/dockerBENCH/helios16p_ws/build/kiss_icp -- -j8 -l8
[0.741s] [ 14%] Built target kiss_icp_node
[0.743s] [ 28%] Built target kiss_icp_metrics
[0.747s] [ 71%] Built target kiss_icp_core
[0.770s] [ 85%] Built target kiss_icp_pipeline
[0.799s] [100%] Built target odometry_component
[0.812s] Invoked command in '/home/ph/treasure/dockerBENCH/helios16p_ws/build/kiss_icp' returned '0': CMAKE_PREFIX_PATH=${CMAKE_PREFIX_PATH}:/home/ph/treasure/dockerBENCH/helios16p_ws/install/helios16p_cane_robot:/opt/ros/humble PS1=(pvenv) \[\e]0;\u@\h: \w\a\]${debian_chroot:+($debian_chroot)}\u@\h:\w\$ VIRTUAL_ENV_PROMPT=(pvenv) /home/ph/.local/bin/cmake --build /home/ph/treasure/dockerBENCH/helios16p_ws/build/kiss_icp -- -j8 -l8
[0.816s] Invoking command in '/home/ph/treasure/dockerBENCH/helios16p_ws/build/kiss_icp': CMAKE_PREFIX_PATH=${CMAKE_PREFIX_PATH}:/home/ph/treasure/dockerBENCH/helios16p_ws/install/helios16p_cane_robot:/opt/ros/humble PS1=(pvenv) \[\e]0;\u@\h: \w\a\]${debian_chroot:+($debian_chroot)}\u@\h:\w\$ VIRTUAL_ENV_PROMPT=(pvenv) /home/ph/.local/bin/cmake --install /home/ph/treasure/dockerBENCH/helios16p_ws/build/kiss_icp
[1.030s] -- Install configuration: "Release"
[1.031s] -- Up-to-date: /home/ph/treasure/dockerBENCH/helios16p_ws/install/kiss_icp/lib/kiss_icp/kiss_icp_node
[1.035s] -- Up-to-date: /home/ph/treasure/dockerBENCH/helios16p_ws/install/kiss_icp/lib/libodometry_component.so
[1.038s] -- Up-to-date: /home/ph/treasure/dockerBENCH/helios16p_ws/install/kiss_icp/share/kiss_icp//launch
[1.038s] -- Up-to-date: /home/ph/treasure/dockerBENCH/helios16p_ws/install/kiss_icp/share/kiss_icp//launch/odometry.launch.py
[1.038s] -- Up-to-date: /home/ph/treasure/dockerBENCH/helios16p_ws/install/kiss_icp/share/kiss_icp//rviz
[1.038s] -- Up-to-date: /home/ph/treasure/dockerBENCH/helios16p_ws/install/kiss_icp/share/kiss_icp//rviz/kiss_icp.rviz
[1.038s] -- Up-to-date: /home/ph/treasure/dockerBENCH/helios16p_ws/install/kiss_icp/share/kiss_icp//config
[1.038s] -- Up-to-date: /home/ph/treasure/dockerBENCH/helios16p_ws/install/kiss_icp/share/kiss_icp//config/config.yaml
[1.039s] -- Up-to-date: /home/ph/treasure/dockerBENCH/helios16p_ws/install/kiss_icp/share/ament_index/resource_index/package_run_dependencies/kiss_icp
[1.039s] -- Up-to-date: /home/ph/treasure/dockerBENCH/helios16p_ws/install/kiss_icp/share/ament_index/resource_index/parent_prefix_path/kiss_icp
[1.045s] -- Up-to-date: /home/ph/treasure/dockerBENCH/helios16p_ws/install/kiss_icp/share/kiss_icp/environment/ament_prefix_path.sh
[1.045s] -- Up-to-date: /home/ph/treasure/dockerBENCH/helios16p_ws/install/kiss_icp/share/kiss_icp/environment/ament_prefix_path.dsv
[1.046s] -- Up-to-date: /home/ph/treasure/dockerBENCH/helios16p_ws/install/kiss_icp/share/kiss_icp/environment/path.sh
[1.046s] -- Up-to-date: /home/ph/treasure/dockerBENCH/helios16p_ws/install/kiss_icp/share/kiss_icp/environment/path.dsv
[1.046s] -- Up-to-date: /home/ph/treasure/dockerBENCH/helios16p_ws/install/kiss_icp/share/kiss_icp/local_setup.bash
[1.046s] -- Up-to-date: /home/ph/treasure/dockerBENCH/helios16p_ws/install/kiss_icp/share/kiss_icp/local_setup.sh
[1.046s] -- Up-to-date: /home/ph/treasure/dockerBENCH/helios16p_ws/install/kiss_icp/share/kiss_icp/local_setup.zsh
[1.047s] -- Up-to-date: /home/ph/treasure/dockerBENCH/helios16p_ws/install/kiss_icp/share/kiss_icp/local_setup.dsv
[1.047s] -- Installing: /home/ph/treasure/dockerBENCH/helios16p_ws/install/kiss_icp/share/kiss_icp/package.dsv
[1.050s] -- Up-to-date: /home/ph/treasure/dockerBENCH/helios16p_ws/install/kiss_icp/share/ament_index/resource_index/packages/kiss_icp
[1.062s] -- Up-to-date: /home/ph/treasure/dockerBENCH/helios16p_ws/install/kiss_icp/share/ament_index/resource_index/rclcpp_components/kiss_icp
[1.063s] -- Up-to-date: /home/ph/treasure/dockerBENCH/helios16p_ws/install/kiss_icp/share/kiss_icp/cmake/kiss_icpConfig.cmake
[1.064s] -- Up-to-date: /home/ph/treasure/dockerBENCH/helios16p_ws/install/kiss_icp/share/kiss_icp/cmake/kiss_icpConfig-version.cmake
[1.065s] -- Up-to-date: /home/ph/treasure/dockerBENCH/helios16p_ws/install/kiss_icp/share/kiss_icp/package.xml
[1.310s] Invoked command in '/home/ph/treasure/dockerBENCH/helios16p_ws/build/kiss_icp' returned '0': CMAKE_PREFIX_PATH=${CMAKE_PREFIX_PATH}:/home/ph/treasure/dockerBENCH/helios16p_ws/install/helios16p_cane_robot:/opt/ros/humble PS1=(pvenv) \[\e]0;\u@\h: \w\a\]${debian_chroot:+($debian_chroot)}\u@\h:\w\$ VIRTUAL_ENV_PROMPT=(pvenv) /home/ph/.local/bin/cmake --install /home/ph/treasure/dockerBENCH/helios16p_ws/build/kiss_icp
