1774546545.578524 [7]      rviz2: config: Domain/General/MulticastRecvNetworkInterfaceAddresses/#text: preferred {}
1774546545.578589 [7]      rviz2: config: Domain/General/Interfaces/NetworkInterface[@autodetermine]: false {1}
1774546545.578602 [7]      rviz2: config: Domain/General/Interfaces/NetworkInterface[@name]: lo {1}
1774546545.578608 [7]      rviz2: config: Domain/General/Interfaces/NetworkInterface[@address]:  {}
1774546545.578615 [7]      rviz2: config: Domain/General/Interfaces/NetworkInterface[@priority]: default {1}
1774546545.578621 [7]      rviz2: config: Domain/General/Interfaces/NetworkInterface[@prefer_multicast]: false {}
1774546545.578628 [7]      rviz2: config: Domain/General/Interfaces/NetworkInterface[@presence_required]: true {}
1774546545.578634 [7]      rviz2: config: Domain/General/Interfaces/NetworkInterface[@multicast]: true {1}
1774546545.578640 [7]      rviz2: config: Domain/General/ExternalNetworkAddress/#text: auto {}
1774546545.578646 [7]      rviz2: config: Domain/General/ExternalNetworkMask/#text: 0.0.0.0 {}
1774546545.578653 [7]      rviz2: config: Domain/General/AllowMulticast/#text: default {1}
1774546545.578659 [7]      rviz2: config: Domain/General/MulticastTimeToLive/#text: 32 {}
1774546545.578665 [7]      rviz2: config: Domain/General/DontRoute/#text: false {}
1774546545.578671 [7]      rviz2: config: Domain/General/Transport/#text: udp {}
1774546545.578676 [7]      rviz2: config: Domain/General/EnableMulticastLoopback/#text: true {}
1774546545.578683 [7]      rviz2: config: Domain/General/MaxMessageSize/#text: 65500 B {1}
1774546545.578689 [7]      rviz2: config: Domain/General/MaxRexmitMessageSize/#text: 1456 B {}
1774546545.578695 [7]      rviz2: config: Domain/General/FragmentSize/#text: 1344 B {}
1774546545.578701 [7]      rviz2: config: Domain/General/RedundantNetworking/#text: false {}
1774546545.578707 [7]      rviz2: config: Domain/General/EntityAutoNaming/#text: empty {}
1774546545.578713 [7]      rviz2: config: Domain/General/EntityAutoNaming[@seed]: 4143644969 3553705559 1452721217 1980951847 1539203335 919571061 2320374162 2086949241 {}
1774546545.578721 [7]      rviz2: config: Domain/Sizing/ReceiveBufferSize/#text: 1 MiB {}
1774546545.578727 [7]      rviz2: config: Domain/Sizing/ReceiveBufferChunkSize/#text: 128 KiB {}
1774546545.578733 [7]      rviz2: config: Domain/Compatibility/StandardsConformance/#text: lax {}
1774546545.578739 [7]      rviz2: config: Domain/Compatibility/ExplicitlyPublishQosSetToDefault/#text: false {}
1774546545.578745 [7]      rviz2: config: Domain/Compatibility/ManySocketsMode/#text: single {}
1774546545.578751 [7]      rviz2: config: Domain/Compatibility/AssumeRtiHasPmdEndpoints/#text: false {}
1774546545.578757 [7]      rviz2: config: Domain/Discovery/Tag/#text:  {}
1774546545.578763 [7]      rviz2: config: Domain/Discovery/ExternalDomainId/#text: 7 {}
1774546545.578769 [7]      rviz2: config: Domain/Discovery/DSGracePeriod/#text: 30 s {}
1774546545.578775 [7]      rviz2: config: Domain/Discovery/ParticipantIndex/#text: none {}
1774546545.578781 [7]      rviz2: config: Domain/Discovery/MaxAutoParticipantIndex/#text: 9 {}
1774546545.578787 [7]      rviz2: config: Domain/Discovery/SPDPMulticastAddress/#text: 239.255.0.1 {}
1774546545.578793 [7]      rviz2: config: Domain/Discovery/SPDPInterval/#text: 30 s {}
1774546545.578799 [7]      rviz2: config: Domain/Discovery/DefaultMulticastAddress/#text: auto {}
1774546545.578806 [7]      rviz2: config: Domain/Discovery/Ports/Base/#text: 7400 {}
1774546545.578812 [7]      rviz2: config: Domain/Discovery/Ports/DomainGain/#text: 250 {}
1774546545.578818 [7]      rviz2: config: Domain/Discovery/Ports/ParticipantGain/#text: 2 {}
1774546545.578824 [7]      rviz2: config: Domain/Discovery/Ports/MulticastMetaOffset/#text: 0 {}
1774546545.578830 [7]      rviz2: config: Domain/Discovery/Ports/UnicastMetaOffset/#text: 10 {}
1774546545.578836 [7]      rviz2: config: Domain/Discovery/Ports/MulticastDataOffset/#text: 1 {}
1774546545.578842 [7]      rviz2: config: Domain/Discovery/Ports/UnicastDataOffset/#text: 11 {}
1774546545.578864 [7]      rviz2: config: Domain/Discovery/EnableTopicDiscoveryEndpoints/#text: false {}
1774546545.578871 [7]      rviz2: config: Domain/Discovery/LeaseDuration/#text: 10 s {}
1774546545.578891 [7]      rviz2: config: Domain/Tracing/Category/#text: fatal,error,warning,info,config {1}
1774546545.578897 [7]      rviz2: config: Domain/Tracing/OutputFile/#text: cyclonedds.log {}
1774546545.578903 [7]      rviz2: config: Domain/Tracing/AppendToFile/#text: false {}
1774546545.578909 [7]      rviz2: config: Domain/Tracing/PacketCaptureFile/#text:  {}
1774546545.578915 [7]      rviz2: config: Domain/Internal/DeliveryQueueMaxSamples/#text: 256 {}
1774546545.578921 [7]      rviz2: config: Domain/Internal/PrimaryReorderMaxSamples/#text: 128 {}
1774546545.578927 [7]      rviz2: config: Domain/Internal/SecondaryReorderMaxSamples/#text: 128 {}
1774546545.578933 [7]      rviz2: config: Domain/Internal/DefragUnreliableMaxSamples/#text: 4 {}
1774546545.578939 [7]      rviz2: config: Domain/Internal/DefragReliableMaxSamples/#text: 16 {}
1774546545.578945 [7]      rviz2: config: Domain/Internal/BuiltinEndpointSet/#text: writers {}
1774546545.578951 [7]      rviz2: config: Domain/Internal/MeasureHbToAckLatency/#text: false {}
1774546545.578956 [7]      rviz2: config: Domain/Internal/UnicastResponseToSPDPMessages/#text: true {}
1774546545.578963 [7]      rviz2: config: Domain/Internal/SynchronousDeliveryPriorityThreshold/#text: 0 {}
1774546545.578968 [7]      rviz2: config: Domain/Internal/SynchronousDeliveryLatencyBound/#text: inf {}
1774546545.578974 [7]      rviz2: config: Domain/Internal/MaxParticipants/#text: 0 {}
1774546545.578980 [7]      rviz2: config: Domain/Internal/AccelerateRexmitBlockSize/#text: 0 {}
1774546545.578986 [7]      rviz2: config: Domain/Internal/RetransmitMerging/#text: never {}
1774546545.578992 [7]      rviz2: config: Domain/Internal/RetransmitMergingPeriod/#text: 5 ms {}
1774546545.578998 [7]      rviz2: config: Domain/Internal/HeartbeatInterval/#text: 100 ms {}
1774546545.579004 [7]      rviz2: config: Domain/Internal/HeartbeatInterval[@min]: 5 ms {}
1774546545.579010 [7]      rviz2: config: Domain/Internal/HeartbeatInterval[@minsched]: 20 ms {}
1774546545.579016 [7]      rviz2: config: Domain/Internal/HeartbeatInterval[@max]: 8 s {}
1774546545.579022 [7]      rviz2: config: Domain/Internal/MaxQueuedRexmitBytes/#text: 512 KiB {}
1774546545.579028 [7]      rviz2: config: Domain/Internal/MaxQueuedRexmitMessages/#text: 200 {}
1774546545.579034 [7]      rviz2: config: Domain/Internal/WriterLingerDuration/#text: 1 s {}
1774546545.579041 [7]      rviz2: config: Domain/Internal/SocketReceiveBufferSize[@min]: default {}
1774546545.579046 [7]      rviz2: config: Domain/Internal/SocketReceiveBufferSize[@max]: default {}
1774546545.579053 [7]      rviz2: config: Domain/Internal/SocketSendBufferSize[@min]: 64 KiB {}
1774546545.579059 [7]      rviz2: config: Domain/Internal/SocketSendBufferSize[@max]: default {}
1774546545.579065 [7]      rviz2: config: Domain/Internal/NackDelay/#text: 100 ms {}
1774546545.579071 [7]      rviz2: config: Domain/Internal/AckDelay/#text: 10 ms {}
1774546545.579077 [7]      rviz2: config: Domain/Internal/AutoReschedNackDelay/#text: 3 s {}
1774546545.579083 [7]      rviz2: config: Domain/Internal/PreEmptiveAckDelay/#text: 10 ms {}
1774546545.579088 [7]      rviz2: config: Domain/Internal/ScheduleTimeRounding/#text: 0 s {}
1774546545.579094 [7]      rviz2: config: Domain/Internal/DDSI2DirectMaxThreads/#text: 1 {}
1774546545.579100 [7]      rviz2: config: Domain/Internal/SquashParticipants/#text: false {}
1774546545.579106 [7]      rviz2: config: Domain/Internal/SPDPResponseMaxDelay/#text: 0 s {}
1774546545.579112 [7]      rviz2: config: Domain/Internal/LateAckMode/#text: false {}
1774546545.579118 [7]      rviz2: config: Domain/Internal/RetryOnRejectBestEffort/#text: false {}
1774546545.579124 [7]      rviz2: config: Domain/Internal/GenerateKeyhash/#text: false {}
1774546545.579130 [7]      rviz2: config: Domain/Internal/MaxSampleSize/#text: 2147483647 B {}
1774546545.579135 [7]      rviz2: config: Domain/Internal/LivelinessMonitoring/#text: false {}
1774546545.579151 [7]      rviz2: config: Domain/Internal/LivelinessMonitoring[@StackTraces]: true {}
1774546545.579157 [7]      rviz2: config: Domain/Internal/LivelinessMonitoring[@Interval]: 1 s {}
1774546545.579163 [7]      rviz2: config: Domain/Internal/MonitorPort/#text: -1 {}
1774546545.579169 [7]      rviz2: config: Domain/Internal/PrioritizeRetransmit/#text: true {}
1774546545.579175 [7]      rviz2: config: Domain/Internal/UseMulticastIfMreqn/#text: 0 {}
1774546545.579181 [7]      rviz2: config: Domain/Internal/RediscoveryBlacklistDuration/#text: 0 s {}
1774546545.579187 [7]      rviz2: config: Domain/Internal/RediscoveryBlacklistDuration[@enforce]: false {}
1774546545.579193 [7]      rviz2: config: Domain/Internal/MultipleReceiveThreads/#text: default {}
1774546545.579199 [7]      rviz2: config: Domain/Internal/MultipleReceiveThreads[@maxretries]: 4294967295 {}
1774546545.579205 [7]      rviz2: config: Domain/Internal/Test/XmitLossiness/#text: 0 {}
1774546545.579212 [7]      rviz2: config: Domain/Internal/Watermarks/WhcLow/#text: 1 KiB {}
1774546545.579218 [7]      rviz2: config: Domain/Internal/Watermarks/WhcHigh/#text: 500 KiB {}
1774546545.579224 [7]      rviz2: config: Domain/Internal/Watermarks/WhcHighInit/#text: 30 KiB {}
1774546545.579230 [7]      rviz2: config: Domain/Internal/Watermarks/WhcAdaptive/#text: true {}
1774546545.579237 [7]      rviz2: config: Domain/Internal/BurstSize/MaxRexmit/#text: 1 MiB {}
1774546545.579243 [7]      rviz2: config: Domain/Internal/BurstSize/MaxInitTransmit/#text: 4294967295 {}
1774546545.579249 [7]      rviz2: config: Domain/Internal/EnableExpensiveChecks/#text:  {}
1774546545.579255 [7]      rviz2: config: Domain/TCP/NoDelay/#text: true {}
1774546545.579261 [7]      rviz2: config: Domain/TCP/Port/#text: -1 {}
1774546545.579267 [7]      rviz2: config: Domain/TCP/ReadTimeout/#text: 2 s {}
1774546545.579273 [7]      rviz2: config: Domain/TCP/WriteTimeout/#text: 2 s {}
1774546545.579279 [7]      rviz2: config: Domain/TCP/AlwaysUsePeeraddrForUnicast/#text: false {}
1774546545.579285 [7]      rviz2: config: Domain/SSL/Enable/#text: false {}
1774546545.579291 [7]      rviz2: config: Domain/SSL/CertificateVerification/#text: true {}
1774546545.579297 [7]      rviz2: config: Domain/SSL/VerifyClient/#text: true {}
1774546545.579303 [7]      rviz2: config: Domain/SSL/SelfSignedCertificates/#text: false {}
1774546545.579309 [7]      rviz2: config: Domain/SSL/KeystoreFile/#text: keystore {}
1774546545.579315 [7]      rviz2: config: Domain/SSL/KeyPassphrase/#text: secret {}
1774546545.579321 [7]      rviz2: config: Domain/SSL/Ciphers/#text: ALL:!ADH:!LOW:!EXP:!MD5:@STRENGTH {}
1774546545.579327 [7]      rviz2: config: Domain/SSL/EntropyFile/#text:  {}
1774546545.579333 [7]      rviz2: config: Domain/SSL/MinimumTLSVersion/#text: 1.3 {}
1774546545.579339 [7]      rviz2: config: Domain/SharedMemory/Enable/#text: false {}
1774546545.579345 [7]      rviz2: config: Domain/SharedMemory/Locator/#text:  {}
1774546545.579350 [7]      rviz2: config: Domain/SharedMemory/Prefix/#text: DDS_CYCLONE {}
1774546545.579356 [7]      rviz2: config: Domain/SharedMemory/LogLevel/#text: info {}
1774546545.579362 [7]      rviz2: config: Domain[@Id]: 7 {1}
1774546545.579468 [7]      rviz2: started at 1774546545.06579378 -- 2026-03-26 17:35:45+00:00
1774546545.579482 [7]      rviz2: udp initialized
1774546545.579975 [7]      rviz2: interfaces: lo udp/127.0.0.1(q1) wlp1s0 wireless udp/192.168.50.11(q9) docker0 udp/172.17.0.1(q9)
1774546545.579999 [7]      rviz2: selected interfaces: lo (index 1 priority 2)
1774546545.580005 [7]      rviz2: presumed robust multicast support, use for everything
1774546545.580038 [7]      rviz2: ownip: udp/127.0.0.1
1774546545.580044 [7]      rviz2: extmask: invalid/0 (not applicable)
1774546545.580049 [7]      rviz2: SPDP MC: udp/239.255.0.1
1774546545.580054 [7]      rviz2: default MC: udp/239.255.0.1
1774546545.580058 [7]      rviz2: SSM support included
1774546545.580376 [7]      rviz2: failed to increase socket receive buffer size to 1048576 bytes, continuing with 425984 bytes
1774546545.580419 [7]      rviz2: rtps_init: uc ports: disc 0 data 0
1774546545.580424 [7]      rviz2: rtps_init: domainid 7 participantid -2
1774546545.580430 [7]      rviz2: Unicast Ports: discovery 43116 data 43116
1774546545.580456 [7]      rviz2: failed to increase socket receive buffer size to 1048576 bytes, continuing with 425984 bytes
1774546545.580486 [7]      rviz2: failed to increase socket receive buffer size to 1048576 bytes, continuing with 425984 bytes
1774546545.580498 [7]      rviz2: Multicast Ports: discovery 9150 data 9151 
1774546545.580515 [7]      rviz2: failed to increase socket receive buffer size to 1048576 bytes, continuing with 425984 bytes
1774546545.580536 [7]      rviz2: interface lo: transmit port 5152171774547693.526783 [7] static_tra: udp finalized
1774547693.527409 [7] static_tra: Finis.
