[0.043s] Invoking command in '/home/ph/treasure/dockerBENCH/helios16p_ws/build/rslidar_msg': CMAKE_PREFIX_PATH=${CMAKE_PREFIX_PATH}:/home/ph/treasure/dockerBENCH/helios16p_ws/install/helios16p_cane_robot:/opt/ros/humble PS1=(pvenv) \[\e]0;\u@\h: \w\a\]${debian_chroot:+($debian_chroot)}\u@\h:\w\$ VIRTUAL_ENV_PROMPT=(pvenv) /home/ph/.local/bin/cmake --build /home/ph/treasure/dockerBENCH/helios16p_ws/build/rslidar_msg -- -j8 -l8
[0.465s] [  3%] Built target rslidar_msg__cpp
[0.466s] [ 12%] Built target rslidar_msg__rosidl_generator_c
[0.466s] [ 12%] Built target ament_cmake_python_copy_rslidar_msg
[0.467s] [ 22%] Built target rslidar_msg__rosidl_typesupport_cpp
[0.468s] [ 51%] Built target rslidar_msg__rosidl_typesupport_introspection_cpp
[0.468s] [ 51%] Built target rslidar_msg__rosidl_typesupport_introspection_c
[0.468s] [ 51%] Built target rslidar_msg__rosidl_typesupport_fastrtps_cpp
[0.468s] [ 61%] Built target rslidar_msg__rosidl_typesupport_c
[0.468s] [ 70%] Built target rslidar_msg__rosidl_typesupport_fastrtps_c
[0.468s] [ 70%] Built target rslidar_msg
[0.469s] [ 74%] Built target rslidar_msg__py
[0.469s] [ 80%] Built target rslidar_msg__rosidl_generator_py
[0.470s] [100%] Built target rslidar_msg__rosidl_typesupport_c__pyext
[0.470s] [100%] Built target rslidar_msg__rosidl_typesupport_fastrtps_c__pyext
[0.470s] [100%] Built target rslidar_msg__rosidl_typesupport_introspection_c__pyext
[0.592s] running egg_info
[0.595s] writing rslidar_msg.egg-info/PKG-INFO
[0.595s] writing dependency_links to rslidar_msg.egg-info/dependency_links.txt
[0.596s] writing top-level names to rslidar_msg.egg-info/top_level.txt
[0.599s] reading manifest file 'rslidar_msg.egg-info/SOURCES.txt'
[0.599s] writing manifest file 'rslidar_msg.egg-info/SOURCES.txt'
[0.659s] [100%] Built target ament_cmake_python_build_rslidar_msg_egg
[0.671s] Invoked command in '/home/ph/treasure/dockerBENCH/helios16p_ws/build/rslidar_msg' returned '0': CMAKE_PREFIX_PATH=${CMAKE_PREFIX_PATH}:/home/ph/treasure/dockerBENCH/helios16p_ws/install/helios16p_cane_robot:/opt/ros/humble PS1=(pvenv) \[\e]0;\u@\h: \w\a\]${debian_chroot:+($debian_chroot)}\u@\h:\w\$ VIRTUAL_ENV_PROMPT=(pvenv) /home/ph/.local/bin/cmake --build /home/ph/treasure/dockerBENCH/helios16p_ws/build/rslidar_msg -- -j8 -l8
[0.676s] Invoking command in '/home/ph/treasure/dockerBENCH/helios16p_ws/build/rslidar_msg': CMAKE_PREFIX_PATH=${CMAKE_PREFIX_PATH}:/home/ph/treasure/dockerBENCH/helios16p_ws/install/helios16p_cane_robot:/opt/ros/humble PS1=(pvenv) \[\e]0;\u@\h: \w\a\]${debian_chroot:+($debian_chroot)}\u@\h:\w\$ VIRTUAL_ENV_PROMPT=(pvenv) /home/ph/.local/bin/cmake --install /home/ph/treasure/dockerBENCH/helios16p_ws/build/rslidar_msg
[0.818s] -- Install configuration: ""
[0.818s] -- Up-to-date: /home/ph/treasure/dockerBENCH/helios16p_ws/install/rslidar_msg/share/ament_index/resource_index/rosidl_interfaces/rslidar_msg
[0.818s] -- Up-to-date: /home/ph/treasure/dockerBENCH/helios16p_ws/install/rslidar_msg/include/rslidar_msg/rslidar_msg
[0.818s] -- Up-to-date: /home/ph/treasure/dockerBENCH/helios16p_ws/install/rslidar_msg/include/rslidar_msg/rslidar_msg/msg
[0.819s] -- Up-to-date: /home/ph/treasure/dockerBENCH/helios16p_ws/install/rslidar_msg/include/rslidar_msg/rslidar_msg/msg/detail
[0.819s] -- Up-to-date: /home/ph/treasure/dockerBENCH/helios16p_ws/install/rslidar_msg/include/rslidar_msg/rslidar_msg/msg/detail/rslidar_packet__struct.h
[0.820s] -- Up-to-date: /home/ph/treasure/dockerBENCH/helios16p_ws/install/rslidar_msg/include/rslidar_msg/rslidar_msg/msg/detail/rslidar_packet__functions.h
[0.820s] -- Up-to-date: /home/ph/treasure/dockerBENCH/helios16p_ws/install/rslidar_msg/include/rslidar_msg/rslidar_msg/msg/detail/rslidar_packet__functions.c
[0.820s] -- Up-to-date: /home/ph/treasure/dockerBENCH/helios16p_ws/install/rslidar_msg/include/rslidar_msg/rslidar_msg/msg/detail/rslidar_packet__type_support.h
[0.820s] -- Up-to-date: /home/ph/treasure/dockerBENCH/helios16p_ws/install/rslidar_msg/include/rslidar_msg/rslidar_msg/msg/rslidar_packet.h
[0.820s] -- Up-to-date: /home/ph/treasure/dockerBENCH/helios16p_ws/install/rslidar_msg/include/rslidar_msg/rslidar_msg/msg/rosidl_generator_c__visibility_control.h
[0.820s] -- Up-to-date: /home/ph/treasure/dockerBENCH/helios16p_ws/install/rslidar_msg/share/rslidar_msg/environment/library_path.sh
[0.820s] -- Up-to-date: /home/ph/treasure/dockerBENCH/helios16p_ws/install/rslidar_msg/share/rslidar_msg/environment/library_path.dsv
[0.820s] -- Up-to-date: /home/ph/treasure/dockerBENCH/helios16p_ws/install/rslidar_msg/lib/librslidar_msg__rosidl_generator_c.so
[0.821s] -- Up-to-date: /home/ph/treasure/dockerBENCH/helios16p_ws/install/rslidar_msg/include/rslidar_msg/rslidar_msg
[0.821s] -- Up-to-date: /home/ph/treasure/dockerBENCH/helios16p_ws/install/rslidar_msg/include/rslidar_msg/rslidar_msg/msg
[0.821s] -- Up-to-date: /home/ph/treasure/dockerBENCH/helios16p_ws/install/rslidar_msg/include/rslidar_msg/rslidar_msg/msg/detail
[0.821s] -- Up-to-date: /home/ph/treasure/dockerBENCH/helios16p_ws/install/rslidar_msg/include/rslidar_msg/rslidar_msg/msg/detail/rslidar_packet__rosidl_typesupport_fastrtps_c.h
[0.821s] -- Up-to-date: /home/ph/treasure/dockerBENCH/helios16p_ws/install/rslidar_msg/include/rslidar_msg/rslidar_msg/msg/rosidl_typesupport_fastrtps_c__visibility_control.h
[0.822s] -- Up-to-date: /home/ph/treasure/dockerBENCH/helios16p_ws/install/rslidar_msg/lib/librslidar_msg__rosidl_typesupport_fastrtps_c.so
[0.822s] -- Up-to-date: /home/ph/treasure/dockerBENCH/helios16p_ws/install/rslidar_msg/include/rslidar_msg/rslidar_msg
[0.822s] -- Up-to-date: /home/ph/treasure/dockerBENCH/helios16p_ws/install/rslidar_msg/include/rslidar_msg/rslidar_msg/msg
[0.823s] -- Up-to-date: /home/ph/treasure/dockerBENCH/helios16p_ws/install/rslidar_msg/include/rslidar_msg/rslidar_msg/msg/detail
[0.823s] -- Up-to-date: /home/ph/treasure/dockerBENCH/helios16p_ws/install/rslidar_msg/include/rslidar_msg/rslidar_msg/msg/detail/rslidar_packet__struct.hpp
[0.823s] -- Up-to-date: /home/ph/treasure/dockerBENCH/helios16p_ws/install/rslidar_msg/include/rslidar_msg/rslidar_msg/msg/detail/rslidar_packet__type_support.hpp
[0.823s] -- Up-to-date: /home/ph/treasure/dockerBENCH/helios16p_ws/install/rslidar_msg/include/rslidar_msg/rslidar_msg/msg/detail/rslidar_packet__traits.hpp
[0.824s] -- Up-to-date: /home/ph/treasure/dockerBENCH/helios16p_ws/install/rslidar_msg/include/rslidar_msg/rslidar_msg/msg/detail/rslidar_packet__builder.hpp
[0.824s] -- Up-to-date: /home/ph/treasure/dockerBENCH/helios16p_ws/install/rslidar_msg/include/rslidar_msg/rslidar_msg/msg/rosidl_generator_cpp__visibility_control.hpp
[0.824s] -- Up-to-date: /home/ph/treasure/dockerBENCH/helios16p_ws/install/rslidar_msg/include/rslidar_msg/rslidar_msg/msg/rslidar_packet.hpp
[0.824s] -- Up-to-date: /home/ph/treasure/dockerBENCH/helios16p_ws/install/rslidar_msg/include/rslidar_msg/rslidar_msg
[0.824s] -- Up-to-date: /home/ph/treasure/dockerBENCH/helios16p_ws/install/rslidar_msg/include/rslidar_msg/rslidar_msg/msg
[0.824s] -- Up-to-date: /home/ph/treasure/dockerBENCH/helios16p_ws/install/rslidar_msg/include/rslidar_msg/rslidar_msg/msg/detail
[0.824s] -- Up-to-date: /home/ph/treasure/dockerBENCH/helios16p_ws/install/rslidar_msg/include/rslidar_msg/rslidar_msg/msg/detail/rslidar_packet__rosidl_typesupport_fastrtps_cpp.hpp
[0.825s] -- Up-to-date: /home/ph/treasure/dockerBENCH/helios16p_ws/install/rslidar_msg/include/rslidar_msg/rslidar_msg/msg/detail/dds_fastrtps
[0.825s] -- Up-to-date: /home/ph/treasure/dockerBENCH/helios16p_ws/install/rslidar_msg/include/rslidar_msg/rslidar_msg/msg/rosidl_typesupport_fastrtps_cpp__visibility_control.h
[0.825s] -- Up-to-date: /home/ph/treasure/dockerBENCH/helios16p_ws/install/rslidar_msg/lib/librslidar_msg__rosidl_typesupport_fastrtps_cpp.so
[0.826s] -- Up-to-date: /home/ph/treasure/dockerBENCH/helios16p_ws/install/rslidar_msg/include/rslidar_msg/rslidar_msg
[0.826s] -- Up-to-date: /home/ph/treasure/dockerBENCH/helios16p_ws/install/rslidar_msg/include/rslidar_msg/rslidar_msg/msg
[0.826s] -- Up-to-date: /home/ph/treasure/dockerBENCH/helios16p_ws/install/rslidar_msg/include/rslidar_msg/rslidar_msg/msg/detail
[0.827s] -- Up-to-date: /home/ph/treasure/dockerBENCH/helios16p_ws/install/rslidar_msg/include/rslidar_msg/rslidar_msg/msg/detail/rslidar_packet__rosidl_typesupport_introspection_c.h
[0.827s] -- Up-to-date: /home/ph/treasure/dockerBENCH/helios16p_ws/install/rslidar_msg/include/rslidar_msg/rslidar_msg/msg/detail/rslidar_packet__type_support.c
[0.827s] -- Up-to-date: /home/ph/treasure/dockerBENCH/helios16p_ws/install/rslidar_msg/include/rslidar_msg/rslidar_msg/msg/rosidl_typesupport_introspection_c__visibility_control.h
[0.827s] -- Up-to-date: /home/ph/treasure/dockerBENCH/helios16p_ws/install/rslidar_msg/lib/librslidar_msg__rosidl_typesupport_introspection_c.so
[0.828s] -- Up-to-date: /home/ph/treasure/dockerBENCH/helios16p_ws/install/rslidar_msg/lib/librslidar_msg__rosidl_typesupport_c.so
[0.828s] -- Up-to-date: /home/ph/treasure/dockerBENCH/helios16p_ws/install/rslidar_msg/include/rslidar_msg/rslidar_msg
[0.828s] -- Up-to-date: /home/ph/treasure/dockerBENCH/helios16p_ws/install/rslidar_msg/include/rslidar_msg/rslidar_msg/msg
[0.830s] -- Up-to-date: /home/ph/treasure/dockerBENCH/helios16p_ws/install/rslidar_msg/include/rslidar_msg/rslidar_msg/msg/detail
[0.830s] -- Up-to-date: /home/ph/treasure/dockerBENCH/helios16p_ws/install/rslidar_msg/include/rslidar_msg/rslidar_msg/msg/detail/rslidar_packet__type_support.cpp
[0.830s] -- Up-to-date: /home/ph/treasure/dockerBENCH/helios16p_ws/install/rslidar_msg/include/rslidar_msg/rslidar_msg/msg/detail/rslidar_packet__rosidl_typesupport_introspection_cpp.hpp
[0.830s] -- Up-to-date: /home/ph/treasure/dockerBENCH/helios16p_ws/install/rslidar_msg/lib/librslidar_msg__rosidl_typesupport_introspection_cpp.so
[0.831s] -- Up-to-date: /home/ph/treasure/dockerBENCH/helios16p_ws/install/rslidar_msg/lib/librslidar_msg__rosidl_typesupport_cpp.so
[0.831s] -- Up-to-date: /home/ph/treasure/dockerBENCH/helios16p_ws/install/rslidar_msg/share/rslidar_msg/environment/pythonpath.sh
[0.831s] -- Up-to-date: /home/ph/treasure/dockerBENCH/helios16p_ws/install/rslidar_msg/share/rslidar_msg/environment/pythonpath.dsv
[0.832s] -- Up-to-date: /home/ph/treasure/dockerBENCH/helios16p_ws/install/rslidar_msg/local/lib/python3.10/dist-packages/rslidar_msg-0.0.0-py3.10.egg-info
[0.832s] -- Installing: /home/ph/treasure/dockerBENCH/helios16p_ws/install/rslidar_msg/local/lib/python3.10/dist-packages/rslidar_msg-0.0.0-py3.10.egg-info/top_level.txt
[0.832s] -- Installing: /home/ph/treasure/dockerBENCH/helios16p_ws/install/rslidar_msg/local/lib/python3.10/dist-packages/rslidar_msg-0.0.0-py3.10.egg-info/PKG-INFO
[0.832s] -- Installing: /home/ph/treasure/dockerBENCH/helios16p_ws/install/rslidar_msg/local/lib/python3.10/dist-packages/rslidar_msg-0.0.0-py3.10.egg-info/SOURCES.txt
[0.832s] -- Installing: /home/ph/treasure/dockerBENCH/helios16p_ws/install/rslidar_msg/local/lib/python3.10/dist-packages/rslidar_msg-0.0.0-py3.10.egg-info/dependency_links.txt
[0.833s] -- Up-to-date: /home/ph/treasure/dockerBENCH/helios16p_ws/install/rslidar_msg/local/lib/python3.10/dist-packages/rslidar_msg
[0.833s] -- Up-to-date: /home/ph/treasure/dockerBENCH/helios16p_ws/install/rslidar_msg/local/lib/python3.10/dist-packages/rslidar_msg/_rslidar_msg_s.ep.rosidl_typesupport_introspection_c.c
[0.833s] -- Up-to-date: /home/ph/treasure/dockerBENCH/helios16p_ws/install/rslidar_msg/local/lib/python3.10/dist-packages/rslidar_msg/_rslidar_msg_s.ep.rosidl_typesupport_c.c
[0.833s] -- Up-to-date: /home/ph/treasure/dockerBENCH/helios16p_ws/install/rslidar_msg/local/lib/python3.10/dist-packages/rslidar_msg/librslidar_msg__rosidl_generator_py.so
[0.833s] -- Up-to-date: /home/ph/treasure/dockerBENCH/helios16p_ws/install/rslidar_msg/local/lib/python3.10/dist-packages/rslidar_msg/_rslidar_msg_s.ep.rosidl_typesupport_fastrtps_c.c
[0.834s] -- Up-to-date: /home/ph/treasure/dockerBENCH/helios16p_ws/install/rslidar_msg/local/lib/python3.10/dist-packages/rslidar_msg/__init__.py
[0.834s] -- Up-to-date: /home/ph/treasure/dockerBENCH/helios16p_ws/install/rslidar_msg/local/lib/python3.10/dist-packages/rslidar_msg/rslidar_msg_s__rosidl_typesupport_c.cpython-310-x86_64-linux-gnu.so
[0.834s] -- Up-to-date: /home/ph/treasure/dockerBENCH/helios16p_ws/install/rslidar_msg/local/lib/python3.10/dist-packages/rslidar_msg/msg
[0.834s] -- Up-to-date: /home/ph/treasure/dockerBENCH/helios16p_ws/install/rslidar_msg/local/lib/python3.10/dist-packages/rslidar_msg/msg/_rslidar_packet.py
[0.834s] -- Up-to-date: /home/ph/treasure/dockerBENCH/helios16p_ws/install/rslidar_msg/local/lib/python3.10/dist-packages/rslidar_msg/msg/__init__.py
[0.834s] -- Up-to-date: /home/ph/treasure/dockerBENCH/helios16p_ws/install/rslidar_msg/local/lib/python3.10/dist-packages/rslidar_msg/msg/_rslidar_packet_s.c
[0.834s] -- Up-to-date: /home/ph/treasure/dockerBENCH/helios16p_ws/install/rslidar_msg/local/lib/python3.10/dist-packages/rslidar_msg/rslidar_msg_s__rosidl_typesupport_fastrtps_c.cpython-310-x86_64-linux-gnu.so
[0.835s] -- Up-to-date: /home/ph/treasure/dockerBENCH/helios16p_ws/install/rslidar_msg/local/lib/python3.10/dist-packages/rslidar_msg/rslidar_msg_s__rosidl_typesupport_introspection_c.cpython-310-x86_64-linux-gnu.so
[0.893s] Listing '/home/ph/treasure/dockerBENCH/helios16p_ws/install/rslidar_msg/local/lib/python3.10/dist-packages/rslidar_msg'...
[0.893s] Listing '/home/ph/treasure/dockerBENCH/helios16p_ws/install/rslidar_msg/local/lib/python3.10/dist-packages/rslidar_msg/msg'...
[0.907s] -- Up-to-date: /home/ph/treasure/dockerBENCH/helios16p_ws/install/rslidar_msg/local/lib/python3.10/dist-packages/rslidar_msg/rslidar_msg_s__rosidl_typesupport_fastrtps_c.cpython-310-x86_64-linux-gnu.so
[0.909s] -- Up-to-date: /home/ph/treasure/dockerBENCH/helios16p_ws/install/rslidar_msg/local/lib/python3.10/dist-packages/rslidar_msg/rslidar_msg_s__rosidl_typesupport_introspection_c.cpython-310-x86_64-linux-gnu.so
[0.913s] -- Up-to-date: /home/ph/treasure/dockerBENCH/helios16p_ws/install/rslidar_msg/local/lib/python3.10/dist-packages/rslidar_msg/rslidar_msg_s__rosidl_typesupport_c.cpython-310-x86_64-linux-gnu.so
[0.914s] -- Up-to-date: /home/ph/treasure/dockerBENCH/helios16p_ws/install/rslidar_msg/lib/librslidar_msg__rosidl_generator_py.so
[0.914s] -- Up-to-date: /home/ph/treasure/dockerBENCH/helios16p_ws/install/rslidar_msg/share/rslidar_msg/msg/RslidarPacket.idl
[0.915s] -- Up-to-date: /home/ph/treasure/dockerBENCH/helios16p_ws/install/rslidar_msg/share/rslidar_msg/msg/RslidarPacket.msg
[0.915s] -- Up-to-date: /home/ph/treasure/dockerBENCH/helios16p_ws/install/rslidar_msg/share/ament_index/resource_index/package_run_dependencies/rslidar_msg
[0.915s] -- Up-to-date: /home/ph/treasure/dockerBENCH/helios16p_ws/install/rslidar_msg/share/ament_index/resource_index/parent_prefix_path/rslidar_msg
[0.915s] -- Up-to-date: /home/ph/treasure/dockerBENCH/helios16p_ws/install/rslidar_msg/share/rslidar_msg/environment/ament_prefix_path.sh
[0.915s] -- Up-to-date: /home/ph/treasure/dockerBENCH/helios16p_ws/install/rslidar_msg/share/rslidar_msg/environment/ament_prefix_path.dsv
[0.915s] -- Up-to-date: /home/ph/treasure/dockerBENCH/helios16p_ws/install/rslidar_msg/share/rslidar_msg/environment/path.sh
[0.916s] -- Up-to-date: /home/ph/treasure/dockerBENCH/helios16p_ws/install/rslidar_msg/share/rslidar_msg/environment/path.dsv
[0.916s] -- Up-to-date: /home/ph/treasure/dockerBENCH/helios16p_ws/install/rslidar_msg/share/rslidar_msg/local_setup.bash
[0.916s] -- Up-to-date: /home/ph/treasure/dockerBENCH/helios16p_ws/install/rslidar_msg/share/rslidar_msg/local_setup.sh
[0.916s] -- Up-to-date: /home/ph/treasure/dockerBENCH/helios16p_ws/install/rslidar_msg/share/rslidar_msg/local_setup.zsh
[0.916s] -- Up-to-date: /home/ph/treasure/dockerBENCH/helios16p_ws/install/rslidar_msg/share/rslidar_msg/local_setup.dsv
[0.917s] -- Installing: /home/ph/treasure/dockerBENCH/helios16p_ws/install/rslidar_msg/share/rslidar_msg/package.dsv
[0.919s] -- Up-to-date: /home/ph/treasure/dockerBENCH/helios16p_ws/install/rslidar_msg/share/ament_index/resource_index/packages/rslidar_msg
[0.920s] -- Up-to-date: /home/ph/treasure/dockerBENCH/helios16p_ws/install/rslidar_msg/share/rslidar_msg/cmake/export_rslidar_msg__rosidl_generator_cExport.cmake
[0.920s] -- Up-to-date: /home/ph/treasure/dockerBENCH/helios16p_ws/install/rslidar_msg/share/rslidar_msg/cmake/export_rslidar_msg__rosidl_generator_cExport-noconfig.cmake
[0.921s] -- Up-to-date: /home/ph/treasure/dockerBENCH/helios16p_ws/install/rslidar_msg/share/rslidar_msg/cmake/export_rslidar_msg__rosidl_typesupport_fastrtps_cExport.cmake
[0.921s] -- Up-to-date: /home/ph/treasure/dockerBENCH/helios16p_ws/install/rslidar_msg/share/rslidar_msg/cmake/export_rslidar_msg__rosidl_typesupport_fastrtps_cExport-noconfig.cmake
[0.921s] -- Up-to-date: /home/ph/treasure/dockerBENCH/helios16p_ws/install/rslidar_msg/share/rslidar_msg/cmake/export_rslidar_msg__rosidl_generator_cppExport.cmake
[0.922s] -- Up-to-date: /home/ph/treasure/dockerBENCH/helios16p_ws/install/rslidar_msg/share/rslidar_msg/cmake/export_rslidar_msg__rosidl_typesupport_fastrtps_cppExport.cmake
[0.922s] -- Up-to-date: /home/ph/treasure/dockerBENCH/helios16p_ws/install/rslidar_msg/share/rslidar_msg/cmake/export_rslidar_msg__rosidl_typesupport_fastrtps_cppExport-noconfig.cmake
[0.922s] -- Up-to-date: /home/ph/treasure/dockerBENCH/helios16p_ws/install/rslidar_msg/share/rslidar_msg/cmake/rslidar_msg__rosidl_typesupport_introspection_cExport.cmake
[0.922s] -- Up-to-date: /home/ph/treasure/dockerBENCH/helios16p_ws/install/rslidar_msg/share/rslidar_msg/cmake/rslidar_msg__rosidl_typesupport_introspection_cExport-noconfig.cmake
[0.923s] -- Up-to-date: /home/ph/treasure/dockerBENCH/helios16p_ws/install/rslidar_msg/share/rslidar_msg/cmake/rslidar_msg__rosidl_typesupport_cExport.cmake
[0.923s] -- Up-to-date: /home/ph/treasure/dockerBENCH/helios16p_ws/install/rslidar_msg/share/rslidar_msg/cmake/rslidar_msg__rosidl_typesupport_cExport-noconfig.cmake
[0.923s] -- Up-to-date: /home/ph/treasure/dockerBENCH/helios16p_ws/install/rslidar_msg/share/rslidar_msg/cmake/rslidar_msg__rosidl_typesupport_introspection_cppExport.cmake
[0.923s] -- Up-to-date: /home/ph/treasure/dockerBENCH/helios16p_ws/install/rslidar_msg/share/rslidar_msg/cmake/rslidar_msg__rosidl_typesupport_introspection_cppExport-noconfig.cmake
[0.924s] -- Up-to-date: /home/ph/treasure/dockerBENCH/helios16p_ws/install/rslidar_msg/share/rslidar_msg/cmake/rslidar_msg__rosidl_typesupport_cppExport.cmake
[0.924s] -- Up-to-date: /home/ph/treasure/dockerBENCH/helios16p_ws/install/rslidar_msg/share/rslidar_msg/cmake/rslidar_msg__rosidl_typesupport_cppExport-noconfig.cmake
[0.925s] -- Up-to-date: /home/ph/treasure/dockerBENCH/helios16p_ws/install/rslidar_msg/share/rslidar_msg/cmake/export_rslidar_msg__rosidl_generator_pyExport.cmake
[0.925s] -- Up-to-date: /home/ph/treasure/dockerBENCH/helios16p_ws/install/rslidar_msg/share/rslidar_msg/cmake/export_rslidar_msg__rosidl_generator_pyExport-noconfig.cmake
[0.925s] -- Up-to-date: /home/ph/treasure/dockerBENCH/helios16p_ws/install/rslidar_msg/share/rslidar_msg/cmake/rosidl_cmake-extras.cmake
[0.925s] -- Up-to-date: /home/ph/treasure/dockerBENCH/helios16p_ws/install/rslidar_msg/share/rslidar_msg/cmake/ament_cmake_export_dependencies-extras.cmake
[0.925s] -- Up-to-date: /home/ph/treasure/dockerBENCH/helios16p_ws/install/rslidar_msg/share/rslidar_msg/cmake/ament_cmake_export_include_directories-extras.cmake
[0.926s] -- Up-to-date: /home/ph/treasure/dockerBENCH/helios16p_ws/install/rslidar_msg/share/rslidar_msg/cmake/ament_cmake_export_libraries-extras.cmake
[0.926s] -- Up-to-date: /home/ph/treasure/dockerBENCH/helios16p_ws/install/rslidar_msg/share/rslidar_msg/cmake/ament_cmake_export_targets-extras.cmake
[0.926s] -- Up-to-date: /home/ph/treasure/dockerBENCH/helios16p_ws/install/rslidar_msg/share/rslidar_msg/cmake/rosidl_cmake_export_typesupport_targets-extras.cmake
[0.926s] -- Up-to-date: /home/ph/treasure/dockerBENCH/helios16p_ws/install/rslidar_msg/share/rslidar_msg/cmake/rosidl_cmake_export_typesupport_libraries-extras.cmake
[0.926s] -- Up-to-date: /home/ph/treasure/dockerBENCH/helios16p_ws/install/rslidar_msg/share/rslidar_msg/cmake/rslidar_msgConfig.cmake
[0.927s] -- Up-to-date: /home/ph/treasure/dockerBENCH/helios16p_ws/install/rslidar_msg/share/rslidar_msg/cmake/rslidar_msgConfig-version.cmake
[0.927s] -- Up-to-date: /home/ph/treasure/dockerBENCH/helios16p_ws/install/rslidar_msg/share/rslidar_msg/package.xml
[0.956s] Invoked command in '/home/ph/treasure/dockerBENCH/helios16p_ws/build/rslidar_msg' returned '0': CMAKE_PREFIX_PATH=${CMAKE_PREFIX_PATH}:/home/ph/treasure/dockerBENCH/helios16p_ws/install/helios16p_cane_robot:/opt/ros/humble PS1=(pvenv) \[\e]0;\u@\h: \w\a\]${debian_chroot:+($debian_chroot)}\u@\h:\w\$ VIRTUAL_ENV_PROMPT=(pvenv) /home/ph/.local/bin/cmake --install /home/ph/treasure/dockerBENCH/helios16p_ws/build/rslidar_msg
