[0.042s] Invoking command in '/home/ph/treasure/dockerBENCH/helios16p_ws/build/rslidar_msg': CMAKE_PREFIX_PATH=/opt/ros/humble PS1=(pvenv) \[\e]0;\u@\h: \w\a\]${debian_chroot:+($debian_chroot)}\u@\h:\w\$ VIRTUAL_ENV_PROMPT=(pvenv) /home/ph/.local/bin/cmake /home/ph/treasure/dockerBENCH/helios16p_ws/src/rslidar_msg -DCMAKE_INSTALL_PREFIX=/home/ph/treasure/dockerBENCH/helios16p_ws/install/rslidar_msg
[0.580s] -- The C compiler identification is GNU 11.4.0
[0.582s] -- The CXX compiler identification is GNU 11.4.0
[0.582s] -- Detecting C compiler ABI info
[0.582s] [0mCMake Deprecation Warning at CMakeLists.txt:1 (cmake_minimum_required):
[0.583s]   Compatibility with CMake < 3.10 will be removed from a future version of
[0.583s]   CMake.
[0.583s] 
[0.583s]   Update the VERSION argument <min> value.  Or, use the <min>...<max> syntax
[0.583s]   to tell CMake that the project requires at least <min> but has been updated
[0.584s]   to work with policies introduced by <max> or earlier.
[0.584s] 
[0.584s] [0m
[0.598s] -- Detecting C compiler ABI info - done
[0.636s] -- Check for working C compiler: /usr/bin/cc - skipped
[0.637s] -- Detecting C compile features
[0.637s] -- Detecting C compile features - done
[0.669s] -- Detecting CXX compiler ABI info
[0.856s] -- Detecting CXX compiler ABI info - done
[0.896s] -- Check for working CXX compiler: /usr/bin/c++ - skipped
[0.898s] -- Detecting CXX compile features
[0.901s] -- Detecting CXX compile features - done
[0.920s] -- Found ament_cmake: 1.3.12 (/opt/ros/humble/share/ament_cmake/cmake)
[1.268s] -- Found Python3: /usr/bin/python3 (found version "3.10.12") found components: Interpreter
[1.522s] -- Found std_msgs: 4.9.0 (/opt/ros/humble/share/std_msgs/cmake)
[1.638s] -- Found rosidl_generator_c: 3.1.8 (/opt/ros/humble/share/rosidl_generator_c/cmake)
[1.647s] -- Found rosidl_adapter: 3.1.8 (/opt/ros/humble/share/rosidl_adapter/cmake)
[1.675s] -- Found rosidl_generator_cpp: 3.1.8 (/opt/ros/humble/share/rosidl_generator_cpp/cmake)
[1.706s] -- Using all available rosidl_typesupport_c: rosidl_typesupport_fastrtps_c;rosidl_typesupport_introspection_c
[1.743s] -- Using all available rosidl_typesupport_cpp: rosidl_typesupport_fastrtps_cpp;rosidl_typesupport_introspection_cpp
[1.820s] -- Found rclcpp: 16.0.17 (/opt/ros/humble/share/rclcpp/cmake)
[1.922s] -- Found rmw_implementation_cmake: 6.1.2 (/opt/ros/humble/share/rmw_implementation_cmake/cmake)
[1.928s] -- Found rmw_fastrtps_cpp: 6.2.9 (/opt/ros/humble/share/rmw_fastrtps_cpp/cmake)
[2.120s] -- Found OpenSSL: /usr/lib/x86_64-linux-gnu/libcrypto.so (found version "3.0.2")
[2.176s] -- Found FastRTPS: /opt/ros/humble/include
[2.256s] -- Using RMW implementation 'rmw_fastrtps_cpp' as default
[2.271s] -- Performing Test CMAKE_HAVE_LIBC_PTHREAD
[2.377s] -- Performing Test CMAKE_HAVE_LIBC_PTHREAD - Success
[2.379s] -- Found Threads: TRUE
[2.475s] -- Found rosidl_default_generators: 1.2.0 (/opt/ros/humble/share/rosidl_default_generators/cmake)
[3.141s] -- Found ament_cmake_ros: 0.10.0 (/opt/ros/humble/share/ament_cmake_ros/cmake)
[4.410s] -- Using all available rosidl_typesupport_c: rosidl_typesupport_fastrtps_c;rosidl_typesupport_introspection_c
[4.909s] -- Using all available rosidl_typesupport_cpp: rosidl_typesupport_fastrtps_cpp;rosidl_typesupport_introspection_cpp
[4.913s] [33mCMake Warning (dev) at /opt/ros/humble/share/rosidl_generator_py/cmake/rosidl_generator_py_generate_interfaces.cmake:20 (find_package):
[4.914s]   Policy CMP0148 is not set: The FindPythonInterp and FindPythonLibs modules
[4.914s]   are removed.  Run "cmake --help-policy CMP0148" for policy details.  Use
[4.914s]   the cmake_policy command to set the policy and suppress this warning.
[4.914s] 
[4.914s] Call Stack (most recent call first):
[4.914s]   /opt/ros/humble/share/ament_cmake_core/cmake/core/ament_execute_extensions.cmake:48 (include)
[4.914s]   /opt/ros/humble/share/rosidl_cmake/cmake/rosidl_generate_interfaces.cmake:286 (ament_execute_extensions)
[4.914s]   CMakeLists.txt:25 (rosidl_generate_interfaces)
[4.915s] This warning is for project developers.  Use -Wno-dev to suppress it.
[4.915s] [0m
[4.965s] -- Found PythonInterp: /usr/bin/python3 (found suitable version "3.10.12", minimum required is "3.6")
[4.971s] -- Found python_cmake_module: 0.10.0 (/opt/ros/humble/share/python_cmake_module/cmake)
[4.975s] [33mCMake Warning (dev) at /opt/ros/humble/share/python_cmake_module/cmake/Modules/FindPythonExtra.cmake:52 (find_package):
[4.975s]   Policy CMP0148 is not set: The FindPythonInterp and FindPythonLibs modules
[4.975s]   are removed.  Run "cmake --help-policy CMP0148" for policy details.  Use
[4.975s]   the cmake_policy command to set the policy and suppress this warning.
[4.975s] 
[4.975s] Call Stack (most recent call first):
[4.975s]   /opt/ros/humble/share/rosidl_generator_py/cmake/rosidl_generator_py_generate_interfaces.cmake:23 (find_package)
[4.975s]   /opt/ros/humble/share/ament_cmake_core/cmake/core/ament_execute_extensions.cmake:48 (include)
[4.975s]   /opt/ros/humble/share/rosidl_cmake/cmake/rosidl_generate_interfaces.cmake:286 (ament_execute_extensions)
[4.976s]   CMakeLists.txt:25 (rosidl_generate_interfaces)
[4.976s] This warning is for project developers.  Use -Wno-dev to suppress it.
[4.976s] [0m
[5.012s] [33mCMake Warning (dev) at /opt/ros/humble/share/python_cmake_module/cmake/Modules/FindPythonExtra.cmake:140 (find_package):
[5.012s]   Policy CMP0148 is not set: The FindPythonInterp and FindPythonLibs modules
[5.012s]   are removed.  Run "cmake --help-policy CMP0148" for policy details.  Use
[5.012s]   the cmake_policy command to set the policy and suppress this warning.
[5.012s] 
[5.012s] Call Stack (most recent call first):
[5.013s]   /opt/ros/humble/share/rosidl_generator_py/cmake/rosidl_generator_py_generate_interfaces.cmake:23 (find_package)
[5.013s]   /opt/ros/humble/share/ament_cmake_core/cmake/core/ament_execute_extensions.cmake:48 (include)
[5.013s]   /opt/ros/humble/share/rosidl_cmake/cmake/rosidl_generate_interfaces.cmake:286 (ament_execute_extensions)
[5.013s]   CMakeLists.txt:25 (rosidl_generate_interfaces)
[5.013s] This warning is for project developers.  Use -Wno-dev to suppress it.
[5.013s] [0m
[5.027s] -- Found PythonLibs: /usr/lib/x86_64-linux-gnu/libpython3.10.so (found suitable version "3.10.12", minimum required is "3.5")
[5.027s] -- Using PYTHON_EXECUTABLE: /usr/bin/python3
[5.027s] -- Using PYTHON_INCLUDE_DIRS: /usr/include/python3.10
[5.027s] -- Using PYTHON_LIBRARIES: /usr/lib/x86_64-linux-gnu/libpython3.10.so
[5.058s] -- Found PythonExtra: .so
[5.154s] -- Found ament_lint_auto: 0.12.14 (/opt/ros/humble/share/ament_lint_auto/cmake)
[5.199s] -- Added test 'copyright' to check source files copyright and LICENSE
[5.204s] -- Added test 'lint_cmake' to check CMake code style
[5.208s] -- Added test 'xmllint' to check XML markup files
[5.214s] -- Configuring done (5.0s)
[5.303s] -- Generating done (0.1s)
[5.374s] -- Build files have been written to: /home/ph/treasure/dockerBENCH/helios16p_ws/build/rslidar_msg
[5.403s] Invoked command in '/home/ph/treasure/dockerBENCH/helios16p_ws/build/rslidar_msg' returned '0': CMAKE_PREFIX_PATH=/opt/ros/humble PS1=(pvenv) \[\e]0;\u@\h: \w\a\]${debian_chroot:+($debian_chroot)}\u@\h:\w\$ VIRTUAL_ENV_PROMPT=(pvenv) /home/ph/.local/bin/cmake /home/ph/treasure/dockerBENCH/helios16p_ws/src/rslidar_msg -DCMAKE_INSTALL_PREFIX=/home/ph/treasure/dockerBENCH/helios16p_ws/install/rslidar_msg
[5.406s] Invoking command in '/home/ph/treasure/dockerBENCH/helios16p_ws/build/rslidar_msg': CMAKE_PREFIX_PATH=/opt/ros/humble PS1=(pvenv) \[\e]0;\u@\h: \w\a\]${debian_chroot:+($debian_chroot)}\u@\h:\w\$ VIRTUAL_ENV_PROMPT=(pvenv) /home/ph/.local/bin/cmake --build /home/ph/treasure/dockerBENCH/helios16p_ws/build/rslidar_msg -- -j8 -l8
[5.600s] [  3%] [1m[34mGenerating C code for ROS interfaces[0m
[5.606s] [  6%] [1m[34mGenerating C++ code for ROS interfaces[0m
[5.619s] [  6%] Built target ament_cmake_python_copy_rslidar_msg
[6.417s] [  9%] [32mBuilding C object CMakeFiles/rslidar_msg__rosidl_generator_c.dir/rosidl_generator_c/rslidar_msg/msg/detail/rslidar_packet__functions.c.o[0m
[6.516s] [  9%] Built target rslidar_msg__cpp
[6.536s] [ 12%] [1m[34mGenerating C++ type support for eProsima Fast-RTPS[0m
[6.541s] [ 16%] [1m[34mGenerating C++ type support dispatch for ROS interfaces[0m
[6.554s] [ 19%] [1m[34mGenerating C++ introspection for ROS interfaces[0m
[6.576s] running egg_info
[6.576s] creating rslidar_msg.egg-info
[6.576s] writing rslidar_msg.egg-info/PKG-INFO
[6.577s] writing dependency_links to rslidar_msg.egg-info/dependency_links.txt
[6.577s] writing top-level names to rslidar_msg.egg-info/top_level.txt
[6.577s] writing manifest file 'rslidar_msg.egg-info/SOURCES.txt'
[6.588s] reading manifest file 'rslidar_msg.egg-info/SOURCES.txt'
[6.590s] writing manifest file 'rslidar_msg.egg-info/SOURCES.txt'
[6.623s] [ 22%] [1m[32mLinking C shared library librslidar_msg__rosidl_generator_c.so[0m
[6.728s] [ 22%] Built target ament_cmake_python_build_rslidar_msg_egg
[6.776s] [ 22%] Built target rslidar_msg__rosidl_generator_c
[6.795s] [ 25%] [1m[34mGenerating C introspection for ROS interfaces[0m
[6.798s] [ 29%] [1m[34mGenerating C type support dispatch for ROS interfaces[0m
[6.810s] [ 32%] [1m[34mGenerating C type support for eProsima Fast-RTPS[0m
[7.729s] [ 35%] [32mBuilding CXX object CMakeFiles/rslidar_msg__rosidl_typesupport_c.dir/rosidl_typesupport_c/rslidar_msg/msg/rslidar_packet__type_support.cpp.o[0m
[7.767s] [ 38%] [32mBuilding CXX object CMakeFiles/rslidar_msg__rosidl_typesupport_fastrtps_cpp.dir/rosidl_typesupport_fastrtps_cpp/rslidar_msg/msg/detail/dds_fastrtps/rslidar_packet__type_support.cpp.o[0m
[7.801s] [ 41%] [32mBuilding CXX object CMakeFiles/rslidar_msg__rosidl_typesupport_introspection_cpp.dir/rosidl_typesupport_introspection_cpp/rslidar_msg/msg/detail/rslidar_packet__type_support.cpp.o[0m
[7.833s] [ 45%] [1m[32mLinking CXX shared library librslidar_msg__rosidl_typesupport_c.so[0m
[7.868s] [ 48%] [32mBuilding CXX object CMakeFiles/rslidar_msg__rosidl_typesupport_cpp.dir/rosidl_typesupport_cpp/rslidar_msg/msg/rslidar_packet__type_support.cpp.o[0m
[7.990s] [ 48%] Built target rslidar_msg__rosidl_typesupport_c
[8.044s] [ 51%] [32mBuilding C object CMakeFiles/rslidar_msg__rosidl_typesupport_introspection_c.dir/rosidl_typesupport_introspection_c/rslidar_msg/msg/detail/rslidar_packet__type_support.c.o[0m
[8.231s] [ 54%] [1m[32mLinking C shared library librslidar_msg__rosidl_typesupport_introspection_c.so[0m
[8.313s] [ 58%] [32mBuilding CXX object CMakeFiles/rslidar_msg__rosidl_typesupport_fastrtps_c.dir/rosidl_typesupport_fastrtps_c/rslidar_msg/msg/detail/rslidar_packet__type_support_c.cpp.o[0m
[8.331s] [ 58%] Built target rslidar_msg__rosidl_typesupport_introspection_c
[9.453s] [ 61%] [1m[32mLinking CXX shared library librslidar_msg__rosidl_typesupport_cpp.so[0m
[9.638s] [ 61%] Built target rslidar_msg__rosidl_typesupport_cpp
[9.800s] [ 64%] [1m[32mLinking CXX shared library librslidar_msg__rosidl_typesupport_fastrtps_cpp.so[0m
[10.187s] [ 67%] [1m[32mLinking CXX shared library librslidar_msg__rosidl_typesupport_introspection_cpp.so[0m
[10.273s] [ 70%] [1m[32mLinking CXX shared library librslidar_msg__rosidl_typesupport_fastrtps_c.so[0m
[10.274s] [ 70%] Built target rslidar_msg__rosidl_typesupport_fastrtps_cpp
[10.507s] [ 70%] Built target rslidar_msg__rosidl_typesupport_introspection_cpp
[10.619s] [ 70%] Built target rslidar_msg__rosidl_typesupport_fastrtps_c
[10.685s] [ 70%] Built target rslidar_msg
[10.748s] [ 74%] [1m[34mGenerating Python code for ROS interfaces[0m
[12.210s] [ 74%] Built target rslidar_msg__py
[12.264s] [ 77%] [32mBuilding C object CMakeFiles/rslidar_msg__rosidl_generator_py.dir/rosidl_generator_py/rslidar_msg/msg/_rslidar_packet_s.c.o[0m
[12.801s] [ 80%] [1m[32mLinking C shared library rosidl_generator_py/rslidar_msg/librslidar_msg__rosidl_generator_py.so[0m
[12.974s] [ 80%] Built target rslidar_msg__rosidl_generator_py
[13.025s] [ 83%] [32mBuilding C object CMakeFiles/rslidar_msg__rosidl_typesupport_fastrtps_c__pyext.dir/rosidl_generator_py/rslidar_msg/_rslidar_msg_s.ep.rosidl_typesupport_fastrtps_c.c.o[0m
[13.035s] [ 87%] [32mBuilding C object CMakeFiles/rslidar_msg__rosidl_typesupport_introspection_c__pyext.dir/rosidl_generator_py/rslidar_msg/_rslidar_msg_s.ep.rosidl_typesupport_introspection_c.c.o[0m
[13.041s] [ 90%] [32mBuilding C object CMakeFiles/rslidar_msg__rosidl_typesupport_c__pyext.dir/rosidl_generator_py/rslidar_msg/_rslidar_msg_s.ep.rosidl_typesupport_c.c.o[0m
[13.379s] [ 93%] [1m[32mLinking C shared library rosidl_generator_py/rslidar_msg/rslidar_msg_s__rosidl_typesupport_fastrtps_c.cpython-310-x86_64-linux-gnu.so[0m
[13.408s] [ 96%] [1m[32mLinking C shared library rosidl_generator_py/rslidar_msg/rslidar_msg_s__rosidl_typesupport_c.cpython-310-x86_64-linux-gnu.so[0m
[13.427s] [100%] [1m[32mLinking C shared library rosidl_generator_py/rslidar_msg/rslidar_msg_s__rosidl_typesupport_introspection_c.cpython-310-x86_64-linux-gnu.so[0m
[13.532s] [100%] Built target rslidar_msg__rosidl_typesupport_introspection_c__pyext
[13.537s] [100%] Built target rslidar_msg__rosidl_typesupport_c__pyext
[13.543s] [100%] Built target rslidar_msg__rosidl_typesupport_fastrtps_c__pyext
[13.579s] Invoked command in '/home/ph/treasure/dockerBENCH/helios16p_ws/build/rslidar_msg' returned '0': CMAKE_PREFIX_PATH=/opt/ros/humble PS1=(pvenv) \[\e]0;\u@\h: \w\a\]${debian_chroot:+($debian_chroot)}\u@\h:\w\$ VIRTUAL_ENV_PROMPT=(pvenv) /home/ph/.local/bin/cmake --build /home/ph/treasure/dockerBENCH/helios16p_ws/build/rslidar_msg -- -j8 -l8
[13.581s] Invoking command in '/home/ph/treasure/dockerBENCH/helios16p_ws/build/rslidar_msg': CMAKE_PREFIX_PATH=/opt/ros/humble PS1=(pvenv) \[\e]0;\u@\h: \w\a\]${debian_chroot:+($debian_chroot)}\u@\h:\w\$ VIRTUAL_ENV_PROMPT=(pvenv) /home/ph/.local/bin/cmake --install /home/ph/treasure/dockerBENCH/helios16p_ws/build/rslidar_msg
[13.861s] -- Install configuration: ""
[13.862s] -- Installing: /home/ph/treasure/dockerBENCH/helios16p_ws/install/rslidar_msg/share/ament_index/resource_index/rosidl_interfaces/rslidar_msg
[13.863s] -- Installing: /home/ph/treasure/dockerBENCH/helios16p_ws/install/rslidar_msg/include/rslidar_msg/rslidar_msg
[13.865s] -- Installing: /home/ph/treasure/dockerBENCH/helios16p_ws/install/rslidar_msg/include/rslidar_msg/rslidar_msg/msg
[13.867s] -- Installing: /home/ph/treasure/dockerBENCH/helios16p_ws/install/rslidar_msg/include/rslidar_msg/rslidar_msg/msg/detail
[13.867s] -- Installing: /home/ph/treasure/dockerBENCH/helios16p_ws/install/rslidar_msg/include/rslidar_msg/rslidar_msg/msg/detail/rslidar_packet__struct.h
[13.868s] -- Installing: /home/ph/treasure/dockerBENCH/helios16p_ws/install/rslidar_msg/include/rslidar_msg/rslidar_msg/msg/detail/rslidar_packet__functions.h
[13.868s] -- Installing: /home/ph/treasure/dockerBENCH/helios16p_ws/install/rslidar_msg/include/rslidar_msg/rslidar_msg/msg/detail/rslidar_packet__functions.c
[13.869s] -- Installing: /home/ph/treasure/dockerBENCH/helios16p_ws/install/rslidar_msg/include/rslidar_msg/rslidar_msg/msg/detail/rslidar_packet__type_support.h
[13.869s] -- Installing: /home/ph/treasure/dockerBENCH/helios16p_ws/install/rslidar_msg/include/rslidar_msg/rslidar_msg/msg/rslidar_packet.h
[13.869s] -- Installing: /home/ph/treasure/dockerBENCH/helios16p_ws/install/rslidar_msg/include/rslidar_msg/rslidar_msg/msg/rosidl_generator_c__visibility_control.h
[13.869s] -- Installing: /home/ph/treasure/dockerBENCH/helios16p_ws/install/rslidar_msg/share/rslidar_msg/environment/library_path.sh
[13.870s] -- Installing: /home/ph/treasure/dockerBENCH/helios16p_ws/install/rslidar_msg/share/rslidar_msg/environment/library_path.dsv
[13.871s] -- Installing: /home/ph/treasure/dockerBENCH/helios16p_ws/install/rslidar_msg/lib/librslidar_msg__rosidl_generator_c.so
[13.873s] -- Set non-toolchain portion of runtime path of "/home/ph/treasure/dockerBENCH/helios16p_ws/install/rslidar_msg/lib/librslidar_msg__rosidl_generator_c.so" to ""
[13.873s] -- Up-to-date: /home/ph/treasure/dockerBENCH/helios16p_ws/install/rslidar_msg/include/rslidar_msg/rslidar_msg
[13.876s] -- Up-to-date: /home/ph/treasure/dockerBENCH/helios16p_ws/install/rslidar_msg/include/rslidar_msg/rslidar_msg/msg
[13.876s] -- Up-to-date: /home/ph/treasure/dockerBENCH/helios16p_ws/install/rslidar_msg/include/rslidar_msg/rslidar_msg/msg/detail
[13.876s] -- Installing: /home/ph/treasure/dockerBENCH/helios16p_ws/install/rslidar_msg/include/rslidar_msg/rslidar_msg/msg/detail/rslidar_packet__rosidl_typesupport_fastrtps_c.h
[13.879s] -- Installing: /home/ph/treasure/dockerBENCH/helios16p_ws/install/rslidar_msg/include/rslidar_msg/rslidar_msg/msg/rosidl_typesupport_fastrtps_c__visibility_control.h
[13.879s] -- Installing: /home/ph/treasure/dockerBENCH/helios16p_ws/install/rslidar_msg/lib/librslidar_msg__rosidl_typesupport_fastrtps_c.so
[13.879s] -- Set non-toolchain portion of runtime path of "/home/ph/treasure/dockerBENCH/helios16p_ws/install/rslidar_msg/lib/librslidar_msg__rosidl_typesupport_fastrtps_c.so" to ""
[13.880s] -- Up-to-date: /home/ph/treasure/dockerBENCH/helios16p_ws/install/rslidar_msg/include/rslidar_msg/rslidar_msg
[13.880s] -- Up-to-date: /home/ph/treasure/dockerBENCH/helios16p_ws/install/rslidar_msg/include/rslidar_msg/rslidar_msg/msg
[13.880s] -- Up-to-date: /home/ph/treasure/dockerBENCH/helios16p_ws/install/rslidar_msg/include/rslidar_msg/rslidar_msg/msg/detail
[13.880s] -- Installing: /home/ph/treasure/dockerBENCH/helios16p_ws/install/rslidar_msg/include/rslidar_msg/rslidar_msg/msg/detail/rslidar_packet__struct.hpp
[13.883s] -- Installing: /home/ph/treasure/dockerBENCH/helios16p_ws/install/rslidar_msg/include/rslidar_msg/rslidar_msg/msg/detail/rslidar_packet__type_support.hpp
[13.884s] -- Installing: /home/ph/treasure/dockerBENCH/helios16p_ws/install/rslidar_msg/include/rslidar_msg/rslidar_msg/msg/detail/rslidar_packet__traits.hpp
[13.885s] -- Installing: /home/ph/treasure/dockerBENCH/helios16p_ws/install/rslidar_msg/include/rslidar_msg/rslidar_msg/msg/detail/rslidar_packet__builder.hpp
[13.885s] -- Installing: /home/ph/treasure/dockerBENCH/helios16p_ws/install/rslidar_msg/include/rslidar_msg/rslidar_msg/msg/rosidl_generator_cpp__visibility_control.hpp
[13.885s] -- Installing: /home/ph/treasure/dockerBENCH/helios16p_ws/install/rslidar_msg/include/rslidar_msg/rslidar_msg/msg/rslidar_packet.hpp
[13.889s] -- Up-to-date: /home/ph/treasure/dockerBENCH/helios16p_ws/install/rslidar_msg/include/rslidar_msg/rslidar_msg
[13.889s] -- Up-to-date: /home/ph/treasure/dockerBENCH/helios16p_ws/install/rslidar_msg/include/rslidar_msg/rslidar_msg/msg
[13.889s] -- Up-to-date: /home/ph/treasure/dockerBENCH/helios16p_ws/install/rslidar_msg/include/rslidar_msg/rslidar_msg/msg/detail
[13.889s] -- Installing: /home/ph/treasure/dockerBENCH/helios16p_ws/install/rslidar_msg/include/rslidar_msg/rslidar_msg/msg/detail/rslidar_packet__rosidl_typesupport_fastrtps_cpp.hpp
[13.890s] -- Installing: /home/ph/treasure/dockerBENCH/helios16p_ws/install/rslidar_msg/include/rslidar_msg/rslidar_msg/msg/detail/dds_fastrtps
[13.891s] -- Installing: /home/ph/treasure/dockerBENCH/helios16p_ws/install/rslidar_msg/include/rslidar_msg/rslidar_msg/msg/rosidl_typesupport_fastrtps_cpp__visibility_control.h
[13.891s] -- Installing: /home/ph/treasure/dockerBENCH/helios16p_ws/install/rslidar_msg/lib/librslidar_msg__rosidl_typesupport_fastrtps_cpp.so
[13.891s] -- Set non-toolchain portion of runtime path of "/home/ph/treasure/dockerBENCH/helios16p_ws/install/rslidar_msg/lib/librslidar_msg__rosidl_typesupport_fastrtps_cpp.so" to ""
[13.891s] -- Up-to-date: /home/ph/treasure/dockerBENCH/helios16p_ws/install/rslidar_msg/include/rslidar_msg/rslidar_msg
[13.891s] -- Up-to-date: /home/ph/treasure/dockerBENCH/helios16p_ws/install/rslidar_msg/include/rslidar_msg/rslidar_msg/msg
[13.892s] -- Up-to-date: /home/ph/treasure/dockerBENCH/helios16p_ws/install/rslidar_msg/include/rslidar_msg/rslidar_msg/msg/detail
[13.892s] -- Installing: /home/ph/treasure/dockerBENCH/helios16p_ws/install/rslidar_msg/include/rslidar_msg/rslidar_msg/msg/detail/rslidar_packet__rosidl_typesupport_introspection_c.h
[13.900s] -- Installing: /home/ph/treasure/dockerBENCH/helios16p_ws/install/rslidar_msg/include/rslidar_msg/rslidar_msg/msg/detail/rslidar_packet__type_support.c
[13.900s] -- Installing: /home/ph/treasure/dockerBENCH/helios16p_ws/install/rslidar_msg/include/rslidar_msg/rslidar_msg/msg/rosidl_typesupport_introspection_c__visibility_control.h
[13.900s] -- Installing: /home/ph/treasure/dockerBENCH/helios16p_ws/install/rslidar_msg/lib/librslidar_msg__rosidl_typesupport_introspection_c.so
[13.901s] -- Set non-toolchain portion of runtime path of "/home/ph/treasure/dockerBENCH/helios16p_ws/install/rslidar_msg/lib/librslidar_msg__rosidl_typesupport_introspection_c.so" to ""
[13.901s] -- Installing: /home/ph/treasure/dockerBENCH/helios16p_ws/install/rslidar_msg/lib/librslidar_msg__rosidl_typesupport_c.so
[13.901s] -- Set non-toolchain portion of runtime path of "/home/ph/treasure/dockerBENCH/helios16p_ws/install/rslidar_msg/lib/librslidar_msg__rosidl_typesupport_c.so" to ""
[13.901s] -- Up-to-date: /home/ph/treasure/dockerBENCH/helios16p_ws/install/rslidar_msg/include/rslidar_msg/rslidar_msg
[13.901s] -- Up-to-date: /home/ph/treasure/dockerBENCH/helios16p_ws/install/rslidar_msg/include/rslidar_msg/rslidar_msg/msg
[13.902s] -- Up-to-date: /home/ph/treasure/dockerBENCH/helios16p_ws/install/rslidar_msg/include/rslidar_msg/rslidar_msg/msg/detail
[13.902s] -- Installing: /home/ph/treasure/dockerBENCH/helios16p_ws/install/rslidar_msg/include/rslidar_msg/rslidar_msg/msg/detail/rslidar_packet__type_support.cpp
[13.902s] -- Installing: /home/ph/treasure/dockerBENCH/helios16p_ws/install/rslidar_msg/include/rslidar_msg/rslidar_msg/msg/detail/rslidar_packet__rosidl_typesupport_introspection_cpp.hpp
[13.902s] -- Installing: /home/ph/treasure/dockerBENCH/helios16p_ws/install/rslidar_msg/lib/librslidar_msg__rosidl_typesupport_introspection_cpp.so
[13.902s] -- Set non-toolchain portion of runtime path of "/home/ph/treasure/dockerBENCH/helios16p_ws/install/rslidar_msg/lib/librslidar_msg__rosidl_typesupport_introspection_cpp.so" to ""
[13.902s] -- Installing: /home/ph/treasure/dockerBENCH/helios16p_ws/install/rslidar_msg/lib/librslidar_msg__rosidl_typesupport_cpp.so
[13.906s] -- Set non-toolchain portion of runtime path of "/home/ph/treasure/dockerBENCH/helios16p_ws/install/rslidar_msg/lib/librslidar_msg__rosidl_typesupport_cpp.so" to ""
[13.906s] -- Installing: /home/ph/treasure/dockerBENCH/helios16p_ws/install/rslidar_msg/share/rslidar_msg/environment/pythonpath.sh
[13.907s] -- Installing: /home/ph/treasure/dockerBENCH/helios16p_ws/install/rslidar_msg/share/rslidar_msg/environment/pythonpath.dsv
[13.911s] -- Installing: /home/ph/treasure/dockerBENCH/helios16p_ws/install/rslidar_msg/local/lib/python3.10/dist-packages/rslidar_msg-0.0.0-py3.10.egg-info
[13.911s] -- Installing: /home/ph/treasure/dockerBENCH/helios16p_ws/install/rslidar_msg/local/lib/python3.10/dist-packages/rslidar_msg-0.0.0-py3.10.egg-info/top_level.txt
[13.912s] -- Installing: /home/ph/treasure/dockerBENCH/helios16p_ws/install/rslidar_msg/local/lib/python3.10/dist-packages/rslidar_msg-0.0.0-py3.10.egg-info/PKG-INFO
[13.915s] -- Installing: /home/ph/treasure/dockerBENCH/helios16p_ws/install/rslidar_msg/local/lib/python3.10/dist-packages/rslidar_msg-0.0.0-py3.10.egg-info/SOURCES.txt
[13.916s] -- Installing: /home/ph/treasure/dockerBENCH/helios16p_ws/install/rslidar_msg/local/lib/python3.10/dist-packages/rslidar_msg-0.0.0-py3.10.egg-info/dependency_links.txt
[13.916s] -- Installing: /home/ph/treasure/dockerBENCH/helios16p_ws/install/rslidar_msg/local/lib/python3.10/dist-packages/rslidar_msg
[13.917s] -- Installing: /home/ph/treasure/dockerBENCH/helios16p_ws/install/rslidar_msg/local/lib/python3.10/dist-packages/rslidar_msg/_rslidar_msg_s.ep.rosidl_typesupport_introspection_c.c
[13.917s] -- Installing: /home/ph/treasure/dockerBENCH/helios16p_ws/install/rslidar_msg/local/lib/python3.10/dist-packages/rslidar_msg/_rslidar_msg_s.ep.rosidl_typesupport_c.c
[13.917s] -- Installing: /home/ph/treasure/dockerBENCH/helios16p_ws/install/rslidar_msg/local/lib/python3.10/dist-packages/rslidar_msg/librslidar_msg__rosidl_generator_py.so
[13.918s] -- Installing: /home/ph/treasure/dockerBENCH/helios16p_ws/install/rslidar_msg/local/lib/python3.10/dist-packages/rslidar_msg/_rslidar_msg_s.ep.rosidl_typesupport_fastrtps_c.c
[13.919s] -- Installing: /home/ph/treasure/dockerBENCH/helios16p_ws/install/rslidar_msg/local/lib/python3.10/dist-packages/rslidar_msg/__init__.py
[13.919s] -- Installing: /home/ph/treasure/dockerBENCH/helios16p_ws/install/rslidar_msg/local/lib/python3.10/dist-packages/rslidar_msg/rslidar_msg_s__rosidl_typesupport_c.cpython-310-x86_64-linux-gnu.so
[13.923s] -- Installing: /home/ph/treasure/dockerBENCH/helios16p_ws/install/rslidar_msg/local/lib/python3.10/dist-packages/rslidar_msg/msg
[13.923s] -- Installing: /home/ph/treasure/dockerBENCH/helios16p_ws/install/rslidar_msg/local/lib/python3.10/dist-packages/rslidar_msg/msg/_rslidar_packet.py
[13.923s] -- Installing: /home/ph/treasure/dockerBENCH/helios16p_ws/install/rslidar_msg/local/lib/python3.10/dist-packages/rslidar_msg/msg/__init__.py
[13.924s] -- Installing: /home/ph/treasure/dockerBENCH/helios16p_ws/install/rslidar_msg/local/lib/python3.10/dist-packages/rslidar_msg/msg/_rslidar_packet_s.c
[13.924s] -- Installing: /home/ph/treasure/dockerBENCH/helios16p_ws/install/rslidar_msg/local/lib/python3.10/dist-packages/rslidar_msg/rslidar_msg_s__rosidl_typesupport_fastrtps_c.cpython-310-x86_64-linux-gnu.so
[13.924s] -- Installing: /home/ph/treasure/dockerBENCH/helios16p_ws/install/rslidar_msg/local/lib/python3.10/dist-packages/rslidar_msg/rslidar_msg_s__rosidl_typesupport_introspection_c.cpython-310-x86_64-linux-gnu.so
[14.036s] Listing '/home/ph/treasure/dockerBENCH/helios16p_ws/install/rslidar_msg/local/lib/python3.10/dist-packages/rslidar_msg'...
[14.036s] Compiling '/home/ph/treasure/dockerBENCH/helios16p_ws/install/rslidar_msg/local/lib/python3.10/dist-packages/rslidar_msg/__init__.py'...
[14.036s] Listing '/home/ph/treasure/dockerBENCH/helios16p_ws/install/rslidar_msg/local/lib/python3.10/dist-packages/rslidar_msg/msg'...
[14.036s] Compiling '/home/ph/treasure/dockerBENCH/helios16p_ws/install/rslidar_msg/local/lib/python3.10/dist-packages/rslidar_msg/msg/__init__.py'...
[14.037s] Compiling '/home/ph/treasure/dockerBENCH/helios16p_ws/install/rslidar_msg/local/lib/python3.10/dist-packages/rslidar_msg/msg/_rslidar_packet.py'...
[14.053s] -- Installing: /home/ph/treasure/dockerBENCH/helios16p_ws/install/rslidar_msg/local/lib/python3.10/dist-packages/rslidar_msg/rslidar_msg_s__rosidl_typesupport_fastrtps_c.cpython-310-x86_64-linux-gnu.so
[14.057s] -- Set non-toolchain portion of runtime path of "/home/ph/treasure/dockerBENCH/helios16p_ws/install/rslidar_msg/local/lib/python3.10/dist-packages/rslidar_msg/rslidar_msg_s__rosidl_typesupport_fastrtps_c.cpython-310-x86_64-linux-gnu.so" to ""
[14.057s] -- Installing: /home/ph/treasure/dockerBENCH/helios16p_ws/install/rslidar_msg/local/lib/python3.10/dist-packages/rslidar_msg/rslidar_msg_s__rosidl_typesupport_introspection_c.cpython-310-x86_64-linux-gnu.so
[14.060s] -- Set non-toolchain portion of runtime path of "/home/ph/treasure/dockerBENCH/helios16p_ws/install/rslidar_msg/local/lib/python3.10/dist-packages/rslidar_msg/rslidar_msg_s__rosidl_typesupport_introspection_c.cpython-310-x86_64-linux-gnu.so" to ""
[14.060s] -- Installing: /home/ph/treasure/dockerBENCH/helios16p_ws/install/rslidar_msg/local/lib/python3.10/dist-packages/rslidar_msg/rslidar_msg_s__rosidl_typesupport_c.cpython-310-x86_64-linux-gnu.so
[14.063s] -- Set non-toolchain portion of runtime path of "/home/ph/treasure/dockerBENCH/helios16p_ws/install/rslidar_msg/local/lib/python3.10/dist-packages/rslidar_msg/rslidar_msg_s__rosidl_typesupport_c.cpython-310-x86_64-linux-gnu.so" to ""
[14.069s] -- Installing: /home/ph/treasure/dockerBENCH/helios16p_ws/install/rslidar_msg/lib/librslidar_msg__rosidl_generator_py.so
[14.070s] -- Set non-toolchain portion of runtime path of "/home/ph/treasure/dockerBENCH/helios16p_ws/install/rslidar_msg/lib/librslidar_msg__rosidl_generator_py.so" to ""
[14.070s] -- Installing: /home/ph/treasure/dockerBENCH/helios16p_ws/install/rslidar_msg/share/rslidar_msg/msg/RslidarPacket.idl
[14.070s] -- Installing: /home/ph/treasure/dockerBENCH/helios16p_ws/install/rslidar_msg/share/rslidar_msg/msg/RslidarPacket.msg
[14.071s] -- Installing: /home/ph/treasure/dockerBENCH/helios16p_ws/install/rslidar_msg/share/ament_index/resource_index/package_run_dependencies/rslidar_msg
[14.075s] -- Installing: /home/ph/treasure/dockerBENCH/helios16p_ws/install/rslidar_msg/share/ament_index/resource_index/parent_prefix_path/rslidar_msg
[14.081s] -- Installing: /home/ph/treasure/dockerBENCH/helios16p_ws/install/rslidar_msg/share/rslidar_msg/environment/ament_prefix_path.sh
[14.082s] -- Installing: /home/ph/treasure/dockerBENCH/helios16p_ws/install/rslidar_msg/share/rslidar_msg/environment/ament_prefix_path.dsv
[14.082s] -- Installing: /home/ph/treasure/dockerBENCH/helios16p_ws/install/rslidar_msg/share/rslidar_msg/environment/path.sh
[14.082s] -- Installing: /home/ph/treasure/dockerBENCH/helios16p_ws/install/rslidar_msg/share/rslidar_msg/environment/path.dsv
[14.084s] -- Installing: /home/ph/treasure/dockerBENCH/helios16p_ws/install/rslidar_msg/share/rslidar_msg/local_setup.bash
[14.085s] -- Installing: /home/ph/treasure/dockerBENCH/helios16p_ws/install/rslidar_msg/share/rslidar_msg/local_setup.sh
[14.090s] -- Installing: /home/ph/treasure/dockerBENCH/helios16p_ws/install/rslidar_msg/share/rslidar_msg/local_setup.zsh
[14.091s] -- Installing: /home/ph/treasure/dockerBENCH/helios16p_ws/install/rslidar_msg/share/rslidar_msg/local_setup.dsv
[14.091s] -- Installing: /home/ph/treasure/dockerBENCH/helios16p_ws/install/rslidar_msg/share/rslidar_msg/package.dsv
[14.091s] -- Installing: /home/ph/treasure/dockerBENCH/helios16p_ws/install/rslidar_msg/share/ament_index/resource_index/packages/rslidar_msg
[14.093s] -- Installing: /home/ph/treasure/dockerBENCH/helios16p_ws/install/rslidar_msg/share/rslidar_msg/cmake/export_rslidar_msg__rosidl_generator_cExport.cmake
[14.100s] -- Installing: /home/ph/treasure/dockerBENCH/helios16p_ws/install/rslidar_msg/share/rslidar_msg/cmake/export_rslidar_msg__rosidl_generator_cExport-noconfig.cmake
[14.100s] -- Installing: /home/ph/treasure/dockerBENCH/helios16p_ws/install/rslidar_msg/share/rslidar_msg/cmake/export_rslidar_msg__rosidl_typesupport_fastrtps_cExport.cmake
[14.100s] -- Installing: /home/ph/treasure/dockerBENCH/helios16p_ws/install/rslidar_msg/share/rslidar_msg/cmake/export_rslidar_msg__rosidl_typesupport_fastrtps_cExport-noconfig.cmake
[14.102s] -- Installing: /home/ph/treasure/dockerBENCH/helios16p_ws/install/rslidar_msg/share/rslidar_msg/cmake/export_rslidar_msg__rosidl_generator_cppExport.cmake
[14.102s] -- Installing: /home/ph/treasure/dockerBENCH/helios16p_ws/install/rslidar_msg/share/rslidar_msg/cmake/export_rslidar_msg__rosidl_typesupport_fastrtps_cppExport.cmake
[14.112s] -- Installing: /home/ph/treasure/dockerBENCH/helios16p_ws/install/rslidar_msg/share/rslidar_msg/cmake/export_rslidar_msg__rosidl_typesupport_fastrtps_cppExport-noconfig.cmake
[14.112s] -- Installing: /home/ph/treasure/dockerBENCH/helios16p_ws/install/rslidar_msg/share/rslidar_msg/cmake/rslidar_msg__rosidl_typesupport_introspection_cExport.cmake
[14.112s] -- Installing: /home/ph/treasure/dockerBENCH/helios16p_ws/install/rslidar_msg/share/rslidar_msg/cmake/rslidar_msg__rosidl_typesupport_introspection_cExport-noconfig.cmake
[14.113s] -- Installing: /home/ph/treasure/dockerBENCH/helios16p_ws/install/rslidar_msg/share/rslidar_msg/cmake/rslidar_msg__rosidl_typesupport_cExport.cmake
[14.114s] -- Installing: /home/ph/treasure/dockerBENCH/helios16p_ws/install/rslidar_msg/share/rslidar_msg/cmake/rslidar_msg__rosidl_typesupport_cExport-noconfig.cmake
[14.115s] -- Installing: /home/ph/treasure/dockerBENCH/helios16p_ws/install/rslidar_msg/share/rslidar_msg/cmake/rslidar_msg__rosidl_typesupport_introspection_cppExport.cmake
[14.120s] -- Installing: /home/ph/treasure/dockerBENCH/helios16p_ws/install/rslidar_msg/share/rslidar_msg/cmake/rslidar_msg__rosidl_typesupport_introspection_cppExport-noconfig.cmake
[14.120s] -- Installing: /home/ph/treasure/dockerBENCH/helios16p_ws/install/rslidar_msg/share/rslidar_msg/cmake/rslidar_msg__rosidl_typesupport_cppExport.cmake
[14.127s] -- Installing: /home/ph/treasure/dockerBENCH/helios16p_ws/install/rslidar_msg/share/rslidar_msg/cmake/rslidar_msg__rosidl_typesupport_cppExport-noconfig.cmake
[14.128s] -- Installing: /home/ph/treasure/dockerBENCH/helios16p_ws/install/rslidar_msg/share/rslidar_msg/cmake/export_rslidar_msg__rosidl_generator_pyExport.cmake
[14.128s] -- Installing: /home/ph/treasure/dockerBENCH/helios16p_ws/install/rslidar_msg/share/rslidar_msg/cmake/export_rslidar_msg__rosidl_generator_pyExport-noconfig.cmake
[14.128s] -- Installing: /home/ph/treasure/dockerBENCH/helios16p_ws/install/rslidar_msg/share/rslidar_msg/cmake/rosidl_cmake-extras.cmake
[14.128s] -- Installing: /home/ph/treasure/dockerBENCH/helios16p_ws/install/rslidar_msg/share/rslidar_msg/cmake/ament_cmake_export_dependencies-extras.cmake
[14.132s] -- Installing: /home/ph/treasure/dockerBENCH/helios16p_ws/install/rslidar_msg/share/rslidar_msg/cmake/ament_cmake_export_include_directories-extras.cmake
[14.132s] -- Installing: /home/ph/treasure/dockerBENCH/helios16p_ws/install/rslidar_msg/share/rslidar_msg/cmake/ament_cmake_export_libraries-extras.cmake
[14.141s] -- Installing: /home/ph/treasure/dockerBENCH/helios16p_ws/install/rslidar_msg/share/rslidar_msg/cmake/ament_cmake_export_targets-extras.cmake
[14.142s] -- Installing: /home/ph/treasure/dockerBENCH/helios16p_ws/install/rslidar_msg/share/rslidar_msg/cmake/rosidl_cmake_export_typesupport_targets-extras.cmake
[14.142s] -- Installing: /home/ph/treasure/dockerBENCH/helios16p_ws/install/rslidar_msg/share/rslidar_msg/cmake/rosidl_cmake_export_typesupport_libraries-extras.cmake
[14.142s] -- Installing: /home/ph/treasure/dockerBENCH/helios16p_ws/install/rslidar_msg/share/rslidar_msg/cmake/rslidar_msgConfig.cmake
[14.144s] -- Installing: /home/ph/treasure/dockerBENCH/helios16p_ws/install/rslidar_msg/share/rslidar_msg/cmake/rslidar_msgConfig-version.cmake
[14.148s] -- Installing: /home/ph/treasure/dockerBENCH/helios16p_ws/install/rslidar_msg/share/rslidar_msg/package.xml
[14.162s] Invoked command in '/home/ph/treasure/dockerBENCH/helios16p_ws/build/rslidar_msg' returned '0': CMAKE_PREFIX_PATH=/opt/ros/humble PS1=(pvenv) \[\e]0;\u@\h: \w\a\]${debian_chroot:+($debian_chroot)}\u@\h:\w\$ VIRTUAL_ENV_PROMPT=(pvenv) /home/ph/.local/bin/cmake --install /home/ph/treasure/dockerBENCH/helios16p_ws/build/rslidar_msg
