[0.666s] DEBUG:colcon:Command line arguments: ['/usr/bin/colcon', 'build', '--packages-select', 'helios16p_cane_robot']
[0.666s] DEBUG:colcon:Parsed command line arguments: Namespace(log_base=None, log_level=None, verb_name='build', build_base='build', install_base='install', merge_install=False, symlink_install=False, test_result_base=None, continue_on_error=False, executor='parallel', parallel_workers=8, event_handlers=None, ignore_user_meta=False, metas=['./colcon.meta'], base_paths=['.'], packages_ignore=None, packages_ignore_regex=None, paths=None, packages_up_to=None, packages_up_to_regex=None, packages_above=None, packages_above_and_dependencies=None, packages_above_depth=None, packages_select_by_dep=None, packages_skip_by_dep=None, packages_skip_up_to=None, packages_select_build_failed=False, packages_skip_build_finished=False, packages_select_test_failures=False, packages_skip_test_passed=False, packages_select=['helios16p_cane_robot'], packages_skip=None, packages_select_regex=None, packages_skip_regex=None, packages_start=None, packages_end=None, allow_overriding=[], cmake_args=None, cmake_target=None, cmake_target_skip_unavailable=False, cmake_clean_cache=False, cmake_clean_first=False, cmake_force_configure=False, ament_cmake_args=None, catkin_cmake_args=None, catkin_skip_building_tests=False, mixin_files=None, mixin=None, verb_parser=<colcon_mixin.mixin.mixin_argument.MixinArgumentDecorator object at 0x7c3c4f34d810>, verb_extension=<colcon_core.verb.build.BuildVerb object at 0x7c3c4f466680>, main=<bound method BuildVerb.main of <colcon_core.verb.build.BuildVerb object at 0x7c3c4f466680>>, mixin_verb=('build',))
[1.331s] Level 1:colcon.colcon_core.package_discovery:discover_packages(colcon_meta) check parameters
[1.331s] Level 1:colcon.colcon_core.package_discovery:discover_packages(recursive) check parameters
[1.331s] Level 1:colcon.colcon_core.package_discovery:discover_packages(ignore) check parameters
[1.331s] Level 1:colcon.colcon_core.package_discovery:discover_packages(path) check parameters
[1.331s] Level 1:colcon.colcon_core.package_discovery:discover_packages(colcon_meta) discover
[1.332s] Level 1:colcon.colcon_core.package_discovery:discover_packages(recursive) discover
[1.332s] INFO:colcon.colcon_core.package_discovery:Crawling recursively for packages in '/home/ph/ws/helios16p_ws'
[1.332s] Level 1:colcon.colcon_core.package_identification:_identify(.) by extensions ['ignore', 'ignore_ament_install']
[1.333s] Level 1:colcon.colcon_core.package_identification:_identify(.) by extension 'ignore'
[1.333s] Level 1:colcon.colcon_core.package_identification:_identify(.) by extension 'ignore_ament_install'
[1.333s] Level 1:colcon.colcon_core.package_identification:_identify(.) by extensions ['colcon_pkg']
[1.333s] Level 1:colcon.colcon_core.package_identification:_identify(.) by extension 'colcon_pkg'
[1.333s] Level 1:colcon.colcon_core.package_identification:_identify(.) by extensions ['colcon_meta']
[1.333s] Level 1:colcon.colcon_core.package_identification:_identify(.) by extension 'colcon_meta'
[1.334s] Level 1:colcon.colcon_core.package_identification:_identify(.) by extensions ['ros']
[1.334s] Level 1:colcon.colcon_core.package_identification:_identify(.) by extension 'ros'
[1.372s] Level 1:colcon.colcon_core.package_identification:_identify(.) by extensions ['cmake', 'python']
[1.372s] Level 1:colcon.colcon_core.package_identification:_identify(.) by extension 'cmake'
[1.372s] Level 1:colcon.colcon_core.package_identification:_identify(.) by extension 'python'
[1.372s] Level 1:colcon.colcon_core.package_identification:_identify(.) by extensions ['python_setup_py']
[1.372s] Level 1:colcon.colcon_core.package_identification:_identify(.) by extension 'python_setup_py'
[1.373s] Level 1:colcon.colcon_core.package_identification:_identify(build) by extensions ['ignore', 'ignore_ament_install']
[1.373s] Level 1:colcon.colcon_core.package_identification:_identify(build) by extension 'ignore'
[1.373s] Level 1:colcon.colcon_core.package_identification:_identify(build) ignored
[1.374s] Level 1:colcon.colcon_core.package_identification:_identify(install) by extensions ['ignore', 'ignore_ament_install']
[1.374s] Level 1:colcon.colcon_core.package_identification:_identify(install) by extension 'ignore'
[1.374s] Level 1:colcon.colcon_core.package_identification:_identify(install) ignored
[1.375s] Level 1:colcon.colcon_core.package_identification:_identify(log) by extensions ['ignore', 'ignore_ament_install']
[1.375s] Level 1:colcon.colcon_core.package_identification:_identify(log) by extension 'ignore'
[1.375s] Level 1:colcon.colcon_core.package_identification:_identify(log) ignored
[1.376s] Level 1:colcon.colcon_core.package_identification:_identify(maps) by extensions ['ignore', 'ignore_ament_install']
[1.376s] Level 1:colcon.colcon_core.package_identification:_identify(maps) by extension 'ignore'
[1.376s] Level 1:colcon.colcon_core.package_identification:_identify(maps) by extension 'ignore_ament_install'
[1.377s] Level 1:colcon.colcon_core.package_identification:_identify(maps) by extensions ['colcon_pkg']
[1.377s] Level 1:colcon.colcon_core.package_identification:_identify(maps) by extension 'colcon_pkg'
[1.377s] Level 1:colcon.colcon_core.package_identification:_identify(maps) by extensions ['colcon_meta']
[1.377s] Level 1:colcon.colcon_core.package_identification:_identify(maps) by extension 'colcon_meta'
[1.377s] Level 1:colcon.colcon_core.package_identification:_identify(maps) by extensions ['ros']
[1.377s] Level 1:colcon.colcon_core.package_identification:_identify(maps) by extension 'ros'
[1.378s] Level 1:colcon.colcon_core.package_identification:_identify(maps) by extensions ['cmake', 'python']
[1.378s] Level 1:colcon.colcon_core.package_identification:_identify(maps) by extension 'cmake'
[1.378s] Level 1:colcon.colcon_core.package_identification:_identify(maps) by extension 'python'
[1.378s] Level 1:colcon.colcon_core.package_identification:_identify(maps) by extensions ['python_setup_py']
[1.378s] Level 1:colcon.colcon_core.package_identification:_identify(maps) by extension 'python_setup_py'
[1.379s] Level 1:colcon.colcon_core.package_identification:_identify(old_frames) by extensions ['ignore', 'ignore_ament_install']
[1.379s] Level 1:colcon.colcon_core.package_identification:_identify(old_frames) by extension 'ignore'
[1.380s] Level 1:colcon.colcon_core.package_identification:_identify(old_frames) by extension 'ignore_ament_install'
[1.380s] Level 1:colcon.colcon_core.package_identification:_identify(old_frames) by extensions ['colcon_pkg']
[1.380s] Level 1:colcon.colcon_core.package_identification:_identify(old_frames) by extension 'colcon_pkg'
[1.380s] Level 1:colcon.colcon_core.package_identification:_identify(old_frames) by extensions ['colcon_meta']
[1.380s] Level 1:colcon.colcon_core.package_identification:_identify(old_frames) by extension 'colcon_meta'
[1.380s] Level 1:colcon.colcon_core.package_identification:_identify(old_frames) by extensions ['ros']
[1.381s] Level 1:colcon.colcon_core.package_identification:_identify(old_frames) by extension 'ros'
[1.381s] Level 1:colcon.colcon_core.package_identification:_identify(old_frames) by extensions ['cmake', 'python']
[1.381s] Level 1:colcon.colcon_core.package_identification:_identify(old_frames) by extension 'cmake'
[1.381s] Level 1:colcon.colcon_core.package_identification:_identify(old_frames) by extension 'python'
[1.381s] Level 1:colcon.colcon_core.package_identification:_identify(old_frames) by extensions ['python_setup_py']
[1.382s] Level 1:colcon.colcon_core.package_identification:_identify(old_frames) by extension 'python_setup_py'
[1.382s] Level 1:colcon.colcon_core.package_identification:_identify(rosbag2_2025_12_04-17_57_50) by extensions ['ignore', 'ignore_ament_install']
[1.383s] Level 1:colcon.colcon_core.package_identification:_identify(rosbag2_2025_12_04-17_57_50) by extension 'ignore'
[1.383s] Level 1:colcon.colcon_core.package_identification:_identify(rosbag2_2025_12_04-17_57_50) by extension 'ignore_ament_install'
[1.383s] Level 1:colcon.colcon_core.package_identification:_identify(rosbag2_2025_12_04-17_57_50) by extensions ['colcon_pkg']
[1.383s] Level 1:colcon.colcon_core.package_identification:_identify(rosbag2_2025_12_04-17_57_50) by extension 'colcon_pkg'
[1.383s] Level 1:colcon.colcon_core.package_identification:_identify(rosbag2_2025_12_04-17_57_50) by extensions ['colcon_meta']
[1.383s] Level 1:colcon.colcon_core.package_identification:_identify(rosbag2_2025_12_04-17_57_50) by extension 'colcon_meta'
[1.384s] Level 1:colcon.colcon_core.package_identification:_identify(rosbag2_2025_12_04-17_57_50) by extensions ['ros']
[1.384s] Level 1:colcon.colcon_core.package_identification:_identify(rosbag2_2025_12_04-17_57_50) by extension 'ros'
[1.384s] Level 1:colcon.colcon_core.package_identification:_identify(rosbag2_2025_12_04-17_57_50) by extensions ['cmake', 'python']
[1.384s] Level 1:colcon.colcon_core.package_identification:_identify(rosbag2_2025_12_04-17_57_50) by extension 'cmake'
[1.384s] Level 1:colcon.colcon_core.package_identification:_identify(rosbag2_2025_12_04-17_57_50) by extension 'python'
[1.385s] Level 1:colcon.colcon_core.package_identification:_identify(rosbag2_2025_12_04-17_57_50) by extensions ['python_setup_py']
[1.385s] Level 1:colcon.colcon_core.package_identification:_identify(rosbag2_2025_12_04-17_57_50) by extension 'python_setup_py'
[1.385s] Level 1:colcon.colcon_core.package_identification:_identify(rosbag2_2025_12_04-17_58_53) by extensions ['ignore', 'ignore_ament_install']
[1.386s] Level 1:colcon.colcon_core.package_identification:_identify(rosbag2_2025_12_04-17_58_53) by extension 'ignore'
[1.386s] Level 1:colcon.colcon_core.package_identification:_identify(rosbag2_2025_12_04-17_58_53) by extension 'ignore_ament_install'
[1.386s] Level 1:colcon.colcon_core.package_identification:_identify(rosbag2_2025_12_04-17_58_53) by extensions ['colcon_pkg']
[1.386s] Level 1:colcon.colcon_core.package_identification:_identify(rosbag2_2025_12_04-17_58_53) by extension 'colcon_pkg'
[1.387s] Level 1:colcon.colcon_core.package_identification:_identify(rosbag2_2025_12_04-17_58_53) by extensions ['colcon_meta']
[1.387s] Level 1:colcon.colcon_core.package_identification:_identify(rosbag2_2025_12_04-17_58_53) by extension 'colcon_meta'
[1.387s] Level 1:colcon.colcon_core.package_identification:_identify(rosbag2_2025_12_04-17_58_53) by extensions ['ros']
[1.387s] Level 1:colcon.colcon_core.package_identification:_identify(rosbag2_2025_12_04-17_58_53) by extension 'ros'
[1.387s] Level 1:colcon.colcon_core.package_identification:_identify(rosbag2_2025_12_04-17_58_53) by extensions ['cmake', 'python']
[1.387s] Level 1:colcon.colcon_core.package_identification:_identify(rosbag2_2025_12_04-17_58_53) by extension 'cmake'
[1.388s] Level 1:colcon.colcon_core.package_identification:_identify(rosbag2_2025_12_04-17_58_53) by extension 'python'
[1.388s] Level 1:colcon.colcon_core.package_identification:_identify(rosbag2_2025_12_04-17_58_53) by extensions ['python_setup_py']
[1.388s] Level 1:colcon.colcon_core.package_identification:_identify(rosbag2_2025_12_04-17_58_53) by extension 'python_setup_py'
[1.388s] Level 1:colcon.colcon_core.package_identification:_identify(src) by extensions ['ignore', 'ignore_ament_install']
[1.388s] Level 1:colcon.colcon_core.package_identification:_identify(src) by extension 'ignore'
[1.389s] Level 1:colcon.colcon_core.package_identification:_identify(src) by extension 'ignore_ament_install'
[1.389s] Level 1:colcon.colcon_core.package_identification:_identify(src) by extensions ['colcon_pkg']
[1.389s] Level 1:colcon.colcon_core.package_identification:_identify(src) by extension 'colcon_pkg'
[1.389s] Level 1:colcon.colcon_core.package_identification:_identify(src) by extensions ['colcon_meta']
[1.389s] Level 1:colcon.colcon_core.package_identification:_identify(src) by extension 'colcon_meta'
[1.389s] Level 1:colcon.colcon_core.package_identification:_identify(src) by extensions ['ros']
[1.389s] Level 1:colcon.colcon_core.package_identification:_identify(src) by extension 'ros'
[1.390s] Level 1:colcon.colcon_core.package_identification:_identify(src) by extensions ['cmake', 'python']
[1.390s] Level 1:colcon.colcon_core.package_identification:_identify(src) by extension 'cmake'
[1.390s] Level 1:colcon.colcon_core.package_identification:_identify(src) by extension 'python'
[1.390s] Level 1:colcon.colcon_core.package_identification:_identify(src) by extensions ['python_setup_py']
[1.390s] Level 1:colcon.colcon_core.package_identification:_identify(src) by extension 'python_setup_py'
[1.390s] Level 1:colcon.colcon_core.package_identification:_identify(src/helios16p_cane_robot) by extensions ['ignore', 'ignore_ament_install']
[1.391s] Level 1:colcon.colcon_core.package_identification:_identify(src/helios16p_cane_robot) by extension 'ignore'
[1.391s] Level 1:colcon.colcon_core.package_identification:_identify(src/helios16p_cane_robot) by extension 'ignore_ament_install'
[1.391s] Level 1:colcon.colcon_core.package_identification:_identify(src/helios16p_cane_robot) by extensions ['colcon_pkg']
[1.391s] Level 1:colcon.colcon_core.package_identification:_identify(src/helios16p_cane_robot) by extension 'colcon_pkg'
[1.391s] Level 1:colcon.colcon_core.package_identification:_identify(src/helios16p_cane_robot) by extensions ['colcon_meta']
[1.391s] Level 1:colcon.colcon_core.package_identification:_identify(src/helios16p_cane_robot) by extension 'colcon_meta'
[1.392s] Level 1:colcon.colcon_core.package_identification:_identify(src/helios16p_cane_robot) by extensions ['ros']
[1.392s] Level 1:colcon.colcon_core.package_identification:_identify(src/helios16p_cane_robot) by extension 'ros'
[1.400s] DEBUG:colcon.colcon_core.package_identification:Package 'src/helios16p_cane_robot' with type 'ros.ament_python' and name 'helios16p_cane_robot'
[1.401s] Level 1:colcon.colcon_core.package_identification:_identify(src/kiss-icp) by extensions ['ignore', 'ignore_ament_install']
[1.402s] Level 1:colcon.colcon_core.package_identification:_identify(src/kiss-icp) by extension 'ignore'
[1.402s] Level 1:colcon.colcon_core.package_identification:_identify(src/kiss-icp) by extension 'ignore_ament_install'
[1.402s] Level 1:colcon.colcon_core.package_identification:_identify(src/kiss-icp) by extensions ['colcon_pkg']
[1.402s] Level 1:colcon.colcon_core.package_identification:_identify(src/kiss-icp) by extension 'colcon_pkg'
[1.402s] Level 1:colcon.colcon_core.package_identification:_identify(src/kiss-icp) by extensions ['colcon_meta']
[1.402s] Level 1:colcon.colcon_core.package_identification:_identify(src/kiss-icp) by extension 'colcon_meta'
[1.402s] Level 1:colcon.colcon_core.package_identification:_identify(src/kiss-icp) by extensions ['ros']
[1.403s] Level 1:colcon.colcon_core.package_identification:_identify(src/kiss-icp) by extension 'ros'
[1.403s] Level 1:colcon.colcon_core.package_identification:_identify(src/kiss-icp) by extensions ['cmake', 'python']
[1.403s] Level 1:colcon.colcon_core.package_identification:_identify(src/kiss-icp) by extension 'cmake'
[1.403s] Level 1:colcon.colcon_core.package_identification:_identify(src/kiss-icp) by extension 'python'
[1.403s] Level 1:colcon.colcon_core.package_identification:_identify(src/kiss-icp) by extensions ['python_setup_py']
[1.403s] Level 1:colcon.colcon_core.package_identification:_identify(src/kiss-icp) by extension 'python_setup_py'
[1.404s] Level 1:colcon.colcon_core.package_identification:_identify(src/kiss-icp/config) by extensions ['ignore', 'ignore_ament_install']
[1.404s] Level 1:colcon.colcon_core.package_identification:_identify(src/kiss-icp/config) by extension 'ignore'
[1.404s] Level 1:colcon.colcon_core.package_identification:_identify(src/kiss-icp/config) by extension 'ignore_ament_install'
[1.405s] Level 1:colcon.colcon_core.package_identification:_identify(src/kiss-icp/config) by extensions ['colcon_pkg']
[1.405s] Level 1:colcon.colcon_core.package_identification:_identify(src/kiss-icp/config) by extension 'colcon_pkg'
[1.405s] Level 1:colcon.colcon_core.package_identification:_identify(src/kiss-icp/config) by extensions ['colcon_meta']
[1.405s] Level 1:colcon.colcon_core.package_identification:_identify(src/kiss-icp/config) by extension 'colcon_meta'
[1.405s] Level 1:colcon.colcon_core.package_identification:_identify(src/kiss-icp/config) by extensions ['ros']
[1.405s] Level 1:colcon.colcon_core.package_identification:_identify(src/kiss-icp/config) by extension 'ros'
[1.406s] Level 1:colcon.colcon_core.package_identification:_identify(src/kiss-icp/config) by extensions ['cmake', 'python']
[1.406s] Level 1:colcon.colcon_core.package_identification:_identify(src/kiss-icp/config) by extension 'cmake'
[1.406s] Level 1:colcon.colcon_core.package_identification:_identify(src/kiss-icp/config) by extension 'python'
[1.406s] Level 1:colcon.colcon_core.package_identification:_identify(src/kiss-icp/config) by extensions ['python_setup_py']
[1.406s] Level 1:colcon.colcon_core.package_identification:_identify(src/kiss-icp/config) by extension 'python_setup_py'
[1.407s] Level 1:colcon.colcon_core.package_identification:_identify(src/kiss-icp/cpp) by extensions ['ignore', 'ignore_ament_install']
[1.407s] Level 1:colcon.colcon_core.package_identification:_identify(src/kiss-icp/cpp) by extension 'ignore'
[1.407s] Level 1:colcon.colcon_core.package_identification:_identify(src/kiss-icp/cpp) ignored
[1.408s] Level 1:colcon.colcon_core.package_identification:_identify(src/kiss-icp/eval) by extensions ['ignore', 'ignore_ament_install']
[1.408s] Level 1:colcon.colcon_core.package_identification:_identify(src/kiss-icp/eval) by extension 'ignore'
[1.409s] Level 1:colcon.colcon_core.package_identification:_identify(src/kiss-icp/eval) by extension 'ignore_ament_install'
[1.409s] Level 1:colcon.colcon_core.package_identification:_identify(src/kiss-icp/eval) by extensions ['colcon_pkg']
[1.409s] Level 1:colcon.colcon_core.package_identification:_identify(src/kiss-icp/eval) by extension 'colcon_pkg'
[1.409s] Level 1:colcon.colcon_core.package_identification:_identify(src/kiss-icp/eval) by extensions ['colcon_meta']
[1.409s] Level 1:colcon.colcon_core.package_identification:_identify(src/kiss-icp/eval) by extension 'colcon_meta'
[1.409s] Level 1:colcon.colcon_core.package_identification:_identify(src/kiss-icp/eval) by extensions ['ros']
[1.409s] Level 1:colcon.colcon_core.package_identification:_identify(src/kiss-icp/eval) by extension 'ros'
[1.410s] Level 1:colcon.colcon_core.package_identification:_identify(src/kiss-icp/eval) by extensions ['cmake', 'python']
[1.410s] Level 1:colcon.colcon_core.package_identification:_identify(src/kiss-icp/eval) by extension 'cmake'
[1.410s] Level 1:colcon.colcon_core.package_identification:_identify(src/kiss-icp/eval) by extension 'python'
[1.410s] Level 1:colcon.colcon_core.package_identification:_identify(src/kiss-icp/eval) by extensions ['python_setup_py']
[1.410s] Level 1:colcon.colcon_core.package_identification:_identify(src/kiss-icp/eval) by extension 'python_setup_py'
[1.411s] Level 1:colcon.colcon_core.package_identification:_identify(src/kiss-icp/python) by extensions ['ignore', 'ignore_ament_install']
[1.411s] Level 1:colcon.colcon_core.package_identification:_identify(src/kiss-icp/python) by extension 'ignore'
[1.412s] Level 1:colcon.colcon_core.package_identification:_identify(src/kiss-icp/python) ignored
[1.412s] Level 1:colcon.colcon_core.package_identification:_identify(src/kiss-icp/ros) by extensions ['ignore', 'ignore_ament_install']
[1.412s] Level 1:colcon.colcon_core.package_identification:_identify(src/kiss-icp/ros) by extension 'ignore'
[1.412s] Level 1:colcon.colcon_core.package_identification:_identify(src/kiss-icp/ros) by extension 'ignore_ament_install'
[1.413s] Level 1:colcon.colcon_core.package_identification:_identify(src/kiss-icp/ros) by extensions ['colcon_pkg']
[1.413s] Level 1:colcon.colcon_core.package_identification:_identify(src/kiss-icp/ros) by extension 'colcon_pkg'
[1.413s] Level 1:colcon.colcon_core.package_identification:_identify(src/kiss-icp/ros) by extensions ['colcon_meta']
[1.413s] Level 1:colcon.colcon_core.package_identification:_identify(src/kiss-icp/ros) by extension 'colcon_meta'
[1.413s] Level 1:colcon.colcon_core.package_identification:_identify(src/kiss-icp/ros) by extensions ['ros']
[1.413s] Level 1:colcon.colcon_core.package_identification:_identify(src/kiss-icp/ros) by extension 'ros'
[1.419s] DEBUG:colcon.colcon_core.package_identification:Package 'src/kiss-icp/ros' with type 'ros.ament_cmake' and name 'kiss_icp'
[1.419s] Level 1:colcon.colcon_core.package_identification:_identify(src/rslidar_msg) by extensions ['ignore', 'ignore_ament_install']
[1.419s] Level 1:colcon.colcon_core.package_identification:_identify(src/rslidar_msg) by extension 'ignore'
[1.420s] Level 1:colcon.colcon_core.package_identification:_identify(src/rslidar_msg) by extension 'ignore_ament_install'
[1.420s] Level 1:colcon.colcon_core.package_identification:_identify(src/rslidar_msg) by extensions ['colcon_pkg']
[1.420s] Level 1:colcon.colcon_core.package_identification:_identify(src/rslidar_msg) by extension 'colcon_pkg'
[1.420s] Level 1:colcon.colcon_core.package_identification:_identify(src/rslidar_msg) by extensions ['colcon_meta']
[1.420s] Level 1:colcon.colcon_core.package_identification:_identify(src/rslidar_msg) by extension 'colcon_meta'
[1.420s] Level 1:colcon.colcon_core.package_identification:_identify(src/rslidar_msg) by extensions ['ros']
[1.420s] Level 1:colcon.colcon_core.package_identification:_identify(src/rslidar_msg) by extension 'ros'
[1.423s] DEBUG:colcon.colcon_core.package_identification:Package 'src/rslidar_msg' with type 'ros.ament_cmake' and name 'rslidar_msg'
[1.423s] Level 1:colcon.colcon_core.package_identification:_identify(src/rslidar_sdk) by extensions ['ignore', 'ignore_ament_install']
[1.424s] Level 1:colcon.colcon_core.package_identification:_identify(src/rslidar_sdk) by extension 'ignore'
[1.424s] Level 1:colcon.colcon_core.package_identification:_identify(src/rslidar_sdk) by extension 'ignore_ament_install'
[1.424s] Level 1:colcon.colcon_core.package_identification:_identify(src/rslidar_sdk) by extensions ['colcon_pkg']
[1.424s] Level 1:colcon.colcon_core.package_identification:_identify(src/rslidar_sdk) by extension 'colcon_pkg'
[1.424s] Level 1:colcon.colcon_core.package_identification:_identify(src/rslidar_sdk) by extensions ['colcon_meta']
[1.424s] Level 1:colcon.colcon_core.package_identification:_identify(src/rslidar_sdk) by extension 'colcon_meta'
[1.424s] Level 1:colcon.colcon_core.package_identification:_identify(src/rslidar_sdk) by extensions ['ros']
[1.425s] Level 1:colcon.colcon_core.package_identification:_identify(src/rslidar_sdk) by extension 'ros'
[1.466s] DEBUG:colcon.colcon_core.package_identification:Package 'src/rslidar_sdk' with type 'ros.ament_cmake' and name 'rslidar_sdk'
[1.466s] Level 1:colcon.colcon_core.package_discovery:discover_packages(recursive) using defaults
[1.466s] Level 1:colcon.colcon_core.package_discovery:discover_packages(ignore) discover
[1.466s] Level 1:colcon.colcon_core.package_discovery:discover_packages(ignore) using defaults
[1.466s] Level 1:colcon.colcon_core.package_discovery:discover_packages(path) discover
[1.467s] Level 1:colcon.colcon_core.package_discovery:discover_packages(path) using defaults
[1.539s] INFO:colcon.colcon_core.package_selection:Skipping not selected package 'kiss_icp' in 'src/kiss-icp/ros'
[1.539s] INFO:colcon.colcon_core.package_selection:Skipping not selected package 'rslidar_msg' in 'src/rslidar_msg'
[1.539s] INFO:colcon.colcon_core.package_selection:Skipping not selected package 'rslidar_sdk' in 'src/rslidar_sdk'
[1.541s] Level 1:colcon.colcon_core.package_discovery:discover_packages(prefix_path) check parameters
[1.541s] Level 1:colcon.colcon_core.package_discovery:discover_packages(prefix_path) discover
[1.550s] DEBUG:colcon.colcon_installed_package_information.package_discovery:Found 271 installed packages in /opt/ros/humble
[1.554s] Level 1:colcon.colcon_core.package_discovery:discover_packages(prefix_path) using defaults
[1.662s] Level 5:colcon.colcon_core.verb:set package 'helios16p_cane_robot' build argument 'cmake_args' from command line to 'None'
[1.662s] Level 5:colcon.colcon_core.verb:set package 'helios16p_cane_robot' build argument 'cmake_target' from command line to 'None'
[1.662s] Level 5:colcon.colcon_core.verb:set package 'helios16p_cane_robot' build argument 'cmake_target_skip_unavailable' from command line to 'False'
[1.662s] Level 5:colcon.colcon_core.verb:set package 'helios16p_cane_robot' build argument 'cmake_clean_cache' from command line to 'False'
[1.662s] Level 5:colcon.colcon_core.verb:set package 'helios16p_cane_robot' build argument 'cmake_clean_first' from command line to 'False'
[1.663s] Level 5:colcon.colcon_core.verb:set package 'helios16p_cane_robot' build argument 'cmake_force_configure' from command line to 'False'
[1.663s] Level 5:colcon.colcon_core.verb:set package 'helios16p_cane_robot' build argument 'ament_cmake_args' from command line to 'None'
[1.663s] Level 5:colcon.colcon_core.verb:set package 'helios16p_cane_robot' build argument 'catkin_cmake_args' from command line to 'None'
[1.663s] Level 5:colcon.colcon_core.verb:set package 'helios16p_cane_robot' build argument 'catkin_skip_building_tests' from command line to 'False'
[1.663s] DEBUG:colcon.colcon_core.verb:Building package 'helios16p_cane_robot' with the following arguments: {'ament_cmake_args': None, 'build_base': '/home/ph/ws/helios16p_ws/build/helios16p_cane_robot', 'catkin_cmake_args': None, 'catkin_skip_building_tests': False, 'cmake_args': None, 'cmake_clean_cache': False, 'cmake_clean_first': False, 'cmake_force_configure': False, 'cmake_target': None, 'cmake_target_skip_unavailable': False, 'install_base': '/home/ph/ws/helios16p_ws/install/helios16p_cane_robot', 'merge_install': False, 'path': '/home/ph/ws/helios16p_ws/src/helios16p_cane_robot', 'symlink_install': False, 'test_result_base': None}
[1.663s] INFO:colcon.colcon_core.executor:Executing jobs using 'parallel' executor
[1.666s] DEBUG:colcon.colcon_parallel_executor.executor.parallel:run_until_complete
[1.666s] INFO:colcon.colcon_ros.task.ament_python.build:Building ROS package in '/home/ph/ws/helios16p_ws/src/helios16p_cane_robot' with build type 'ament_python'
[1.666s] Level 1:colcon.colcon_core.shell:create_environment_hook('helios16p_cane_robot', 'ament_prefix_path')
[1.677s] INFO:colcon.colcon_core.plugin_system:Skipping extension 'colcon_core.shell.bat': Not used on non-Windows systems
[1.678s] INFO:colcon.colcon_core.shell:Creating environment hook '/home/ph/ws/helios16p_ws/install/helios16p_cane_robot/share/helios16p_cane_robot/hook/ament_prefix_path.ps1'
[1.681s] INFO:colcon.colcon_core.shell:Creating environment descriptor '/home/ph/ws/helios16p_ws/install/helios16p_cane_robot/share/helios16p_cane_robot/hook/ament_prefix_path.dsv'
[1.683s] INFO:colcon.colcon_core.shell:Creating environment hook '/home/ph/ws/helios16p_ws/install/helios16p_cane_robot/share/helios16p_cane_robot/hook/ament_prefix_path.sh'
[1.686s] INFO:colcon.colcon_core.shell:Skip shell extension 'powershell' for command environment: Not usable outside of PowerShell
[1.686s] DEBUG:colcon.colcon_core.shell:Skip shell extension 'dsv' for command environment
[2.416s] INFO:colcon.colcon_core.task.python.build:Building Python package in '/home/ph/ws/helios16p_ws/src/helios16p_cane_robot'
[2.417s] INFO:colcon.colcon_core.shell:Skip shell extension 'powershell' for command environment: Not usable outside of PowerShell
[2.417s] DEBUG:colcon.colcon_core.shell:Skip shell extension 'dsv' for command environment
[3.370s] DEBUG:colcon.colcon_core.event_handler.log_command:Invoking command in '/home/ph/ws/helios16p_ws/src/helios16p_cane_robot': PYTHONPATH=/home/ph/ws/helios16p_ws/build/helios16p_cane_robot/prefix_override:/usr/lib/python3/dist-packages/colcon_core/task/python/colcon_distutils_commands:/home/ph/ws/helios16p_ws/install/helios16p_cane_robot/lib/python3.10/site-packages:${PYTHONPATH} /usr/bin/python3 -W ignore:setup.py install is deprecated -W ignore:easy_install command is deprecated setup.py egg_info --egg-base ../../build/helios16p_cane_robot build --build-base /home/ph/ws/helios16p_ws/build/helios16p_cane_robot/build install --record /home/ph/ws/helios16p_ws/build/helios16p_cane_robot/install.log --single-version-externally-managed install_data
[4.180s] DEBUG:colcon.colcon_core.event_handler.log_command:Invoked command in '/home/ph/ws/helios16p_ws/src/helios16p_cane_robot' returned '0': PYTHONPATH=/home/ph/ws/helios16p_ws/build/helios16p_cane_robot/prefix_override:/usr/lib/python3/dist-packages/colcon_core/task/python/colcon_distutils_commands:/home/ph/ws/helios16p_ws/install/helios16p_cane_robot/lib/python3.10/site-packages:${PYTHONPATH} /usr/bin/python3 -W ignore:setup.py install is deprecated -W ignore:easy_install command is deprecated setup.py egg_info --egg-base ../../build/helios16p_cane_robot build --build-base /home/ph/ws/helios16p_ws/build/helios16p_cane_robot/build install --record /home/ph/ws/helios16p_ws/build/helios16p_cane_robot/install.log --single-version-externally-managed install_data
[4.193s] Level 1:colcon.colcon_core.environment:checking '/home/ph/ws/helios16p_ws/install/helios16p_cane_robot' for CMake module files
[4.195s] Level 1:colcon.colcon_core.environment:checking '/home/ph/ws/helios16p_ws/install/helios16p_cane_robot' for CMake config files
[4.198s] Level 1:colcon.colcon_core.environment:checking '/home/ph/ws/helios16p_ws/install/helios16p_cane_robot/lib'
[4.198s] Level 1:colcon.colcon_core.environment:checking '/home/ph/ws/helios16p_ws/install/helios16p_cane_robot/bin'
[4.198s] Level 1:colcon.colcon_core.environment:checking '/home/ph/ws/helios16p_ws/install/helios16p_cane_robot/lib/pkgconfig/helios16p_cane_robot.pc'
[4.199s] Level 1:colcon.colcon_core.environment:checking '/home/ph/ws/helios16p_ws/install/helios16p_cane_robot/lib/python3.10/site-packages'
[4.199s] Level 1:colcon.colcon_core.shell:create_environment_hook('helios16p_cane_robot', 'pythonpath')
[4.200s] INFO:colcon.colcon_core.shell:Creating environment hook '/home/ph/ws/helios16p_ws/install/helios16p_cane_robot/share/helios16p_cane_robot/hook/pythonpath.ps1'
[4.201s] INFO:colcon.colcon_core.shell:Creating environment descriptor '/home/ph/ws/helios16p_ws/install/helios16p_cane_robot/share/helios16p_cane_robot/hook/pythonpath.dsv'
[4.203s] INFO:colcon.colcon_core.shell:Creating environment hook '/home/ph/ws/helios16p_ws/install/helios16p_cane_robot/share/helios16p_cane_robot/hook/pythonpath.sh'
[4.205s] Level 1:colcon.colcon_core.environment:checking '/home/ph/ws/helios16p_ws/install/helios16p_cane_robot/bin'
[4.205s] Level 1:colcon.colcon_core.environment:create_environment_scripts_only(helios16p_cane_robot)
[4.206s] INFO:colcon.colcon_core.shell:Creating package script '/home/ph/ws/helios16p_ws/install/helios16p_cane_robot/share/helios16p_cane_robot/package.ps1'
[4.209s] INFO:colcon.colcon_core.shell:Creating package descriptor '/home/ph/ws/helios16p_ws/install/helios16p_cane_robot/share/helios16p_cane_robot/package.dsv'
[4.211s] INFO:colcon.colcon_core.shell:Creating package script '/home/ph/ws/helios16p_ws/install/helios16p_cane_robot/share/helios16p_cane_robot/package.sh'
[4.214s] INFO:colcon.colcon_core.shell:Creating package script '/home/ph/ws/helios16p_ws/install/helios16p_cane_robot/share/helios16p_cane_robot/package.bash'
[4.216s] INFO:colcon.colcon_core.shell:Creating package script '/home/ph/ws/helios16p_ws/install/helios16p_cane_robot/share/helios16p_cane_robot/package.zsh'
[4.219s] Level 1:colcon.colcon_core.environment:create_file_with_runtime_dependencies(/home/ph/ws/helios16p_ws/install/helios16p_cane_robot/share/colcon-core/packages/helios16p_cane_robot)
[4.220s] DEBUG:colcon.colcon_parallel_executor.executor.parallel:closing loop
[4.221s] DEBUG:colcon.colcon_parallel_executor.executor.parallel:loop closed
[4.221s] DEBUG:colcon.colcon_parallel_executor.executor.parallel:run_until_complete finished with '0'
[4.221s] DEBUG:colcon.colcon_core.event_reactor:joining thread
[4.242s] INFO:colcon.colcon_core.plugin_system:Skipping extension 'colcon_notification.desktop_notification.terminal_notifier': Not used on non-Darwin systems
[4.243s] INFO:colcon.colcon_core.plugin_system:Skipping extension 'colcon_notification.desktop_notification.win32': Not used on non-Windows systems
[4.243s] INFO:colcon.colcon_notification.desktop_notification:Sending desktop notification using 'notify2'
[4.249s] DEBUG:colcon.colcon_core.event_reactor:joined thread
[4.250s] INFO:colcon.colcon_core.shell:Creating prefix script '/home/ph/ws/helios16p_ws/install/local_setup.ps1'
[4.253s] INFO:colcon.colcon_core.shell:Creating prefix util module '/home/ph/ws/helios16p_ws/install/_local_setup_util_ps1.py'
[4.259s] INFO:colcon.colcon_core.shell:Creating prefix chain script '/home/ph/ws/helios16p_ws/install/setup.ps1'
[4.261s] INFO:colcon.colcon_core.shell:Creating prefix script '/home/ph/ws/helios16p_ws/install/local_setup.sh'
[4.263s] INFO:colcon.colcon_core.shell:Creating prefix util module '/home/ph/ws/helios16p_ws/install/_local_setup_util_sh.py'
[4.265s] INFO:colcon.colcon_core.shell:Creating prefix chain script '/home/ph/ws/helios16p_ws/install/setup.sh'
[4.268s] INFO:colcon.colcon_core.shell:Creating prefix script '/home/ph/ws/helios16p_ws/install/local_setup.bash'
[4.270s] INFO:colcon.colcon_core.shell:Creating prefix chain script '/home/ph/ws/helios16p_ws/install/setup.bash'
[4.273s] INFO:colcon.colcon_core.shell:Creating prefix script '/home/ph/ws/helios16p_ws/install/local_setup.zsh'
[4.274s] INFO:colcon.colcon_core.shell:Creating prefix chain script '/home/ph/ws/helios16p_ws/install/setup.zsh'
