[0.748s] Invoking command in '/home/ph/ws/helios16p_ws/build/kiss_icp': CMAKE_PREFIX_PATH=/opt/ros/humble /usr/bin/cmake --build /home/ph/ws/helios16p_ws/build/kiss_icp -- -j8 -l8
[0.846s] [ 14%] Built target kiss_icp_metrics
[0.851s] [ 28%] Built target kiss_icp_node
[0.863s] [ 71%] Built target kiss_icp_core
[0.913s] [ 85%] Built target kiss_icp_pipeline
[0.975s] [100%] Built target odometry_component
[0.993s] Invoked command in '/home/ph/ws/helios16p_ws/build/kiss_icp' returned '0': CMAKE_PREFIX_PATH=/opt/ros/humble /usr/bin/cmake --build /home/ph/ws/helios16p_ws/build/kiss_icp -- -j8 -l8
[1.012s] Invoking command in '/home/ph/ws/helios16p_ws/build/kiss_icp': CMAKE_PREFIX_PATH=/opt/ros/humble /usr/bin/cmake --install /home/ph/ws/helios16p_ws/build/kiss_icp
[1.020s] -- Install configuration: "Release"
[1.022s] -- Up-to-date: /home/ph/ws/helios16p_ws/install/kiss_icp/lib/kiss_icp/kiss_icp_node
[1.024s] -- Up-to-date: /home/ph/ws/helios16p_ws/install/kiss_icp/lib/libodometry_component.so
[1.024s] -- Up-to-date: /home/ph/ws/helios16p_ws/install/kiss_icp/share/kiss_icp//launch
[1.025s] -- Up-to-date: /home/ph/ws/helios16p_ws/install/kiss_icp/share/kiss_icp//launch/odometry.launch.py
[1.025s] -- Up-to-date: /home/ph/ws/helios16p_ws/install/kiss_icp/share/kiss_icp//rviz
[1.026s] -- Up-to-date: /home/ph/ws/helios16p_ws/install/kiss_icp/share/kiss_icp//rviz/kiss_icp.rviz
[1.026s] -- Up-to-date: /home/ph/ws/helios16p_ws/install/kiss_icp/share/kiss_icp//config
[1.026s] -- Up-to-date: /home/ph/ws/helios16p_ws/install/kiss_icp/share/kiss_icp//config/config.yaml
[1.027s] -- Up-to-date: /home/ph/ws/helios16p_ws/install/kiss_icp/share/ament_index/resource_index/package_run_dependencies/kiss_icp
[1.027s] -- Up-to-date: /home/ph/ws/helios16p_ws/install/kiss_icp/share/ament_index/resource_index/parent_prefix_path/kiss_icp
[1.027s] -- Up-to-date: /home/ph/ws/helios16p_ws/install/kiss_icp/share/kiss_icp/environment/ament_prefix_path.sh
[1.028s] -- Up-to-date: /home/ph/ws/helios16p_ws/install/kiss_icp/share/kiss_icp/environment/ament_prefix_path.dsv
[1.028s] -- Up-to-date: /home/ph/ws/helios16p_ws/install/kiss_icp/share/kiss_icp/environment/path.sh
[1.028s] -- Up-to-date: /home/ph/ws/helios16p_ws/install/kiss_icp/share/kiss_icp/environment/path.dsv
[1.029s] -- Up-to-date: /home/ph/ws/helios16p_ws/install/kiss_icp/share/kiss_icp/local_setup.bash
[1.029s] -- Up-to-date: /home/ph/ws/helios16p_ws/install/kiss_icp/share/kiss_icp/local_setup.sh
[1.029s] -- Up-to-date: /home/ph/ws/helios16p_ws/install/kiss_icp/share/kiss_icp/local_setup.zsh
[1.030s] -- Up-to-date: /home/ph/ws/helios16p_ws/install/kiss_icp/share/kiss_icp/local_setup.dsv
[1.030s] -- Installing: /home/ph/ws/helios16p_ws/install/kiss_icp/share/kiss_icp/package.dsv
[1.030s] -- Up-to-date: /home/ph/ws/helios16p_ws/install/kiss_icp/share/ament_index/resource_index/packages/kiss_icp
[1.030s] -- Up-to-date: /home/ph/ws/helios16p_ws/install/kiss_icp/share/ament_index/resource_index/rclcpp_components/kiss_icp
[1.031s] -- Up-to-date: /home/ph/ws/helios16p_ws/install/kiss_icp/share/kiss_icp/cmake/kiss_icpConfig.cmake
[1.031s] -- Up-to-date: /home/ph/ws/helios16p_ws/install/kiss_icp/share/kiss_icp/cmake/kiss_icpConfig-version.cmake
[1.031s] -- Up-to-date: /home/ph/ws/helios16p_ws/install/kiss_icp/share/kiss_icp/package.xml
[1.035s] Invoked command in '/home/ph/ws/helios16p_ws/build/kiss_icp' returned '0': CMAKE_PREFIX_PATH=/opt/ros/humble /usr/bin/cmake --install /home/ph/ws/helios16p_ws/build/kiss_icp
