1775660436.377414 [7]       ros2: config: Domain/General/MulticastRecvNetworkInterfaceAddresses/#text: preferred {}
1775660436.377439 [7]       ros2: config: Domain/General/Interfaces/NetworkInterface[@autodetermine]: false {1}
1775660436.377444 [7]       ros2: config: Domain/General/Interfaces/NetworkInterface[@name]: lo {1}
1775660436.377448 [7]       ros2: config: Domain/General/Interfaces/NetworkInterface[@address]:  {}
1775660436.377452 [7]       ros2: config: Domain/General/Interfaces/NetworkInterface[@priority]: default {1}
1775660436.377455 [7]       ros2: config: Domain/General/Interfaces/NetworkInterface[@prefer_multicast]: false {}
1775660436.377459 [7]       ros2: config: Domain/General/Interfaces/NetworkInterface[@presence_required]: true {}
1775660436.377462 [7]       ros2: config: Domain/General/Interfaces/NetworkInterface[@multicast]: true {1}
1775660436.377466 [7]       ros2: config: Domain/General/ExternalNetworkAddress/#text: auto {}
1775660436.377469 [7]       ros2: config: Domain/General/ExternalNetworkMask/#text: 0.0.0.0 {}
1775660436.377473 [7]       ros2: config: Domain/General/AllowMulticast/#text: default {1}
1775660436.377476 [7]       ros2: config: Domain/General/MulticastTimeToLive/#text: 32 {}
1775660436.377479 [7]       ros2: config: Domain/General/DontRoute/#text: false {}
1775660436.377483 [7]       ros2: config: Domain/General/Transport/#text: udp {}
1775660436.377486 [7]       ros2: config: Domain/General/EnableMulticastLoopback/#text: true {}
1775660436.377490 [7]       ros2: config: Domain/General/MaxMessageSize/#text: 65500 B {1}
1775660436.377493 [7]       ros2: config: Domain/General/MaxRexmitMessageSize/#text: 1456 B {}
1775660436.377497 [7]       ros2: config: Domain/General/FragmentSize/#text: 1344 B {}
1775660436.377500 [7]       ros2: config: Domain/General/RedundantNetworking/#text: false {}
1775660436.377503 [7]       ros2: config: Domain/General/EntityAutoNaming/#text: empty {}
1775660436.377507 [7]       ros2: config: Domain/General/EntityAutoNaming[@seed]: 2010657731 915426052 1943014899 708368149 303514647 630811943 661332689 2651699058 {}
1775660436.377512 [7]       ros2: config: Domain/Sizing/ReceiveBufferSize/#text: 1 MiB {}
1775660436.377515 [7]       ros2: config: Domain/Sizing/ReceiveBufferChunkSize/#text: 128 KiB {}
1775660436.377519 [7]       ros2: config: Domain/Compatibility/StandardsConformance/#text: lax {}
1775660436.377522 [7]       ros2: config: Domain/Compatibility/ExplicitlyPublishQosSetToDefault/#text: false {}
1775660436.377525 [7]       ros2: config: Domain/Compatibility/ManySocketsMode/#text: single {}
1775660436.377529 [7]       ros2: config: Domain/Compatibility/AssumeRtiHasPmdEndpoints/#text: false {}
1775660436.377532 [7]       ros2: config: Domain/Discovery/Tag/#text:  {}
1775660436.377535 [7]       ros2: config: Domain/Discovery/ExternalDomainId/#text: 7 {}
1775660436.377539 [7]       ros2: config: Domain/Discovery/DSGracePeriod/#text: 30 s {}
1775660436.377542 [7]       ros2: config: Domain/Discovery/ParticipantIndex/#text: none {}
1775660436.377546 [7]       ros2: config: Domain/Discovery/MaxAutoParticipantIndex/#text: 9 {}
1775660436.377549 [7]       ros2: config: Domain/Discovery/SPDPMulticastAddress/#text: 239.255.0.1 {}
1775660436.377552 [7]       ros2: config: Domain/Discovery/SPDPInterval/#text: 30 s {}
1775660436.377556 [7]       ros2: config: Domain/Discovery/DefaultMulticastAddress/#text: auto {}
1775660436.377559 [7]       ros2: config: Domain/Discovery/Ports/Base/#text: 7400 {}
1775660436.377563 [7]       ros2: config: Domain/Discovery/Ports/DomainGain/#text: 250 {}
1775660436.377566 [7]       ros2: config: Domain/Discovery/Ports/ParticipantGain/#text: 2 {}
1775660436.377569 [7]       ros2: config: Domain/Discovery/Ports/MulticastMetaOffset/#text: 0 {}
1775660436.377573 [7]       ros2: config: Domain/Discovery/Ports/UnicastMetaOffset/#text: 10 {}
1775660436.377576 [7]       ros2: config: Domain/Discovery/Ports/MulticastDataOffset/#text: 1 {}
1775660436.377580 [7]       ros2: config: Domain/Discovery/Ports/UnicastDataOffset/#text: 11 {}
1775660436.377589 [7]       ros2: config: Domain/Discovery/EnableTopicDiscoveryEndpoints/#text: false {}
1775660436.377593 [7]       ros2: config: Domain/Discovery/LeaseDuration/#text: 10 s {}
1775660436.377601 [7]       ros2: config: Domain/Tracing/Category/#text: fatal,error,warning,info,config {1}
1775660436.377605 [7]       ros2: config: Domain/Tracing/OutputFile/#text: cyclonedds.log {}
1775660436.377608 [7]       ros2: config: Domain/Tracing/AppendToFile/#text: false {}
1775660436.377612 [7]       ros2: config: Domain/Tracing/PacketCaptureFile/#text:  {}
1775660436.377615 [7]       ros2: config: Domain/Internal/DeliveryQueueMaxSamples/#text: 256 {}
1775660436.377618 [7]       ros2: config: Domain/Internal/PrimaryReorderMaxSamples/#text: 128 {}
1775660436.377622 [7]       ros2: config: Domain/Internal/SecondaryReorderMaxSamples/#text: 128 {}
1775660436.377625 [7]       ros2: config: Domain/Internal/DefragUnreliableMaxSamples/#text: 4 {}
1775660436.377628 [7]       ros2: config: Domain/Internal/DefragReliableMaxSamples/#text: 16 {}
1775660436.377631 [7]       ros2: config: Domain/Internal/BuiltinEndpointSet/#text: writers {}
1775660436.377635 [7]       ros2: config: Domain/Internal/MeasureHbToAckLatency/#text: false {}
1775660436.377638 [7]       ros2: config: Domain/Internal/UnicastResponseToSPDPMessages/#text: true {}
1775660436.377641 [7]       ros2: config: Domain/Internal/SynchronousDeliveryPriorityThreshold/#text: 0 {}
1775660436.377645 [7]       ros2: config: Domain/Internal/SynchronousDeliveryLatencyBound/#text: inf {}
1775660436.377648 [7]       ros2: config: Domain/Internal/MaxParticipants/#text: 0 {}
1775660436.377651 [7]       ros2: config: Domain/Internal/AccelerateRexmitBlockSize/#text: 0 {}
1775660436.377655 [7]       ros2: config: Domain/Internal/RetransmitMerging/#text: never {}
1775660436.377658 [7]       ros2: config: Domain/Internal/RetransmitMergingPeriod/#text: 5 ms {}
1775660436.377661 [7]       ros2: config: Domain/Internal/HeartbeatInterval/#text: 100 ms {}
1775660436.377665 [7]       ros2: config: Domain/Internal/HeartbeatInterval[@min]: 5 ms {}
1775660436.377668 [7]       ros2: config: Domain/Internal/HeartbeatInterval[@minsched]: 20 ms {}
1775660436.377672 [7]       ros2: config: Domain/Internal/HeartbeatInterval[@max]: 8 s {}
1775660436.377675 [7]       ros2: config: Domain/Internal/MaxQueuedRexmitBytes/#text: 512 KiB {}
1775660436.377679 [7]       ros2: config: Domain/Internal/MaxQueuedRexmitMessages/#text: 200 {}
1775660436.377682 [7]       ros2: config: Domain/Internal/WriterLingerDuration/#text: 1 s {}
1775660436.377685 [7]       ros2: config: Domain/Internal/SocketReceiveBufferSize[@min]: default {}
1775660436.377689 [7]       ros2: config: Domain/Internal/SocketReceiveBufferSize[@max]: default {}
1775660436.377692 [7]       ros2: config: Domain/Internal/SocketSendBufferSize[@min]: 64 KiB {}
1775660436.377696 [7]       ros2: config: Domain/Internal/SocketSendBufferSize[@max]: default {}
1775660436.377699 [7]       ros2: config: Domain/Internal/NackDelay/#text: 100 ms {}
1775660436.377702 [7]       ros2: config: Domain/Internal/AckDelay/#text: 10 ms {}
1775660436.377706 [7]       ros2: config: Domain/Internal/AutoReschedNackDelay/#text: 3 s {}
1775660436.377709 [7]       ros2: config: Domain/Internal/PreEmptiveAckDelay/#text: 10 ms {}
1775660436.377712 [7]       ros2: config: Domain/Internal/ScheduleTimeRounding/#text: 0 s {}
1775660436.377716 [7]       ros2: config: Domain/Internal/DDSI2DirectMaxThreads/#text: 1 {}
1775660436.377719 [7]       ros2: config: Domain/Internal/SquashParticipants/#text: false {}
1775660436.377722 [7]       ros2: config: Domain/Internal/SPDPResponseMaxDelay/#text: 0 s {}
1775660436.377726 [7]       ros2: config: Domain/Internal/LateAckMode/#text: false {}
1775660436.377729 [7]       ros2: config: Domain/Internal/RetryOnRejectBestEffort/#text: false {}
1775660436.377732 [7]       ros2: config: Domain/Internal/GenerateKeyhash/#text: false {}
1775660436.377735 [7]       ros2: config: Domain/Internal/MaxSampleSize/#text: 2147483647 B {}
1775660436.377739 [7]       ros2: config: Domain/Internal/LivelinessMonitoring/#text: false {}
1775660436.377746 [7]       ros2: config: Domain/Internal/LivelinessMonitoring[@StackTraces]: true {}
1775660436.377750 [7]       ros2: config: Domain/Internal/LivelinessMonitoring[@Interval]: 1 s {}
1775660436.377753 [7]       ros2: config: Domain/Internal/MonitorPort/#text: -1 {}
1775660436.377757 [7]       ros2: config: Domain/Internal/PrioritizeRetransmit/#text: true {}
1775660436.377760 [7]       ros2: config: Domain/Internal/UseMulticastIfMreqn/#text: 0 {}
1775660436.377763 [7]       ros2: config: Domain/Internal/RediscoveryBlacklistDuration/#text: 0 s {}
1775660436.377767 [7]       ros2: config: Domain/Internal/RediscoveryBlacklistDuration[@enforce]: false {}
1775660436.377770 [7]       ros2: config: Domain/Internal/MultipleReceiveThreads/#text: default {}
1775660436.377773 [7]       ros2: config: Domain/Internal/MultipleReceiveThreads[@maxretries]: 4294967295 {}
1775660436.377777 [7]       ros2: config: Domain/Internal/Test/XmitLossiness/#text: 0 {}
1775660436.377781 [7]       ros2: config: Domain/Internal/Watermarks/WhcLow/#text: 1 KiB {}
1775660436.377785 [7]       ros2: config: Domain/Internal/Watermarks/WhcHigh/#text: 500 KiB {}
1775660436.377788 [7]       ros2: config: Domain/Internal/Watermarks/WhcHighInit/#text: 30 KiB {}
1775660436.377792 [7]       ros2: config: Domain/Internal/Watermarks/WhcAdaptive/#text: true {}
1775660436.377795 [7]       ros2: config: Domain/Internal/BurstSize/MaxRexmit/#text: 1 MiB {}
1775660436.377799 [7]       ros2: config: Domain/Internal/BurstSize/MaxInitTransmit/#text: 4294967295 {}
1775660436.377802 [7]       ros2: config: Domain/Internal/EnableExpensiveChecks/#text:  {}
1775660436.377806 [7]       ros2: config: Domain/TCP/NoDelay/#text: true {}
1775660436.377809 [7]       ros2: config: Domain/TCP/Port/#text: -1 {}
1775660436.377812 [7]       ros2: config: Domain/TCP/ReadTimeout/#text: 2 s {}
1775660436.377816 [7]       ros2: config: Domain/TCP/WriteTimeout/#text: 2 s {}
1775660436.377819 [7]       ros2: config: Domain/TCP/AlwaysUsePeeraddrForUnicast/#text: false {}
1775660436.377823 [7]       ros2: config: Domain/SSL/Enable/#text: false {}
1775660436.377826 [7]       ros2: config: Domain/SSL/CertificateVerification/#text: true {}
1775660436.377829 [7]       ros2: config: Domain/SSL/VerifyClient/#text: true {}
1775660436.377833 [7]       ros2: config: Domain/SSL/SelfSignedCertificates/#text: false {}
1775660436.377836 [7]       ros2: config: Domain/SSL/KeystoreFile/#text: keystore {}
1775660436.377839 [7]       ros2: config: Domain/SSL/KeyPassphrase/#text: secret {}
1775660436.377843 [7]       ros2: config: Domain/SSL/Ciphers/#text: ALL:!ADH:!LOW:!EXP:!MD5:@STRENGTH {}
1775660436.377846 [7]       ros2: config: Domain/SSL/EntropyFile/#text:  {}
1775660436.377849 [7]       ros2: config: Domain/SSL/MinimumTLSVersion/#text: 1.3 {}
1775660436.377853 [7]       ros2: config: Domain/SharedMemory/Enable/#text: false {}
1775660436.377856 [7]       ros2: config: Domain/SharedMemory/Locator/#text:  {}
1775660436.377859 [7]       ros2: config: Domain/SharedMemory/Prefix/#text: DDS_CYCLONE {}
1775660436.377862 [7]       ros2: config: Domain/SharedMemory/LogLevel/#text: info {}
1775660436.377866 [7]       ros2: config: Domain[@Id]: 7 {1}
1775660436.377887 [7]       ros2: started at 1775660436.06377873 -- 2026-04-08 15:00:36+00:00
1775660436.377891 [7]       ros2: udp initialized
1775660436.378204 [7]       ros2: interfaces: lo udp/127.0.0.1(q1) wlp1s0 wireless udp/192.168.50.12(q9) docker0 udp/172.17.0.1(q9)
1775660436.378214 [7]       ros2: selected interfaces: lo (index 1 priority 2)
1775660436.378217 [7]       ros2: presumed robust multicast support, use for everything
1775660436.378233 [7]       ros2: ownip: udp/127.0.0.1
1775660436.378236 [7]       ros2: extmask: invalid/0 (not applicable)
1775660436.378239 [7]       ros2: SPDP MC: udp/239.255.0.1
1775660436.378241 [7]       ros2: default MC: udp/239.255.0.1
1775660436.378244 [7]       ros2: SSM support included
1775660436.378377 [7]       ros2: failed to increase socket receive buffer size to 1048576 bytes, continuing with 425984 bytes
1775660436.378396 [7]       ros2: rtps_init: uc ports: disc 0 data 0
1775660436.378399 [7]       ros2: rtps_init: domainid 7 participantid -2
1775660436.378402 [7]       ros2: Unicast Ports: discovery 45123 data 45123
1775660436.378414 [7]       ros2: failed to increase socket receive buffer size to 1048576 bytes, continuing with 425984 bytes
1775660436.378429 [7]       ros2: failed to increase socket receive buffer size to 1048576 bytes, continuing with 425984 bytes
1775660436.378435 [7]       ros2: Multicast Ports: discovery 9150 data 9151 
1775660436.378444 [7]       ros2: failed to increase socket receive buffer size to 1048576 bytes, continuing with 425984 bytes
1775660436.378454 [7]       ros2: interface lo: transmit port 38586
1775660616.690340 [7]       ros2: udp finalized
1775660616.691020 [7]       ros2: Finis.
.

