[0.147s] Invoking command in '/home/admin/bench/lab/STAGING_helios16p_kiss_legged_bench_cyclone_container_files/helios16p_ws/build/unitree_nav': AMENT_PREFIX_PATH=/home/admin/bench/lab/STAGING_helios16p_kiss_legged_bench_cyclone_container_files/helios16p_ws/install/rslidar_sdk:/home/admin/bench/lab/STAGING_helios16p_kiss_legged_bench_cyclone_container_files/helios16p_ws/install/unitree_nav_interfaces:/home/admin/bench/lab/STAGING_helios16p_kiss_legged_bench_cyclone_container_files/helios16p_ws/install/rslidar_msg:/home/admin/bench/lab/STAGING_helios16p_kiss_legged_bench_cyclone_container_files/helios16p_ws/install/ros2_unitree_legged_msgs:${AMENT_PREFIX_PATH} CMAKE_PREFIX_PATH=/home/admin/bench/lab/STAGING_helios16p_kiss_legged_bench_cyclone_container_files/helios16p_ws/install/rslidar_sdk:/home/admin/bench/lab/STAGING_helios16p_kiss_legged_bench_cyclone_container_files/helios16p_ws/install/unitree_nav_interfaces:/home/admin/bench/lab/STAGING_helios16p_kiss_legged_bench_cyclone_container_files/helios16p_ws/install/rslidar_msg:/home/admin/bench/lab/STAGING_helios16p_kiss_legged_bench_cyclone_container_files/helios16p_ws/install/ros2_unitree_legged_msgs:/home/admin/bench/lab/go1_control/install/unitree_nav:/home/admin/bench/lab/go1_control/install/unitree_nav_interfaces:/home/admin/bench/lab/go1_control/install/ros2_unitree_legged_msgs:/home/admin/bench/lab/helios16p_ws/install/vicon_receiver:/home/admin/bench/lab/helios16p_ws/install/rslidar_sdk:/home/admin/bench/lab/helios16p_ws/install/rslidar_msg:/home/admin/bench/lab/helios16p_ws/install/kiss_icp:/home/admin/bench/lab/helios16p_ws/install/go1_description:/home/admin/bench/lab/helios16p_ws/install/helios16p_cane_robot:/opt/ros/humble LD_LIBRARY_PATH=/home/admin/bench/lab/STAGING_helios16p_kiss_legged_bench_cyclone_container_files/helios16p_ws/install/unitree_nav_interfaces/lib:/home/admin/bench/lab/STAGING_helios16p_kiss_legged_bench_cyclone_container_files/helios16p_ws/install/rslidar_msg/lib:/home/admin/bench/lab/STAGING_helios16p_kiss_legged_bench_cyclone_container_files/helios16p_ws/install/ros2_unitree_legged_msgs/lib:${LD_LIBRARY_PATH} PYTHONPATH=/home/admin/bench/lab/STAGING_helios16p_kiss_legged_bench_cyclone_container_files/helios16p_ws/install/unitree_nav_interfaces/local/lib/python3.10/dist-packages:/home/admin/bench/lab/STAGING_helios16p_kiss_legged_bench_cyclone_container_files/helios16p_ws/install/rslidar_msg/local/lib/python3.10/dist-packages:/home/admin/bench/lab/STAGING_helios16p_kiss_legged_bench_cyclone_container_files/helios16p_ws/install/ros2_unitree_legged_msgs/local/lib/python3.10/dist-packages:${PYTHONPATH} /usr/local/bin/cmake /home/admin/bench/lab/STAGING_helios16p_kiss_legged_bench_cyclone_container_files/helios16p_ws/src/unitree_nav -DCMAKE_INSTALL_PREFIX=/home/admin/bench/lab/STAGING_helios16p_kiss_legged_bench_cyclone_container_files/helios16p_ws/install/unitree_nav
[0.440s] [0mCMake Deprecation Warning at CMakeLists.txt:1 (cmake_minimum_required):
[0.440s]   Compatibility with CMake < 3.10 will be removed from a future version of
[0.441s]   CMake.
[0.441s] 
[0.441s]   Update the VERSION argument <min> value.  Or, use the <min>...<max> syntax
[0.441s]   to tell CMake that the project requires at least <min> but has been updated
[0.442s]   to work with policies introduced by <max> or earlier.
[0.442s] 
[0.442s] [0m
[0.799s] -- The C compiler identification is GNU 11.4.0
[1.055s] -- The CXX compiler identification is GNU 11.4.0
[1.100s] -- Detecting C compiler ABI info
[1.374s] -- Detecting C compiler ABI info - done
[1.427s] -- Check for working C compiler: /usr/bin/cc - skipped
[1.443s] -- Detecting C compile features
[1.445s] -- Detecting C compile features - done
[1.570s] -- Detecting CXX compiler ABI info
[1.859s] -- Detecting CXX compiler ABI info - done
[1.919s] -- Check for working CXX compiler: /usr/bin/c++ - skipped
[1.920s] -- Detecting CXX compile features
[1.922s] -- Detecting CXX compile features - done
[2.131s] -- Found ament_cmake: 1.3.13 (/opt/ros/humble/share/ament_cmake/cmake)
[2.620s] -- Found Python3: /usr/bin/python3 (found version "3.10.12") found components: Interpreter
[3.363s] -- Found rclcpp: 16.0.15 (/opt/ros/humble/share/rclcpp/cmake)
[3.891s] -- Found rosidl_generator_c: 3.1.7 (/opt/ros/humble/share/rosidl_generator_c/cmake)
[3.941s] -- Found rosidl_adapter: 3.1.7 (/opt/ros/humble/share/rosidl_adapter/cmake)
[4.012s] -- Found rosidl_generator_cpp: 3.1.7 (/opt/ros/humble/share/rosidl_generator_cpp/cmake)
[4.129s] -- Using all available rosidl_typesupport_c: rosidl_typesupport_fastrtps_c;rosidl_typesupport_introspection_c
[4.263s] -- Using all available rosidl_typesupport_cpp: rosidl_typesupport_fastrtps_cpp;rosidl_typesupport_introspection_cpp
[4.645s] -- Found rmw_implementation_cmake: 6.1.2 (/opt/ros/humble/share/rmw_implementation_cmake/cmake)
[4.673s] -- Found rmw_cyclonedds_cpp: 1.3.4 (/opt/ros/humble/share/rmw_cyclonedds_cpp/cmake)
[4.963s] -- Using RMW implementation 'rmw_cyclonedds_cpp' as default
[5.054s] -- Performing Test CMAKE_HAVE_LIBC_PTHREAD
[5.310s] -- Performing Test CMAKE_HAVE_LIBC_PTHREAD - Success
[5.313s] -- Found Threads: TRUE
[5.657s] -- Found rclcpp_action: 16.0.15 (/opt/ros/humble/share/rclcpp_action/cmake)
[5.895s] -- Found std_srvs: 4.9.0 (/opt/ros/humble/share/std_srvs/cmake)
[5.978s] -- Found geometry_msgs: 4.9.0 (/opt/ros/humble/share/geometry_msgs/cmake)
[6.086s] -- Found tf2: 0.25.16 (/opt/ros/humble/share/tf2/cmake)
[6.288s] -- Found tf2_geometry_msgs: 0.25.16 (/opt/ros/humble/share/tf2_geometry_msgs/cmake)
[6.480s] -- Found eigen3_cmake_module: 0.1.1 (/opt/ros/humble/share/eigen3_cmake_module/cmake)
[6.490s] -- Found Eigen3: TRUE (found version "3.4.0")
[6.490s] -- Ensuring Eigen3 include directory is part of orocos-kdl CMake target
[6.891s] -- Found nav2_msgs: 1.1.20 (/opt/ros/humble/share/nav2_msgs/cmake)
[7.106s] -- Found ros2_unitree_legged_msgs: 0.4.0 (/home/admin/bench/lab/STAGING_helios16p_kiss_legged_bench_cyclone_container_files/helios16p_ws/install/ros2_unitree_legged_msgs/share/ros2_unitree_legged_msgs/cmake)
[7.158s] -- Found unitree_nav_interfaces: 0.0.0 (/home/admin/bench/lab/STAGING_helios16p_kiss_legged_bench_cyclone_container_files/helios16p_ws/install/unitree_nav_interfaces/share/unitree_nav_interfaces/cmake)
[7.269s] -- Found ament_lint_auto: 0.12.14 (/opt/ros/humble/share/ament_lint_auto/cmake)
[7.712s] -- Added test 'cppcheck' to perform static code analysis on C / C++ code
[7.713s] -- Configured cppcheck include dirs: 
[7.713s] -- Configured cppcheck exclude dirs and/or files: 
[7.719s] -- Added test 'flake8' to check Python code syntax and style conventions
[7.725s] -- Added test 'lint_cmake' to check CMake code style
[7.729s] -- Added test 'pep257' to check Python code against some of the docstring style conventions in PEP 257
[7.739s] -- Added test 'uncrustify' to check C / C++ code style
[7.740s] -- Configured uncrustify additional arguments: 
[7.744s] -- Added test 'xmllint' to check XML markup files
[7.757s] -- Configuring done (7.3s)
[7.904s] -- Generating done (0.1s)
[8.105s] -- Build files have been written to: /home/admin/bench/lab/STAGING_helios16p_kiss_legged_bench_cyclone_container_files/helios16p_ws/build/unitree_nav
[8.134s] Invoked command in '/home/admin/bench/lab/STAGING_helios16p_kiss_legged_bench_cyclone_container_files/helios16p_ws/build/unitree_nav' returned '0': AMENT_PREFIX_PATH=/home/admin/bench/lab/STAGING_helios16p_kiss_legged_bench_cyclone_container_files/helios16p_ws/install/rslidar_sdk:/home/admin/bench/lab/STAGING_helios16p_kiss_legged_bench_cyclone_container_files/helios16p_ws/install/unitree_nav_interfaces:/home/admin/bench/lab/STAGING_helios16p_kiss_legged_bench_cyclone_container_files/helios16p_ws/install/rslidar_msg:/home/admin/bench/lab/STAGING_helios16p_kiss_legged_bench_cyclone_container_files/helios16p_ws/install/ros2_unitree_legged_msgs:${AMENT_PREFIX_PATH} CMAKE_PREFIX_PATH=/home/admin/bench/lab/STAGING_helios16p_kiss_legged_bench_cyclone_container_files/helios16p_ws/install/rslidar_sdk:/home/admin/bench/lab/STAGING_helios16p_kiss_legged_bench_cyclone_container_files/helios16p_ws/install/unitree_nav_interfaces:/home/admin/bench/lab/STAGING_helios16p_kiss_legged_bench_cyclone_container_files/helios16p_ws/install/rslidar_msg:/home/admin/bench/lab/STAGING_helios16p_kiss_legged_bench_cyclone_container_files/helios16p_ws/install/ros2_unitree_legged_msgs:/home/admin/bench/lab/go1_control/install/unitree_nav:/home/admin/bench/lab/go1_control/install/unitree_nav_interfaces:/home/admin/bench/lab/go1_control/install/ros2_unitree_legged_msgs:/home/admin/bench/lab/helios16p_ws/install/vicon_receiver:/home/admin/bench/lab/helios16p_ws/install/rslidar_sdk:/home/admin/bench/lab/helios16p_ws/install/rslidar_msg:/home/admin/bench/lab/helios16p_ws/install/kiss_icp:/home/admin/bench/lab/helios16p_ws/install/go1_description:/home/admin/bench/lab/helios16p_ws/install/helios16p_cane_robot:/opt/ros/humble LD_LIBRARY_PATH=/home/admin/bench/lab/STAGING_helios16p_kiss_legged_bench_cyclone_container_files/helios16p_ws/install/unitree_nav_interfaces/lib:/home/admin/bench/lab/STAGING_helios16p_kiss_legged_bench_cyclone_container_files/helios16p_ws/install/rslidar_msg/lib:/home/admin/bench/lab/STAGING_helios16p_kiss_legged_bench_cyclone_container_files/helios16p_ws/install/ros2_unitree_legged_msgs/lib:${LD_LIBRARY_PATH} PYTHONPATH=/home/admin/bench/lab/STAGING_helios16p_kiss_legged_bench_cyclone_container_files/helios16p_ws/install/unitree_nav_interfaces/local/lib/python3.10/dist-packages:/home/admin/bench/lab/STAGING_helios16p_kiss_legged_bench_cyclone_container_files/helios16p_ws/install/rslidar_msg/local/lib/python3.10/dist-packages:/home/admin/bench/lab/STAGING_helios16p_kiss_legged_bench_cyclone_container_files/helios16p_ws/install/ros2_unitree_legged_msgs/local/lib/python3.10/dist-packages:${PYTHONPATH} /usr/local/bin/cmake /home/admin/bench/lab/STAGING_helios16p_kiss_legged_bench_cyclone_container_files/helios16p_ws/src/unitree_nav -DCMAKE_INSTALL_PREFIX=/home/admin/bench/lab/STAGING_helios16p_kiss_legged_bench_cyclone_container_files/helios16p_ws/install/unitree_nav
[8.143s] Invoking command in '/home/admin/bench/lab/STAGING_helios16p_kiss_legged_bench_cyclone_container_files/helios16p_ws/build/unitree_nav': AMENT_PREFIX_PATH=/home/admin/bench/lab/STAGING_helios16p_kiss_legged_bench_cyclone_container_files/helios16p_ws/install/rslidar_sdk:/home/admin/bench/lab/STAGING_helios16p_kiss_legged_bench_cyclone_container_files/helios16p_ws/install/unitree_nav_interfaces:/home/admin/bench/lab/STAGING_helios16p_kiss_legged_bench_cyclone_container_files/helios16p_ws/install/rslidar_msg:/home/admin/bench/lab/STAGING_helios16p_kiss_legged_bench_cyclone_container_files/helios16p_ws/install/ros2_unitree_legged_msgs:${AMENT_PREFIX_PATH} CMAKE_PREFIX_PATH=/home/admin/bench/lab/STAGING_helios16p_kiss_legged_bench_cyclone_container_files/helios16p_ws/install/rslidar_sdk:/home/admin/bench/lab/STAGING_helios16p_kiss_legged_bench_cyclone_container_files/helios16p_ws/install/unitree_nav_interfaces:/home/admin/bench/lab/STAGING_helios16p_kiss_legged_bench_cyclone_container_files/helios16p_ws/install/rslidar_msg:/home/admin/bench/lab/STAGING_helios16p_kiss_legged_bench_cyclone_container_files/helios16p_ws/install/ros2_unitree_legged_msgs:/home/admin/bench/lab/go1_control/install/unitree_nav:/home/admin/bench/lab/go1_control/install/unitree_nav_interfaces:/home/admin/bench/lab/go1_control/install/ros2_unitree_legged_msgs:/home/admin/bench/lab/helios16p_ws/install/vicon_receiver:/home/admin/bench/lab/helios16p_ws/install/rslidar_sdk:/home/admin/bench/lab/helios16p_ws/install/rslidar_msg:/home/admin/bench/lab/helios16p_ws/install/kiss_icp:/home/admin/bench/lab/helios16p_ws/install/go1_description:/home/admin/bench/lab/helios16p_ws/install/helios16p_cane_robot:/opt/ros/humble LD_LIBRARY_PATH=/home/admin/bench/lab/STAGING_helios16p_kiss_legged_bench_cyclone_container_files/helios16p_ws/install/unitree_nav_interfaces/lib:/home/admin/bench/lab/STAGING_helios16p_kiss_legged_bench_cyclone_container_files/helios16p_ws/install/rslidar_msg/lib:/home/admin/bench/lab/STAGING_helios16p_kiss_legged_bench_cyclone_container_files/helios16p_ws/install/ros2_unitree_legged_msgs/lib:${LD_LIBRARY_PATH} PYTHONPATH=/home/admin/bench/lab/STAGING_helios16p_kiss_legged_bench_cyclone_container_files/helios16p_ws/install/unitree_nav_interfaces/local/lib/python3.10/dist-packages:/home/admin/bench/lab/STAGING_helios16p_kiss_legged_bench_cyclone_container_files/helios16p_ws/install/rslidar_msg/local/lib/python3.10/dist-packages:/home/admin/bench/lab/STAGING_helios16p_kiss_legged_bench_cyclone_container_files/helios16p_ws/install/ros2_unitree_legged_msgs/local/lib/python3.10/dist-packages:${PYTHONPATH} /usr/local/bin/cmake --build /home/admin/bench/lab/STAGING_helios16p_kiss_legged_bench_cyclone_container_files/helios16p_ws/build/unitree_nav -- -j8 -l8
[8.508s] [ 25%] [32mBuilding CXX object CMakeFiles/cmd_processor.dir/src/cmd_processor.cpp.o[0m
[46.961s] [ 50%] [1m[32mLinking CXX executable cmd_processor[0m
[59.377s] [ 50%] Built target cmd_processor
[59.421s] [ 75%] [32mBuilding CXX object CMakeFiles/nav_to_pose.dir/src/nav_to_pose.cpp.o[0m
[78.091s] [100%] [1m[32mLinking CXX executable nav_to_pose[0m
[79.147s] [100%] Built target nav_to_pose
[79.167s] Invoked command in '/home/admin/bench/lab/STAGING_helios16p_kiss_legged_bench_cyclone_container_files/helios16p_ws/build/unitree_nav' returned '0': AMENT_PREFIX_PATH=/home/admin/bench/lab/STAGING_helios16p_kiss_legged_bench_cyclone_container_files/helios16p_ws/install/rslidar_sdk:/home/admin/bench/lab/STAGING_helios16p_kiss_legged_bench_cyclone_container_files/helios16p_ws/install/unitree_nav_interfaces:/home/admin/bench/lab/STAGING_helios16p_kiss_legged_bench_cyclone_container_files/helios16p_ws/install/rslidar_msg:/home/admin/bench/lab/STAGING_helios16p_kiss_legged_bench_cyclone_container_files/helios16p_ws/install/ros2_unitree_legged_msgs:${AMENT_PREFIX_PATH} CMAKE_PREFIX_PATH=/home/admin/bench/lab/STAGING_helios16p_kiss_legged_bench_cyclone_container_files/helios16p_ws/install/rslidar_sdk:/home/admin/bench/lab/STAGING_helios16p_kiss_legged_bench_cyclone_container_files/helios16p_ws/install/unitree_nav_interfaces:/home/admin/bench/lab/STAGING_helios16p_kiss_legged_bench_cyclone_container_files/helios16p_ws/install/rslidar_msg:/home/admin/bench/lab/STAGING_helios16p_kiss_legged_bench_cyclone_container_files/helios16p_ws/install/ros2_unitree_legged_msgs:/home/admin/bench/lab/go1_control/install/unitree_nav:/home/admin/bench/lab/go1_control/install/unitree_nav_interfaces:/home/admin/bench/lab/go1_control/install/ros2_unitree_legged_msgs:/home/admin/bench/lab/helios16p_ws/install/vicon_receiver:/home/admin/bench/lab/helios16p_ws/install/rslidar_sdk:/home/admin/bench/lab/helios16p_ws/install/rslidar_msg:/home/admin/bench/lab/helios16p_ws/install/kiss_icp:/home/admin/bench/lab/helios16p_ws/install/go1_description:/home/admin/bench/lab/helios16p_ws/install/helios16p_cane_robot:/opt/ros/humble LD_LIBRARY_PATH=/home/admin/bench/lab/STAGING_helios16p_kiss_legged_bench_cyclone_container_files/helios16p_ws/install/unitree_nav_interfaces/lib:/home/admin/bench/lab/STAGING_helios16p_kiss_legged_bench_cyclone_container_files/helios16p_ws/install/rslidar_msg/lib:/home/admin/bench/lab/STAGING_helios16p_kiss_legged_bench_cyclone_container_files/helios16p_ws/install/ros2_unitree_legged_msgs/lib:${LD_LIBRARY_PATH} PYTHONPATH=/home/admin/bench/lab/STAGING_helios16p_kiss_legged_bench_cyclone_container_files/helios16p_ws/install/unitree_nav_interfaces/local/lib/python3.10/dist-packages:/home/admin/bench/lab/STAGING_helios16p_kiss_legged_bench_cyclone_container_files/helios16p_ws/install/rslidar_msg/local/lib/python3.10/dist-packages:/home/admin/bench/lab/STAGING_helios16p_kiss_legged_bench_cyclone_container_files/helios16p_ws/install/ros2_unitree_legged_msgs/local/lib/python3.10/dist-packages:${PYTHONPATH} /usr/local/bin/cmake --build /home/admin/bench/lab/STAGING_helios16p_kiss_legged_bench_cyclone_container_files/helios16p_ws/build/unitree_nav -- -j8 -l8
[79.204s] Invoking command in '/home/admin/bench/lab/STAGING_helios16p_kiss_legged_bench_cyclone_container_files/helios16p_ws/build/unitree_nav': AMENT_PREFIX_PATH=/home/admin/bench/lab/STAGING_helios16p_kiss_legged_bench_cyclone_container_files/helios16p_ws/install/rslidar_sdk:/home/admin/bench/lab/STAGING_helios16p_kiss_legged_bench_cyclone_container_files/helios16p_ws/install/unitree_nav_interfaces:/home/admin/bench/lab/STAGING_helios16p_kiss_legged_bench_cyclone_container_files/helios16p_ws/install/rslidar_msg:/home/admin/bench/lab/STAGING_helios16p_kiss_legged_bench_cyclone_container_files/helios16p_ws/install/ros2_unitree_legged_msgs:${AMENT_PREFIX_PATH} CMAKE_PREFIX_PATH=/home/admin/bench/lab/STAGING_helios16p_kiss_legged_bench_cyclone_container_files/helios16p_ws/install/rslidar_sdk:/home/admin/bench/lab/STAGING_helios16p_kiss_legged_bench_cyclone_container_files/helios16p_ws/install/unitree_nav_interfaces:/home/admin/bench/lab/STAGING_helios16p_kiss_legged_bench_cyclone_container_files/helios16p_ws/install/rslidar_msg:/home/admin/bench/lab/STAGING_helios16p_kiss_legged_bench_cyclone_container_files/helios16p_ws/install/ros2_unitree_legged_msgs:/home/admin/bench/lab/go1_control/install/unitree_nav:/home/admin/bench/lab/go1_control/install/unitree_nav_interfaces:/home/admin/bench/lab/go1_control/install/ros2_unitree_legged_msgs:/home/admin/bench/lab/helios16p_ws/install/vicon_receiver:/home/admin/bench/lab/helios16p_ws/install/rslidar_sdk:/home/admin/bench/lab/helios16p_ws/install/rslidar_msg:/home/admin/bench/lab/helios16p_ws/install/kiss_icp:/home/admin/bench/lab/helios16p_ws/install/go1_description:/home/admin/bench/lab/helios16p_ws/install/helios16p_cane_robot:/opt/ros/humble LD_LIBRARY_PATH=/home/admin/bench/lab/STAGING_helios16p_kiss_legged_bench_cyclone_container_files/helios16p_ws/install/unitree_nav_interfaces/lib:/home/admin/bench/lab/STAGING_helios16p_kiss_legged_bench_cyclone_container_files/helios16p_ws/install/rslidar_msg/lib:/home/admin/bench/lab/STAGING_helios16p_kiss_legged_bench_cyclone_container_files/helios16p_ws/install/ros2_unitree_legged_msgs/lib:${LD_LIBRARY_PATH} PYTHONPATH=/home/admin/bench/lab/STAGING_helios16p_kiss_legged_bench_cyclone_container_files/helios16p_ws/install/unitree_nav_interfaces/local/lib/python3.10/dist-packages:/home/admin/bench/lab/STAGING_helios16p_kiss_legged_bench_cyclone_container_files/helios16p_ws/install/rslidar_msg/local/lib/python3.10/dist-packages:/home/admin/bench/lab/STAGING_helios16p_kiss_legged_bench_cyclone_container_files/helios16p_ws/install/ros2_unitree_legged_msgs/local/lib/python3.10/dist-packages:${PYTHONPATH} /usr/local/bin/cmake --install /home/admin/bench/lab/STAGING_helios16p_kiss_legged_bench_cyclone_container_files/helios16p_ws/build/unitree_nav
[79.413s] -- Install configuration: ""
[79.414s] -- Installing: /home/admin/bench/lab/STAGING_helios16p_kiss_legged_bench_cyclone_container_files/helios16p_ws/install/unitree_nav/lib/unitree_nav/cmd_processor
[79.428s] -- Set non-toolchain portion of runtime path of "/home/admin/bench/lab/STAGING_helios16p_kiss_legged_bench_cyclone_container_files/helios16p_ws/install/unitree_nav/lib/unitree_nav/cmd_processor" to ""
[79.429s] -- Installing: /home/admin/bench/lab/STAGING_helios16p_kiss_legged_bench_cyclone_container_files/helios16p_ws/install/unitree_nav/lib/unitree_nav/nav_to_pose
[79.435s] -- Set non-toolchain portion of runtime path of "/home/admin/bench/lab/STAGING_helios16p_kiss_legged_bench_cyclone_container_files/helios16p_ws/install/unitree_nav/lib/unitree_nav/nav_to_pose" to ""
[79.435s] -- Installing: /home/admin/bench/lab/STAGING_helios16p_kiss_legged_bench_cyclone_container_files/helios16p_ws/install/unitree_nav/share/unitree_nav/launch
[79.435s] -- Installing: /home/admin/bench/lab/STAGING_helios16p_kiss_legged_bench_cyclone_container_files/helios16p_ws/install/unitree_nav/share/unitree_nav/launch/control.launch.py
[79.449s] -- Installing: /home/admin/bench/lab/STAGING_helios16p_kiss_legged_bench_cyclone_container_files/helios16p_ws/install/unitree_nav/share/unitree_nav/launch/unitree_nav.launch.py
[79.450s] -- Installing: /home/admin/bench/lab/STAGING_helios16p_kiss_legged_bench_cyclone_container_files/helios16p_ws/install/unitree_nav/share/unitree_nav/launch/rslidar_robosense.launch.py
[79.451s] -- Installing: /home/admin/bench/lab/STAGING_helios16p_kiss_legged_bench_cyclone_container_files/helios16p_ws/install/unitree_nav/share/unitree_nav/launch/mapping.launch.py
[79.451s] -- Installing: /home/admin/bench/lab/STAGING_helios16p_kiss_legged_bench_cyclone_container_files/helios16p_ws/install/unitree_nav/share/unitree_nav/config
[79.452s] -- Installing: /home/admin/bench/lab/STAGING_helios16p_kiss_legged_bench_cyclone_container_files/helios16p_ws/install/unitree_nav/share/unitree_nav/config/nav2_params.yaml
[79.453s] -- Installing: /home/admin/bench/lab/STAGING_helios16p_kiss_legged_bench_cyclone_container_files/helios16p_ws/install/unitree_nav/share/unitree_nav/config/nav.rviz
[79.455s] -- Installing: /home/admin/bench/lab/STAGING_helios16p_kiss_legged_bench_cyclone_container_files/helios16p_ws/install/unitree_nav/share/ament_index/resource_index/package_run_dependencies/unitree_nav
[79.456s] -- Installing: /home/admin/bench/lab/STAGING_helios16p_kiss_legged_bench_cyclone_container_files/helios16p_ws/install/unitree_nav/share/ament_index/resource_index/parent_prefix_path/unitree_nav
[79.456s] -- Installing: /home/admin/bench/lab/STAGING_helios16p_kiss_legged_bench_cyclone_container_files/helios16p_ws/install/unitree_nav/share/unitree_nav/environment/ament_prefix_path.sh
[79.457s] -- Installing: /home/admin/bench/lab/STAGING_helios16p_kiss_legged_bench_cyclone_container_files/helios16p_ws/install/unitree_nav/share/unitree_nav/environment/ament_prefix_path.dsv
[79.458s] -- Installing: /home/admin/bench/lab/STAGING_helios16p_kiss_legged_bench_cyclone_container_files/helios16p_ws/install/unitree_nav/share/unitree_nav/environment/path.sh
[79.458s] -- Installing: /home/admin/bench/lab/STAGING_helios16p_kiss_legged_bench_cyclone_container_files/helios16p_ws/install/unitree_nav/share/unitree_nav/environment/path.dsv
[79.459s] -- Installing: /home/admin/bench/lab/STAGING_helios16p_kiss_legged_bench_cyclone_container_files/helios16p_ws/install/unitree_nav/share/unitree_nav/local_setup.bash
[79.459s] -- Installing: /home/admin/bench/lab/STAGING_helios16p_kiss_legged_bench_cyclone_container_files/helios16p_ws/install/unitree_nav/share/unitree_nav/local_setup.sh
[79.460s] -- Installing: /home/admin/bench/lab/STAGING_helios16p_kiss_legged_bench_cyclone_container_files/helios16p_ws/install/unitree_nav/share/unitree_nav/local_setup.zsh
[79.461s] -- Installing: /home/admin/bench/lab/STAGING_helios16p_kiss_legged_bench_cyclone_container_files/helios16p_ws/install/unitree_nav/share/unitree_nav/local_setup.dsv
[79.461s] -- Installing: /home/admin/bench/lab/STAGING_helios16p_kiss_legged_bench_cyclone_container_files/helios16p_ws/install/unitree_nav/share/unitree_nav/package.dsv
[79.462s] -- Installing: /home/admin/bench/lab/STAGING_helios16p_kiss_legged_bench_cyclone_container_files/helios16p_ws/install/unitree_nav/share/ament_index/resource_index/packages/unitree_nav
[79.463s] -- Installing: /home/admin/bench/lab/STAGING_helios16p_kiss_legged_bench_cyclone_container_files/helios16p_ws/install/unitree_nav/share/unitree_nav/cmake/unitree_navConfig.cmake
[79.463s] -- Installing: /home/admin/bench/lab/STAGING_helios16p_kiss_legged_bench_cyclone_container_files/helios16p_ws/install/unitree_nav/share/unitree_nav/cmake/unitree_navConfig-version.cmake
[79.464s] -- Installing: /home/admin/bench/lab/STAGING_helios16p_kiss_legged_bench_cyclone_container_files/helios16p_ws/install/unitree_nav/share/unitree_nav/package.xml
[79.471s] Invoked command in '/home/admin/bench/lab/STAGING_helios16p_kiss_legged_bench_cyclone_container_files/helios16p_ws/build/unitree_nav' returned '0': AMENT_PREFIX_PATH=/home/admin/bench/lab/STAGING_helios16p_kiss_legged_bench_cyclone_container_files/helios16p_ws/install/rslidar_sdk:/home/admin/bench/lab/STAGING_helios16p_kiss_legged_bench_cyclone_container_files/helios16p_ws/install/unitree_nav_interfaces:/home/admin/bench/lab/STAGING_helios16p_kiss_legged_bench_cyclone_container_files/helios16p_ws/install/rslidar_msg:/home/admin/bench/lab/STAGING_helios16p_kiss_legged_bench_cyclone_container_files/helios16p_ws/install/ros2_unitree_legged_msgs:${AMENT_PREFIX_PATH} CMAKE_PREFIX_PATH=/home/admin/bench/lab/STAGING_helios16p_kiss_legged_bench_cyclone_container_files/helios16p_ws/install/rslidar_sdk:/home/admin/bench/lab/STAGING_helios16p_kiss_legged_bench_cyclone_container_files/helios16p_ws/install/unitree_nav_interfaces:/home/admin/bench/lab/STAGING_helios16p_kiss_legged_bench_cyclone_container_files/helios16p_ws/install/rslidar_msg:/home/admin/bench/lab/STAGING_helios16p_kiss_legged_bench_cyclone_container_files/helios16p_ws/install/ros2_unitree_legged_msgs:/home/admin/bench/lab/go1_control/install/unitree_nav:/home/admin/bench/lab/go1_control/install/unitree_nav_interfaces:/home/admin/bench/lab/go1_control/install/ros2_unitree_legged_msgs:/home/admin/bench/lab/helios16p_ws/install/vicon_receiver:/home/admin/bench/lab/helios16p_ws/install/rslidar_sdk:/home/admin/bench/lab/helios16p_ws/install/rslidar_msg:/home/admin/bench/lab/helios16p_ws/install/kiss_icp:/home/admin/bench/lab/helios16p_ws/install/go1_description:/home/admin/bench/lab/helios16p_ws/install/helios16p_cane_robot:/opt/ros/humble LD_LIBRARY_PATH=/home/admin/bench/lab/STAGING_helios16p_kiss_legged_bench_cyclone_container_files/helios16p_ws/install/unitree_nav_interfaces/lib:/home/admin/bench/lab/STAGING_helios16p_kiss_legged_bench_cyclone_container_files/helios16p_ws/install/rslidar_msg/lib:/home/admin/bench/lab/STAGING_helios16p_kiss_legged_bench_cyclone_container_files/helios16p_ws/install/ros2_unitree_legged_msgs/lib:${LD_LIBRARY_PATH} PYTHONPATH=/home/admin/bench/lab/STAGING_helios16p_kiss_legged_bench_cyclone_container_files/helios16p_ws/install/unitree_nav_interfaces/local/lib/python3.10/dist-packages:/home/admin/bench/lab/STAGING_helios16p_kiss_legged_bench_cyclone_container_files/helios16p_ws/install/rslidar_msg/local/lib/python3.10/dist-packages:/home/admin/bench/lab/STAGING_helios16p_kiss_legged_bench_cyclone_container_files/helios16p_ws/install/ros2_unitree_legged_msgs/local/lib/python3.10/dist-packages:${PYTHONPATH} /usr/local/bin/cmake --install /home/admin/bench/lab/STAGING_helios16p_kiss_legged_bench_cyclone_container_files/helios16p_ws/build/unitree_nav
