[0mCMake Deprecation Warning at CMakeLists.txt:1 (cmake_minimum_required):
  Compatibility with CMake < 3.10 will be removed from a future version of
  CMake.

  Update the VERSION argument <min> value.  Or, use the <min>...<max> syntax
  to tell CMake that the project requires at least <min> but has been updated
  to work with policies introduced by <max> or earlier.

[0m
-- The C compiler identification is GNU 11.4.0
-- The CXX compiler identification is GNU 11.4.0
-- Detecting C compiler ABI info
-- Detecting C compiler ABI info - done
-- Check for working C compiler: /usr/bin/cc - skipped
-- Detecting C compile features
-- Detecting C compile features - done
-- Detecting CXX compiler ABI info
-- Detecting CXX compiler ABI info - done
-- Check for working CXX compiler: /usr/bin/c++ - skipped
-- Detecting CXX compile features
-- Detecting CXX compile features - done
-- Found ament_cmake: 1.3.13 (/opt/ros/humble/share/ament_cmake/cmake)
-- Found Python3: /usr/bin/python3 (found version "3.10.12") found components: Interpreter
-- Found laser_geometry: 2.4.1 (/opt/ros/humble/share/laser_geometry/cmake)
-- Found rosidl_generator_c: 3.1.7 (/opt/ros/humble/share/rosidl_generator_c/cmake)
-- Found rosidl_adapter: 3.1.7 (/opt/ros/humble/share/rosidl_adapter/cmake)
-- Found rosidl_generator_cpp: 3.1.7 (/opt/ros/humble/share/rosidl_generator_cpp/cmake)
-- Using all available rosidl_typesupport_c: rosidl_typesupport_fastrtps_c;rosidl_typesupport_introspection_c
-- Using all available rosidl_typesupport_cpp: rosidl_typesupport_fastrtps_cpp;rosidl_typesupport_introspection_cpp
-- Found rmw_implementation_cmake: 6.1.2 (/opt/ros/humble/share/rmw_implementation_cmake/cmake)
-- Found rmw_cyclonedds_cpp: 1.3.4 (/opt/ros/humble/share/rmw_cyclonedds_cpp/cmake)
-- Using RMW implementation 'rmw_cyclonedds_cpp' as default
-- Performing Test CMAKE_HAVE_LIBC_PTHREAD
-- Performing Test CMAKE_HAVE_LIBC_PTHREAD - Success
-- Found Threads: TRUE
-- Found message_filters: 4.3.11 (/opt/ros/humble/share/message_filters/cmake)
-- Found rclcpp_components: 16.0.15 (/opt/ros/humble/share/rclcpp_components/cmake)
-- Found tf2_ros: 0.25.16 (/opt/ros/humble/share/tf2_ros/cmake)
-- Found tf2_sensor_msgs: 0.25.16 (/opt/ros/humble/share/tf2_sensor_msgs/cmake)
-- Found ament_lint_auto: 0.12.14 (/opt/ros/humble/share/ament_lint_auto/cmake)
-- Added test 'cppcheck' to perform static code analysis on C / C++ code
-- Configured cppcheck include dirs: $<BUILD_INTERFACE:/home/admin/bench/lab/STAGING_helios16p_kiss_legged_bench_cyclone_container_files/helios16p_ws/src/pointcloud_to_laserscan/include>
-- Configured cppcheck exclude dirs and/or files: 
-- Added test 'cpplint' to check C / C++ code against the Google style
-- Configured cpplint exclude dirs and/or files: 
-- Added test 'flake8' to check Python code syntax and style conventions
-- Added test 'lint_cmake' to check CMake code style
-- Added test 'pep257' to check Python code against some of the docstring style conventions in PEP 257
-- Added test 'uncrustify' to check C / C++ code style
-- Configured uncrustify additional arguments: 
-- Added test 'xmllint' to check XML markup files
-- Configuring done (8.2s)
-- Generating done (0.1s)
-- Build files have been written to: /home/admin/bench/lab/STAGING_helios16p_kiss_legged_bench_cyclone_container_files/helios16p_ws/build/pointcloud_to_laserscan
[ 50%] [32mBuilding CXX object CMakeFiles/pointcloud_to_laserscan_node.dir/rclcpp_components/node_main_pointcloud_to_laserscan_node.cpp.o[0m
[ 50%] [32mBuilding CXX object CMakeFiles/pointcloud_to_laserscan.dir/src/pointcloud_to_laserscan_node.cpp.o[0m
[ 75%] [1m[32mLinking CXX executable pointcloud_to_laserscan_node[0m
[ 75%] Built target pointcloud_to_laserscan_node
[100%] [1m[32mLinking CXX shared library libpointcloud_to_laserscan.so[0m
[100%] Built target pointcloud_to_laserscan
-- Install configuration: ""
-- Installing: /home/admin/bench/lab/STAGING_helios16p_kiss_legged_bench_cyclone_container_files/helios16p_ws/install/pointcloud_to_laserscan/lib/pointcloud_to_laserscan/pointcloud_to_laserscan_node
-- Set non-toolchain portion of runtime path of "/home/admin/bench/lab/STAGING_helios16p_kiss_legged_bench_cyclone_container_files/helios16p_ws/install/pointcloud_to_laserscan/lib/pointcloud_to_laserscan/pointcloud_to_laserscan_node" to ""
-- Installing: /home/admin/bench/lab/STAGING_helios16p_kiss_legged_bench_cyclone_container_files/helios16p_ws/install/pointcloud_to_laserscan/lib/libpointcloud_to_laserscan.so
-- Set non-toolchain portion of runtime path of "/home/admin/bench/lab/STAGING_helios16p_kiss_legged_bench_cyclone_container_files/helios16p_ws/install/pointcloud_to_laserscan/lib/libpointcloud_to_laserscan.so" to ""
-- Installing: /home/admin/bench/lab/STAGING_helios16p_kiss_legged_bench_cyclone_container_files/helios16p_ws/install/pointcloud_to_laserscan/include/pointcloud_to_laserscan/include
-- Installing: /home/admin/bench/lab/STAGING_helios16p_kiss_legged_bench_cyclone_container_files/helios16p_ws/install/pointcloud_to_laserscan/include/pointcloud_to_laserscan/include/pointcloud_to_laserscan
-- Installing: /home/admin/bench/lab/STAGING_helios16p_kiss_legged_bench_cyclone_container_files/helios16p_ws/install/pointcloud_to_laserscan/include/pointcloud_to_laserscan/include/pointcloud_to_laserscan/pointcloud_to_laserscan_node.hpp
-- Installing: /home/admin/bench/lab/STAGING_helios16p_kiss_legged_bench_cyclone_container_files/helios16p_ws/install/pointcloud_to_laserscan/include/pointcloud_to_laserscan/include/pointcloud_to_laserscan/visibility_control.h
-- Installing: /home/admin/bench/lab/STAGING_helios16p_kiss_legged_bench_cyclone_container_files/helios16p_ws/install/pointcloud_to_laserscan/share/pointcloud_to_laserscan/launch
-- Installing: /home/admin/bench/lab/STAGING_helios16p_kiss_legged_bench_cyclone_container_files/helios16p_ws/install/pointcloud_to_laserscan/share/pointcloud_to_laserscan/launch/helios16p_pointcloud_to_laserscan_launch.py
-- Installing: /home/admin/bench/lab/STAGING_helios16p_kiss_legged_bench_cyclone_container_files/helios16p_ws/install/pointcloud_to_laserscan/share/pointcloud_to_laserscan/launch/sample_pointcloud_to_laserscan_launch.py
-- Installing: /home/admin/bench/lab/STAGING_helios16p_kiss_legged_bench_cyclone_container_files/helios16p_ws/install/pointcloud_to_laserscan/share/ament_index/resource_index/package_run_dependencies/pointcloud_to_laserscan
-- Installing: /home/admin/bench/lab/STAGING_helios16p_kiss_legged_bench_cyclone_container_files/helios16p_ws/install/pointcloud_to_laserscan/share/ament_index/resource_index/parent_prefix_path/pointcloud_to_laserscan
-- Installing: /home/admin/bench/lab/STAGING_helios16p_kiss_legged_bench_cyclone_container_files/helios16p_ws/install/pointcloud_to_laserscan/share/pointcloud_to_laserscan/environment/ament_prefix_path.sh
-- Installing: /home/admin/bench/lab/STAGING_helios16p_kiss_legged_bench_cyclone_container_files/helios16p_ws/install/pointcloud_to_laserscan/share/pointcloud_to_laserscan/environment/ament_prefix_path.dsv
-- Installing: /home/admin/bench/lab/STAGING_helios16p_kiss_legged_bench_cyclone_container_files/helios16p_ws/install/pointcloud_to_laserscan/share/pointcloud_to_laserscan/environment/path.sh
-- Installing: /home/admin/bench/lab/STAGING_helios16p_kiss_legged_bench_cyclone_container_files/helios16p_ws/install/pointcloud_to_laserscan/share/pointcloud_to_laserscan/environment/path.dsv
-- Installing: /home/admin/bench/lab/STAGING_helios16p_kiss_legged_bench_cyclone_container_files/helios16p_ws/install/pointcloud_to_laserscan/share/pointcloud_to_laserscan/local_setup.bash
-- Installing: /home/admin/bench/lab/STAGING_helios16p_kiss_legged_bench_cyclone_container_files/helios16p_ws/install/pointcloud_to_laserscan/share/pointcloud_to_laserscan/local_setup.sh
-- Installing: /home/admin/bench/lab/STAGING_helios16p_kiss_legged_bench_cyclone_container_files/helios16p_ws/install/pointcloud_to_laserscan/share/pointcloud_to_laserscan/local_setup.zsh
-- Installing: /home/admin/bench/lab/STAGING_helios16p_kiss_legged_bench_cyclone_container_files/helios16p_ws/install/pointcloud_to_laserscan/share/pointcloud_to_laserscan/local_setup.dsv
-- Installing: /home/admin/bench/lab/STAGING_helios16p_kiss_legged_bench_cyclone_container_files/helios16p_ws/install/pointcloud_to_laserscan/share/pointcloud_to_laserscan/package.dsv
-- Installing: /home/admin/bench/lab/STAGING_helios16p_kiss_legged_bench_cyclone_container_files/helios16p_ws/install/pointcloud_to_laserscan/share/ament_index/resource_index/packages/pointcloud_to_laserscan
-- Installing: /home/admin/bench/lab/STAGING_helios16p_kiss_legged_bench_cyclone_container_files/helios16p_ws/install/pointcloud_to_laserscan/share/ament_index/resource_index/rclcpp_components/pointcloud_to_laserscan
-- Installing: /home/admin/bench/lab/STAGING_helios16p_kiss_legged_bench_cyclone_container_files/helios16p_ws/install/pointcloud_to_laserscan/share/pointcloud_to_laserscan/cmake/ament_cmake_export_dependencies-extras.cmake
-- Installing: /home/admin/bench/lab/STAGING_helios16p_kiss_legged_bench_cyclone_container_files/helios16p_ws/install/pointcloud_to_laserscan/share/pointcloud_to_laserscan/cmake/pointcloud_to_laserscanConfig.cmake
-- Installing: /home/admin/bench/lab/STAGING_helios16p_kiss_legged_bench_cyclone_container_files/helios16p_ws/install/pointcloud_to_laserscan/share/pointcloud_to_laserscan/cmake/pointcloud_to_laserscanConfig-version.cmake
-- Installing: /home/admin/bench/lab/STAGING_helios16p_kiss_legged_bench_cyclone_container_files/helios16p_ws/install/pointcloud_to_laserscan/share/pointcloud_to_laserscan/package.xml
